04-16 16:55:34.238     1     1 I sprd_iommu: sprd_iommu_probe()-sprd,iommuvaul6-cpp end
04-16 16:55:34.238    53    53 D         : probe of 200a0000.serial returned -517 after 0 usecs
04-16 16:55:34.238     1     1 D         : probe of 38000000.iommu returned 1 after 375 usecs
04-16 16:55:34.238     1     1 I sprd_iommu: sprd_iommu_probe()-start
04-16 16:55:34.238     1     1 I sprd_iommu: sprd_iommu_get_resource()-pgt_base phy:0x31000000
04-16 16:55:34.238     1     1 I sprd_iommu: sprd_iommu_get_resource()-pgt_base:ffffffc012f55000,pgt_size:800
04-16 16:55:34.238     1     1 I sprd_iommu: sprd_iommu_get_resource()-ctrl_reg phy:0x31000800
04-16 16:55:34.238     1     1 I sprd_iommu: sprd_iommu_get_resource()-ctrl_reg:0xffffffc012f5d800
04-16 16:55:34.238     1     1 I sprd_iommu: sprd_iommu_get_resource()-iova_base:0x30000000,iova_size:10000000
04-16 16:55:34.238     1     1 I sprd_iommu: sprd_iommu_get_resource()-fault_page: 0x1ea94a000
04-16 16:55:34.238     1     1 I sprd_iommu: sprd_iommu_get_resource()-no reserved rr page addr
04-16 16:55:34.239     1     1 I sprd_iommu: sprd_iommuvau_hw_init()-begin
04-16 16:55:34.239     1     1 I sprd_iommu: sprd_iommuvau_hw_init()-done
04-16 16:55:34.239     1     1 I sprd_iommu: sprd_iommu_probe()-sprd,iommuvaul6-dispc end
04-16 16:55:34.239    53    53 D         : probe of 200a0000.serial returned -517 after 0 usecs
04-16 16:55:34.239     1     1 D         : probe of 31000000.iommu returned 1 after 277 usecs
04-16 16:55:34.240     1     1 D         : initcall sprd_aligned_free+0x24/0x4c [unisoc_iommu] returned 0 after 4304 usecs
04-16 16:55:34.240     1     1 I init    : Loaded kernel module /lib/modules/unisoc-iommu.ko
04-16 16:55:34.240     1     1 I init    : Loading module /lib/modules/sprd_sensor.ko with args ''
04-16 16:55:34.245     1     1 D         : calling  compat_sensor_k_ioctl+0x298/0x2d8 [sprd_sensor] @ 1
04-16 16:55:34.245     1     1 I SENSOR_DRV: 1: sprd_sensor_probe L 250: dcam sensor probe start:device name:(null)
04-16 16:55:34.245     1     1 I SENSOR_DRV: 1: sprd_sensor_parse_clk_dt L 89: sensor_info->sensor_clk: (____ptrval____) id 0
04-16 16:55:34.245     1     1 I csi_api : 1 217 csi_api_mipi_phy_cfg_init : sensor_id 0 mipi_phy:phy_id:2
04-16 16:55:34.245     1     1 I SENSOR_DRV: 1: sprd_sensor_config L 225: 18446743530383044736
04-16 16:55:34.245     1     1 I csi_api : 1 248 csi_api_dt_node_init : csi node name csi00
04-16 16:55:34.245     1     1 I csi_api : 1 259 csi_api_dt_node_init : csi 0 ,phy addr:0x3e200000 ,size:0x1000 , reg ffffffc012f65000
04-16 16:55:34.245     1     1 I csi_api : 1 301 csi_api_dt_node_init : csi dt info:sensor_id :0, csi_info:0x(____ptrval____)
04-16 16:55:34.245     1     1 I SENSOR_DRV: 1: parse_dcam_id L 168: dcam id is 0
04-16 16:55:34.245    53    53 D         : probe of 200a0000.serial returned -517 after 0 usecs
04-16 16:55:34.245     1     1 D         : probe of 0-005a returned 1 after 247 usecs
04-16 16:55:34.245     1     1 I SENSOR_DRV: 1: sprd_sensor_register_driver L 589: register main sensor:0
04-16 16:55:34.255     1     1 I SENSOR_DRV: 1: sprd_sensor_probe L 250: dcam sensor probe start:device name:(null)
04-16 16:55:34.255     1     1 I SENSOR_DRV: 1: sprd_sensor_parse_clk_dt L 89: sensor_info->sensor_clk: (____ptrval____) id 1
04-16 16:55:34.255     1     1 I csi_api : 1 217 csi_api_mipi_phy_cfg_init : sensor_id 1 mipi_phy:phy_id:0
04-16 16:55:34.255     1     1 I SENSOR_DRV: 1: sprd_sensor_config L 225: 18446743530383046224
04-16 16:55:34.255     1     1 I csi_api : 1 248 csi_api_dt_node_init : csi node name csi01
04-16 16:55:34.255     1     1 I csi_api : 1 259 csi_api_dt_node_init : csi 1 ,phy addr:0x3e300000 ,size:0x1000 , reg ffffffc012f6d000
04-16 16:55:34.255     1     1 I csi_api : 1 301 csi_api_dt_node_init : csi dt info:sensor_id :1, csi_info:0x(____ptrval____)
04-16 16:55:34.255     1     1 I SENSOR_DRV: 1: parse_dcam_id L 168: dcam id is 1
04-16 16:55:34.255   173   173 D         : probe of 200a0000.serial returned -517 after 0 usecs
04-16 16:55:34.255     1     1 D         : probe of 1-0020 returned 1 after 173 usecs
04-16 16:55:34.255     1     1 I SENSOR_DRV: 1: sprd_sensor_register_driver L 592: register sub sensor:0
04-16 16:55:34.266     1     1 I SENSOR_DRV: 1: sprd_sensor_probe L 250: dcam sensor probe start:device name:(null)
04-16 16:55:34.266     1     1 I SENSOR_DRV: 1: sprd_sensor_parse_clk_dt L 89: sensor_info->sensor_clk: (____ptrval____) id 2
04-16 16:55:34.266     1     1 I csi_api : 1 217 csi_api_mipi_phy_cfg_init : sensor_id 2 mipi_phy:phy_id:4
04-16 16:55:34.266     1     1 I SENSOR_DRV: 1: sprd_sensor_config L 225: 18446743530383046224
04-16 16:55:34.266     1     1 I csi_api : 1 248 csi_api_dt_node_init : csi node name csi01
04-16 16:55:34.266     1     1 I csi_api : 1 259 csi_api_dt_node_init : csi 1 ,phy addr:0x3e300000 ,size:0x1000 , reg ffffffc012f75000
04-16 16:55:34.266     1     1 I csi_api : 1 301 csi_api_dt_node_init : csi dt info:sensor_id :2, csi_info:0x(____ptrval____)
04-16 16:55:34.266     1     1 I SENSOR_DRV: 1: parse_dcam_id L 168: dcam id is 1
04-16 16:55:34.266   173   173 D         : probe of 200a0000.serial returned -517 after 0 usecs
04-16 16:55:34.266     1     1 D         : probe of 1-0043 returned 1 after 124 usecs
04-16 16:55:34.266     1     1 I SENSOR_DRV: 1: sprd_sensor_register_driver L 595: register main2 sensor:0
04-16 16:55:34.278     1     1 I SENSOR_DRV: 1: sprd_sensor_probe L 250: dcam sensor probe start:device name:(null)
04-16 16:55:34.278     1     1 I SENSOR_DRV: 1: sprd_sensor_parse_clk_dt L 89: sensor_info->sensor_clk: (____ptrval____) id 3
04-16 16:55:34.278     1     1 I csi_api : 1 217 csi_api_mipi_phy_cfg_init : sensor_id 3 mipi_phy:phy_id:3
04-16 16:55:34.278     1     1 I SENSOR_DRV: 1: sprd_sensor_config L 225: 18446743530383047712
04-16 16:55:34.278     1     1 I csi_api : 1 248 csi_api_dt_node_init : csi node name csi02
04-16 16:55:34.278     1     1 I csi_api : 1 259 csi_api_dt_node_init : csi 2 ,phy addr:0x3e400000 ,size:0x1000 , reg ffffffc012f7d000
04-16 16:55:34.278     1     1 I csi_api : 1 301 csi_api_dt_node_init : csi dt info:sensor_id :3, csi_info:0x(____ptrval____)
04-16 16:55:34.278     1     1 I SENSOR_DRV: 1: parse_dcam_id L 168: dcam id is 2
04-16 16:55:34.278   173   173 D         : probe of 200a0000.serial returned -517 after 0 usecs
04-16 16:55:34.278     1     1 D         : probe of 6-006e returned 1 after 135 usecs
04-16 16:55:34.278     1     1 I SENSOR_DRV: 1: sprd_sensor_register_driver L 598: register  sub2 sensor:0
04-16 16:55:34.288     1     1 I SENSOR_DRV: 1: sprd_sensor_register_driver L 601: register main3 sensor:0
04-16 16:55:34.299     1     1 I SENSOR_DRV: 1: sprd_sensor_register_driver L 604: register  sub3 sensor:0
04-16 16:55:34.299     1     1 I SENSOR_CORE: 1: sprd_sensor_core_module_init line=1114: sensor register
04-16 16:55:34.299     1     1 I SENSOR_CORE: 1: sprd_sensor_core_module_init line=1117: create device node
04-16 16:55:34.299     1     1 D         : initcall compat_sensor_k_ioctl+0x298/0x2d8 [sprd_sensor] returned 0 after 53574 usecs
04-16 16:55:34.300     1     1 I init    : Loaded kernel module /lib/modules/sprd_sensor.ko
04-16 16:55:34.300     1     1 I init    : Loading module /lib/modules/sprd_flash_drv.ko with args ''
04-16 16:55:34.302     1     1 D         : calling  __cfi_check+0x20c/0x230 [sprd_flash_drv] @ 1
04-16 16:55:34.302   177   177 D         : probe of 200a0000.serial returned -517 after 1 usecs
04-16 16:55:34.302     1     1 D         : probe of sprd_flash returned 1 after 81 usecs
04-16 16:55:34.302     1     1 D         : initcall __cfi_check+0x20c/0x230 [sprd_flash_drv] returned 0 after 338 usecs
04-16 16:55:34.302     1     1 I init    : Loaded kernel module /lib/modules/sprd_flash_drv.ko
04-16 16:55:34.302     1     1 I init    : Loading module /lib/modules/sprd_camera.ko with args ''
04-16 16:55:34.313    54    54 E set_emmc_mode: current_cid_manfid=19, current_prod_name = G2M212
04-16 16:55:34.313    54    54 E set_emmc_mode: current_cid_manfid=19, current_prod_name = G2M212
04-16 16:55:34.313    54    54 E set_emmc_mode: current_cid_manfid=19, current_prod_name = G2M212
04-16 16:55:34.313    54    54 E set_emmc_mode: current_cid_manfid=19, current_prod_name = G2M212
04-16 16:55:34.313    54    54 E set_emmc_mode: current_cid_manfid=19, current_prod_name = G2M212
04-16 16:55:34.313    54    54 E set_emmc_mode: current_cid_manfid=19, current_prod_name = G2M212
04-16 16:55:34.313    54    54 E set_emmc_mode: current_cid_manfid=19, current_prod_name = G2M212
04-16 16:55:34.313    54    54 E set_emmc_mode: current_cid_manfid=19, current_prod_name = G2M212
04-16 16:55:34.313    54    54 E set_emmc_mode: current_cid_manfid=19, current_prod_name = G2M212
04-16 16:55:34.315    54    54 E         : sprd_create_mmc_health_init start flag= 9
04-16 16:55:34.316    54    54 I mmc0    : Host Software Queue enabled
04-16 16:55:34.316    54    54 I mmc0    : new HS400 Enhanced strobe MMC card at address 0001
04-16 16:55:34.317    54    54 I mmcblk0 : mmc0:0001 G2M212 116 GiB
04-16 16:55:34.317    54    54 I mmcblk0boot0: mmc0:0001 G2M212 partition 1 4.00 MiB
04-16 16:55:34.317    54    54 I mmcblk0boot1: mmc0:0001 G2M212 partition 2 4.00 MiB
04-16 16:55:34.317    54    54 I mmcblk0rpmb: mmc0:0001 G2M212 partition 3 16.0 MiB, chardev (238:0)
04-16 16:55:34.319    54    54 I mmcblk0 : p1 p2 p3 p4 p5 p6 p7 p8 p9 p10 p11 p12 p13 p14 p15 p16 p17 p18 p19 p20 p21 p22 p23 p24 p25 p26 p27 p28 p29 p30 p31 p32 p33 p34 p35 p36 p37 p38 p39 p40 p41 p42 p43 p44 p45 p46 p47 p48 p49 p50 p51 p52 p53 p54 p55 p56 p57 p58 p59 p60 p61 p62 p63 p64 p65 p66 p67 p68 p69 p70 p71 p72 p73 p74 p75 p76 p77
04-16 16:55:34.322    54    54 D         : probe of mmc0:0001 returned 1 after 6763 usecs
04-16 16:55:34.322    54    54 D         : probe of 200a0000.serial returned -517 after 1 usecs
04-16 16:55:34.337     1     1 D         : calling  __typeid__ZTSFiP17isp_fmcu_ctx_descE_global_addr+0x30/0xc0 [sprd_camera] @ 1
04-16 16:55:34.337     1     1 W sprd_image 3e000000.dcam: ignoring dependency for device, assuming no driver
04-16 16:55:34.337     1     1 I CAM_CORE: 1 9813 camcore_probe : Start camera img probe
04-16 16:55:34.337     1     1 I CAM_CORE: 1 9847 camcore_probe : sprd img probe pdev name 3e000000.dcam
04-16 16:55:34.337     1     1 I CAM_CORE: 1 9848 camcore_probe : sprd dcam dev name (null)
04-16 16:55:34.337     1     1 I DCAM_DRV: 1 279 dcam_drv_dt_parse : start dcam dts parse
04-16 16:55:34.337     1     1 I DCAM_DRV: 1 329 dcam_drv_dt_parse : dev: 3e000000.dcam, full name: dcam@3e000000, cam_ahb_gpr: ffffff816b8ecc00, count: 3, DCAM dcam_max.w.h 8048 6036
04-16 16:55:34.337     1     1 I DCAM_DRV: 1 343 dcam_drv_dt_parse : DCAM IOMMU Base  0xffffffc0130ad000
04-16 16:55:34.337     1     1 I DCAM_DRV: 1 378 dcam_drv_dt_parse : get dcam qos node. r: 10 10 w: 13 12
04-16 16:55:34.337     1     1 I DCAM_DRV: 1 425 dcam_drv_dt_parse : DCAM0 reg: dcam0_reg 0x3e000000 ffffffc0130b5000, irq: dcam0 46
04-16 16:55:34.337     1     1 I DCAM_DRV: 1 425 dcam_drv_dt_parse : DCAM1 reg: dcam1_reg 0x3e001000 ffffffc0130bd000, irq: dcam1 47
04-16 16:55:34.337     1     1 I DCAM_DRV: 1 425 dcam_drv_dt_parse : DCAM2 reg: dcam2_reg 0x3e002000 ffffffc0130c5000, irq: dcam2 48
04-16 16:55:34.337     1     1 I CAM_CORE: 1 9855 camcore_probe : sprd isp dev name (null)
04-16 16:55:34.337     1     1 I ISP_DRV : 1 1120 isp_drv_dt_parse : isp dev device node dcam, full name dcam@3e000000
04-16 16:55:34.337     1     1 I ISP_DRV : 1 1130 isp_drv_dt_parse : after isp dev device node isp, full name isp@3a000000
04-16 16:55:34.337     1     1 I ISP_DRV : 1 1136 isp_drv_dt_parse : sprd s_isp_pdev name 3a000000.isp
04-16 16:55:34.338     1     1 I ISP_DRV : 1 1169 isp_drv_dt_parse : ISP IOMMU Base  0xffffffc0130d5000
04-16 16:55:34.338     1     1 I ISP_DRV : 1 1198 isp_drv_dt_parse : get isp qos node. r: 7 6 w: 7 6
04-16 16:55:34.338     1     1 E cam_porting: 1 256 cam_syscon_get_args_by_name : fail to get syscon sys_h2p_db_soft_rst 2, (____ptrval____)
04-16 16:55:34.338     1     1 I ISP_DRV : 1 1241 isp_drv_dt_parse : isp phys reg base is 3a000000
04-16 16:55:34.338     1     1 I ISP_DRV : 1 1259 isp_drv_dt_parse : ISP0 dts OK! regbase ffffffc015100000, irq 44
04-16 16:55:34.338     1     1 I ISP_DRV : 1 1259 isp_drv_dt_parse : ISP1 dts OK! regbase ffffffc015100000, irq 45
04-16 16:55:34.338     1     1 I cam_buf : 1 51 cambuf_mdbg_init : reset to 0
04-16 16:55:34.338     1     1 I cam_buf : 1 459 cam_buf_iommudev_reg : dev 1, iommu_mode 0 iommu_hw_en 1
04-16 16:55:34.338     1     1 I cam_buf : 1 459 cam_buf_iommudev_reg : dev 0, iommu_mode 0 iommu_hw_en 1
04-16 16:55:34.338     1     1 I DCAM_DEBUG: 1 892 camdebugger_dcam_init : dcam debugfs init ok
04-16 16:55:34.338    53    53 D         : probe of 200a0000.serial returned -517 after 0 usecs
04-16 16:55:34.338     1     1 D         : probe of 3e000000.dcam returned 1 after 484 usecs
04-16 16:55:34.338     1     1 D         : initcall __typeid__ZTSFiP17isp_fmcu_ctx_descE_global_addr+0x30/0xc0 [sprd_camera] returned 0 after 839 usecs
04-16 16:55:34.339     1     1 I init    : Loaded kernel module /lib/modules/sprd_camera.ko
04-16 16:55:34.339     1     1 I init    : Loading module /lib/modules/sprd-vsp-pw-domain.ko with args ''
04-16 16:55:34.341     1     1 D         : calling  __cfi_check+0xd0/0xe4 [sprd_vsp_pw_domain] @ 1
04-16 16:55:34.341     1     1 I sprd-vsp-pd soc: vsp-power-domain: vsp_pd_probe, 197
04-16 16:55:34.341     1     1 I sprd-vsp-pd soc: vsp-power-domain: VSP syscon[pmu-vsp-auto-shutdown-syscon](____ptrval____), offset 0x314, mask 0x1000000
04-16 16:55:34.341     1     1 I sprd-vsp-pd soc: vsp-power-domain: VSP syscon[pmu-vsp-force-shutdown-syscon](____ptrval____), offset 0x314, mask 0x2000000
04-16 16:55:34.341     1     1 I sprd-vsp-pd soc: vsp-power-domain: VSP syscon[pmu-pwr-status-syscon](____ptrval____), offset 0x514, mask 0x1f0000
04-16 16:55:34.341     1     1 E sprd-vsp-pd soc: vsp-power-domain: Read Vsp Dts vsp-domain-eb-syscon regmap fail
04-16 16:55:34.341     1     1 I sprd-vsp-pd: boot_mode_check: boot_mode_check ret 0
04-16 16:55:34.341   177   177 D         : probe of 200a0000.serial returned -517 after 0 usecs
04-16 16:55:34.341     1     1 D         : probe of soc:vsp-power-domain returned 1 after 269 usecs
04-16 16:55:34.341     1     1 D         : initcall __cfi_check+0xd0/0xe4 [sprd_vsp_pw_domain] returned 0 after 608 usecs
04-16 16:55:34.342     1     1 I init    : Loaded kernel module /lib/modules/sprd-vsp-pw-domain.ko
04-16 16:55:34.342     1     1 I init    : Loading module /lib/modules/sprd_cpp.ko with args ''
04-16 16:55:34.346     1     1 D         : calling  __typeid__ZTSFiPvS_E_global_addr+0x80/0x98 [sprd_cpp] @ 1
04-16 16:55:34.346     1     1 W sprd_cpp 38000000.cpp: ignoring dependency for device, assuming no driver
04-16 16:55:34.346   177   177 D         : probe of 200a0000.serial returned -517 after 0 usecs
04-16 16:55:34.346     1     1 D         : probe of 38000000.cpp returned 1 after 212 usecs
04-16 16:55:34.346     1     1 D         : initcall __typeid__ZTSFiPvS_E_global_addr+0x80/0x98 [sprd_cpp] returned 0 after 542 usecs
04-16 16:55:34.346     1     1 I init    : Loaded kernel module /lib/modules/sprd_cpp.ko
04-16 16:55:34.347     1     1 I init    : Loading module /lib/modules/sha1-ce.ko with args ''
04-16 16:55:34.349     1     1 D         : calling  __cfi_check+0x148/0x15c [sha1_ce] @ 1
04-16 16:55:34.349     1     1 D         : initcall __cfi_check+0x148/0x15c [sha1_ce] returned 0 after 699 usecs
04-16 16:55:34.349     1     1 I init    : Loaded kernel module /lib/modules/sha1-ce.ko
04-16 16:55:34.349     1     1 I init    : Loading module /lib/modules/ghash-ce.ko with args ''
04-16 16:55:34.352     1     1 D         : calling  __cfi_check+0x1d8/0x1ec [ghash_ce] @ 1
04-16 16:55:34.352     1     1 D         : initcall __cfi_check+0x1d8/0x1ec [ghash_ce] returned 0 after 494 usecs
04-16 16:55:34.352     1     1 I init    : Loaded kernel module /lib/modules/ghash-ce.ko
04-16 16:55:34.352     1     1 I init    : Loading module /lib/modules/aes-ce-ccm.ko with args ''
04-16 16:55:34.354     1     1 D         : calling  __cfi_check+0xf4/0x10c [aes_ce_ccm] @ 1
04-16 16:55:34.354     1     1 D         : initcall __cfi_check+0xf4/0x10c [aes_ce_ccm] returned 0 after 87 usecs
04-16 16:55:34.354     1     1 I init    : Loaded kernel module /lib/modules/aes-ce-ccm.ko
04-16 16:55:34.354     1     1 I init    : Loading module /lib/modules/aes-neon-blk.ko with args ''
04-16 16:55:34.357     1     1 D         : calling  __cfi_check+0x2c8/0x330 [aes_neon_blk] @ 1
04-16 16:55:34.358     1     1 D         : initcall __cfi_check+0x2c8/0x330 [aes_neon_blk] returned 0 after 1427 usecs
04-16 16:55:34.358     1     1 I init    : Loaded kernel module /lib/modules/aes-neon-blk.ko
04-16 16:55:34.358     1     1 I init    : Loading module /lib/modules/arc4.ko with args ''
04-16 16:55:34.360     1     1 D         : calling  __cfi_check+0xc4/0xd4 [arc4] @ 1
04-16 16:55:34.360     1     1 D         : initcall __cfi_check+0xc4/0xd4 [arc4] returned 0 after 89 usecs
04-16 16:55:34.360     1     1 I init    : Loaded kernel module /lib/modules/arc4.ko
04-16 16:55:34.360     1     1 I init    : Loading module /lib/modules/twofish_common.ko with args ''
04-16 16:55:34.362     1     1 I init    : Loaded kernel module /lib/modules/twofish_common.ko
04-16 16:55:34.362     1     1 I init    : Loading module /lib/modules/twofish_generic.ko with args ''
04-16 16:55:34.364     1     1 D         : calling  __cfi_check+0xd4/0xe8 [twofish_generic] @ 1
04-16 16:55:34.364     1     1 D         : initcall __cfi_check+0xd4/0xe8 [twofish_generic] returned 0 after 321 usecs
04-16 16:55:34.364     1     1 I init    : Loaded kernel module /lib/modules/twofish_generic.ko
04-16 16:55:34.364     1     1 I init    : Loading module /lib/modules/omnivision_tcm.ko with args ''
04-16 16:55:34.372     1     1 D         : calling  __typeid__ZTSFviE_global_addr+0x10/0x34 [omnivision_tcm] @ 1
04-16 16:55:34.372     1     1 W ovt_tcm_module_init: match lcd_hx83108a_boe_mipi_hd fail,return
04-16 16:55:34.372     1     1 D         : initcall __typeid__ZTSFviE_global_addr+0x10/0x34 [omnivision_tcm] returned 0 after 31 usecs
04-16 16:55:34.372     1     1 I init    : Loaded kernel module /lib/modules/omnivision_tcm.ko
04-16 16:55:34.373     1     1 I init    : Loading module /lib/modules/apsys-dvfs.ko with args ''
04-16 16:55:34.378    54    54 E         : The call_back is NULL
04-16 16:55:34.378     1     1 D         : calling  set_gsp_dvfs_swtrig_en+0x58/0x64 [apsys_dvfs] @ 1
04-16 16:55:34.378     1     1 I apsys_dvfs: apsys dvfs class init
04-16 16:55:34.379     1     1 I apsys_dvfs: apsys_dvfs_parse_dt()
04-16 16:55:34.379     1     1 I apsys_dvfs: apsys_top_dvfs_init()
04-16 16:55:34.379     1     1 I apsys_dvfs: apsys module registered
04-16 16:55:34.379   177   177 D         : probe of 200a0000.serial returned -517 after 1 usecs
04-16 16:55:34.379     1     1 D         : probe of 20014000.apsys-dvfs returned 1 after 165 usecs
04-16 16:55:34.379     1     1 I apsys_dvfs: find platform device by node with name :apsys-dvfs, address:ffffffc0130e5000
04-16 16:55:34.379     1     1 I apsys_dvfs: dpu_dvfs_parse_dt()
04-16 16:55:34.379     1     1 I apsys_dvfs: dpu_dvfs_parse_dt()
04-16 16:55:34.379     1     1 I apsys_dvfs: dpu_dvfs_init()
04-16 16:55:34.379     1     1 I apsys_dvfs: dpu dvfs module registered
04-16 16:55:34.379   177   177 D         : probe of 200a0000.serial returned -517 after 0 usecs
04-16 16:55:34.379     1     1 D         : probe of dpu-dvfs returned 1 after 322 usecs
04-16 16:55:34.380     1     1 I apsys_dvfs: find platform device by node with name :apsys-dvfs, address:ffffffc0130e5000
04-16 16:55:34.380     1     1 I apsys_dvfs: work freq 384000000, idle freq 256000000, enable flag 1
04-16 16:55:34.380     1     1 I apsys_dvfs: devfreq_governor-->event_handler(1)
04-16 16:55:34.380     1     1 I apsys_dvfs: Succeeded to register a vsp dvfs device
04-16 16:55:34.380   177   177 D         : probe of 200a0000.serial returned -517 after 0 usecs
04-16 16:55:34.380     1     1 D         : probe of vsp-dvfs returned 1 after 211 usecs
04-16 16:55:34.380     1     1 D         : initcall set_gsp_dvfs_swtrig_en+0x58/0x64 [apsys_dvfs] returned 0 after 1877 usecs
04-16 16:55:34.380     1     1 I init    : Loaded kernel module /lib/modules/apsys-dvfs.ko
04-16 16:55:34.380     1     1 I init    : Loading module /lib/modules/sprd-gsp.ko with args ''
04-16 16:55:34.390     1     1 D         : calling  gsp_dvfs_task_init+0x4c/0x78 [sprd_gsp] @ 1
04-16 16:55:34.390     1     1 I sprd-gsp: gsp_drv_init()-gsp device init begin
04-16 16:55:34.390     1     1 I         : sprd-gsp sprd-gsp: gsp_dev_alloc()-node count: 1
04-16 16:55:34.390     1     1 I         : sprd-gsp sprd-gsp: gsp_dev_alloc()-gsp device name: sprd-gsp
04-16 16:55:34.390     1     1 I         : sprd-gsp sprd-gsp: gsp_dev_alloc()-io count: 7
04-16 16:55:34.390     1     1 I sprd-gsp: gsp_r8p0_core_alloc()-core[0] device name: 31000000.gsp
04-16 16:55:34.390     1     1 E sprd-gsp: gsp_r8p0_core_alloc()-gsp_r8p0_cap_size = 176
04-16 16:55:34.390     1     1 I sprd-gsp: gsp_r8p0_core_alloc()-gsp_r8p0 core allocate success
04-16 16:55:34.390     1     1 I sprd-gsp: gsp_core_alloc()-read core[0] id
04-16 16:55:34.390     1     1 I sprd-gsp: gsp_core_alloc()-read core[0] kfg number: 16
04-16 16:55:34.390     1     1 I sprd-gsp: gsp_core_alloc()-core[0] realtime priority: disable
04-16 16:55:34.390     1     1 I sprd-gsp: gsp_core_alloc()-core[0] need iommu: no need
04-16 16:55:34.390     1     1 I         : sprd-gsp sprd-gsp: gsp_dev_alloc()-core[0] allocate success
04-16 16:55:34.390     1     1 I         : sprd-gsp sprd-gsp: gsp_dev_probe()-probe success
04-16 16:55:34.390   177   177 D         : probe of 200a0000.serial returned -517 after 0 usecs
04-16 16:55:34.391     1     1 D         : probe of sprd-gsp returned 1 after 255 usecs
04-16 16:55:34.391     1     1 I sprd-gsp: gsp_drv_init()-gsp device init end
04-16 16:55:34.391     1     1 D         : initcall gsp_dvfs_task_init+0x4c/0x78 [sprd_gsp] returned 0 after 897 usecs
04-16 16:55:34.391     1     1 I init    : Loaded kernel module /lib/modules/sprd-gsp.ko
04-16 16:55:34.391     1     1 I init    : Loading module /lib/modules/himax_mmi.ko with args ''
04-16 16:55:34.406     1     1 D         : calling  __typeid__ZTSFivE_global_addr+0x3c/0x40 [himax_mmi] @ 1
04-16 16:55:34.406     1     1 E         : [HXTP] Himax common touch panel driver init match lcd_hx83108a_boe_mipi_hd
04-16 16:55:34.406     1     1 E         : [HXTP] Himax check double loading
04-16 16:55:34.406     1     1 D         : initcall __typeid__ZTSFivE_global_addr+0x3c/0x40 [himax_mmi] returned 0 after 84 usecs
04-16 16:55:34.406     1     1 I init    : Loaded kernel module /lib/modules/himax_mmi.ko
04-16 16:55:34.406     1     1 I init    : Loading module /lib/modules/lcd_bias_adjust.ko with args ''
04-16 16:55:34.408     1     1 D         : calling  __cfi_check+0x1a0/0x1b8 [lcd_bias_adjust] @ 1
04-16 16:55:34.409   177   177 D         : probe of 200a0000.serial returned -517 after 0 usecs
04-16 16:55:34.409     1     1 D         : probe of 4-003e returned 1 after 118 usecs
04-16 16:55:34.409     1     1 D         : initcall __cfi_check+0x1a0/0x1b8 [lcd_bias_adjust] returned 0 after 173 usecs
04-16 16:55:34.409     1     1 I init    : Loaded kernel module /lib/modules/lcd_bias_adjust.ko
04-16 16:55:34.409     1     1 I init    : Loading module /lib/modules/sprd-drm.ko with args ''
04-16 16:55:34.423     1     1 D         : calling  __typeid__ZTSFvP4krefE_global_addr+0x10/0xb0 [sprd_drm] @ 1
04-16 16:55:34.423     1     1 I         : display class register
04-16 16:55:34.423     1     1 W sprd-dpu-drv 31000000.dpu: ignoring dependency for device, assuming no driver
04-16 16:55:34.423     1     1 W         : [drm][    dpu_context_init] dpu backlight node not found
04-16 16:55:34.423     1     1 I         : [drm] lcd name: lcd_hx83108a_boe_mipi_hd
04-16 16:55:34.423   177   177 D         : probe of 200a0000.serial returned -517 after 0 usecs
04-16 16:55:34.423     1     1 D         : probe of 31000000.dpu returned 1 after 320 usecs
04-16 16:55:34.424     1     1 D         : probe of sprd_backlight returned 0 after 20 usecs
04-16 16:55:34.424   177   177 D         : probe of 200a0000.serial returned -517 after 0 usecs
04-16 16:55:34.425   177   177 D         : probe of sprd_backlight returned 0 after 15 usecs
04-16 16:55:34.425     1     1 D         : probe of 31100000.dsi returned 1 after 415 usecs
04-16 16:55:34.425   177   177 D         : probe of 200a0000.serial returned -517 after 0 usecs
04-16 16:55:34.425   177   177 D         : probe of sprd_backlight returned 0 after 22 usecs
04-16 16:55:34.425     1     1 D         : probe of 31100000.dphy returned 1 after 237 usecs
04-16 16:55:34.425     1     1 I         : [drm] sprd_drm_bind()
04-16 16:55:34.425     1     1 I         : [drm] sprd_dpu_bind()
04-16 16:55:34.426     1     1 I         : [drm] dpu irq_num = 52
04-16 16:55:34.426     1     1 I         : [drm] dpu attach dsi
04-16 16:55:34.426     1     1 I sprd-drm-drv display-subsystem: bound 31000000.dpu (ops dpu_component_ops [sprd_drm])
04-16 16:55:34.426     1     1 I         : [drm] dsi irq0 num = 54
04-16 16:55:34.426     1     1 I         : [drm] dsi irq1 num = 55
04-16 16:55:34.426     1     1 I sprd-drm-drv display-subsystem: bound 31100000.dsi (ops dsi_component_ops [sprd_drm])
04-16 16:55:34.426     1     1 I sprd-gsp: gsp_dev_sysfs_init()-create gsp sysfs attribute: core_cnt success
04-16 16:55:34.426     1     1 I sprd-gsp: gsp_dev_sysfs_init()-create gsp sysfs attribute: dev_state success
04-16 16:55:34.426     1     1 I sprd-gsp: gsp_interface_attach()-gsp interface name: qogirl6
04-16 16:55:34.426     1     1 I sprd-gsp: gsp_r8p0_core_parse_dt()-gsp_ctl_reg_base: 0x(____ptrval____)
04-16 16:55:34.426     1     1 I sprd-gsp: gsp_workqueue_load()-workqueue load kcfg[0]
04-16 16:55:34.426     1     1 I sprd-gsp: gsp_workqueue_load()-workqueue load kcfg[1]
04-16 16:55:34.426     1     1 I sprd-gsp: gsp_workqueue_load()-workqueue load kcfg[2]
04-16 16:55:34.426     1     1 I sprd-gsp: gsp_workqueue_load()-workqueue load kcfg[3]
04-16 16:55:34.426     1     1 I sprd-gsp: gsp_workqueue_load()-workqueue load kcfg[4]
04-16 16:55:34.426     1     1 I sprd-gsp: gsp_workqueue_load()-workqueue load kcfg[5]
04-16 16:55:34.426     1     1 I sprd-gsp: gsp_workqueue_load()-workqueue load kcfg[6]
04-16 16:55:34.426     1     1 I sprd-gsp: gsp_workqueue_load()-workqueue load kcfg[7]
04-16 16:55:34.426     1     1 I sprd-gsp: gsp_workqueue_load()-workqueue load kcfg[8]
04-16 16:55:34.426     1     1 I sprd-gsp: gsp_workqueue_load()-workqueue load kcfg[9]
04-16 16:55:34.426     1     1 I sprd-gsp: gsp_workqueue_load()-workqueue load kcfg[10]
04-16 16:55:34.426     1     1 I sprd-gsp: gsp_workqueue_load()-workqueue load kcfg[11]
04-16 16:55:34.426     1     1 I sprd-gsp: gsp_workqueue_load()-workqueue load kcfg[12]
04-16 16:55:34.426     1     1 I sprd-gsp: gsp_workqueue_load()-workqueue load kcfg[13]
04-16 16:55:34.426     1     1 I sprd-gsp: gsp_workqueue_load()-workqueue load kcfg[14]
04-16 16:55:34.426     1     1 I sprd-gsp: gsp_workqueue_load()-workqueue load kcfg[15]
04-16 16:55:34.426     1     1 I sprd-gsp: gsp_sync_timeline_create()-create timeline: gsp-core[0]
04-16 16:55:34.426     1     1 I sprd-gsp: gsp_core_sysfs_init()-create core[0] sysfs attribute: core_state success
04-16 16:55:34.426     1     1 I sprd-gsp: gsp_core_sysfs_init()-create core[0] sysfs attribute: total_kcfg_num success
04-16 16:55:34.426     1     1 I sprd-gsp: gsp_core_sysfs_init()-create core[0] sysfs attribute: empty_kcfg_num success
04-16 16:55:34.426     1     1 I sprd-gsp: gsp_core_sysfs_init()-create core[0] sysfs attribute: fill_kcfg_num success
04-16 16:55:34.426     1     1 I         : sprd-gsp sprd-gsp: gsp_dev_init()-initialize core[0] success
04-16 16:55:34.426     1     1 I         : sprd-gsp sprd-gsp: sprd_gsp_bind()-dev bind success
04-16 16:55:34.426     1     1 I sprd-drm-drv display-subsystem: bound sprd-gsp (ops gsp_component_ops [sprd_gsp])
04-16 16:55:34.426     1     1 I         : [drm] Supports vblank timestamp caching Rev 2 (21.10.2013).
04-16 16:55:34.426     1     1 I         : [drm] No driver support for vblank timestamp query.
04-16 16:55:34.426     1     1 I         : [drm] sprd_plane_reset()
04-16 16:55:34.427     1     1 I         : [drm] sprd_plane_reset()
04-16 16:55:34.427     1     1 I         : [drm] sprd_plane_reset()
04-16 16:55:34.427     1     1 I         : [drm] sprd_plane_reset()
04-16 16:55:34.427     1     1 I         : [drm] sprd_crtc_reset()
04-16 16:55:34.427     1     1 I         : [drm] Initialized sprd 1.0.0 20200201 for display-subsystem on minor 0
04-16 16:55:34.427   177   177 D         : probe of 200a0000.serial returned -517 after 1 usecs
04-16 16:55:34.427   177   177 D         : probe of sprd_backlight returned 0 after 19 usecs
04-16 16:55:34.427     1     1 D         : probe of display-subsystem returned 1 after 2114 usecs
04-16 16:55:34.428     1     1 I         : [drm] sprd_panel_probe start!
04-16 16:55:34.428     1     1 W         : [drm] backlight node not found
04-16 16:55:34.428     1     1 W sprd-mipi-panel-drv 31100000.dsi.0: 31100000.dsi.0 supply power not found, using dummy regulator
04-16 16:55:34.428     1     1 I         : [drm] lcd name: lcd_hx83108a_boe_mipi_hd
04-16 16:55:34.428     1     1 I         : [drm] [lcm] sprd,power-i2c-val bias_lcd[0]=0x14; bias_lcd[1]=0x14; bias_lcd[2]=0x43; bytes=3
04-16 16:55:34.428     1     1 I         : [drm] can't find sprd,doze-in-command property
04-16 16:55:34.428     1     1 I         : [drm] can't find sprd,doze-out-command property
04-16 16:55:34.428     1     1 I         : [drm] info->num_buildin_modes = 2
04-16 16:55:34.428     1     1 I         : [drm] can't find sprd,reg-lock property
04-16 16:55:34.428     1     1 I         : [drm] can't find sprd,reg-unlock property
04-16 16:55:34.428     1     1 I         : [drm] sprd_oled_backlight_init() ok
04-16 16:55:34.428     1     1 I         : [drm] sprd_dsi_host_attach()
04-16 16:55:34.428     1     1 W         : [lcm] bootmode from uboot: recovery
04-16 16:55:34.428     1     1 I         : [drm] sprd_panel_probe start!!!
04-16 16:55:34.428   177   177 D         : probe of 200a0000.serial returned -517 after 0 usecs
04-16 16:55:34.428   177   177 D         : probe of sprd_backlight returned 0 after 15 usecs
04-16 16:55:34.428     1     1 D         : probe of 31100000.dsi.0 returned 1 after 545 usecs
04-16 16:55:34.428     1     1 D         : initcall __typeid__ZTSFvP4krefE_global_addr+0x10/0xb0 [sprd_drm] returned 0 after 5088 usecs
04-16 16:55:34.428     1     1 I init    : Loaded kernel module /lib/modules/sprd-drm.ko
04-16 16:55:34.428     1     1 I init    : Loading module /lib/modules/extcon-usb-gpio.ko with args ''
04-16 16:55:34.431     1     1 D         : calling  __cfi_check+0x154/0x178 [extcon_usb_gpio] @ 1
04-16 16:55:34.431   177   177 D         : probe of 200a0000.serial returned -517 after 0 usecs
04-16 16:55:34.431   177   177 D         : probe of sprd_backlight returned 0 after 17 usecs
04-16 16:55:34.431     1     1 D         : probe of extcon-gpio returned 1 after 550 usecs
04-16 16:55:34.431     1     1 D         : initcall __cfi_check+0x154/0x178 [extcon_usb_gpio] returned 0 after 854 usecs
04-16 16:55:34.432     1     1 I init    : Loaded kernel module /lib/modules/extcon-usb-gpio.ko
04-16 16:55:34.432     1     1 I init    : Loading module /lib/modules/jiiov_fp.ko with args ''
04-16 16:55:34.434     1     1 D         : calling  custom_deinit+0x8/0x18 [jiiov_fp] @ 1
04-16 16:55:34.434     1     1 E         : [E][ANC_DRIVER][ancfp_init] entry
04-16 16:55:34.434     1     1 E         : [E][ANC_DRIVER][ancfp_init] entry  LKS
04-16 16:55:34.434     1     1 D         : probe of fingerprint@0 returned -517 after 1 usecs
04-16 16:55:34.435     1     1 E         : [E][ANC_DRIVER][ancfp_init] success
04-16 16:55:34.435     1     1 E         : [D][ANC_DRIVER][anc_netlink_init] anc_netlink_init
04-16 16:55:34.435     1     1 D         : initcall custom_deinit+0x8/0x18 [jiiov_fp] returned 0 after 342 usecs
04-16 16:55:34.435     1     1 I init    : Loaded kernel module /lib/modules/jiiov_fp.ko
04-16 16:55:34.435     1     1 I init    : Loading module /lib/modules/core.ko with args ''
04-16 16:55:34.437     1     1 D         : calling  __cfi_check+0x120/0x134 [core] @ 1
04-16 16:55:34.437     1     1 D         : initcall __cfi_check+0x120/0x134 [core] returned 0 after 51 usecs
04-16 16:55:34.437     1     1 I init    : Loaded kernel module /lib/modules/core.ko
04-16 16:55:34.437     1     1 I init    : Loading module /lib/modules/gpio.ko with args ''
04-16 16:55:34.439     1     1 D         : calling  __cfi_check+0xc4/0xe8 [gpio] @ 1
04-16 16:55:34.439     1     1 D         : initcall __cfi_check+0xc4/0xe8 [gpio] returned 0 after 0 usecs
04-16 16:55:34.439     1     1 I init    : Loaded kernel module /lib/modules/gpio.ko
04-16 16:55:34.439     1     1 I init    : Loading module /lib/modules/pinctrl.ko with args ''
04-16 16:55:34.441     1     1 D         : calling  __cfi_check+0x94/0xb0 [pinctrl] @ 1
04-16 16:55:34.441     1     1 D         : initcall __cfi_check+0x94/0xb0 [pinctrl] returned 0 after 318 usecs
04-16 16:55:34.441     1     1 I init    : Loaded kernel module /lib/modules/pinctrl.ko
04-16 16:55:34.442     1     1 I init    : Loading module /lib/modules/vsp.ko with args ''
04-16 16:55:34.445     1     1 D         : calling  vsp_clr_interrupt_mask+0x80/0xac [vsp] @ 1
04-16 16:55:34.445     1     1 W sprd_vsp 32000000.video-codec: ignoring dependency for device, assuming no driver
04-16 16:55:34.445     1     1 I sprd_vsp 32000000.video-codec: sprd_vsp_phys_addr = 32000000
04-16 16:55:34.445     1     1 I sprd_vsp 32000000.video-codec: sprd_vsp_base = (____ptrval____)
04-16 16:55:34.445     1     1 I sprd_vsp 32000000.video-codec: vsp_glb_reg_base = (____ptrval____)
04-16 16:55:34.445     1     1 I sprd_vsp 32000000.video-codec: vsp: irq = 0x1e, version = 0x13
04-16 16:55:34.445     1     1 I sprd_vsp 32000000.video-codec: VSP syscon[vsp-domain-eb-syscon](____ptrval____), offset 0x4, mask 0x20
04-16 16:55:34.445     1     1 I sprd_vsp 32000000.video-codec: VSP syscon[reset-syscon](____ptrval____), offset 0x4, mask 0x2800
04-16 16:55:34.445     1     1 E sprd_vsp 32000000.video-codec: Read Vsp Dts vsp-dev-eb-syscon regmap fail
04-16 16:55:34.445     1     1 I sprd_vsp 32000000.video-codec: clk clk_src_76m8 not found,continue to find next clock
04-16 16:55:34.445     1     1 I sprd_vsp 32000000.video-codec: clk clk_src_96m not found,continue to find next clock
04-16 16:55:34.446     1     1 I sprd_vsp 32000000.video-codec: clk clk_src_128m not found,continue to find next clock
04-16 16:55:34.446     1     1 I sprd_vsp 32000000.video-codec: clk clk_src_153m6 not found,continue to find next clock
04-16 16:55:34.446     1     1 I sprd_vsp 32000000.video-codec: clk clk_src_192m not found,continue to find next clock
04-16 16:55:34.446     1     1 I sprd_vsp 32000000.video-codec: vsp clk in dts file: clk[0] = (256000000, clk_src_256m)
04-16 16:55:34.446     1     1 I sprd_vsp 32000000.video-codec: vsp clk in dts file: clk[1] = (307200000, clk_src_307m2)
04-16 16:55:34.446     1     1 I sprd_vsp 32000000.video-codec: vsp clk in dts file: clk[2] = (384000000, clk_src_384m)
04-16 16:55:34.446     1     1 I sprd_vsp 32000000.video-codec: clk clk_src_512m not found,continue to find next clock
04-16 16:55:34.446     1     1 W sprd_vsp 32000000.video-codec: can't find vsp qos cfg node
04-16 16:55:34.446     1     1 I sprd_vsp 32000000.video-codec: 0, 0, 0, 194
04-16 16:55:34.446     1     1 I sprd_vsp 32000000.video-codec: iommu_vsp enabled 1
04-16 16:55:34.446     1     1 I sprd_vsp 32000000.video-codec: vsp: set dma mask as 64bit
04-16 16:55:34.446   177   177 D         : probe of 200a0000.serial returned -517 after 0 usecs
04-16 16:55:34.447   177   177 D         : probe of sprd_backlight returned 0 after 25 usecs
04-16 16:55:34.447   177   177 D         : probe of fingerprint@0 returned -517 after 0 usecs
04-16 16:55:34.447     1     1 D         : probe of 32000000.video-codec returned 1 after 1532 usecs
04-16 16:55:34.447     1     1 D         : initcall vsp_clr_interrupt_mask+0x80/0xac [vsp] returned 0 after 2038 usecs
04-16 16:55:34.447     1     1 I init    : Loaded kernel module /lib/modules/vsp.ko
04-16 16:55:34.447     1     1 I init    : Loading module /lib/modules/jpg.ko with args ''
04-16 16:55:34.450     1     1 D         : calling  jpg_clk_disable+0xec/0x110 [jpg] @ 1
04-16 16:55:34.450     1     1 W sprd-jpg 36000000.jpg-codec: ignoring dependency for device, assuming no driver
04-16 16:55:34.450     1     1 I sprd-jpg 36000000.jpg-codec: sprd_jpg_phys jpg:  0X36000000
04-16 16:55:34.450     1     1 I sprd-jpg 36000000.jpg-codec: sprd_jpg_virt jpg:  0xffffffc013620000
04-16 16:55:34.450     1     1 I sprd-jpg 36000000.jpg-codec: hw_dev.irq  0X1f
04-16 16:55:34.450     1     1 I sprd-jpg 36000000.jpg-codec: JPG syscon[aon-apb-eb-syscon](____ptrval____), offset 0x0, mask 0x200
04-16 16:55:34.450     1     1 I sprd-jpg 36000000.jpg-codec: JPG syscon[reset-syscon](____ptrval____), offset 0x4, mask 0x80000
04-16 16:55:34.450     1     1 I sprd-jpg 36000000.jpg-codec: jpg clk in dts file: clk[0] = (76800000, clk_src_76m8)
04-16 16:55:34.450     1     1 I sprd-jpg 36000000.jpg-codec: clk clk_src_96m not found,continue to find next clock
04-16 16:55:34.450     1     1 I sprd-jpg 36000000.jpg-codec: jpg clk in dts file: clk[1] = (128000000, clk_src_128m)
04-16 16:55:34.450     1     1 I sprd-jpg 36000000.jpg-codec: clk clk_src_153m6 not found,continue to find next clock
04-16 16:55:34.450     1     1 I sprd-jpg 36000000.jpg-codec: clk clk_src_192m not found,continue to find next clock
04-16 16:55:34.450     1     1 I sprd-jpg 36000000.jpg-codec: jpg clk in dts file: clk[2] = (256000000, clk_src_256m)
04-16 16:55:34.450     1     1 I sprd-jpg 36000000.jpg-codec: clk clk_src_307m2 not found,continue to find next clock
04-16 16:55:34.450     1     1 I sprd-jpg 36000000.jpg-codec: jpg clk in dts file: clk[3] = (384000000, clk_src_384m)
04-16 16:55:34.450     1     1 I sprd-jpg 36000000.jpg-codec: clk clk_src_409m6 not found,continue to find next clock
04-16 16:55:34.450     1     1 I sprd-jpg 36000000.jpg-codec: clk clk_src_512m not found,continue to find next clock
04-16 16:55:34.450     1     1 W sprd-jpg 36000000.jpg-codec: can't find jpg qos cfg node
04-16 16:55:34.450     1     1 I sprd-jpg 36000000.jpg-codec: 0, 0, 0, 0
04-16 16:55:34.451     1     1 I sprd-jpg 36000000.jpg-codec: jpg: set dma mask as 64bit
04-16 16:55:34.451     1     1 E sprd-jpg 36000000.jpg-codec: sprd_jpg probe with genpd
04-16 16:55:34.451   177   177 D         : probe of 200a0000.serial returned -517 after 1 usecs
04-16 16:55:34.451   177   177 D         : probe of sprd_backlight returned 0 after 23 usecs
04-16 16:55:34.451   177   177 D         : probe of fingerprint@0 returned -517 after 0 usecs
04-16 16:55:34.451     1     1 D         : probe of 36000000.jpg-codec returned 1 after 858 usecs
04-16 16:55:34.452     1     1 D         : initcall jpg_clk_disable+0xec/0x110 [jpg] returned 0 after 1439 usecs
04-16 16:55:34.452     1     1 I init    : Loaded kernel module /lib/modules/jpg.ko
04-16 16:55:34.452     1     1 I init    : Loading module /lib/modules/leds-sc27xx-bltc.ko with args ''
04-16 16:55:34.454     1     1 D         : calling  __cfi_check+0x118/0x134 [leds_sc27xx_bltc] @ 1
04-16 16:55:34.454   177   177 D         : probe of 200a0000.serial returned -517 after 0 usecs
04-16 16:55:34.454   177   177 D         : probe of sprd_backlight returned 0 after 19 usecs
04-16 16:55:34.455   177   177 D         : probe of fingerprint@0 returned -517 after 0 usecs
04-16 16:55:34.455     1     1 D         : probe of 64200000.spi:pmic@0:led-controller@180 returned 1 after 403 usecs
04-16 16:55:34.455     1     1 D         : initcall __cfi_check+0x118/0x134 [leds_sc27xx_bltc] returned 0 after 783 usecs
04-16 16:55:34.455     1     1 I init    : Loaded kernel module /lib/modules/leds-sc27xx-bltc.ko
04-16 16:55:34.455     1     1 I init    : Loading module /lib/modules/ledtrig-pattern.ko with args ''
04-16 16:55:34.457     1     1 D         : calling  __cfi_check+0x190/0x194 [ledtrig_pattern] @ 1
04-16 16:55:34.457     1     1 D         : initcall __cfi_check+0x190/0x194 [ledtrig_pattern] returned 0 after 36 usecs
04-16 16:55:34.457     1     1 I init    : Loaded kernel module /lib/modules/ledtrig-pattern.ko
04-16 16:55:34.457     1     1 I init    : Loading module /lib/modules/zsmalloc.ko with args ''
04-16 16:55:34.460     1     1 D         : calling  __cfi_check+0x384/0x39c [zsmalloc] @ 1
04-16 16:55:34.460     1     1 D         : initcall __cfi_check+0x384/0x39c [zsmalloc] returned 0 after 46 usecs
04-16 16:55:34.460     1     1 I init    : Loaded kernel module /lib/modules/zsmalloc.ko
04-16 16:55:34.460     1     1 I init    : Loading module /lib/modules/zram.ko with args ''
04-16 16:55:34.463     1     1 D         : calling  hot_add_show+0x78/0xdc [zram] @ 1
04-16 16:55:34.463     1     1 I zram    : Added device: zram0
04-16 16:55:34.463     1     1 D         : initcall hot_add_show+0x78/0xdc [zram] returned 0 after 226 usecs
04-16 16:55:34.463     1     1 I init    : Loaded kernel module /lib/modules/zram.ko
04-16 16:55:34.463     1     1 I init    : Loading module /lib/modules/pinctrl-sprd.ko with args ''
04-16 16:55:34.465     1     1 I init    : Loaded kernel module /lib/modules/pinctrl-sprd.ko
04-16 16:55:34.465     1     1 I init    : Loading module /lib/modules/pinctrl-sprd-qogirl6.ko with args ''
04-16 16:55:34.467     1     1 D         : calling  __cfi_check+0xd4/0xe8 [pinctrl_sprd_qogirl6] @ 1
04-16 16:55:34.468   177   177 W         : ------------[ cut here ]------------
04-16 16:55:34.468   177   177 W Attribute uart_gpio_ctrl: read permission without 'show'
04-16 16:55:34.468   177   177 W         : WARNING: CPU: 7 PID: 177 at drivers/base/core.c:2281 device_create_file+0x11c/0x168
04-16 16:55:34.468   177   177 W         : Modules linked in: pinctrl_sprd_qogirl6(+) pinctrl_sprd zram zsmalloc ledtrig_pattern leds_sc27xx_bltc jpg(O) vsp(O) pinctrl gpio core jiiov_fp(O) extcon_usb_gpio sprd_drm(O) lcd_bias_adjust himax_mmi sprd_gsp(O) apsys_dvfs omnivision_tcm twofish_generic twofish_common arc4 aes_neon_blk aes_ce_ccm ghash_ce sha1_ce sprd_cpp(O) sprd_vsp_pw_domain(O) sprd_camera(O) sprd_flash_drv(O) sprd_sensor(O) unisoc_iommu sprd_ion(O) ion_cma_heap(C) ion_ipc_trusty(C) sprd_dma virt_dma sprd_camsys_pw_domain(O) trusty_tui sblock_bridge sbuf_bridge slog_bridge sprd_iq usb_f_vser sprd_modem_loader seth sipx spool spipe sprd_sipc_virt_bus sensorhub sipc_core unisoc_mailbox sprd_power_manager hardware_info kfifo_buf sprd_pdbg sprd_pmic_syscon nq_nci sprd_pmic_refout sdhci_sprd mmc_hsq mmc_swcq gpio_pmic_eic_sprd gpio_sprd gpio_eic_sprd sprd_shm trusty_virtio trusty_ipc trusty_irq trusty_log trusty_pm trusty sprd_manufacturer_model sprd_7sreset sprd_cpufreq_public sprd_cpufreq_v2
04-16 16:55:34.468   177   177 W         : i2c_sprd_hw_v2 i2c_sprd nvmem_sprd_efuse nvmem_sprd_cache_efuse nvmem_sc27xx_efuse sprd_hwspinlock ufs_sprd_qogirl6 rpmb sprd_soc_id ump518_regulator sc2730_regulator sprd_sc27xx_spi spi_sprd_adi ums9230_clk clk_sprd sprd_time_sync_cp sprd_time_sync sprd_systimer sprd_sip_svc sprd_wdt_fiq
04-16 16:55:34.468   177   177 W         : CPU: 7 PID: 177 Comm: kworker/7:2 Tainted: G S      WC O      5.4.254-android12-9-gf6794bd59091-ab267 #1
04-16 16:55:34.468   177   177 W Hardware name: Spreadtrum UMS9230 1H10 SoC (DT)
04-16 16:55:34.468   177   177 W Workqueue: events __typeid__ZTSFvP11work_structE_global_addr
04-16 16:55:34.468   177   177 W pstate  : 60c00005 (nZCv daif +PAN +UAO)
04-16 16:55:34.468   177   177 W pc      : device_create_file+0x11c/0x168
04-16 16:55:34.468   177   177 W lr      : device_create_file+0x11c/0x168
04-16 16:55:34.468   177   177 W sp      : ffffffc012bfba20
04-16 16:55:34.468   177   177 W         : x29: ffffffc012bfba40 x28: ffffff817f31e220
04-16 16:55:34.468   177   177 W         : x27: 0000000000000000 x26: 0000000000000000
04-16 16:55:34.468   177   177 W         : x25: ffffffc01274ea18 x24: ffffff8176a06600
04-16 16:55:34.468   177   177 W         : x23: ffffff816a295280 x22: ffffff8169c40200
04-16 16:55:34.468   177   177 W         : x21: ffffff8176adf010 x20: ffffff8176adf010
04-16 16:55:34.468   177   177 W         : x19: ffffffc01239d860 x18: ffffffc012ae9068
04-16 16:55:34.468   177   177 W         : x17: ffffffc012334000 x16: 0000000000000000
04-16 16:55:34.468   177   177 W         : x15: 0000000000000082 x14: 0000000000000050
04-16 16:55:34.468   177   177 W         : x13: 0000000000057a08 x12: 0000000000000000
04-16 16:55:34.468   177   177 W         : x11: 00000000ffffffff x10: ffffffc0124bfca8
04-16 16:55:34.468   177   177 W         : x9 : 48db40b2ba03c700 x8 : 48db40b2ba03c700
04-16 16:55:34.468   177   177 W         : x7 : ffffffc0125c0000 x6 : ffffffc0125bf000
04-16 16:55:34.468   177   177 W         : x5 : ffffffc0125bfde8 x4 : 0000000000000001
04-16 16:55:34.468   177   177 W         : x3 : ffffffc012334148 x2 : 0000000000000001
04-16 16:55:34.468   177   177 W         : x1 : 0000000000000000 x0 : 0000000000000038
04-16 16:55:34.468   177   177 W PC      : 0xffffffc010b6b2f8:
04-16 16:55:34.468   177   177 W         : b2f8  f0009ac9 f85f83a8 f944bd29 eb08013f 54000281 a9427bfd a9434ff4 f85f8e5e
04-16 16:55:34.468   177   177 W         : b318  910103ff d65f03c0 d0005789 91239129 cb090109 93c90929 f100153f 54000342
04-16 16:55:34.468   177   177 W         : b338  910043e1 910023e2 aa1403e0 d63f0100 f9401a80 b94013e4 b9400be5 17ffffe4
04-16 16:55:34.468   177   177 W         : b358  97da5f87 d4210000 128002a0 17ffffe5 f9400261 d0008a60 912f2000 97da5f57
04-16 16:55:34.468   177   177 W         : b378  d4210000 17ffffce f9400261 f0008680 913d7800 97da5f51 d4210000 79401268
04-16 16:55:34.468   177   177 W         : b398  17ffffc2 d2868280 f2bccd00 f2cb21a0 f2f2c4c0 aa0803e1 aa1f03e2 f90003e8
04-16 16:55:34.468   177   177 W         : b3b8  97d5048d f94003e8 17ffffde b4000100 f800865e a9bf7bfd 910003fd 97ebf353
04-16 16:55:34.468   177   177 W         : b3d8  a8c17bfd f85f8e5e d65f03c0 128002a0 d65f03c0 d101c3ff f800865e a9067bfd
04-16 16:55:34.468   177   177 W LR      : 0xffffffc010b6b2f8:
04-16 16:55:34.468   177   177 W         : b2f8  f0009ac9 f85f83a8 f944bd29 eb08013f 54000281 a9427bfd a9434ff4 f85f8e5e
04-16 16:55:34.468   177   177 W         : b318  910103ff d65f03c0 d0005789 91239129 cb090109 93c90929 f100153f 54000342
04-16 16:55:34.468   177   177 W         : b338  910043e1 910023e2 aa1403e0 d63f0100 f9401a80 b94013e4 b9400be5 17ffffe4
04-16 16:55:34.468   177   177 W         : b358  97da5f87 d4210000 128002a0 17ffffe5 f9400261 d0008a60 912f2000 97da5f57
04-16 16:55:34.468   177   177 W         : b378  d4210000 17ffffce f9400261 f0008680 913d7800 97da5f51 d4210000 79401268
04-16 16:55:34.468   177   177 W         : b398  17ffffc2 d2868280 f2bccd00 f2cb21a0 f2f2c4c0 aa0803e1 aa1f03e2 f90003e8
04-16 16:55:34.468   177   177 W         : b3b8  97d5048d f94003e8 17ffffde b4000100 f800865e a9bf7bfd 910003fd 97ebf353
04-16 16:55:34.468   177   177 W         : b3d8  a8c17bfd f85f8e5e d65f03c0 128002a0 d65f03c0 d101c3ff f800865e a9067bfd
04-16 16:55:34.468   177   177 W SP      : 0xffffffc012bfb9a0:
04-16 16:55:34.468   177   177 W         : b9a0  76a06600 ffffff81 1274ea18 ffffffc0 00000000 00000000 00000000 00000000
04-16 16:55:34.468   177   177 W         : b9c0  7f31e220 ffffff81 12bfba40 ffffffc0 10b6b378 ffffffc0 12bfba20 ffffffc0
04-16 16:55:34.468   177   177 W         : b9e0  10b6b378 ffffffc0 60c00005 00000000 ffffffc8 00000000 ba03c700 48db40b2
04-16 16:55:34.468   177   177 W         : ba00  ffffffff ffffffff 10b6b378 ffffffc0 12bfba40 ffffffc0 10b6b378 ffffffc0
04-16 16:55:34.468   177   177 W         : ba20  1274ea18 ffffffc0 76adf010 ffffff81 76a06600 ffffff81 ba03c700 48db40b2
04-16 16:55:34.468   177   177 W         : ba40  12bfba60 ffffffc0 10ac9084 ffffffc0 69c1c480 ffffff81 76adf000 ffffff81
04-16 16:55:34.468   177   177 W         : ba60  12bfbac0 ffffffc0 10b7a714 ffffffc0 1f17e76c 00000000 10b7a6e0 ffffffc0
04-16 16:55:34.468   177   177 W         : ba80  3b9aca00 00000000 12309000 ffffffc0 12617088 ffffffc0 0000008c 00000000
04-16 16:55:34.468   177   177 W         : X3: 0xffffffc0123340c8:
04-16 16:55:34.468   177   177 W         : 40c8  123340c8 ffffffc0 123340c8 ffffffc0 00000002 00000000 124bfca8 ffffffc0
04-16 16:55:34.468   177   177 W         : 40e8  ffffffff 00000001 00000004 00000001 00000001 00100000 00000001 65006e6f
04-16 16:55:34.468   177   177 W         : 4108  696d696c 00000074 00000001 00000000 00000000 00000000 11651ad8 ffffffc0
04-16 16:55:34.468   177   177 W         : 4128  1164aca4 ffffffc0 00000000 00000000 1164b898 ffffffc0 00000000 00000001
04-16 16:55:34.468   177   177 W         : 4148  12334148 ffffffc0 12334148 ffffffc0 12399368 ffffffc0 12377b20 ffffffc0
04-16 16:55:34.468   177   177 W         : 4168  00000000 000004e2 0000000a 00000001 00000000 00000000 fffedb42 00000000
04-16 16:55:34.468   177   177 W         : 4188  00000000 00000000 0000005f 00000000 00000000 00000cc0 7784b47a ffffff81
04-16 16:55:34.468   177   177 W         : 41a8  00000000 00000000 00000000 00000000 123341b8 ffffffc0 123341b8 ffffffc0
04-16 16:55:34.468   177   177 W         : X5: 0xffffffc0125bfd68:
04-16 16:55:34.468   177   177 W         : fd68  00000000 00000000 00000000 00000000 00000000 00000000 00000000 00000000
