04-16 16:55:33.681     1     1 D         : initcall __typeid__ZTSFivE_global_addr+0xb44/0xee0 returned 0 after 443 usecs
04-16 16:55:33.681     1     1 D         : calling  __typeid__ZTSFivE_global_addr+0xdac/0xee0 @ 1
04-16 16:55:33.681     1     1 D         : initcall __typeid__ZTSFivE_global_addr+0xdac/0xee0 returned 0 after 3 usecs
04-16 16:55:33.681     1     1 D         : calling  __typeid__ZTSFivE_global_addr+0xddc/0xee0 @ 1
04-16 16:55:33.681     1     1 D         : initcall __typeid__ZTSFivE_global_addr+0xddc/0xee0 returned 0 after 12 usecs
04-16 16:55:33.681     1     1 D         : calling  __typeid__ZTSFivE_global_addr+0xeb4/0xee0 @ 1
04-16 16:55:33.681     1     1 I cfg80211: Loading compiled-in X.509 certificates for regulatory database
04-16 16:55:35.569   323   323 E cutils-trace: Error opening trace file: No such file or directory (2)
04-16 16:55:33.682     1     1 I cfg80211: Loaded X.509 cert 'V85728306: 009ba58f75458144f3'
04-16 16:55:33.682     1     1 D         : initcall __typeid__ZTSFivE_global_addr+0xeb4/0xee0 returned 0 after 1387 usecs
04-16 16:55:33.682     1     1 D         : calling  __typeid__ZTSFivE_global_addr+0x240/0xee0 @ 1
04-16 16:55:33.682     1     1 D         : initcall __typeid__ZTSFivE_global_addr+0x240/0xee0 returned 0 after 0 usecs
04-16 16:55:33.682     1     1 D         : calling  __typeid__ZTSFivE_global_addr+0x708/0xee0 @ 1
04-16 16:55:33.682     1     1 D         : initcall __typeid__ZTSFivE_global_addr+0x708/0xee0 returned 0 after 8 usecs
04-16 16:55:33.682     1     1 D         : calling  __typeid__ZTSFivE_global_addr+0x724/0xee0 @ 1
04-16 16:55:33.683     1     1 I sprd-sysdump: detect pmic is sc2730 ,offset = 0x1bac !!!
04-16 16:55:33.683     1     1 E sprd-sysdump: of_find_device_by_node failed!!!
04-16 16:55:33.683    13    13 W platform regulatory.0: Direct firmware load for regulatory.db failed with error -2
04-16 16:55:33.683    13    13 W platform regulatory.0: Falling back to sysfs fallback for: regulatory.db
04-16 16:55:33.683     1     1 I sprd-sysdump: ylog_buffer_init: ylog_buffer vaddr is (____ptrval____)
04-16 16:55:33.683     1     1 I sprd-sysdump: section_info_ylog_buf in. vaddr : 0xffffff816b900000  len :0x100000
04-16 16:55:33.683     1     1 I sprd-sysdump: ylog_buf added successfully in minidump section:paddr_start=1eb900000,paddr_end=1eba00000
04-16 16:55:35.570   313   313 E cutils-trace: Error opening trace file: No such file or directory (2)
04-16 16:55:33.683     1     1 I sprd-sysdump: ylog_buf added to minidump section ok!!
04-16 16:55:33.683     1     1 I sprd-sysdump: kernel_pt added successfully in minidump section:paddr_start=820e3000,paddr_end=820e4000
04-16 16:55:33.683     1     1 I sprd-sysdump: kernel pt added to minidump section ok!!
04-16 16:55:33.683     1     1 I sprd-sysdump: pgd vaddr start: 0xffffffc0120e3000  paddr start: 0x820e3000  len :0x1000
04-16 16:55:33.683     1     1 I sprd-sysdump: nhang added successfully in minidump section:paddr_start=82647de0,paddr_end=82747de0
04-16 16:55:33.683     1     1 I sprd-sysdump: nhang added to minidump section ok!!
04-16 16:55:33.683     1     1 E sprd-sysdump: Not find scproc from dts
04-16 16:55:33.683     1     1 I sprd-sysdump: minidump_init out.
04-16 16:55:33.684     1     1 D         : initcall __typeid__ZTSFivE_global_addr+0x724/0xee0 returned 0 after 1091 usecs
04-16 16:55:33.684     1     1 D         : calling  __typeid__ZTSFivE_global_addr+0x738/0xee0 @ 1
04-16 16:55:33.684     1     1 I sprd-sysdump-msg: minidump_add_section in. vaddr : 0xffffff816ba00000  len :0x75440
04-16 16:55:33.684     1     1 I sprd-sysdump: task_stats added successfully in minidump section:paddr_start=1eba00000,paddr_end=1eba75440
04-16 16:55:33.684     1     1 I sprd-sysdump-msg: task_stats added to minidump section ok!!
04-16 16:55:33.684     1     1 I sprd-sysdump-msg: minidump_add_section in. vaddr : 0xffffff816b83c000  len :0x3e80
04-16 16:55:33.684     1     1 I sprd-sysdump: runqueue added successfully in minidump section:paddr_start=1eb83c000,paddr_end=1eb83fe80
04-16 16:55:33.684     1     1 I sprd-sysdump-msg: runqueue added to minidump section ok!!
04-16 16:55:33.684     1     1 I sprd-sysdump-msg: minidump_add_section in. vaddr : 0xffffff816b8b0000  len :0x4000
04-16 16:55:33.684     1     1 I sprd-sysdump: stack_regs added successfully in minidump section:paddr_start=1eb8b0000,paddr_end=1eb8b4000
04-16 16:55:33.684     1     1 I sprd-sysdump-msg: stack_regs added to minidump section ok!!
04-16 16:55:33.684     1     1 I sprd-sysdump-msg: minidump_add_section in. vaddr : 0xffffff816b8b4000  len :0x3000
04-16 16:55:33.684     1     1 I sprd-sysdump: memstat added successfully in minidump section:paddr_start=1eb8b4000,paddr_end=1eb8b7000
04-16 16:55:33.684     1     1 I sprd-sysdump-msg: memstat added to minidump section ok!!
04-16 16:55:33.684     1     1 I sprd-sysdump-msg: minidump_add_section in. vaddr : 0xffffff816b8b8000  len :0x3000
04-16 16:55:35.570   323   323 E HidlServiceManagement: getService: Potential race detected. The VINTF manifest is not being enforced. If a HAL server has a delay in starting and it is not in the manifest, it will not be retrieved. Please make sure all HALs on this device are in the VINTF manifest and enable PRODUCT_ENFORCE_VINTF_MANIFEST on this device (this is also enabled by PRODUCT_FULL_TREBLE). PRODUCT_ENFORCE_VINTF_MANIFEST will ensure that no race condition is possible here.
04-16 16:55:33.684     1     1 I sprd-sysdump: interruptes added successfully in minidump section:paddr_start=1eb8b8000,paddr_end=1eb8bb000
04-16 16:55:33.684     1     1 I sprd-sysdump-msg: interruptes added to minidump section ok!!
04-16 16:55:33.684     1     1 I sprd-sysdump: irqstack0_0 added successfully in minidump section:paddr_start=1f7ded000,paddr_end=1f7dee000
04-16 16:55:33.684     1     1 I sprd-sysdump: irqstack0_1 added successfully in minidump section:paddr_start=1f7dee000,paddr_end=1f7def000
04-16 16:55:33.684     1     1 I sprd-sysdump: irqstack0_2 added successfully in minidump section:paddr_start=1f7def000,paddr_end=1f7df0000
04-16 16:55:33.684     1     1 I sprd-sysdump: irqstack0_3 added successfully in minidump section:paddr_start=1f7df0000,paddr_end=1f7df1000
04-16 16:55:33.684     1     1 I sprd-sysdump: irqstack1_0 added successfully in minidump section:paddr_start=1f7df1000,paddr_end=1f7df2000
04-16 16:55:33.684     1     1 I sprd-sysdump: irqstack1_1 added successfully in minidump section:paddr_start=1f7df2000,paddr_end=1f7df3000
04-16 16:55:33.684     1     1 I sprd-sysdump: irqstack1_2 added successfully in minidump section:paddr_start=1f7df3000,paddr_end=1f7df4000
04-16 16:55:33.684     1     1 I sprd-sysdump: irqstack1_3 added successfully in minidump section:paddr_start=1f7df4000,paddr_end=1f7df5000
04-16 16:55:33.684     1     1 I sprd-sysdump: irqstack2_0 added successfully in minidump section:paddr_start=1f7df5000,paddr_end=1f7df6000
04-16 16:55:33.684     1     1 I sprd-sysdump: irqstack2_1 added successfully in minidump section:paddr_start=1f7df6000,paddr_end=1f7df7000
04-16 16:55:33.684     1     1 I sprd-sysdump: irqstack2_2 added successfully in minidump section:paddr_start=1f7df7000,paddr_end=1f7df8000
04-16 16:55:33.684     1     1 I sprd-sysdump: irqstack2_3 added successfully in minidump section:paddr_start=1f7df8000,paddr_end=1f7df9000
04-16 16:55:33.684     1     1 I sprd-sysdump: irqstack3_0 added successfully in minidump section:paddr_start=1f7df9000,paddr_end=1f7dfa000
04-16 16:55:33.684     1     1 I sprd-sysdump: irqstack3_1 added successfully in minidump section:paddr_start=1f7dfa000,paddr_end=1f7dfb000
04-16 16:55:33.684     1     1 I sprd-sysdump: irqstack3_2 added successfully in minidump section:paddr_start=1f7dfb000,paddr_end=1f7dfc000
04-16 16:55:33.684     1     1 I sprd-sysdump: irqstack3_3 added successfully in minidump section:paddr_start=1f7dfc000,paddr_end=1f7dfd000
04-16 16:55:33.684     1     1 I sprd-sysdump: irqstack4_0 added successfully in minidump section:paddr_start=1f7dfd000,paddr_end=1f7dfe000
04-16 16:55:33.684     1     1 I sprd-sysdump: irqstack4_1 added successfully in minidump section:paddr_start=1f7dfe000,paddr_end=1f7dff000
04-16 16:55:33.684     1     1 I sprd-sysdump: irqstack4_2 added successfully in minidump section:paddr_start=1f7dff000,paddr_end=1f7e00000
04-16 16:55:33.684     1     1 I sprd-sysdump: irqstack4_3 added successfully in minidump section:paddr_start=1f7e00000,paddr_end=1f7e01000
04-16 16:55:33.684     1     1 I sprd-sysdump: irqstack5_0 added successfully in minidump section:paddr_start=1f7e01000,paddr_end=1f7e02000
04-16 16:55:33.684     1     1 I sprd-sysdump: irqstack5_1 added successfully in minidump section:paddr_start=1f7e02000,paddr_end=1f7e03000
04-16 16:55:33.684     1     1 I sprd-sysdump: irqstack5_2 added successfully in minidump section:paddr_start=1f7e03000,paddr_end=1f7e04000
04-16 16:55:33.684     1     1 I sprd-sysdump: irqstack5_3 added successfully in minidump section:paddr_start=1f7e04000,paddr_end=1f7e05000
04-16 16:55:33.684     1     1 I sprd-sysdump: irqstack6_0 added successfully in minidump section:paddr_start=1f7e05000,paddr_end=1f7e06000
04-16 16:55:33.684     1     1 I sprd-sysdump: irqstack6_1 added successfully in minidump section:paddr_start=1f7e06000,paddr_end=1f7e07000
04-16 16:55:33.684     1     1 I sprd-sysdump: irqstack6_2 added successfully in minidump section:paddr_start=1f7e07000,paddr_end=1f7e08000
04-16 16:55:33.684     1     1 I sprd-sysdump: irqstack6_3 added successfully in minidump section:paddr_start=1f7e08000,paddr_end=1f7e09000
04-16 16:55:33.684     1     1 I sprd-sysdump: irqstack7_0 added successfully in minidump section:paddr_start=1f7e09000,paddr_end=1f7e0a000
04-16 16:55:33.684     1     1 I sprd-sysdump: irqstack7_1 added successfully in minidump section:paddr_start=1f7e0a000,paddr_end=1f7e0b000
04-16 16:55:33.684     1     1 I sprd-sysdump: irqstack7_2 added successfully in minidump section:paddr_start=1f7e0b000,paddr_end=1f7e0c000
04-16 16:55:33.684     1     1 I sprd-sysdump: irqstack7_3 added successfully in minidump section:paddr_start=1f7e0c000,paddr_end=1f7e0d000
04-16 16:55:33.684     1     1 I sprd-sysdump: cpustack0_0 added successfully in minidump section:paddr_start=0,paddr_end=1000
04-16 16:55:33.684     1     1 I sprd-sysdump: cpustack0_1 added successfully in minidump section:paddr_start=0,paddr_end=1000
04-16 16:55:33.684     1     1 I sprd-sysdump: cpustack0_2 added successfully in minidump section:paddr_start=0,paddr_end=1000
04-16 16:55:33.684     1     1 I sprd-sysdump: cpustack0_3 added successfully in minidump section:paddr_start=0,paddr_end=1000
04-16 16:55:33.684     1     1 I sprd-sysdump: cpustack1_0 added successfully in minidump section:paddr_start=0,paddr_end=1000
04-16 16:55:33.684     1     1 I sprd-sysdump: cpustack1_1 added successfully in minidump section:paddr_start=0,paddr_end=1000
04-16 16:55:33.684     1     1 I sprd-sysdump: cpustack1_2 added successfully in minidump section:paddr_start=0,paddr_end=1000
04-16 16:55:33.684     1     1 I sprd-sysdump: cpustack1_3 added successfully in minidump section:paddr_start=0,paddr_end=1000
04-16 16:55:33.684     1     1 I sprd-sysdump: cpustack2_0 added successfully in minidump section:paddr_start=0,paddr_end=1000
04-16 16:55:33.684     1     1 I sprd-sysdump: cpustack2_1 added successfully in minidump section:paddr_start=0,paddr_end=1000
04-16 16:55:33.684     1     1 I sprd-sysdump: cpustack2_2 added successfully in minidump section:paddr_start=0,paddr_end=1000
04-16 16:55:33.684     1     1 I sprd-sysdump: cpustack2_3 added successfully in minidump section:paddr_start=0,paddr_end=1000
04-16 16:55:33.684     1     1 I sprd-sysdump: cpustack3_0 added successfully in minidump section:paddr_start=0,paddr_end=1000
04-16 16:55:33.684     1     1 I sprd-sysdump: cpustack3_1 added successfully in minidump section:paddr_start=0,paddr_end=1000
04-16 16:55:33.684     1     1 I sprd-sysdump: cpustack3_2 added successfully in minidump section:paddr_start=0,paddr_end=1000
04-16 16:55:33.684     1     1 I sprd-sysdump: cpustack3_3 added successfully in minidump section:paddr_start=0,paddr_end=1000
04-16 16:55:33.684     1     1 I sprd-sysdump: cpustack4_0 added successfully in minidump section:paddr_start=0,paddr_end=1000
04-16 16:55:33.684     1     1 I sprd-sysdump: cpustack4_1 added successfully in minidump section:paddr_start=0,paddr_end=1000
04-16 16:55:33.684     1     1 I sprd-sysdump: cpustack4_2 added successfully in minidump section:paddr_start=0,paddr_end=1000
04-16 16:55:33.684     1     1 I sprd-sysdump: cpustack4_3 added successfully in minidump section:paddr_start=0,paddr_end=1000
04-16 16:55:33.684     1     1 I sprd-sysdump: cpustack5_0 added successfully in minidump section:paddr_start=0,paddr_end=1000
04-16 16:55:33.684     1     1 I sprd-sysdump: cpustack5_1 added successfully in minidump section:paddr_start=0,paddr_end=1000
04-16 16:55:33.684     1     1 I sprd-sysdump: cpustack5_2 added successfully in minidump section:paddr_start=0,paddr_end=1000
04-16 16:55:33.684     1     1 I sprd-sysdump: cpustack5_3 added successfully in minidump section:paddr_start=0,paddr_end=1000
04-16 16:55:33.684     1     1 I sprd-sysdump: cpustack6_0 added successfully in minidump section:paddr_start=0,paddr_end=1000
04-16 16:55:33.684     1     1 I sprd-sysdump: cpustack6_1 added successfully in minidump section:paddr_start=0,paddr_end=1000
04-16 16:55:33.684     1     1 I sprd-sysdump: cpustack6_2 added successfully in minidump section:paddr_start=0,paddr_end=1000
04-16 16:55:33.684     1     1 I sprd-sysdump: cpustack6_3 added successfully in minidump section:paddr_start=0,paddr_end=1000
04-16 16:55:33.684     1     1 I sprd-sysdump: cpustack7_0 added successfully in minidump section:paddr_start=0,paddr_end=1000
04-16 16:55:33.684     1     1 I sprd-sysdump: cpustack7_1 added successfully in minidump section:paddr_start=0,paddr_end=1000
04-16 16:55:33.684     1     1 I sprd-sysdump: cpustack7_2 added successfully in minidump section:paddr_start=0,paddr_end=1000
04-16 16:55:33.684     1     1 I sprd-sysdump: cpustack7_3 added successfully in minidump section:paddr_start=0,paddr_end=1000
04-16 16:55:33.684     1     1 I sprd-sysdump-msg: sprd_kmsg_panic_notifier_register success!
04-16 16:55:33.684     1     1 D         : initcall __typeid__ZTSFivE_global_addr+0x738/0xee0 returned 0 after 533 usecs
04-16 16:55:33.684     1     1 D         : calling  __typeid__ZTSFivE_global_addr+0x73c/0xee0 @ 1
04-16 16:55:33.684     1     1 I sprd-sysdump-io: minidump_add_section in. vaddr : 0xffffff816b8c0000  len :0x9000
04-16 16:55:33.684     1     1 I sprd-sysdump: io added successfully in minidump section:paddr_start=1eb8c0000,paddr_end=1eb8c9000
04-16 16:55:33.684     1     1 I sprd-sysdump-io: io added to minidump section ok!!
04-16 16:55:33.684     1     1 I sprd-sysdump-io: sprd: io_panic_nofifier_register success
04-16 16:55:33.684     1     1 D         : initcall __typeid__ZTSFivE_global_addr+0x73c/0xee0 returned 0 after 23 usecs
04-16 16:55:33.684     1     1 D         : calling  __typeid__ZTSFivE_global_addr+0x768/0xee0 @ 1
04-16 16:55:33.684     1     1 D         : initcall __typeid__ZTSFivE_global_addr+0x768/0xee0 returned 0 after 2 usecs
04-16 16:55:33.684     1     1 D         : calling  __typeid__ZTSFivE_global_addr+0xb3c/0xee0 @ 1
04-16 16:55:33.684     1     1 D         : initcall __typeid__ZTSFivE_global_addr+0xb3c/0xee0 returned 0 after 1 usecs
04-16 16:55:33.684     1     1 D         : calling  __typeid__ZTSFivE_global_addr+0xc10/0xee0 @ 1
04-16 16:55:33.684     1     1 I         : ALSA device list:
04-16 16:55:33.684     1     1 I         : No soundcards found.
04-16 16:55:33.684     1     1 D         : initcall __typeid__ZTSFivE_global_addr+0xc10/0xee0 returned 0 after 8 usecs
04-16 16:55:33.684     1     1 I [PHOENIX] phx_klog_bootstage: KERNEL_DO_INITCALLS_DONE
04-16 16:55:33.684     1     1 I [PHOENIX] phx_klog_bootstage: KERNEL_DO_BASIC_SETUP_DONE
04-16 16:55:33.684     1     1 E         : Warning: unable to open an initial console.
04-16 16:55:33.685     1     1 I         : Freeing unused kernel memory: 2112K
04-16 16:55:33.694     0     0 I         : c6 [    C6] cryptomgr_probe (168): highest shadow stack usage: 144 bytes
04-16 16:55:33.711     1     1 I [PHOENIX] phx_klog_bootstage: KERNEL_INIT_DONE
04-16 16:55:33.711     1     1 I         : Run /init as init process
04-16 16:55:33.711     1     1 I random  : init: uninitialized urandom read (40 bytes read)
04-16 16:55:33.711     1     1 I random  : init: uninitialized urandom read (4 bytes read)
04-16 16:55:33.711     1     1 I random  : init: uninitialized urandom read (4 bytes read)
04-16 16:55:33.713     1     1 I init    : init first stage started!
04-16 16:55:33.715     1     1 I init    : Loading module /lib/modules/sprd_wdt_fiq.ko with args ''
04-16 16:55:33.718     1     1 D         : calling  __cfi_check+0x214/0x250 [sprd_wdt_fiq] @ 1
04-16 16:55:33.718     1     1 D         : probe of 644e0000.watchdog returned -517 after 1 usecs
04-16 16:55:33.719     1     1 D         : initcall __cfi_check+0x214/0x250 [sprd_wdt_fiq] returned 0 after 379 usecs
04-16 16:55:33.719     1     1 W         : sprd wdt fiq syscore s2idle register done.
04-16 16:55:33.719     1     1 I init    : Loaded kernel module /lib/modules/sprd_wdt_fiq.ko
04-16 16:55:33.719     1     1 I init    : Loading module /lib/modules/sprd_sip_svc.ko with args ''
04-16 16:55:33.722     1     1 D         : calling  __cfi_check+0x36c/0x1000 [sprd_sip_svc] @ 1
04-16 16:55:33.722     1     1 I sprd_sip: SPRD SIP SVC PERF:v0.1 detected in firmware.
04-16 16:55:33.722     1     1 I sprd_sip: SPRD SIP SVC DBG:v1.0 detected in firmware.
04-16 16:55:33.722     1     1 I sprd_sip: SPRD SIP SVC NPU:v0.1 detected in firmware.
04-16 16:55:33.722     1     1 I sprd_sip: SPRD SIP SVC DVFS:v0.1 detected in firmware.
04-16 16:55:33.722     1     1 I sprd_sip: SPRD SIP SVC STORAGE:v-1.1 detected in firmware.
04-16 16:55:33.722     1     1 D         : initcall __cfi_check+0x36c/0x1000 [sprd_sip_svc] returned 0 after 14 usecs
04-16 16:55:33.722     1     1 I sprd_sip: hdl for sprd svc sip : func_addr = 0xffffffc01165d050, pdg = 0x0, level = 0x0
04-16 16:55:33.722     1     1 F sprd_wdh: func_addr = 0xffffffc01165d050 , pdg = 0x0 level = 0x0
04-16 16:55:33.730     1     1 I sprd_sip: hdl for sprd svc sip : func_addr = 0xffffffc01165d054, pdg = 0x20000820e3001, level = 0x1
04-16 16:55:33.730     1     1 F sprd_wdh: func_addr = 0xffffffc01165d054 , pdg = 0x20000820e3001 level = 0x1
04-16 16:55:33.739     1     1 I sprd_sip: hdl for sprd svc sip : func_addr = 0x8165d058, pdg = 0x0, level = 0x2
04-16 16:55:33.739     1     1 F sprd_wdh: func_addr = 0x8165d058 , pdg = 0x0 level = 0x2
04-16 16:55:33.747     1     1 I init    : Loaded kernel module /lib/modules/sprd_sip_svc.ko
04-16 16:55:33.747     1     1 I init    : Loading module /lib/modules/sprd_systimer.ko with args ''
04-16 16:55:33.749     1     1 D         : calling  __cfi_check+0x104/0x1000 [sprd_systimer] @ 1
04-16 16:55:33.750     1     1 D         : initcall __cfi_check+0x104/0x1000 [sprd_systimer] returned 0 after 291 usecs
04-16 16:55:33.750     1     1 I init    : Loaded kernel module /lib/modules/sprd_systimer.ko
04-16 16:55:33.750     1     1 I init    : Loading module /lib/modules/sprd_time_sync.ko with args ''
04-16 16:55:33.753     1     1 D         : calling  __cfi_check+0x11c/0x13c [sprd_time_sync] @ 1
04-16 16:55:33.753     1     1 D         : initcall __cfi_check+0x11c/0x13c [sprd_time_sync] returned 0 after 292 usecs
04-16 16:55:33.753     1     1 I init    : Loaded kernel module /lib/modules/sprd_time_sync.ko
04-16 16:55:33.753     1     1 I init    : Loading module /lib/modules/sprd_time_sync_cp.ko with args ''
04-16 16:55:33.756     1     1 E         : device is not exist
04-16 16:55:33.756     1     1 I         : sprd time sync cp notifier register done.
04-16 16:55:33.756     1     1 I init    : Loaded kernel module /lib/modules/sprd_time_sync_cp.ko
04-16 16:55:33.756     1     1 I init    : Loading module /lib/modules/clk-sprd.ko with args ''
04-16 16:55:33.759     1     1 I init    : Loaded kernel module /lib/modules/clk-sprd.ko
04-16 16:55:33.759     1     1 I init    : Loading module /lib/modules/ums9230-clk.ko with args ''
04-16 16:55:33.768     1     1 D         : calling  __cfi_check+0x88/0x94 [ums9230_clk] @ 1
04-16 16:55:33.770    53    53 D         : probe of 200a0000.serial returned -517 after 1 usecs
04-16 16:55:33.770    53    53 D         : probe of 200b0000.serial returned -517 after 0 usecs
04-16 16:55:33.770    53    53 D         : probe of 200c0000.serial returned -517 after 0 usecs
04-16 16:55:33.770    53    53 D         : probe of 201e0000.rng returned -517 after 0 usecs
04-16 16:55:33.770    53    53 D         : probe of 7f040000.etm returned -517 after 0 usecs
04-16 16:55:33.770    53    53 D         : probe of 7f140000.etm returned -517 after 0 usecs
04-16 16:55:33.770    53    53 D         : probe of 7f240000.etm returned -517 after 0 usecs
04-16 16:55:33.770    53    53 D         : probe of 7f340000.etm returned -517 after 0 usecs
04-16 16:55:33.770    53    53 D         : probe of 7f440000.etm returned -517 after 0 usecs
04-16 16:55:33.770    53    53 D         : probe of 7f540000.etm returned -517 after 0 usecs
04-16 16:55:33.770    53    53 D         : probe of 7f640000.etm returned -517 after 0 usecs
04-16 16:55:33.770    53    53 D         : probe of 7f740000.etm returned -517 after 0 usecs
04-16 16:55:33.770    53    53 D         : probe of gpio-keys returned 0 after 64 usecs
04-16 16:55:33.770    53    53 D         : probe of 644e0000.watchdog returned -517 after 0 usecs
04-16 16:55:33.770     1     1 D         : probe of soc:pmu-gate returned 1 after 1423 usecs
04-16 16:55:33.770    53    53 D         : probe of 200a0000.serial returned -517 after 0 usecs
04-16 16:55:33.770    53    53 D         : probe of 200b0000.serial returned -517 after 0 usecs
04-16 16:55:33.770    53    53 D         : probe of 200c0000.serial returned -517 after 0 usecs
04-16 16:55:33.770    53    53 D         : probe of 201e0000.rng returned -517 after 0 usecs
04-16 16:55:33.770    53    53 D         : probe of 7f040000.etm returned -517 after 0 usecs
04-16 16:55:33.770    53    53 D         : probe of 7f140000.etm returned -517 after 0 usecs
04-16 16:55:33.770    53    53 D         : probe of 7f240000.etm returned -517 after 0 usecs
04-16 16:55:33.770    53    53 D         : probe of 7f340000.etm returned -517 after 0 usecs
04-16 16:55:33.770    53    53 D         : probe of 7f440000.etm returned -517 after 0 usecs
04-16 16:55:33.770    53    53 D         : probe of 7f540000.etm returned -517 after 0 usecs
04-16 16:55:33.770    53    53 D         : probe of 7f640000.etm returned -517 after 0 usecs
04-16 16:55:33.770    53    53 D         : probe of 7f740000.etm returned -517 after 0 usecs
04-16 16:55:33.770    53    53 D         : probe of gpio-keys returned 0 after 37 usecs
04-16 16:55:33.770    53    53 D         : probe of 644e0000.watchdog returned -517 after 0 usecs
04-16 16:55:33.771     1     1 D         : probe of soc:dpll0 returned 1 after 412 usecs
04-16 16:55:33.771    53    53 D         : probe of 200a0000.serial returned -517 after 0 usecs
04-16 16:55:33.771    53    53 D         : probe of 200b0000.serial returned -517 after 0 usecs
04-16 16:55:33.771    53    53 D         : probe of 200c0000.serial returned -517 after 0 usecs
04-16 16:55:33.771    53    53 D         : probe of 201e0000.rng returned -517 after 0 usecs
04-16 16:55:33.771    53    53 D         : probe of 7f040000.etm returned -517 after 0 usecs
04-16 16:55:33.771    53    53 D         : probe of 7f140000.etm returned -517 after 0 usecs
04-16 16:55:33.771    53    53 D         : probe of 7f240000.etm returned -517 after 0 usecs
04-16 16:55:33.771    53    53 D         : probe of 7f340000.etm returned -517 after 0 usecs
04-16 16:55:33.771    53    53 D         : probe of 7f440000.etm returned -517 after 0 usecs
04-16 16:55:33.771    53    53 D         : probe of 7f540000.etm returned -517 after 0 usecs
04-16 16:55:33.771    53    53 D         : probe of 7f640000.etm returned -517 after 0 usecs
04-16 16:55:33.771    53    53 D         : probe of 7f740000.etm returned -517 after 0 usecs
04-16 16:55:33.771    53    53 D         : probe of gpio-keys returned 0 after 42 usecs
04-16 16:55:33.771    53    53 D         : probe of 644e0000.watchdog returned -517 after 0 usecs
04-16 16:55:33.771     1     1 D         : probe of soc:pll0 returned 1 after 404 usecs
04-16 16:55:33.771    53    53 D         : probe of 200a0000.serial returned -517 after 0 usecs
04-16 16:55:33.771    53    53 D         : probe of 200b0000.serial returned -517 after 0 usecs
04-16 16:55:33.771    53    53 D         : probe of 200c0000.serial returned -517 after 0 usecs
04-16 16:55:33.771    53    53 D         : probe of 201e0000.rng returned -517 after 0 usecs
04-16 16:55:33.771    53    53 D         : probe of 7f040000.etm returned -517 after 0 usecs
04-16 16:55:33.771    53    53 D         : probe of 7f140000.etm returned -517 after 0 usecs
04-16 16:55:33.771    53    53 D         : probe of 7f240000.etm returned -517 after 0 usecs
04-16 16:55:33.771    53    53 D         : probe of 7f340000.etm returned -517 after 0 usecs
04-16 16:55:33.771    53    53 D         : probe of 7f440000.etm returned -517 after 0 usecs
04-16 16:55:33.771    53    53 D         : probe of 7f540000.etm returned -517 after 0 usecs
04-16 16:55:33.771    53    53 D         : probe of 7f640000.etm returned -517 after 0 usecs
04-16 16:55:33.771    53    53 D         : probe of 7f740000.etm returned -517 after 0 usecs
04-16 16:55:33.771    53    53 D         : probe of gpio-keys returned 0 after 43 usecs
04-16 16:55:33.771    53    53 D         : probe of 644e0000.watchdog returned -517 after 0 usecs
04-16 16:55:33.771     1     1 D         : probe of soc:mpll1 returned 1 after 449 usecs
04-16 16:55:33.773    53    53 D         : probe of 200a0000.serial returned -517 after 0 usecs
04-16 16:55:33.773    53    53 D         : probe of 200b0000.serial returned -517 after 0 usecs
04-16 16:55:33.773    53    53 D         : probe of 200c0000.serial returned -517 after 0 usecs
04-16 16:55:33.773    53    53 D         : probe of 201e0000.rng returned -517 after 0 usecs
04-16 16:55:33.773    53    53 D         : probe of 7f040000.etm returned -517 after 0 usecs
04-16 16:55:33.773    53    53 D         : probe of 7f140000.etm returned -517 after 0 usecs
04-16 16:55:33.773    53    53 D         : probe of 7f240000.etm returned -517 after 0 usecs
04-16 16:55:33.773    53    53 D         : probe of 7f340000.etm returned -517 after 0 usecs
04-16 16:55:33.773    53    53 D         : probe of 7f440000.etm returned -517 after 0 usecs
04-16 16:55:33.773    53    53 D         : probe of 7f540000.etm returned -517 after 0 usecs
04-16 16:55:33.773    53    53 D         : probe of 7f640000.etm returned -517 after 0 usecs
04-16 16:55:33.773    53    53 D         : probe of 7f740000.etm returned -517 after 0 usecs
04-16 16:55:33.773    53    53 D         : probe of gpio-keys returned 0 after 60 usecs
04-16 16:55:33.773    53    53 D         : probe of 644e0000.watchdog returned -517 after 0 usecs
04-16 16:55:33.773     1     1 D         : probe of soc:pll1 returned 1 after 2091 usecs
04-16 16:55:33.775    53    53 D         : probe of 200a0000.serial returned -517 after 0 usecs
04-16 16:55:33.775    53    53 D         : probe of 200b0000.serial returned -517 after 0 usecs
04-16 16:55:33.775    53    53 D         : probe of 200c0000.serial returned -517 after 0 usecs
04-16 16:55:33.775    53    53 D         : probe of 201e0000.rng returned -517 after 0 usecs
04-16 16:55:33.775    53    53 D         : probe of 7f040000.etm returned -517 after 0 usecs
04-16 16:55:33.775    53    53 D         : probe of 7f140000.etm returned -517 after 0 usecs
04-16 16:55:33.775    53    53 D         : probe of 7f240000.etm returned -517 after 0 usecs
04-16 16:55:33.775    53    53 D         : probe of 7f340000.etm returned -517 after 0 usecs
04-16 16:55:33.775    53    53 D         : probe of 7f440000.etm returned -517 after 0 usecs
04-16 16:55:33.775    53    53 D         : probe of 7f540000.etm returned -517 after 0 usecs
04-16 16:55:33.775    53    53 D         : probe of 7f640000.etm returned -517 after 0 usecs
04-16 16:55:33.775    53    53 D         : probe of 7f740000.etm returned -517 after 0 usecs
04-16 16:55:33.775    53    53 D         : probe of gpio-keys returned 0 after 65 usecs
04-16 16:55:33.775    53    53 D         : probe of 644e0000.watchdog returned -517 after 0 usecs
04-16 16:55:33.776     1     1 D         : probe of soc:apapb-gate returned 1 after 2159 usecs
04-16 16:55:33.776    53    53 D         : probe of 200a0000.serial returned -517 after 0 usecs
04-16 16:55:33.776    53    53 D         : probe of 200b0000.serial returned -517 after 0 usecs
04-16 16:55:33.776    53    53 D         : probe of 200c0000.serial returned -517 after 0 usecs
04-16 16:55:33.776    53    53 D         : probe of 201e0000.rng returned -517 after 0 usecs
04-16 16:55:33.776    53    53 D         : probe of 7f040000.etm returned -517 after 0 usecs
04-16 16:55:33.776    53    53 D         : probe of 7f140000.etm returned -517 after 0 usecs
04-16 16:55:33.776    53    53 D         : probe of 7f240000.etm returned -517 after 0 usecs
04-16 16:55:33.776    53    53 D         : probe of 7f340000.etm returned -517 after 0 usecs
04-16 16:55:33.776    53    53 D         : probe of 7f440000.etm returned -517 after 0 usecs
04-16 16:55:33.776    53    53 D         : probe of 7f540000.etm returned -517 after 0 usecs
04-16 16:55:33.776    53    53 D         : probe of 7f640000.etm returned -517 after 0 usecs
04-16 16:55:33.776    53    53 D         : probe of 7f740000.etm returned -517 after 0 usecs
04-16 16:55:33.776    53    53 D         : probe of gpio-keys returned 0 after 37 usecs
04-16 16:55:33.776    53    53 D         : probe of 644e0000.watchdog returned -517 after 0 usecs
04-16 16:55:33.776     1     1 D         : probe of soc:apahb-gate returned 1 after 649 usecs
04-16 16:55:33.778    53    53 D         : probe of 200a0000.serial returned -517 after 0 usecs
04-16 16:55:33.778    53    53 W         : ------------[ cut here ]------------
04-16 16:55:33.778    53    53 W Attribute uart_gpio_ctrl: read permission without 'show'
04-16 16:55:33.778    53    53 W         : WARNING: CPU: 7 PID: 53 at drivers/base/core.c:2281 device_create_file+0x11c/0x168
04-16 16:55:33.778    53    53 W         : Modules linked in: ums9230_clk(+) clk_sprd sprd_time_sync_cp sprd_time_sync sprd_systimer sprd_sip_svc sprd_wdt_fiq
04-16 16:55:33.778    53    53 W         : CPU: 7 PID: 53 Comm: kworker/7:1 Tainted: G S                5.4.254-android12-9-gf6794bd59091-ab267 #1
04-16 16:55:33.778    53    53 W Hardware name: Spreadtrum UMS9230 1H10 SoC (DT)
04-16 16:55:33.778    53    53 W Workqueue: events __typeid__ZTSFvP11work_structE_global_addr
04-16 16:55:33.778    53    53 W pstate  : 60c00005 (nZCv daif +PAN +UAO)
04-16 16:55:33.778    53    53 W pc      : device_create_file+0x11c/0x168
04-16 16:55:33.778    53    53 W lr      : device_create_file+0x11c/0x168
04-16 16:55:33.778    53    53 W sp      : ffffffc012aaba20
04-16 16:55:33.778    53    53 W         : x29: ffffffc012aaba40 x28: ffffff817f31e220
04-16 16:55:33.778    53    53 W         : x27: 0000000000000001 x26: 0000000000000001
04-16 16:55:33.778    53    53 W         : x25: ffffffc01274ea18 x24: ffffff8176abe000
04-16 16:55:33.778    53    53 W         : x23: 0000000000000010 x22: ffffffc010b7a714
04-16 16:55:33.778    53    53 W         : x21: ffffff8176ade410 x20: ffffff8176ade410
04-16 16:55:33.778    53    53 W         : x19: ffffffc01239d860 x18: ffffffc012a55068
04-16 16:55:33.778    53    53 W         : x17: ffffffc012334000 x16: 0000000000000000
04-16 16:55:33.778    53    53 W         : x15: 0000000000000082 x14: 0000000000000050
04-16 16:55:33.778    53    53 W         : x13: 0000000000033258 x12: 0000000000000000
04-16 16:55:33.778    53    53 W         : x11: 00000000ffffffff x10: ffffffc0124bfca8
04-16 16:55:33.778    53    53 W         : x9 : 48db40b2ba03c700 x8 : 48db40b2ba03c700
04-16 16:55:33.778    53    53 W         : x7 : ffffffc0125c0000 x6 : ffffffc0125bf000
04-16 16:55:33.778    53    53 W         : x5 : ffffffc0125bfde8 x4 : 0000000000000001
04-16 16:55:33.778    53    53 W         : x3 : ffffffc012334148 x2 : 0000000000000001
04-16 16:55:33.778    53    53 W         : x1 : 0000000000000000 x0 : 0000000000000038
04-16 16:55:33.778    53    53 W PC      : 0xffffffc010b6b2f8:
04-16 16:55:33.778    53    53 W         : b2f8  f0009ac9 f85f83a8 f944bd29 eb08013f 54000281 a9427bfd a9434ff4 f85f8e5e
04-16 16:55:33.778    53    53 W         : b318  910103ff d65f03c0 d0005789 91239129 cb090109 93c90929 f100153f 54000342
04-16 16:55:33.778    53    53 W         : b338  910043e1 910023e2 aa1403e0 d63f0100 f9401a80 b94013e4 b9400be5 17ffffe4
04-16 16:55:33.778    53    53 W         : b358  97da5f87 d4210000 128002a0 17ffffe5 f9400261 d0008a60 912f2000 97da5f57
04-16 16:55:33.778    53    53 W         : b378  d4210000 17ffffce f9400261 f0008680 913d7800 97da5f51 d4210000 79401268
04-16 16:55:33.778    53    53 W         : b398  17ffffc2 d2868280 f2bccd00 f2cb21a0 f2f2c4c0 aa0803e1 aa1f03e2 f90003e8
04-16 16:55:33.778    53    53 W         : b3b8  97d5048d f94003e8 17ffffde b4000100 f800865e a9bf7bfd 910003fd 97ebf353
04-16 16:55:33.778    53    53 W         : b3d8  a8c17bfd f85f8e5e d65f03c0 128002a0 d65f03c0 d101c3ff f800865e a9067bfd
04-16 16:55:33.778    53    53 W LR      : 0xffffffc010b6b2f8:
04-16 16:55:33.778    53    53 W         : b2f8  f0009ac9 f85f83a8 f944bd29 eb08013f 54000281 a9427bfd a9434ff4 f85f8e5e
04-16 16:55:33.778    53    53 W         : b318  910103ff d65f03c0 d0005789 91239129 cb090109 93c90929 f100153f 54000342
04-16 16:55:33.778    53    53 W         : b338  910043e1 910023e2 aa1403e0 d63f0100 f9401a80 b94013e4 b9400be5 17ffffe4
04-16 16:55:33.778    53    53 W         : b358  97da5f87 d4210000 128002a0 17ffffe5 f9400261 d0008a60 912f2000 97da5f57
04-16 16:55:33.778    53    53 W         : b378  d4210000 17ffffce f9400261 f0008680 913d7800 97da5f51 d4210000 79401268
04-16 16:55:33.778    53    53 W         : b398  17ffffc2 d2868280 f2bccd00 f2cb21a0 f2f2c4c0 aa0803e1 aa1f03e2 f90003e8
04-16 16:55:33.778    53    53 W         : b3b8  97d5048d f94003e8 17ffffde b4000100 f800865e a9bf7bfd 910003fd 97ebf353
04-16 16:55:33.778    53    53 W         : b3d8  a8c17bfd f85f8e5e d65f03c0 128002a0 d65f03c0 d101c3ff f800865e a9067bfd
04-16 16:55:33.778    53    53 W SP      : 0xffffffc012aab9a0:
04-16 16:55:33.778    53    53 W         : b9a0  76abe000 ffffff81 1274ea18 ffffffc0 00000001 00000000 00000001 00000000
04-16 16:55:33.778    53    53 W         : b9c0  7f31e220 ffffff81 12aaba40 ffffffc0 10b6b378 ffffffc0 12aaba20 ffffffc0
04-16 16:55:33.778    53    53 W         : b9e0  10b6b378 ffffffc0 60c00005 00000000 ffffffc8 00000000 ba03c700 48db40b2
04-16 16:55:33.778    53    53 W         : ba00  ffffffff ffffffff 10b6b378 ffffffc0 12aaba40 ffffffc0 10b6b378 ffffffc0
04-16 16:55:33.778    53    53 W         : ba20  12aaba40 ffffffc0 10b79228 ffffffc0 00000000 00000000 ba03c700 48db40b2
04-16 16:55:33.778    53    53 W         : ba40  12aaba60 ffffffc0 10ac9084 ffffffc0 6bba1080 ffffff81 76ade400 ffffff81
04-16 16:55:33.778    53    53 W         : ba60  12aabac0 ffffffc0 10b7a714 ffffffc0 31943948 00000000 10b7a6e0 ffffffc0
04-16 16:55:33.778    53    53 W         : ba80  00000000 00000000 12309000 ffffffc0 12617088 ffffffc0 0000000a 00000000
04-16 16:55:33.778    53    53 W         : X3: 0xffffffc0123340c8:
04-16 16:55:33.778    53    53 W         : 40c8  123340c8 ffffffc0 123340c8 ffffffc0 00000002 00000000 124bfca8 ffffffc0
04-16 16:55:33.778    53    53 W         : 40e8  ffffffff 00000001 00000004 00000001 00000001 00100000 00000001 65006e6f
04-16 16:55:33.778    53    53 W         : 4108  696d696c 00000074 00000001 00000000 00000000 00000000 11651ad8 ffffffc0
04-16 16:55:33.778    53    53 W         : 4128  1164aca4 ffffffc0 00000000 00000000 1164b898 ffffffc0 00000000 00000001
04-16 16:55:33.778    53    53 W         : 4148  12334148 ffffffc0 12334148 ffffffc0 12399368 ffffffc0 12377b20 ffffffc0
04-16 16:55:33.778    53    53 W         : 4168  00000000 000004e2 0000000a 00000001 00000000 00000000 fffedb42 00000000
04-16 16:55:33.778    53    53 W         : 4188  00000000 00000000 0000004f 00000000 00000000 00000cc0 7784b47a ffffff81
04-16 16:55:33.778    53    53 W         : 41a8  00000000 00000000 00000000 00000000 123341b8 ffffffc0 123341b8 ffffffc0
04-16 16:55:33.778    53    53 W         : X5: 0xffffffc0125bfd68:
04-16 16:55:33.778    53    53 W         : fd68  00000000 00000000 00000000 00000000 00000000 00000000 00000000 00000000
04-16 16:55:33.778    53    53 W         : fd88  00000000 00000000 00000000 00000000 00000000 00000000 00000000 00000000
04-16 16:55:33.779    53    53 W         : fda8  00000000 00000000 00000000 00000000 00000000 00000000 00000000 00000000
04-16 16:55:33.779    53    53 W         : fdc8  00000000 00000000 00000000 00000000 1239c130 ffffffc0 00000977 00000000
04-16 16:55:33.779    53    53 W         : fde8  2020205b 372e3020 36383239 37635d35 20205b20 31542020 7073205d 775f6472
04-16 16:55:33.779    53    53 W         : fe08  203a6864 636e7566 6464615f 203d2072 31387830 30643536 2c203835 67647020
04-16 16:55:33.779    53    53 W         : fe28  30203d20 6c203078 6c657665 30203d20 320a3278 30336530 6c203130 6c657665
04-16 16:55:33.779    53    53 W         : fe48  30203d20 000a3178 00000000 00000000 00000000 00000000 00000000 00000000
04-16 16:55:33.779    53    53 W         : X6: 0xffffffc0125bef80:
04-16 16:55:33.779    53    53 W         : ef80  00000000 00000000 00000000 00000000 00000000 00000000 00000000 00000000
04-16 16:55:33.779    53    53 W         : efa0  00000000 00000000 00000000 00000000 00000000 00000000 00000000 00000000
04-16 16:55:33.779    53    53 W         : efc0  00000000 00000000 00000000 00000000 00000000 00000000 00000000 00000000
04-16 16:55:33.779    53    53 W         : efe0  00000000 00000000 00000000 00000000 00000000 00000000 00000000 00000000
04-16 16:55:33.779    53    53 W         : f000  00000000 00000000 00000000 00000000 00000000 00000000 00000000 00000000
04-16 16:55:33.779    53    53 W         : f020  00000000 00000000 00000000 00000000 00000000 00000000 00000000 00000000
04-16 16:55:33.779    53    53 W         : f040  00000000 00000000 00000000 00000000 00000000 00000000 00000000 00000000
04-16 16:55:33.779    53    53 W         : f060  00000000 00000000 00000000 00000000 00000000 00000000 00000000 00000000
04-16 16:55:33.779    53    53 W         : X7: 0xffffffc0125bff80:
04-16 16:55:33.779    53    53 W         : ff80  00000000 00000000 00000000 00000000 00000000 00000000 00000000 00000000
04-16 16:55:33.779    53    53 W         : ffa0  00000000 00000000 00000000 00000000 00000000 00000000 00000000 00000000
04-16 16:55:33.779    53    53 W         : ffc0  00000000 00000000 00000000 00000000 00000000 00000000 00000000 00000000
04-16 16:55:33.779    53    53 W         : ffe0  00000000 00000000 00000000 00000000 00000000 00000000 00000000 00000000
04-16 16:55:33.779    53    53 W         : 0000  00000000 00000000 00000000 00000000 00000000 00000000 00000000 00000000
04-16 16:55:33.779    53    53 W         : 0020  00000000 00000000 00000000 00000000 00000000 00000000 00000000 00000000
04-16 16:55:33.779    53    53 W         : 0040  00000000 00000000 00000000 00000000 00000000 00000000 00000000 00000000
04-16 16:55:33.779    53    53 W         : 0060  00000000 00000000 00000000 00000000 00000000 00000000 00000000 00000000
04-16 16:55:33.779    53    53 W         : X10: 0xffffffc0124bfc28:
04-16 16:55:33.779    53    53 W         : fc28  6bf95f80 ffffff81 00000000 00000000 00000000 00000000 00000000 00000000
04-16 16:55:33.779    53    53 W         : fc48  00000000 00000000 77807450 ffffff81 00000000 00000000 00000000 00000000
04-16 16:55:33.779    53    53 W         : fc68  00000991 00000000 00000000 00000000 00000000 00000000 00000000 00000000
04-16 16:55:33.779    53    53 W         : fc88  00000000 00000000 00000000 00000000 00000000 00000000 00000000 000352cc
04-16 16:55:33.779    53    53 W         : fca8  00000000 00000000 00370050 c2000000 00000000 00000000 746f6f42 20676e69
04-16 16:55:33.779    53    53 W         : fcc8  756e694c 6e6f2078 79687020 61636973 5043206c 78302055 30303030 30303030
04-16 16:55:33.779    53    53 W         : fce8  5b203030 31347830 30646632 005d3035 00000000 00000000 018501a0 a2000000
04-16 16:55:33.779    53    53 W         : fd08  00000000 00000000 756e694c 65762078 6f697372 2e35206e 35322e34 6e612d34
04-16 16:55:33.779    53    53 W         : X17: 0xffffffc012333f80:
04-16 16:55:33.779    53    53 W         : 3f80  12333f98 ffffffc0 12333fb8 ffffffc0 00000000 00000000 11c4c74a ffffffc0
04-16 16:55:33.779    53    53 W         : 3fa0  00000124 00000000 1164c3c0 ffffffc0 00000000 00000000 11cdf8fb ffffffc0
04-16 16:55:33.779    53    53 W         : 3fc0  00000124 00000000 1164c3bc ffffffc0 00000000 00000000 00000000 00000000
04-16 16:55:33.779    53    53 W         : 3fe0  00000000 00000000 12333fe8 ffffffc0 12333fe8 ffffffc0 12332048 ffffffc0
04-16 16:55:33.779    53    53 W         : 4000  12334898 ffffffc0 12409730 ffffffc0 12419e20 ffffffc0 00000000 00000000
04-16 16:55:33.779    53    53 W         : 4020  1234c910 ffffffc0 123348c8 ffffffc0 12332078 ffffffc0 0000007e 00000000
04-16 16:55:33.779    53    53 W         : 4040  12334088 ffffffc0 123340a8 ffffffc0 00000000 00000000 00000000 00000000
04-16 16:55:33.779    53    53 W         : 4060  00000000 00000000 00000010 00000000 00000000 00000000 00000000 00000000
04-16 16:55:33.779    53    53 W         : X18: 0xffffffc012a54fe8:
04-16 16:55:33.779    53    53 W         : 4fe8  ******** ******** ******** ******** ******** ******** 10b91bb0 ffffffc0
04-16 16:55:33.779    53    53 W         : 5008  1024ee54 ffffffc0 102429a8 ffffffc0 10241418 ffffffc0 10b71ed4 ffffffc0
04-16 16:55:33.779    53    53 W         : 5028  10b70d10 ffffffc0 10b74630 ffffffc0 10b704c8 ffffffc0 10b7492c ffffffc0
04-16 16:55:33.779    53    53 W         : 5048  10b72aac ffffffc0 10b72fb0 ffffffc0 10b7a714 ffffffc0 10ac9084 ffffffc0
04-16 16:55:33.779    53    53 W         : 5068  10083dcc ffffffc0 10081518 ffffffc0 1017ff8c ffffffc0 1018d31c ffffffc0
04-16 16:55:33.779    53    53 W         : 5088  115feb7c ffffffc0 10203ce4 ffffffc0 1018293c ffffffc0 10182ad4 ffffffc0
04-16 16:55:33.779    53    53 W         : 50a8  10182cb8 ffffffc0 104593c4 ffffffc0 1009c948 ffffffc0 1009967c ffffffc0
04-16 16:55:33.779    53    53 W         : 50c8  1009a700 ffffffc0 1010c9f4 ffffffc0 100a5954 ffffffc0 1010d0d4 ffffffc0
04-16 16:55:33.779    53    53 W         : X19: 0xffffffc01239d7e0:
04-16 16:55:33.779    53    53 W         : d7e0  00000008 00000000 1239d808 ffffffc0 00000000 00000000 00000000 00000000
04-16 16:55:33.779    53    53 W         : d800  00000000 00000000 53797474 00000000 00000000 00000000 1164b814 ffffffc0
04-16 16:55:33.779    53    53 W         : d820  00000000 00000000 11645dc8 ffffffc0 00000000 00000000 11645f38 ffffffc0
04-16 16:55:33.779    53    53 W         : d840  00000000 00000000 00010001 00000000 1239d7c0 ffffffc0 00000000 00000000
04-16 16:55:33.779    53    53 W         : d860  11c86e2b ffffffc0 000001a4 00000000 00000000 00000000 11657e00 ffffffc0
04-16 16:55:33.779    53    53 W         : d880  11cd4846 ffffffc0 00000000 00000000 00000000 00000000 00000000 00000000
04-16 16:55:33.779    53    53 W         : d8a0  00000000 00000000 00000000 00000000 1164d050 ffffffc0 00000000 00000000
04-16 16:55:33.779    53    53 W         : d8c0  116579f4 ffffffc0 00000000 00000000 116579f8 ffffffc0 00000000 00000000
04-16 16:55:33.779    53    53 W         : X22: 0xffffffc010b7a694:
04-16 16:55:33.779    53    53 W         : a694  a9bd7bfd f9000bf5 a9024ff4 910003fd aa0003f3 f9404415 f9418000 2a1f03e1
04-16 16:55:33.779    53    53 W         : a6b4  97fb2f65 37f804a0 f9414268 b5000148 f9418260 b4000100 d00084a1 d0008ac2
04-16 16:55:33.779    53    53 W         : a6d4  91311421 913e6c42 97d62cca 7100041f 540003e0 f85d82a8 b40002e8 900056a9
04-16 16:55:33.779    53    53 W         : a6f4  912da129 cb090109 93c90929 f101353f d1004274 540003c2 aa1403e0 d63f0100
04-16 16:55:33.779    53    53 W         : a714  340001c0 f9414268 b5000468 3108141f 54000141 3942e2a8 34000108 900084e1
04-16 16:55:33.779    53    53 W         : a734  91161021 aa1303e0 97ffb984 128000a0 14000002 2a1f03e0 a9424ff4 f9400bf5
04-16 16:55:33.779    53    53 W         : a754  a8c37bfd f85f8e5e d65f03c0 52800023 aa1303e0 aa1303e1 2a1f03e2 9400d739
04-16 16:55:33.779    53    53 W         : a774  34fffba0 37fffd40 17ffffdb d29091e0 f2a8e5e0 f2d9ce00 f2f95500 aa0803e1
04-16 16:55:33.779    53    53 W         : X25: 0xffffffc01274e998:
04-16 16:55:33.779    53    53 W         : e998  00000000 00000000 00000000 00000000 00000000 00000000 00000000 00000000
04-16 16:55:33.779    53    53 W         : e9b8  00000000 00000000 00000000 00000000 00000000 00000000 00000000 00000000
04-16 16:55:33.779    53    53 W         : e9d8  00000000 00000000 00000000 00000000 00000000 00000000 00000000 00000000
04-16 16:55:33.779    53    53 W         : e9f8  00000000 00000000 00000000 00000000 00000000 00000000 00000000 00000000
04-16 16:55:33.779    53    53 W         : ea18  00000000 00000000 6bba1080 ffffff81 00000000 00000000 00000000 00000000
04-16 16:55:33.779    53    53 W         : ea38  00000000 00000000 00000000 00000000 00000000 00000000 00000000 00000000
04-16 16:55:33.779    53    53 W         : ea58  00000000 00000000 00000000 00000000 00000001 00000000 00000000 00000000
04-16 16:55:33.779    53    53 W         : ea78  764dec00 ffffff81 00000000 00000000 00000000 00000000 00000000 00000000
04-16 16:55:33.779    53    53 W         : X29: 0xffffffc012aab9c0:
04-16 16:55:33.779    53    53 W         : b9c0  7f31e220 ffffff81 12aaba40 ffffffc0 10b6b378 ffffffc0 12aaba20 ffffffc0
04-16 16:55:33.779    53    53 W         : b9e0  10b6b378 ffffffc0 60c00005 00000000 ffffffc8 00000000 ba03c700 48db40b2
04-16 16:55:33.779    53    53 W         : ba00  ffffffff ffffffff 10b6b378 ffffffc0 12aaba40 ffffffc0 10b6b378 ffffffc0
04-16 16:55:33.779    53    53 W         : ba20  12aaba40 ffffffc0 10b79228 ffffffc0 00000000 00000000 ba03c700 48db40b2
04-16 16:55:33.779    53    53 W         : ba40  12aaba60 ffffffc0 10ac9084 ffffffc0 6bba1080 ffffff81 76ade400 ffffff81
04-16 16:55:33.779    53    53 W         : ba60  12aabac0 ffffffc0 10b7a714 ffffffc0 31943948 00000000 10b7a6e0 ffffffc0
04-16 16:55:33.779    53    53 W         : ba80  00000000 00000000 12309000 ffffffc0 12617088 ffffffc0 0000000a 00000000
04-16 16:55:33.779    53    53 W         : baa0  12750000 ffffffc0 1239d6f8 ffffffc0 76ade400 ffffff81 76ade410 ffffff81
04-16 16:55:33.779    53    53 W Call trace:  
04-16 16:55:33.779    53    53 W         : device_create_file+0x11c/0x168
04-16 16:55:33.779    53    53 W         : sprd_probe+0x2a8/0x568
04-16 16:55:33.779    53    53 W         : platform_drv_probe+0x84/0x170
04-16 16:55:33.779    53    53 W         : really_probe+0x334/0xc64
04-16 16:55:33.779    53    53 W         : driver_probe_device+0x108/0x2d8
04-16 16:55:33.779    53    53 W         : __device_attach_driver+0x188/0x378
04-16 16:55:33.779    53    53 W         : bus_for_each_drv+0x80/0x1b0
04-16 16:55:33.779    53    53 W         : __device_attach+0x11c/0x290
04-16 16:55:33.779    53    53 W         : bus_probe_device+0x5c/0x1e8
04-16 16:55:33.779    53    53 W         : deferred_probe_work_func+0xdc/0x24c
04-16 16:55:33.779    53    53 W         : process_one_work+0x2c4/0x7a0
04-16 16:55:33.779    53    53 W         : worker_thread+0x4a8/0xae8
04-16 16:55:33.779    53    53 W         : kthread+0x1b0/0x1e0
04-16 16:55:33.779    53    53 W         : ret_from_fork+0x10/0x18
04-16 16:55:33.779    53    53 W         : ---[ end trace 49cb9e69ee4f70a6 ]---
04-16 16:55:33.779    53    53 I 200b0000.serial: ttyS1 at MMIO 0x200b0000 (irq = 16, base_baud = 1625000) is a SPX
04-16 16:55:33.779    53    53 F yanbin  : uart 1 eb
04-16 16:55:33.779     1     1 D         : probe of 20010000.clock-controller returned 1 after 3090 usecs
04-16 16:55:33.783    53    53 I printk  : console [ttyS1] enabled
04-16 16:55:33.783    53    53 I printk  : bootconsole [sprd_serial0] disabled
04-16 16:55:33.783    53    53 D         : probe of 200b0000.serial returned 1 after 5116 usecs
04-16 16:55:33.783    53    53 W         : ------------[ cut here ]------------
04-16 16:55:33.783    53    53 W Attribute uart_gpio_ctrl: read permission without 'show'
04-16 16:55:33.783    53    53 W         : WARNING: CPU: 7 PID: 53 at drivers/base/core.c:2281 device_create_file+0x11c/0x168
04-16 16:55:33.783    53    53 W         : Modules linked in: ums9230_clk(+) clk_sprd sprd_time_sync_cp sprd_time_sync sprd_systimer sprd_sip_svc sprd_wdt_fiq
04-16 16:55:33.783    53    53 W         : CPU: 7 PID: 53 Comm: kworker/7:1 Tainted: G S      W         5.4.254-android12-9-gf6794bd59091-ab267 #1
04-16 16:55:33.783    53    53 W Hardware name: Spreadtrum UMS9230 1H10 SoC (DT)
04-16 16:55:33.783    53    53 W Workqueue: events __typeid__ZTSFvP11work_structE_global_addr
04-16 16:55:33.783    53    53 W pstate  : 60c00005 (nZCv daif +PAN +UAO)
04-16 16:55:33.783    53    53 W pc      : device_create_file+0x11c/0x168
04-16 16:55:33.783    53    53 W lr      : device_create_file+0x11c/0x168
04-16 16:55:33.783    53    53 W sp      : ffffffc012aaba20
