04-16 16:55:34.468   177   177 W         : fd88  00000000 00000000 00000000 00000000 00000000 00000000 00000000 00000000
04-16 16:55:34.468   177   177 W         : fda8  00000000 00000000 00000000 00000000 00000000 00000000 00000000 00000000
04-16 16:55:34.468   177   177 W         : fdc8  00000000 00000000 00000000 00000000 1239d808 ffffffc0 00000fbd 00000000
04-16 16:55:34.468   177   177 W         : fde8  2020205b 382e3020 31373134 37635d30 20205b20 33355420 6179205d 6e69626e
04-16 16:55:34.468   177   177 W         : fe08  6175203a 32207472 73696420 656c6261 3138780a 30643536 2c203835 67647020
04-16 16:55:34.468   177   177 W         : fe28  30203d20 6c203078 6c657665 30203d20 320a3278 30336530 6c203130 6c657665
04-16 16:55:34.468   177   177 W         : fe48  30203d20 000a3178 00000000 00000000 00000000 00000000 00000000 00000000
04-16 16:55:34.468   177   177 W         : X6: 0xffffffc0125bef80:
04-16 16:55:34.468   177   177 W         : ef80  00000000 00000000 00000000 00000000 00000000 00000000 00000000 00000000
04-16 16:55:34.468   177   177 W         : efa0  00000000 00000000 00000000 00000000 00000000 00000000 00000000 00000000
04-16 16:55:34.468   177   177 W         : efc0  00000000 00000000 00000000 00000000 00000000 00000000 00000000 00000000
04-16 16:55:34.468   177   177 W         : efe0  00000000 00000000 00000000 00000000 00000000 00000000 00000000 00000000
04-16 16:55:34.468   177   177 W         : f000  00000000 00000000 00000000 00000000 00000000 00000000 00000000 00000000
04-16 16:55:34.468   177   177 W         : f020  00000000 00000000 00000000 00000000 00000000 00000000 00000000 00000000
04-16 16:55:34.468   177   177 W         : f040  00000000 00000000 00000000 00000000 00000000 00000000 00000000 00000000
04-16 16:55:34.468   177   177 W         : f060  00000000 00000000 00000000 00000000 00000000 00000000 00000000 00000000
04-16 16:55:34.468   177   177 W         : X7: 0xffffffc0125bff80:
04-16 16:55:34.468   177   177 W         : ff80  00000000 00000000 00000000 00000000 00000000 00000000 00000000 00000000
04-16 16:55:34.468   177   177 W         : ffa0  00000000 00000000 00000000 00000000 00000000 00000000 00000000 00000000
04-16 16:55:34.468   177   177 W         : ffc0  00000000 00000000 00000000 00000000 00000000 00000000 00000000 00000000
04-16 16:55:34.468   177   177 W         : ffe0  00000000 00000000 00000000 00000000 00000000 00000000 00000000 00000000
04-16 16:55:34.468   177   177 W         : 0000  00000000 00000000 00000000 00000000 00000000 00000000 00000000 00000000
04-16 16:55:34.468   177   177 W         : 0020  00000000 00000000 00000000 00000000 00000000 00000000 00000000 00000000
04-16 16:55:34.468   177   177 W         : 0040  00000000 00000000 00000000 00000000 00000000 00000000 00000000 00000000
04-16 16:55:34.468   177   177 W         : 0060  00000000 00000000 00000000 00000000 00000000 00000000 00000000 00000000
04-16 16:55:34.468   177   177 W         : X10: 0xffffffc0124bfc28:
04-16 16:55:34.468   177   177 W         : fc28  6bf95f80 ffffff81 00000000 00000000 00000000 00000000 00000000 00000000
04-16 16:55:34.468   177   177 W         : fc48  00000000 00000000 77807450 ffffff81 00000000 00000000 00000000 00000000
04-16 16:55:34.468   177   177 W         : fc68  00000fd7 00000000 00000000 00000000 00000000 00000000 00000000 00000000
04-16 16:55:34.468   177   177 W         : fc88  00000000 00000000 00000000 00000000 00000000 00000000 00000000 00059f10
04-16 16:55:34.468   177   177 W         : fca8  00000000 00000000 00370050 c2000000 00000000 00000000 746f6f42 20676e69
04-16 16:55:34.469   177   177 W         : fcc8  756e694c 6e6f2078 79687020 61636973 5043206c 78302055 30303030 30303030
04-16 16:55:34.469   177   177 W         : fce8  5b203030 31347830 30646632 005d3035 00000000 00000000 018501a0 a2000000
04-16 16:55:34.469   177   177 W         : fd08  00000000 00000000 756e694c 65762078 6f697372 2e35206e 35322e34 6e612d34
04-16 16:55:34.469   177   177 W         : X17: 0xffffffc012333f80:
04-16 16:55:34.469   177   177 W         : 3f80  12333f98 ffffffc0 12333fb8 ffffffc0 00000000 00000000 11c4c74a ffffffc0
04-16 16:55:34.469   177   177 W         : 3fa0  00000124 00000000 1164c3c0 ffffffc0 00000000 00000000 11cdf8fb ffffffc0
04-16 16:55:34.469   177   177 W         : 3fc0  00000124 00000000 1164c3bc ffffffc0 00000000 00000000 00000000 00000000
04-16 16:55:34.469   177   177 W         : 3fe0  00000000 00000000 12333fe8 ffffffc0 12333fe8 ffffffc0 12332048 ffffffc0
04-16 16:55:34.469   177   177 W         : 4000  12334898 ffffffc0 12409730 ffffffc0 12419e20 ffffffc0 00000000 00000000
04-16 16:55:34.469   177   177 W         : 4020  1234c910 ffffffc0 123348c8 ffffffc0 12332078 ffffffc0 0000007e 00000000
04-16 16:55:34.469   177   177 W         : 4040  12334088 ffffffc0 123340a8 ffffffc0 00000000 00000000 00000000 00000000
04-16 16:55:34.469   177   177 W         : 4060  00000000 00000000 00000010 00000000 00000000 00000000 00000000 00000000
04-16 16:55:34.469   177   177 W         : X19: 0xffffffc01239d7e0:
04-16 16:55:34.469   177   177 W         : d7e0  00000008 00000000 1239d808 ffffffc0 6bfde000 ffffff81 6bbadf00 ffffff81
04-16 16:55:34.469   177   177 W         : d800  00000000 00000000 53797474 00000000 00000000 00000000 1164b814 ffffffc0
04-16 16:55:34.469   177   177 W         : d820  00000000 00000000 11645dc8 ffffffc0 00000000 00000000 11645f38 ffffffc0
04-16 16:55:34.469   177   177 W         : d840  00000000 00000000 00010006 00001cb2 1239d7c0 ffffffc0 12377ac8 ffffffc0
04-16 16:55:34.469   177   177 W         : d860  11c86e2b ffffffc0 000001a4 00000000 00000000 00000000 11657e00 ffffffc0
04-16 16:55:34.469   177   177 W         : d880  11cd4846 ffffffc0 00000000 00000000 00000000 00000000 00000000 00000000
04-16 16:55:34.469   177   177 W         : d8a0  00000000 00000000 00000000 00000000 1164d050 ffffffc0 00000000 00000000
04-16 16:55:34.469   177   177 W         : d8c0  116579f4 ffffffc0 00000000 00000000 116579f8 ffffffc0 00000000 00000000
04-16 16:55:34.469   177   177 W         : X25: 0xffffffc01274e998:
04-16 16:55:34.469   177   177 W         : e998  00000000 00000000 00000000 00000000 00000000 00000000 00000000 00000000
04-16 16:55:34.469   177   177 W         : e9b8  00000000 00000000 00000000 00000000 00000000 00000000 00000000 00000000
04-16 16:55:34.469   177   177 W         : e9d8  00000000 00000000 00000000 00000000 00000000 00000000 00000000 00000000
04-16 16:55:34.469   177   177 W         : e9f8  00000000 00000000 00000000 00000000 00000000 00000000 00000000 00000000
04-16 16:55:34.469   177   177 W         : ea18  69c1c480 ffffff81 6bba1080 ffffff81 6bba1c80 ffffff81 00000000 00000000
04-16 16:55:34.469   177   177 W         : ea38  00000000 00000000 00000000 00000000 00000000 00000000 00000000 00000000
04-16 16:55:34.469   177   177 W         : ea58  00000002 00000000 6a295280 ffffff81 00000001 00000000 00000000 00000000
04-16 16:55:34.469   177   177 W         : ea78  764dec00 ffffff81 00000000 00000000 00000000 00000000 00000000 00000000
04-16 16:55:34.469   177   177 W         : X29: 0xffffffc012bfb9c0:
04-16 16:55:34.469   177   177 W         : b9c0  7f31e220 ffffff81 12bfba40 ffffffc0 10b6b378 ffffffc0 12bfba20 ffffffc0
04-16 16:55:34.469   177   177 W         : b9e0  10b6b378 ffffffc0 60c00005 00000000 ffffffc8 00000000 ba03c700 48db40b2
04-16 16:55:34.469   177   177 W         : ba00  ffffffff ffffffff 10b6b378 ffffffc0 12bfba40 ffffffc0 10b6b378 ffffffc0
04-16 16:55:34.469   177   177 W         : ba20  1274ea18 ffffffc0 76adf010 ffffff81 76a06600 ffffff81 ba03c700 48db40b2
04-16 16:55:34.469   177   177 W         : ba40  12bfba60 ffffffc0 10ac9084 ffffffc0 69c1c480 ffffff81 76adf000 ffffff81
04-16 16:55:34.469   177   177 W         : ba60  12bfbac0 ffffffc0 10b7a714 ffffffc0 1f17e76c 00000000 10b7a6e0 ffffffc0
04-16 16:55:34.469   177   177 W         : ba80  3b9aca00 00000000 12309000 ffffffc0 12617088 ffffffc0 0000008c 00000000
04-16 16:55:34.469   177   177 W         : baa0  12750000 ffffffc0 1239d6f8 ffffffc0 76adf000 ffffff81 76adf010 ffffff81
04-16 16:55:34.469   177   177 W Call trace:  
04-16 16:55:34.469   177   177 W         : device_create_file+0x11c/0x168
04-16 16:55:34.469   177   177 W         : sprd_probe+0x2a8/0x568
04-16 16:55:34.469   177   177 W         : platform_drv_probe+0x84/0x170
04-16 16:55:34.469   177   177 W         : really_probe+0x334/0xc64
04-16 16:55:34.469   177   177 W         : driver_probe_device+0x108/0x2d8
04-16 16:55:34.469   177   177 W         : __device_attach_driver+0x188/0x378
04-16 16:55:34.469   177   177 W         : bus_for_each_drv+0x80/0x1b0
04-16 16:55:34.469   177   177 W         : __device_attach+0x11c/0x290
04-16 16:55:34.469   177   177 W         : bus_probe_device+0x5c/0x1e8
04-16 16:55:34.469   177   177 W         : deferred_probe_work_func+0xdc/0x24c
04-16 16:55:34.469   177   177 W         : process_one_work+0x2c4/0x7a0
04-16 16:55:34.469   177   177 W         : worker_thread+0x4a8/0xae8
04-16 16:55:34.469   177   177 W         : kthread+0x1b0/0x1e0
04-16 16:55:34.469   177   177 W         : ret_from_fork+0x10/0x18
04-16 16:55:35.601   319   319 I keystore2: keystore2_main: Keystore2 is starting.
04-16 16:55:34.469   177   177 W         : ---[ end trace 49cb9e69ee4f70a8 ]---
04-16 16:55:34.469   177   177 I 200a0000.serial: ttyS0 at MMIO 0x200a0000 (irq = 15, base_baud = 1625000) is a SPX
04-16 16:55:34.469   177   177 F yanbin  : uart 0 eb
04-16 16:55:34.473   177   177 F yanbin  : uart 0 disable
04-16 16:55:34.473     1     1 D         : probe of 64710000.pinctrl returned 1 after 5420 usecs
04-16 16:55:34.477   177   177 D         : probe of 200a0000.serial returned 1 after 9044 usecs
04-16 16:55:34.477     1     1 D         : initcall __cfi_check+0xd4/0xe8 [pinctrl_sprd_qogirl6] returned 0 after 9571 usecs
04-16 16:55:34.477   177   177 D         : probe of sprd_backlight returned 0 after 21 usecs
04-16 16:55:34.477     1     1 I init    : Loaded kernel module /lib/modules/pinctrl-sprd-qogirl6.ko
04-16 16:55:34.477     1     1 I init    : Loading module /lib/modules/spi-sprd.ko with args ''
04-16 16:55:34.477   177   177 E         : [D][ANC_DRIVER][anc_probe] entry  lks
04-16 16:55:34.477   177   177 E         : [D][ANC_DRIVER][anc_probe]  lks ####    1365
04-16 16:55:34.477   177   177 E         : [D][ANC_DRIVER][anc_probe]  lks ####    1372
04-16 16:55:34.477   177   177 E         : [D][ANC_DRIVER][anc_probe]  lks ####    1378
04-16 16:55:34.477   177   177 E         : [D][ANC_DRIVER][anc_parse_dts] vdd_use_gpio = 1, vdd_use_pmic = 0
04-16 16:55:34.477   177   177 E         : [D][ANC_DRIVER][anc_probe]  lks ####    1384
04-16 16:55:34.477   177   177 E         : [D][ANC_DRIVER][anc_create_device] Major number of device = 491
04-16 16:55:34.477   177   177 E         : [D][ANC_DRIVER][anc_probe]  lks ####    1389
04-16 16:55:34.477   177   177 E         : [D][ANC_DRIVER][anc_probe] Create sysfs path = fingerprint@0
04-16 16:55:34.477   177   177 W         : kaoshan #### anc_probe 1426 ###
04-16 16:55:34.477   177   177 E         : [D][ANC_DRIVER][anc_probe] Success
04-16 16:55:34.477   177   177 D         : probe of fingerprint@0 returned 1 after 199 usecs
04-16 16:55:34.478   177   177 D         : probe of sprd_backlight returned 0 after 16 usecs
04-16 16:55:34.480     1     1 D         : calling  __cfi_check+0x1d4/0x1f8 [spi_sprd] @ 1
04-16 16:55:34.480     1     1 E sprd-spi 20120000.spi: request RX DMA channel failed!
04-16 16:55:34.480     1     1 W sprd-spi 20120000.spi: failed to request dma, enter no dma mode, ret = -19
04-16 16:55:34.481    54    54 D         : probe of sprd_backlight returned 0 after 17 usecs
04-16 16:55:34.481     1     1 D         : probe of 20120000.spi returned 1 after 889 usecs
04-16 16:55:34.481     1     1 E sprd-spi 20150000.spi: request RX DMA channel failed!
04-16 16:55:34.481     1     1 W sprd-spi 20150000.spi: failed to request dma, enter no dma mode, ret = -19
04-16 16:55:34.481     1     1 E         : [HXTP] Enter himax_chip_common_probe
04-16 16:55:34.481     1     1 E         : [HXTP] PDATA START
04-16 16:55:34.481     1     1 E         : [HXTP] ic_data START
04-16 16:55:34.481     1     1 E         : [HXTP] ==========ts->boot_mode = 0
04-16 16:55:34.481     1     1 E         : [HXTP] boot_mode is 0
04-16 16:55:34.481     1     1 E [HXTP]  DT-himax_parse_dt: panel-coords = 0, 719, 0, 1599
04-16 16:55:34.481     1     1 E [HXTP]  DT-himax_parse_dt: display-coords = (720, 1600)
04-16 16:55:34.481     1     1 E [HXTP]  DT: gpio_3v3_en value is not valid
04-16 16:55:34.481     1     1 E [HXTP]  DT: gpio_irq=208, gpio_rst=210, gpio_3v3_en=-2
04-16 16:55:34.481     1     1 E [HXTP]  DT: protocol_type=1
04-16 16:55:34.484     1     1 E [HXTP] hx_ic_register: Entering!
04-16 16:55:34.484     1     1 E         : [HXTP] _hx83108_init
04-16 16:55:34.484     1     1 E [HXTP] himax_mcu_in_cmd_struct_init: Entering!
04-16 16:55:34.484     1     1 E [HXTP] himax_mcu_in_cmd_init: Entering!
04-16 16:55:34.484     1     1 E [HXTP] hx83108_sense_off: Do not need wait FW, Status = 0x01!
04-16 16:55:34.484     1     1 E [HXTP] hx83108_sense_off: Check enter_save_mode data[0]=C
04-16 16:55:34.486     1     1 E [HXTP] hx83108_chip_detect: Read driver IC ID = 83, 10, 8A
04-16 16:55:34.486     1     1 E [HXTP] hx83108_chip_detect: IC name = HX83108A
04-16 16:55:34.486     1     1 E         : [HXTP] Himax IC package 83108a in
04-16 16:55:34.486     1     1 E [HXTP] hx_ic_register: detect IC!
04-16 16:55:34.486     1     1 E [HXTP] hx_ic_register: END!
04-16 16:55:34.486     1     1 E [HXTP] hx83108_chip_init: IC cell type = 1
04-16 16:55:34.486     1     1 E [HXTP] himax_mcu_touch_information: HX_RX_NUM =32,HX_TX_NUM =18
04-16 16:55:34.486     1     1 E [HXTP] himax_mcu_touch_information: HX_MAX_PT=10
04-16 16:55:34.486     1     1 E [HXTP] himax_mcu_touch_information: HX_Y_RES=1600,HX_X_RES =720
04-16 16:55:34.486     1     1 E [HXTP] himax_mcu_touch_information: HX_INT_IS_EDGE =1,HX_STYLUS_FUNC = 0
04-16 16:55:34.486     1     1 E [HXTP] himax_mcu_touch_information: HX_STYLUS_ID_V2 =0,HX_STYLUS_RATIO = 0
04-16 16:55:34.486     1     1 E         : [HXTP] himax_int_register_trigger edge triiger falling
04-16 16:55:34.486     1     1 E [HXTP] himax_ts_register_interrupt: irq enabled at gpio: 95
04-16 16:55:34.486     1     1 E [HXTP] himax_int_enable: Entering! irqnum = 95
04-16 16:55:34.486     1     1 E         : [HXTP] enable = 0
04-16 16:55:34.487     1     1 E [HXTP] himax_report_data_init: rawdata_fsz = 1,HX_MAX_PT:10,hx_raw_cnt_max:2
04-16 16:55:34.487     1     1 E [HXTP] himax_report_data_init: hx_raw_cnt_rmd:2,g_hx_rawdata_size:1256,touch_info_size:56
04-16 16:55:34.487     1     1 E [HXTP] himax_chip_common_init: Use Protocol Type B
04-16 16:55:34.487     1     1 E [HXTP] himax_inspection_init: enter, 3312
04-16 16:55:34.487     1     1 E [HXTP] himax_debug_init: Enter
04-16 16:55:34.488     1     1 E [HXTP] input_set_abs_params: mix_x 0, max_x 719, min_y 0, max_y 1599
04-16 16:55:35.602   319   319 I keystore2: keystore2_main: Starting thread pool now.
04-16 16:55:34.488     1     1 I input   : himax-touchscreen as /devices/virtual/input/input40
04-16 16:55:34.488     1     1 E         : [HXTP] himax_input_register, input device registered.
04-16 16:55:34.488   177   177 D         : probe of sprd_backlight returned 0 after 22 usecs
04-16 16:55:34.488     1     1 D         : probe of spi3.0 returned 1 after 6862 usecs
04-16 16:55:34.488   177   177 D         : probe of sprd_backlight returned 0 after 11 usecs
04-16 16:55:34.488     1     1 D         : probe of 20150000.spi returned 1 after 7697 usecs
04-16 16:55:34.489     1     1 D         : initcall __cfi_check+0x1d4/0x1f8 [spi_sprd] returned 0 after 8739 usecs
04-16 16:55:34.489     1     1 I init    : Loaded kernel module /lib/modules/spi-sprd.ko
04-16 16:55:34.489     1     1 I init    : Loading module /lib/modules/pwm-sprd.ko with args ''
04-16 16:55:34.491     1     1 D         : calling  __cfi_check+0xf4/0x10c [pwm_sprd] @ 1
04-16 16:55:34.491     1     1 E sprd-pwm 643f0000.pwm: Failed to get clk 'enable3': -2
04-16 16:55:34.491   177   177 W sysfs   : cannot create duplicate filename '/class/backlight/sprd_backlight'
04-16 16:55:34.491   177   177 W         : CPU: 7 PID: 177 Comm: kworker/7:2 Tainted: G S      WC O      5.4.254-android12-9-gf6794bd59091-ab267 #1
04-16 16:55:34.491   177   177 W Hardware name: Spreadtrum UMS9230 1H10 SoC (DT)
04-16 16:55:34.491   177   177 W Workqueue: events __typeid__ZTSFvP11work_structE_global_addr
04-16 16:55:34.491   177   177 W Call trace:  
04-16 16:55:34.491   177   177 W         : __typeid__ZTSFiP11task_structPK11user_regsetjjPKvS5_E_global_addr+0x3c/0x40
04-16 16:55:34.491   177   177 W         : dump_stack+0xa4/0x10c
04-16 16:55:35.603   319   326 I keystore2: getDeviceHalManifest: Reading VINTF information.
04-16 16:55:34.491   177   177 W         : sysfs_warn_dup+0x88/0xa4
04-16 16:55:34.491   177   177 W         : sysfs_do_create_link_sd+0xe4/0x27c
04-16 16:55:34.491   177   177 W         : device_add+0x2c8/0x14f8
04-16 16:55:34.491   177   177 W         : backlight_device_register+0xd8/0x2d4
04-16 16:55:34.491   177   177 W         : devm_backlight_device_register+0x9c/0xfc
04-16 16:55:34.491   177   177 W         : sprd_backlight_probe+0x200/0x374 [sprd_drm]
04-16 16:55:34.491   177   177 W         : platform_drv_probe+0x84/0x170
04-16 16:55:34.491   177   177 W         : really_probe+0x334/0xc64
04-16 16:55:34.491   177   177 W         : driver_probe_device+0x108/0x2d8
04-16 16:55:34.491   177   177 W         : __device_attach_driver+0x188/0x378
04-16 16:55:34.491   177   177 W         : bus_for_each_drv+0x80/0x1b0
04-16 16:55:34.491   177   177 W         : __device_attach+0x11c/0x290
04-16 16:55:34.491   177   177 W         : bus_probe_device+0x5c/0x1e8
04-16 16:55:34.491   177   177 W         : deferred_probe_work_func+0xdc/0x24c
04-16 16:55:34.491   177   177 W         : process_one_work+0x2c4/0x7a0
04-16 16:55:34.491   177   177 W         : worker_thread+0x4a8/0xae8
04-16 16:55:34.491   177   177 W         : kthread+0x1b0/0x1e0
04-16 16:55:34.491   177   177 W         : ret_from_fork+0x10/0x18
04-16 16:55:34.491   177   177 E sprd-backlight sprd_backlight: failed to register sprd backlight ops
04-16 16:55:34.492   177   177 W sprd-backlight: probe of sprd_backlight failed with error -17
04-16 16:55:34.492   177   177 D         : probe of sprd_backlight returned 0 after 206 usecs
04-16 16:55:34.492     1     1 D         : probe of 643f0000.pwm returned 1 after 548 usecs
04-16 16:55:34.492     1     1 D         : initcall __cfi_check+0xf4/0x10c [pwm_sprd] returned 0 after 913 usecs
04-16 16:55:34.492     1     1 I init    : Loaded kernel module /lib/modules/pwm-sprd.ko
04-16 16:55:34.492     1     1 I init    : Loading module /lib/modules/flash_ic_sgm3785.ko with args ''
04-16 16:55:34.494     1     1 D         : calling  __cfi_check+0x114/0x148 [flash_ic_sgm3785] @ 1
04-16 16:55:34.494     1     1 E FLASH_sgm3785: 1 348 sprd_flash_sgm3785_probe : E
04-16 16:55:34.494     1     1 E FLASH_sgm3785: 1 379 sprd_flash_sgm3785_probe : gpio init gpio 203
04-16 16:55:34.494     1     1 E FLASH_sgm3785: 1 398 sprd_flash_sgm3785_probe : x
04-16 16:55:34.494     1     1 D         : probe of flash-pwm returned 1 after 99 usecs
04-16 16:55:34.494     1     1 D         : initcall __cfi_check+0x114/0x148 [flash_ic_sgm3785] returned 0 after 430 usecs
04-16 16:55:34.494     1     1 I init    : Loaded kernel module /lib/modules/flash_ic_sgm3785.ko
04-16 16:55:34.494     1     1 I init    : Loading module /lib/modules/flash_ic_ocp8137.ko with args ''
04-16 16:55:34.497     1     1 D         : calling  __cfi_check+0x168/0x1000 [flash_ic_ocp8137] @ 1
04-16 16:55:34.497     1     1 I FLASH_OCP8137: 1 633 sprd_flash_ic_register_driver : register sprd_flash_ic_driver:0
04-16 16:55:34.497     1     1 D         : initcall __cfi_check+0x168/0x1000 [flash_ic_ocp8137] returned 0 after 56 usecs
04-16 16:55:34.497     1     1 I init    : Loaded kernel module /lib/modules/flash_ic_ocp8137.ko
04-16 16:55:34.497     1     1 I init    : Loading module /lib/modules/rtc-sc27xx.ko with args ''
04-16 16:55:34.499     1     1 D         : calling  __cfi_check+0x154/0x17c [rtc_sc27xx] @ 1
04-16 16:55:34.499     1     1 D         : probe of alarmtimer.0.auto returned 1 after 41 usecs
04-16 16:55:34.499     1     1 I sprd-rtc 64200000.spi: pmic@0:rtc@200: registered as rtc0
04-16 16:55:34.500     1     1 I         : sprd_time_sync sprd_time_sync: send monotime_ns=1553203844 boottime_ns=1553203883 realtime_s=1744840534 ts_cnt=432668095 sysfrt_cnt=17580 minuteswest=0 dsttime=0 to userspace
04-16 16:55:34.500     1     1 I sprd-rtc 64200000.spi: pmic@0:rtc@200: setting system clock to 2025-04-16T21:55:34 UTC (1744840534)
04-16 16:55:34.500     1     1 D         : probe of 64200000.spi:pmic@0:rtc@200 returned 1 after 725 usecs
04-16 16:55:34.500     1     1 D         : initcall __cfi_check+0x154/0x17c [rtc_sc27xx] returned 0 after 1075 usecs
04-16 16:55:34.500     1     1 I init    : Loaded kernel module /lib/modules/rtc-sc27xx.ko
04-16 16:55:34.500     1     1 I init    : Loading module /lib/modules/sc27xx_adc.ko with args ''
04-16 16:55:34.502     1     1 D         : calling  __cfi_check+0x1d4/0x1e8 [sc27xx_adc] @ 1
04-16 16:55:34.543     1     1 D         : probe of 64200000.spi:pmic@0:adc@504 returned 1 after 40038 usecs
04-16 16:55:34.543     1     1 D         : initcall __cfi_check+0x1d4/0x1e8 [sc27xx_adc] returned 0 after 39577 usecs
04-16 16:55:34.543     1     1 I init    : Loaded kernel module /lib/modules/sc27xx_adc.ko
04-16 16:55:34.543     1     1 I init    : Loading module /lib/modules/sc27xx-poweroff.ko with args ''
04-16 16:55:34.545     1     1 D         : calling  __cfi_check+0x94/0xa8 [sc27xx_poweroff] @ 1
04-16 16:55:34.545     1     1 D         : probe of 64200000.spi:pmic@0:poweroff@1820 returned 1 after 55 usecs
04-16 16:55:34.545     1     1 D         : initcall __cfi_check+0x94/0xa8 [sc27xx_poweroff] returned 0 after 456 usecs
04-16 16:55:34.545     1     1 I init    : Loaded kernel module /lib/modules/sc27xx-poweroff.ko
04-16 16:55:34.546     1     1 I init    : Loading module /lib/modules/sc27xx-vibra.ko with args ''
04-16 16:55:34.548     1     1 D         : calling  __cfi_check+0x10c/0x124 [sc27xx_vibra] @ 1
04-16 16:55:34.548     1     1 I input   : sc27xx:vibrator as /devices/platform/soc/soc:aon/64200000.spi/spi_master/spi4/spi4.0/64200000.spi:pmic@0:vibrator@1b90/input/input41
04-16 16:55:34.548     1     1 D         : probe of 64200000.spi:pmic@0:vibrator@1b90 returned 1 after 158 usecs
04-16 16:55:34.548     1     1 D         : initcall __cfi_check+0x10c/0x124 [sc27xx_vibra] returned 0 after 579 usecs
04-16 16:55:34.548     1     1 I init    : Loaded kernel module /lib/modules/sc27xx-vibra.ko
04-16 16:55:34.548     1     1 I init    : Loading module /lib/modules/sprd_usbpinmux_qogirl6.ko with args ''
04-16 16:55:34.550     1     1 D         : calling  __cfi_check+0x98/0xa4 [sprd_usbpinmux_qogirl6] @ 1
04-16 16:55:34.551     1     1 D         : probe of soc:aon:usbpinmux returned 1 after 53 usecs
04-16 16:55:34.551     1     1 D         : initcall __cfi_check+0x98/0xa4 [sprd_usbpinmux_qogirl6] returned 0 after 318 usecs
04-16 16:55:34.551     1     1 I init    : Loaded kernel module /lib/modules/sprd_usbpinmux_qogirl6.ko
04-16 16:55:34.551     1     1 I init    : Loading module /lib/modules/phy-sprd-qogirl6.ko with args ''
04-16 16:55:34.553     1     1 D         : calling  __cfi_check+0x23c/0x27c [phy_sprd_qogirl6] @ 1
04-16 16:55:34.554     1     1 I sprd-hsphy 64570000.hsphy: No separate ID extcon device
04-16 16:55:34.554     1     1 I sprd-hsphy 64570000.hsphy: sprd usb phy probe ok !
04-16 16:55:34.554     1     1 D         : probe of 64570000.hsphy returned 1 after 767 usecs
04-16 16:55:34.554     1     1 D         : initcall __cfi_check+0x23c/0x27c [phy_sprd_qogirl6] returned 0 after 1015 usecs
04-16 16:55:34.554     1     1 I init    : Loaded kernel module /lib/modules/phy-sprd-qogirl6.ko
04-16 16:55:34.554     1     1 I init    : Loading module /lib/modules/sc27xx_typec.ko with args ''
04-16 16:55:34.557     1     1 D         : calling  __cfi_check+0x140/0x158 [sc27xx_typec] @ 1
04-16 16:55:34.597     1     1 D         : probe of 64200000.spi:pmic@0:typec@380 returned 1 after 40008 usecs
04-16 16:55:34.597     1     1 D         : initcall __cfi_check+0x140/0x158 [sc27xx_typec] returned 0 after 39424 usecs
04-16 16:55:34.597     1     1 I init    : Loaded kernel module /lib/modules/sc27xx_typec.ko
04-16 16:55:34.597   179   179 I sc27xx-typec 64200000.spi: pmic@0:typec@380: now works as DRP and is in 2 state, event 1
04-16 16:55:34.597     1     1 I init    : Loading module /lib/modules/oplus_chg.ko with args ''
04-16 16:55:34.650     1     1 D         : calling  __typeid__ZTSFivE_global_addr+0x178/0x5d0 [oplus_chg] @ 1
04-16 16:55:34.650     1     1 E OPLUS_CHG[CORE]: oplus_chg_get_module_num[51]: oplus chg module addr_size:224
04-16 16:55:34.650     1     1 I OPLUS_CHG[CORE]: oplus_chg_class_init[575]: find 7 oplus chg module
04-16 16:55:34.650     1     1 I OPLUS_CHG[CORE]: oplus_chg_class_init[582]: hl7138_subsys init
04-16 16:55:34.650     1     1 I         : [OPLUS_CHG][hl7138_subsys_init] init start
04-16 16:55:34.651     1     1 E         : [OPLUS_CHG][hl7138_charger_probe]hl7138_charger_probe enter!
04-16 16:55:34.651     1     1 E         : [OPLUS_CHG][hl7138_charger_choose]0x00 = 67
04-16 16:55:34.651     1     1 E         : [OPLUS_CHG][hl7138_gpio_init]oplus_chip is ready!
04-16 16:55:34.651     1     1 I         : [OPLUS_CHG][hl7138_parse_dt]chip->switch1_gpio =229
04-16 16:55:34.651     1     1 E         : [OPLUS_CHG][hl7138_parse_dt]voocphy_vbus_high is 100
04-16 16:55:34.651     1     1 E         : [OPLUS_CHG][hl7138_parse_dt]voocphy_vbus_high is 200
04-16 16:55:34.651     1     1 E         : [OPLUS_CHG][hl7138_irq_gpio_init]chip->irq_gpio =190
04-16 16:55:34.651     1     1 E         : [OPLUS_CHG][hl7138_irq_gpio_init]irq way1 chip->irq =96
04-16 16:55:34.651     1     1 E         : [OPLUS_CHG][hl7138_irq_gpio_init]get pinctrl fail
04-16 16:55:34.651     1     1 E         : [OPLUS_CHG][hl7138_irq_register]hl7138 chip->irq = 96
04-16 16:55:34.652     1     1 I         : [OPLUS_CHG][hl7138_irq_register]request irq ok
04-16 16:55:34.655     1     1 E         : [OPLUS_CHG][hl7138_turnon_sys_clk]0xA3=0x00,0xA0=0x00
04-16 16:55:34.657     1     1 E         : [OPLUS_CHG][hl7138_turnon_sys_clk]hl7138_turnon_sys_clk done
04-16 16:55:34.657     1     1 E         : [OPLUS_CHG][hl7138_work_mode_lockcheck]hl7138_work_mode_lockcheck done
04-16 16:55:34.659     1     1 E oplus_voocphy_parse_batt_curves: parallel_charge_support:0
04-16 16:55:34.659     1     1 E oplus_voocphy_parse_batt_curves: voocphy_dual_cp_support = 0
04-16 16:55:34.659     1     1 E oplus_voocphy_parse_batt_curves: voocphy_bidirect_cp_support = 0
04-16 16:55:34.659     1     1 E oplus_voocphy_parse_batt_curves: version_judge_support = 0
04-16 16:55:34.659     1     1 E oplus_voocphy_parse_batt_curves: impedance_calculation_newmethod = 0
04-16 16:55:34.659     1     1 E oplus_voocphy_parse_batt_curves: svooc_circuit_r_l is 0x16
04-16 16:55:34.659     1     1 E oplus_voocphy_parse_batt_curves: svooc_circuit_r_h is 0x1
04-16 16:55:34.659     1     1 E oplus_voocphy_parse_batt_curves: copycat_vooc_support = 0
04-16 16:55:34.659     1     1 E oplus_voocphy_parse_batt_curves: ovp_ctrl_cpindex = 0
04-16 16:55:34.659     1     1 E oplus_voocphy_parse_batt_curves: cp_ibus_devation is 800
04-16 16:55:34.659     1     1 E oplus_voocphy_parse_batt_curves: slave_cp_enable_thr is 1900
04-16 16:55:34.659     1     1 E oplus_voocphy_parse_batt_curves: slave_cp_disable_thr_high is 1600
04-16 16:55:34.659     1     1 E oplus_voocphy_parse_batt_curves: slave_cp_disable_thr_low is 1400
04-16 16:55:34.659     1     1 E oplus_voocphy_parse_batt_curves: qcom,voocphy_current_default is 60
04-16 16:55:34.659     1     1 E oplus_voocphy_parse_batt_curves: qcom,vooc_little_cool_temp is 160
04-16 16:55:34.659     1     1 E oplus_voocphy_parse_batt_curves: qcom,vooc_little_cold_temp is 50
04-16 16:55:34.659     1     1 E oplus_voocphy_parse_batt_curves: qcom,vooc_normal_low_temp is 250
04-16 16:55:34.659     1     1 I         : [OPLUS_CHG][oplus_voocphy_parse_batt_curves]qcom,vooc-normal-high-temp is 440
04-16 16:55:34.659     1     1 I         : [OPLUS_CHG][oplus_voocphy_parse_batt_curves]qcom,vooc-wam-allow-vol is 4000
04-16 16:55:34.659     1     1 I         : [OPLUS_CHG][oplus_voocphy_parse_batt_curves]qcom,vooc-wam-allow-soc is 50
04-16 16:55:34.659     1     1 E oplus_voocphy_parse_batt_curves: qcom,vooc_multistep_initial_batt_temp is 1000
04-16 16:55:34.659     1     1 E oplus_voocphy_parse_batt_curves: qcom,vooc_strategy_normal_current is 100
04-16 16:55:34.659     1     1 E oplus_voocphy_parse_batt_curves: qcom,vooc_strategy1_batt_low_temp1 is 410
04-16 16:55:34.659     1     1 E oplus_voocphy_parse_batt_curves: qcom,vooc_strategy1_batt_low_temp2 is 420
04-16 16:55:34.659     1     1 E oplus_voocphy_parse_batt_curves: qcom,vooc_strategy1_batt_low_temp0 is 390
04-16 16:55:34.659     1     1 E oplus_voocphy_parse_batt_curves: qcom,vooc_strategy1_batt_high_temp0 is 400
04-16 16:55:34.659     1     1 E oplus_voocphy_parse_batt_curves: qcom,vooc_strategy1_batt_high_temp1 is 420
04-16 16:55:34.659     1     1 E oplus_voocphy_parse_batt_curves: qcom,vooc_strategy1_batt_high_temp2 is 430
04-16 16:55:34.659     1     1 E oplus_voocphy_parse_batt_curves: qcom,vooc_strategy1_high_current0 is 50
04-16 16:55:34.659     1     1 E oplus_voocphy_parse_batt_curves: qcom,vooc_strategy1_high_current1 is 40
04-16 16:55:34.659     1     1 E oplus_voocphy_parse_batt_curves: qcom,vooc_strategy1_high_current2 is 20
04-16 16:55:34.659     1     1 E oplus_voocphy_parse_batt_curves: qcom,vooc_strategy1_low_current2 is 40
04-16 16:55:34.659     1     1 E oplus_voocphy_parse_batt_curves: qcom,vooc_strategy1_low_current1 is 50
04-16 16:55:34.659     1     1 E oplus_voocphy_parse_batt_curves: qcom,vooc_strategy1_low_current0 is 60
04-16 16:55:34.659     1     1 I         : [OPLUS_CHG][oplus_voocphy_parse_batt_curves]qcom,vooc-low-soc is 0
04-16 16:55:34.659     1     1 I         : [OPLUS_CHG][oplus_voocphy_parse_batt_curves]qcom,vooc-high-soc is 90
04-16 16:55:34.659     1     1 I         : [OPLUS_CHG][oplus_voocphy_parse_batt_curves]qcom,vooc-low-temp is 0
04-16 16:55:34.659     1     1 I         : [OPLUS_CHG][oplus_voocphy_parse_batt_curves]qcom,vooc-high-temp is 500
04-16 16:55:34.659     1     1 E oplus_voocphy_parse_batt_curves: qcom,vooc_batt_over_high_temp is 530
04-16 16:55:34.659     1     1 E oplus_voocphy_parse_batt_curves: external_gauge_support = 0
04-16 16:55:34.659     1     1 E oplus_voocphy_parse_batt_curves: parse svooc_cool_down_current_limit, size=15 svooc_cool_down_num =15
04-16 16:55:34.659     1     1 E oplus_voocphy_parse_batt_curves: parse vooc_cool_down_current_limit, size=15 vooc_cool_down_num =15
04-16 16:55:34.659     1     1 E oplus_voocphy_parse_batt_curves: parse fastchg_timeout_time_init failed, rc=-22
04-16 16:55:34.659     1     1 E oplus_voocphy_parse_batt_curves: range1_low_curr_full length =5
04-16 16:55:34.659     1     1 E oplus_voocphy_parse_batt_curves: curr: 650 , vbatt: 4500
04-16 16:55:34.659     1     1 E oplus_voocphy_parse_batt_curves: curr: 550 , vbatt: 4495
04-16 16:55:34.659     1     1 E oplus_voocphy_parse_batt_curves: curr: 450 , vbatt: 4480
04-16 16:55:34.659     1     1 E oplus_voocphy_parse_batt_curves: curr: 350 , vbatt: 4470
04-16 16:55:34.659     1     1 E oplus_voocphy_parse_batt_curves: curr: 250 , vbatt: 4460
04-16 16:55:34.659     1     1 E oplus_voocphy_parse_batt_curves: range2_low_curr_full length =5
04-16 16:55:34.659     1     1 E oplus_voocphy_parse_batt_curves: curr: 750 , vbatt: 4500
04-16 16:55:35.607   321   321 I trusty_keymaster_hal: Initializing TrustyKeymaster as KmVersion: 200
04-16 16:55:34.659     1     1 E oplus_voocphy_parse_batt_curves: curr: 650 , vbatt: 4495
04-16 16:55:34.659     1     1 E oplus_voocphy_parse_batt_curves: curr: 550 , vbatt: 4480
04-16 16:55:34.659     1     1 E oplus_voocphy_parse_batt_curves: curr: 450 , vbatt: 4470
04-16 16:55:34.659     1     1 E oplus_voocphy_parse_batt_curves: curr: 350 , vbatt: 4460
04-16 16:55:34.659     1     1 E oplus_voocphy_parse_batt_curves: voocphy_freq_mincore is 1800000
04-16 16:55:34.659     1     1 E oplus_voocphy_parse_batt_curves: voocphy_freq_midcore is 1800000
04-16 16:55:34.659     1     1 E oplus_voocphy_parse_batt_curves: voocphy_freq_maxcore is 1800000
04-16 16:55:34.659     1     1 E oplus_voocphy_parse_batt_curves: voocphy_current_change_timeout is 100
04-16 16:55:34.659     1     1 E oplus_voocphy_parse_batt_curves: voocphy_ibat_over_current is 7500
04-16 16:55:34.659     1     1 E oplus_voocphy_parse_batt_curves: voocphy_cp_max_ibus is 3500
04-16 16:55:34.659     1     1 E oplus_voocphy_parse_batt_curves: voocphy_svooc_cp_max_ibus is 3500
04-16 16:55:34.659     1     1 E oplus_voocphy_parse_batt_curves: voocphy_vooc_cp_max_ibus is 3500
04-16 16:55:34.659     1     1 E oplus_voocphy_parse_batt_curves: voocphy_max_main_ibat is 3600
04-16 16:55:34.659     1     1 E oplus_voocphy_parse_batt_curves: voocphy_max_sub_ibat is 3000
04-16 16:55:34.659     1     1 E oplus_voocphy_parse_batt_curves: batt_pwd_curr_thd1 is 3300
04-16 16:55:34.659     1     1 E oplus_voocphy_parse_batt_curves: batt_pwd_vol_thd1 is 4454
04-16 16:55:34.659     1     1 E oplus_voocphy_monitor_timer_init: vooc: create timers successfully
04-16 16:55:34.659     1     1 E         : set_cpus_allowed_ptr =255 ret = 0
04-16 16:55:34.659     1     1 E         : [OPLUS_CHG][hl7138_charger_probe]hl7138_charger_probe succesfull
04-16 16:55:34.659     1     1 D         : probe of 6-0067 returned 1 after 8446 usecs
04-16 16:55:34.659     1     1 I         : [OPLUS_CHG][hl7138_subsys_init] Success to register hl7138 i2c driver.
04-16 16:55:34.659     1     1 I OPLUS_CHG[CORE]: oplus_chg_class_init[582]: sc8547_subsys init
04-16 16:55:34.659     1     1 I         : [OPLUS_CHG][sc8547_subsys_init] init start
04-16 16:55:34.659     1     1 I         : [OPLUS_CHG][sc8547_subsys_init] Success to register sc8547 i2c driver.
04-16 16:55:34.659     1     1 I OPLUS_CHG[CORE]: oplus_chg_class_init[582]: sc8547_slave_subsys init
04-16 16:55:34.659     1     1 I         : [OPLUS_CHG][sc8547_slave_subsys_init] init start
04-16 16:55:34.659     1     1 I         : [OPLUS_CHG][sc8547_slave_subsys_init] Success to register sc8547 i2c driver.
04-16 16:55:34.659     1     1 I OPLUS_CHG[CORE]: oplus_chg_class_init[582]: oplus_chg_comm_driver init
04-16 16:55:34.659     1     1 I OPLUS_CHG[COMM]: oplus_chg_comm_parse_dt[769]: wkcs: temp thr = -20, 0, 50, 120, 400, 450, 530, 0
04-16 16:55:34.659     1     1 E OPLUS_CHG[COMM]: oplus_chg_comm_parse_dt[825]: get oplus,wls-ffc-step-max property error, rc=-22
04-16 16:55:34.659     1     1 E OPLUS_CHG[COMM]: read_unsigned_data_from_node[689]: Count oplus,wls-ffc-fv-mv failed, rc=-22
04-16 16:55:34.659     1     1 E OPLUS_CHG[COMM]: oplus_chg_comm_parse_dt[831]: get oplus,wls-ffc-fv-mv property error, rc=-22
04-16 16:55:34.659     1     1 E OPLUS_CHG[COMM]: read_unsigned_data_from_node[689]: Count oplus,wls-ffc-fv-cutoff-mv failed, rc=-22
04-16 16:55:34.659     1     1 E OPLUS_CHG[COMM]: oplus_chg_comm_parse_dt[838]: get oplus,wls-ffc-fv-cutoff-mv property error, rc=-22
04-16 16:55:34.659     1     1 E OPLUS_CHG[COMM]: read_unsigned_data_from_node[689]: Count oplus,wls-ffc-icl-ma failed, rc=-22
04-16 16:55:34.659     1     1 E OPLUS_CHG[COMM]: oplus_chg_comm_parse_dt[845]: get oplus,wls-ffc-icl-ma property error, rc=-22
04-16 16:55:34.659     1     1 E OPLUS_CHG[COMM]: read_unsigned_data_from_node[689]: Count oplus,wls-ffc-fcc-ma failed, rc=-22
04-16 16:55:34.659     1     1 E OPLUS_CHG[COMM]: oplus_chg_comm_parse_dt[854]: get oplus,wls-ffc-fcc-ma property error, rc=-22
04-16 16:55:34.659     1     1 E OPLUS_CHG[COMM]: read_unsigned_data_from_node[689]: Count oplus,wls-ffc-fcc-cutoff-ma failed, rc=-22
04-16 16:55:34.659     1     1 E OPLUS_CHG[COMM]: oplus_chg_comm_parse_dt[863]: get oplus,wls-ffc-fcc-cutoff-ma property error, rc=-22
04-16 16:55:34.659     1     1 E OPLUS_CHG[COMM]: read_unsigned_data_from_node[689]: Count oplus,wls-vbatdet-mv failed, rc=-22
04-16 16:55:34.659     1     1 E OPLUS_CHG[COMM]: oplus_chg_comm_parse_dt[872]: get oplus,wls-vbatdet-mv property error, rc=-22
04-16 16:55:34.659     1     1 E OPLUS_CHG[COMM]: oplus_chg_comm_init_adc_channels[1929]: can't get oplus,skin_temp_chan, rc=-22
04-16 16:55:34.659     1     1 E OPLUS_CHG[COMM]: oplus_chg_comm_driver_probe[2104]: init adc channels error, rc=-22
04-16 16:55:34.659     1     1 I OPLUS_CHG[COMM]: oplus_chg_comm_driver_probe[2129]: probe done
04-16 16:55:34.659     1     1 D         : probe of soc:oplus,common-charge returned 1 after 147 usecs
04-16 16:55:34.659     1     1 I OPLUS_CHG[CORE]: oplus_chg_class_init[582]: oplus_chg_track_driver init
04-16 16:55:34.660     1     1 I OPLUS_CHG[CORE]: oplus_chg_class_init[582]: sc8547a_i2c_driver init
04-16 16:55:34.660     1     1 I OPLUS_CHG[CORE]: oplus_chg_class_init[582]: charger_manager init
04-16 16:55:34.660     1     1 E [OPLUS_CHG][charger_manager_init]: num =2478
04-16 16:55:34.660     1     1 E         : [OPLUS_CHG][sgm41512_charger_init] init start
04-16 16:55:34.660     1     1 E         : [OPLUS_CHG][oplus_chg_ops_desc_get]chg_ops_list_head list_empty
04-16 16:55:34.660     1     1 E [OPLUS_CHG][oplus_chg_ops_register]->name: ext-sgm41512
04-16 16:55:34.660     1     1 E         : [OPLUS_CHG][sgm41512_charger_probe]sgm41512 probe enter
04-16 16:55:34.660     1     1 E         : [OPLUS_CHG][sgm41512_parse_dt]irq-gpio[197]
04-16 16:55:34.660     1     1 E         : [OPLUS_CHG][sgm41512_parse_dt]gpio_is_valid fail enable-gpio[-2]
04-16 16:55:34.660     1     1 E         : [OPLUS_CHG][sgm41512_parse_dt]use_voocphy=1
04-16 16:55:34.660     1     1 E         : [OPLUS_CHG][sgm41512_parse_dt]vindpm_4V48=1
04-16 16:55:34.662     1     1 E         : [OPLUS_CHG][sgm41512_dump_registers][0x64, 0x18, 0x8a, 0x52], [0x98, 0x07, 0xd6, 0x48], [0x34, 0x00, 0xa3, 0x2c]
04-16 16:55:34.662     1     1 E         : [OPLUS_CHG][sgm41512_hardware_init]init sgm41512 hardware!
04-16 16:55:34.663     1     1 E         : [OPLUS_CHG][sgm41512_disable_charging]sgm41512_disable_charging
04-16 16:55:35.608   321   321 E TrustyKeymaster: succeeded to send cmd (112) to com.android.trusty.keymaster with rc(8). errno: Success
04-16 16:55:34.664     1     1 E         : [OPLUS_CHG][sgm41512_float_voltage_write]vfloat_mv = 4500
04-16 16:55:34.665     1     1 E         : [OPLUS_CHG][sgm41512_set_termchg_current]term_current = 100
04-16 16:55:34.665     1     1 E         : [OPLUS_CHG][sgm41512_input_current_limit_without_aicl]tmp current [500]ma
04-16 16:55:34.666     1     1 E         : [OPLUS_CHG][sgm41512_unsuspend_charger]ignore set icl [0 500]
04-16 16:55:34.667     1     1 E         : [OPLUS_CHG][sgm41512_enable_charging]sgm41512_enable_charging
04-16 16:55:34.668     1     1 E         : [OPLUS_CHG][sgm41512_charger_probe]SGM41512 probe success.
04-16 16:55:34.668     1     1 D         : probe of 2-006b returned 1 after 8661 usecs
04-16 16:55:34.668     1     1 I         : [OPLUS_CHG][sgm41512_charger_init] Success to register sgm41512 i2c driver.
04-16 16:55:34.668     1     1 E         : [OPLUS_CHG][sgm41542_charger_init] init start
04-16 16:55:34.668     1     1 E [OPLUS_CHG][oplus_chg_ops_desc_get]members->name: ext-sgm41512
04-16 16:55:35.608   321   321 E TrustyKeymaster: Getting response size (20)
04-16 16:55:34.668     1     1 E [OPLUS_CHG][oplus_chg_ops_register]->name: ext-sgm41542
04-16 16:55:34.668     1     1 I         : [OPLUS_CHG][sgm41542_charger_init] Success to register sgm41542 i2c driver.
04-16 16:55:34.668     1     1 I         : [OPLUS_CHG][hl7138_subsys_init] init start
04-16 16:55:34.668     1     1 E         : Error: Driver 'hl7138-charger' is already registered, aborting...
04-16 16:55:34.668     1     1 E         : [OPLUS_CHG][hl7138_subsys_init] failed to register hl7138 i2c driver.
04-16 16:55:34.668     1     1 I         : [OPLUS_CHG][sc8547_subsys_init] init start
04-16 16:55:34.668     1     1 E         : Error: Driver 'sc8547-charger' is already registered, aborting...
04-16 16:55:34.668     1     1 E         : [OPLUS_CHG][sc8547_subsys_init] failed to register sc8547 i2c driver.
04-16 16:55:34.669     1     1 I         : charger-manager charger-manager: of_cm_parse_desc num_cp_psys = -22
04-16 16:55:34.669     1     1 I         : charger-manager charger-manager: cm_cap_remap_init_boundary, cap_remap_table[0].lb =1000,cap_remap_table[0].hb = 4000
04-16 16:55:34.669     1     1 I         : charger-manager charger-manager: cap_remap_table[0].lcap= 1,cap_remap_table[0].hcap = 2,cap_remap_table[0].cnt= 3
04-16 16:55:34.669     1     1 I         : charger-manager charger-manager: cm_cap_remap_init_boundary, cap_remap_table[1].lb =4000,cap_remap_table[1].hb = 6000
04-16 16:55:34.669     1     1 I         : charger-manager charger-manager: cap_remap_table[1].lcap= 2,cap_remap_table[1].hcap = 3,cap_remap_table[1].cnt= 2
04-16 16:55:34.669     1     1 I         : charger-manager charger-manager: cm_cap_remap_init_boundary, cap_remap_table[2].lb =101000,cap_remap_table[2].hb = 103000
04-16 16:55:34.669     1     1 I         : charger-manager charger-manager: cap_remap_table[2].lcap= 98,cap_remap_table[2].hcap = 99,cap_remap_table[2].cnt= 2
04-16 16:55:34.669     1     1 I         : charger-manager charger-manager: cm_cap_remap_init_boundary, cap_remap_table[3].lb =103000,cap_remap_table[3].hb = 106000
04-16 16:55:34.669     1     1 I         : charger-manager charger-manager: cap_remap_table[3].lcap= 99,cap_remap_table[3].hcap = 100,cap_remap_table[3].cnt= 3
04-16 16:55:35.609   321   321 E TrustyKeymaster: succeeded to send cmd (72) to com.android.trusty.keymaster with rc(12). errno: Success
04-16 16:55:34.669     1     1 I         : charger-manager charger-manager: cap_remap_total_cnt =106, cap_remap_table_len = 4
04-16 16:55:34.669     1     1 E [OPLUS_CHG][charger_manager_probe]: num 2  =2259
04-16 16:55:34.669     1     1 E         : [OPLUS_CHG][oplus_chg_parse_svooc_dt]oplus_parse_svooc_dt, chip->vbatt_num = 1,chip->vooc_project = 5.
04-16 16:55:34.669     1     1 F         : [OPLUS_CHG][oplus_chg_parse_svooc_dt]usbtemp_dischg_by_pmic = 0
04-16 16:55:34.669     1     1 E [OPLUS_CHG][oplus_get_chg_ops_name_from_dt]chg_ops_name: plat-pmic
04-16 16:55:34.669     1     1 E         : [OPLUS_CHG][charger_manager_probe][oplus_chg_init] gauge null, will do after bettery init.
04-16 16:55:34.669     1     1 D         : probe of charger-manager returned 0 after 209 usecs
04-16 16:55:34.669     1     1 D         : initcall __typeid__ZTSFivE_global_addr+0x178/0x5d0 [oplus_chg] returned 0 after 17978 usecs
04-16 16:55:34.670     1     1 I init    : Loaded kernel module /lib/modules/oplus_chg.ko
04-16 16:55:34.670     1     1 I init    : Loading module /lib/modules/sc27xx_fuel_gauge.ko with args ''
04-16 16:55:34.674     1     1 D         : calling  __typeid__ZTSFbvE_global_addr+0x8/0x54 [sc27xx_fuel_gauge] @ 1
04-16 16:55:34.674     1     1 E sc27xx_fgu_driver_init: num =4570
04-16 16:55:34.674     1     1 E sc27xx_fgu_probe: line4208: !!!
04-16 16:55:34.674     1     1 I sc27xx-fgu 64200000.spi: pmic@0:fgu@c00: result = reco
04-16 16:55:34.674     1     1 I sc27xx-fgu 64200000.spi: pmic@0:fgu@c00: cmd_line = earlycon console=ttyS1,115200n8 loop.max_part=7 loglevel=1 init=/init root=/dev/ram0 rw printk.devkmsg=on swiotlb=1 dummy_hcd.num=0 initcall_debug=1 androidboot.init_fatal_panic=true androidboot.hardware=ums9230_hulk androidboot.dtbo_idx=7 lcd_id=ID13 lcd_name=lcd_hx83108a_boe_mipi_hd lcd_base=9e000000 lcd_size=1600x720 logo_bpix=24 androidboot.upgradeflag=false androidboot.lwfq.type=-1 androidboot.auto.efuse=T612 androidboot.auto.chipid=UMS9230-AB  sysdump_magic=80001000 sysdump_re_flag=1  androidboot.usbmux=0x0 modem=shutdown androidboot.mode=recovery ltemode=lcsfb rfboard.id=2 rfhw.id=32816 crystal=6 32k.less=1 marlin.clktype=0 pcb.version=7 power.from.extern=0 androidboot.pmic.chipid=2730 cpcmdline=end  bootcause="Detect the recovery message in the misc partition" pwroffcause="device power down" charge.shutdown_rtc_time=1744840502  charge.charge_cycle=-1  charge.basp=-1  charge.total_mah=4775000  prj_name=2
04-16 16:55:34.674     1     1 I Get FUELGAGUE_APPLY: 1
04-16 16:55:34.674     1     1 I battery_init, fuelgauge_apply: 1
04-16 16:55:34.674     1     1 I         : Get IS_SUBBOARD_TEMP_SUPPORT no data
04-16 16:55:34.674     1     1 I battery_init, is_subboard_temp_support: 0
04-16 16:55:34.674     1     1 I Get Enable_Is_Force_Full: 1
04-16 16:55:34.674     1     1 I battery_init, enable_is_force_full: 1
04-16 16:55:34.674     1     1 I Get BATT_ID_FAST_CHECK: 1
04-16 16:55:34.674     1     1 I battery_init, batt_id_fast_chcek: 1
04-16 16:55:34.674     1     1 I         : Get NTC_SWITCH_NOT_USE no data
04-16 16:55:34.674     1     1 I battery_init, g_ntc_switch_not_use: 0
04-16 16:55:34.674     1     1 I         : ntc_switch_gpio < 0 !!!
04-16 16:55:34.674     1     1 I         : ntc_switch_gpio gpio_request fail
04-16 16:55:34.691     7     7 E [HXTP] i_get_FW: request fw ,name= Himax_firmware_BOE_HX03.bin
04-16 16:55:34.691     7     7 W himax_tp spi3.0: Direct firmware load for Himax_firmware_BOE_HX03.bin failed with error -2
04-16 16:55:34.691     7     7 W himax_tp spi3.0: Falling back to sysfs fallback for: Himax_firmware_BOE_HX03.bin
04-16 16:55:34.695     1     1 I         : [battery_type_check] g_switch_ntc = 0,ret = 1,ret_value[179]
04-16 16:55:34.695     1     1 E [battery_type_check]: adc_value[179], battery_type[12], g_fg_battery_id[1]
04-16 16:55:34.719     1     1 I         : [battery_type_check] g_switch_ntc = 0,ret = 1,ret_value[179]
04-16 16:55:34.719     1     1 E [battery_type_check]: adc_value[179], battery_type[12], g_fg_battery_id[1]
04-16 16:55:34.719     1     1 E sc27xx-fgu 64200000.spi: pmic@0:fgu@c00: oplus_chg battery_init done
04-16 16:55:34.739     1     1 I         : [battery_type_check] g_switch_ntc = 0,ret = 1,ret_value[181]
04-16 16:55:34.739     1     1 E [battery_type_check]: adc_value[181], battery_type[12], g_fg_battery_id[1]
04-16 16:55:34.739     1     1 I power_supply sc27xx-fgu: cap-calib-energy-density-ocv-table: engy_dens_ocv_hi = 3800000, engy_dens_ocv_lo = 3350000
04-16 16:55:34.739     1     1 I power_supply sc27xx-fgu: cap-calib-energy-density-ocv-table: engy_dens_ocv_hi = 4350000, engy_dens_ocv_lo = 4150000
04-16 16:55:34.739     1     1 I power_supply sc27xx-fgu: cap-track-energy-density-ocv-table: engy_dens_ocv_hi = 3722000, engy_dens_ocv_lo = 3400000
04-16 16:55:34.739     1     1 I sc27xx-fgu 64200000.spi: pmic@0:fgu@c00: shutdown_rtc_time = 1744840502, charge_cycle = -1, basp = -1, learned_mah = 4775000
04-16 16:55:34.760     1     1 I sc27xx-fgu 64200000.spi: pmic@0:fgu@c00: bat_current_ma = 245, vol_adc_mv = 315, vol_ntc_uv = 314390
04-16 16:55:34.760     1     1 I sc27xx-fgu 64200000.spi: pmic@0:fgu@c00: sc27xx_fgu_get_temp: temp = 314
04-16 16:55:34.760     1     1 I sc27xx-fgu 64200000.spi: pmic@0:fgu@c00: oci_ma = -3, vol_mv = 4394, pocv = 4394288
04-16 16:55:34.760     1     1 I sc27xx-fgu 64200000.spi: pmic@0:fgu@c00: ocv_uv[4394288] is out of dens range
04-16 16:55:34.760     1     1 W sc27xx-fgu 64200000.spi: pmic@0:fgu@c00: Boot calib: pocv_uv is not in low energy dens !!!!
04-16 16:55:34.761     1     1 I sc27xx-fgu 64200000.spi: pmic@0:fgu@c00: init: boot_cap = 980, normal_cap = 978
04-16 16:55:34.761     1     1 I sc27xx-fgu 64200000.spi: pmic@0:fgu@c00: sc27xx_fgu_batt_ovp_threshold_config 2078 overload threshold config done!
04-16 16:55:34.762     1     1 I sc27xx-fgu 64200000.spi: pmic@0:fgu@c00: end_vol = 4295, end_cur = 130
04-16 16:55:34.762    53    53 I sc27xx-fgu 64200000.spi: pmic@0:fgu@c00: init_cap = 978, init_mah = 0, init_clbcnt = 23301432, cur_clbcnt = 23301432, normal_cap = 978, data->cc_mah = 0, Tbat = 314, uusoc_vbat = 0, uusoc_mah = 0, cur_1000ma_adc = 693, vol_1000mv_adc = 693, track_sts = 0
04-16 16:55:34.762     1     1 W emdoor1-data_average_method: data=314, avgdata=314, Index=1
04-16 16:55:34.762     1     1 I sc27xx-fgu 64200000.spi: pmic@0:fgu@c00: init_cap = 978, init_clbcnt = 23301432, cur_clbcnt = 23301432, normal_cap = 978, delta_cap = 0, Tbat  = 314, uusoc_vbat = 0,total_mah = 4775-4761, vol_1000mv_adc = 693, cur_1000ma_adc = 693, cc_mah = 0
04-16 16:55:34.763    53    53 I         : charger-manager charger-manager: of_cm_parse_desc num_cp_psys = -22
04-16 16:55:34.763    53    53 I         : charger-manager charger-manager: cm_cap_remap_init_boundary, cap_remap_table[0].lb =1000,cap_remap_table[0].hb = 4000
04-16 16:55:34.763    53    53 I         : charger-manager charger-manager: cap_remap_table[0].lcap= 1,cap_remap_table[0].hcap = 2,cap_remap_table[0].cnt= 3
04-16 16:55:34.763    53    53 I         : charger-manager charger-manager: cm_cap_remap_init_boundary, cap_remap_table[1].lb =4000,cap_remap_table[1].hb = 6000
04-16 16:55:34.763    53    53 I         : charger-manager charger-manager: cap_remap_table[1].lcap= 2,cap_remap_table[1].hcap = 3,cap_remap_table[1].cnt= 2
04-16 16:55:34.763    53    53 I         : charger-manager charger-manager: cm_cap_remap_init_boundary, cap_remap_table[2].lb =101000,cap_remap_table[2].hb = 103000
04-16 16:55:35.610   321   321 E TrustyKeymaster: Getting response size (8)
04-16 16:55:34.763    53    53 I         : charger-manager charger-manager: cap_remap_table[2].lcap= 98,cap_remap_table[2].hcap = 99,cap_remap_table[2].cnt= 2
