04-16 16:55:35.620   317   317 I servicemanager: Found android.hardware.security.keymint.IKeyMintDevice/default in device VINTF manifest.
04-16 16:55:35.620   317   317 E SELinux : avc:  denied  { find } for pid=319 uid=0 name=android.hardware.security.sharedsecret.ISharedSecret/default scontext=u:r:recovery:s0 tcontext=u:object_r:hal_sharedsecret_service:s0 tclass=service_manager permissive=1
04-16 16:55:35.620   317   317 E SELinux : avc:  denied  { find } for pid=319 uid=0 name=android.hardware.security.keymint.IKeyMintDevice/default scontext=u:r:recovery:s0 tcontext=u:object_r:hal_keymint_service:s0 tclass=service_manager permissive=1
04-16 16:55:34.878   172   172 I musb-sprd 64900000.usb: enter into idle mode
04-16 16:55:35.620   321   321 E android.hardware.security.keymint-service.trusty: Adding service instance: android.hardware.security.secureclock.ISecureClock/default
04-16 16:55:34.879   172   172 I musb-sprd 64900000.usb: enter into suspend mode
04-16 16:55:35.620   317   317 E SELinux : avc:  denied  { add } for pid=321 uid=0 name=android.hardware.security.secureclock.ISecureClock/default scontext=u:r:recovery:s0 tcontext=u:object_r:hal_secureclock_service:s0 tclass=service_manager permissive=1
04-16 16:55:34.890    53    53 I         : [OPLUS_CHG][oplus_chg_update_ui_soc]full [soc ui_soc smooth_soc down_limit up_limit] = [98 98 98 30 2]
04-16 16:55:35.620   317   317 I servicemanager: Found android.hardware.security.secureclock.ISecureClock/default in device VINTF manifest.
04-16 16:55:35.620   319   326 I ServiceManager: Waiting for service 'android.hardware.security.sharedsecret.ISharedSecret/default' on '/dev/binder'...
04-16 16:55:34.890    53    53 F [OPLUS_CHG][oplus_chg_update_ui_soc]: 98,waiting_for_ffc:0,fastchg_to_ffc:0,fastchg_start:0,chg_type=0x0
04-16 16:55:35.621   321   321 E android.hardware.security.keymint-service.trusty: Adding service instance: android.hardware.security.sharedsecret.ISharedSecret/default
04-16 16:55:35.621   317   317 E SELinux : avc:  denied  { add } for pid=321 uid=0 name=android.hardware.security.sharedsecret.ISharedSecret/default scontext=u:r:recovery:s0 tcontext=u:object_r:hal_sharedsecret_service:s0 tclass=service_manager permissive=1
04-16 16:55:34.890     1     1 W platform 56750000.audio-codec: Get the sprd,anlg-phy-g-syscon failed!(-19)
04-16 16:55:35.621   317   317 I servicemanager: Found android.hardware.security.sharedsecret.ISharedSecret/default in device VINTF manifest.
04-16 16:55:35.621   321   321 E android.hardware.security.keymint-service.trusty: Adding service instance: android.hardware.security.keymint.IRemotelyProvisionedComponent/default
04-16 16:55:35.621   317   317 E SELinux : avc:  denied  { add } for pid=321 uid=0 name=android.hardware.security.keymint.IRemotelyProvisionedComponent/default scontext=u:r:recovery:s0 tcontext=u:object_r:hal_remotelyprovisionedcomponent_service:s0 tclass=service_manager permissive=1
04-16 16:55:35.621   317   317 I servicemanager: Found android.hardware.security.keymint.IRemotelyProvisionedComponent/default in device VINTF manifest.
04-16 16:55:34.890     1     1 I         : [ASoC:SC2730] ana_chip_id is 0x2730
04-16 16:55:34.891     1     1 W sprd-codec-sc2730 64200000.spi: pmic@0:audio-codec@1000: 64200000.spi:pmic@0:audio-codec@1000 supply MICBIAS not found, using dummy regulator
04-16 16:55:34.891     1     1 W sprd-codec-sc2730 64200000.spi: pmic@0:audio-codec@1000: 64200000.spi:pmic@0:audio-codec@1000 supply HEADMICBIAS not found, using dummy regulator
04-16 16:55:34.891     1     1 W sprd-codec-sc2730 64200000.spi: pmic@0:audio-codec@1000: 64200000.spi:pmic@0:audio-codec@1000 supply VB not found, using dummy regulator
04-16 16:55:34.891     1     1 W sprd-codec-sc2730 64200000.spi: pmic@0:audio-codec@1000: 64200000.spi:pmic@0:audio-codec@1000 supply BG not found, using dummy regulator
04-16 16:55:34.891     1     1 W sprd-codec-sc2730 64200000.spi: pmic@0:audio-codec@1000: 64200000.spi:pmic@0:audio-codec@1000 supply MICBIAS1 not found, using dummy regulator
04-16 16:55:34.892    53    53 E         : [OPLUS_CHG][set_rtc_spare_oplus_fg_value] set ui_soc = 98,temp_soc = 980
04-16 16:55:34.892   177   177 I         : unisoc_get_average_current, eddyhua, bat_curr_ma = -254
04-16 16:55:34.894    53    53 E         : [OPLUS_CHG][sgm41512_dump_registers][0x64, 0x18, 0xa4, 0x32], [0x98, 0x17, 0xd8, 0x48], [0x34, 0x00, 0xa3, 0x2c]
04-16 16:55:34.894    53    53 F         : [OPLUS_CHG][oplus_chg_print_log]CHGR[ 1 / 0 / 4844 / 1 / 0 ], BAT[ 1 / 0 / 1 / 0 / 1 / 5 ], GAUGE[ 314 / 314 / 4413 / 4411 / -254 / -1 / 98 / 98 / 98 / 4679500 / 0 / 0 / 0 / 0 / 0 / 0 / 0 / 0 / 0 / 0 / 0 / 0 / 0 /], STATUS[ 0x0 / 0 / 0 / 0 / 0 / 0x0 ], OTHER[ 0 / 1 / 0 / 0 / 0/ 0 / -2740 / -2740 ], VOOCPHY[ 0 / 0 / 0 / 0 / 0 / 0x0 / 0 ]
04-16 16:55:34.921    53    53 E [ASoC:BOARD] ERR: asoc_sprd_card_sub_parse_of get dai name for 'cpu' failed!(-517)
04-16 16:55:34.921    53    53 E vbc-rxpx-codec-sc27xx sound@0: asoc_sprd_card_parse_of: Parsing dai link 0 failed(-517)!
04-16 16:55:34.921    53    53 E [ASoC:BOARD] ERR: vbc_rxpx_codec_sc27xx_probe, asoc_sprd_card_probe failed!
04-16 16:55:34.921    53    53 I         : [ASoC:BOARD] sprd_asoc_card_ext_hook_free_gpio, spk cnt = 1, ext_ctrl_type = 0
04-16 16:55:34.921    53    53 D         : probe of sound@0 returned 0 after 108 usecs
04-16 16:55:34.921     1     1 D         : probe of 64200000.spi:pmic@0:audio-codec@1000 returned 1 after 46255 usecs
04-16 16:55:34.921     1     1 D         : initcall sprd_codec_dp_irq+0xdc/0xf7c [snd_soc_sprd_codec_sc2730] returned 0 after 45614 usecs
04-16 16:55:34.921     1     1 I init    : Loaded kernel module /lib/modules/snd-soc-sprd-codec-sc2730.ko
04-16 16:55:34.921     1     1 I init    : Loading module /lib/modules/snd-soc-sprd-codec-sc2730-power.ko with args ''
04-16 16:55:35.622   317   317 E SELinux : avc:  denied  { add } for pid=319 uid=0 name=android.security.compat scontext=u:r:recovery:s0 tcontext=u:object_r:keystore_compat_hal_service:s0 tclass=service_manager permissive=1
04-16 16:55:34.924     1     1 D         : calling  __cfi_check+0x1b0/0x1dc [snd_soc_sprd_codec_sc2730_power] @ 1
04-16 16:55:34.924     1     1 D         : initcall __cfi_check+0x1b0/0x1dc [snd_soc_sprd_codec_sc2730_power] returned 0 after 184 usecs
04-16 16:55:34.924     1     1 I init    : Loaded kernel module /lib/modules/snd-soc-sprd-codec-sc2730-power.ko
04-16 16:55:35.622   317   317 E SELinux : avc:  denied  { find } for pid=319 uid=0 name=android.security.compat scontext=u:r:recovery:s0 tcontext=u:object_r:keystore_compat_hal_service:s0 tclass=service_manager permissive=1
04-16 16:55:34.924     1     1 I init    : Loading module /lib/modules/snd-soc-sprd-codec-sc2730-power-dev.ko with args ''
04-16 16:55:34.926     1     1 D         : calling  __cfi_check+0x40/0x1000 [snd_soc_sprd_codec_sc2730_power_dev] @ 1
04-16 16:55:34.926     1     1 I         : [ASoC:POWER] Probe 1
04-16 16:55:34.927     1     1 I         : [ASoC:POWER] Register VREG Success!
04-16 16:55:34.927   177   177 E [ASoC:BOARD] ERR: asoc_sprd_card_sub_parse_of get dai name for 'cpu' failed!(-517)
04-16 16:55:34.927   177   177 E vbc-rxpx-codec-sc27xx sound@0: asoc_sprd_card_parse_of: Parsing dai link 0 failed(-517)!
04-16 16:55:34.927   177   177 E [ASoC:BOARD] ERR: vbc_rxpx_codec_sc27xx_probe, asoc_sprd_card_probe failed!
04-16 16:55:34.927   177   177 I         : [ASoC:BOARD] sprd_asoc_card_ext_hook_free_gpio, spk cnt = 1, ext_ctrl_type = 0
04-16 16:55:34.927   177   177 D         : probe of sound@0 returned 0 after 92 usecs
04-16 16:55:34.927     1     1 D         : probe of sprd-audio-power.1 returned 1 after 507 usecs
04-16 16:55:34.927     1     1 I         : [ASoC:POWER] Probe 2
04-16 16:55:34.927     1     1 I         : [ASoC:POWER] sprd_audio_power_config_reg_vars regmap exist return 0
04-16 16:55:34.927     1     1 I SRG_VB  : supplied by SRG_VREG
04-16 16:55:34.927     1     1 I         : [ASoC:POWER] Register VB Success!
04-16 16:55:34.927   177   177 E [ASoC:BOARD] ERR: asoc_sprd_card_sub_parse_of get dai name for 'cpu' failed!(-517)
04-16 16:55:34.927   177   177 E vbc-rxpx-codec-sc27xx sound@0: asoc_sprd_card_parse_of: Parsing dai link 0 failed(-517)!
04-16 16:55:34.927   177   177 E [ASoC:BOARD] ERR: vbc_rxpx_codec_sc27xx_probe, asoc_sprd_card_probe failed!
04-16 16:55:34.927   177   177 I         : [ASoC:BOARD] sprd_asoc_card_ext_hook_free_gpio, spk cnt = 1, ext_ctrl_type = 0
04-16 16:55:34.927   177   177 D         : probe of sound@0 returned 0 after 48 usecs
04-16 16:55:34.927     1     1 D         : probe of sprd-audio-power.2 returned 1 after 247 usecs
04-16 16:55:34.927     1     1 I         : [ASoC:POWER] Probe 3
04-16 16:55:34.927     1     1 I         : [ASoC:POWER] sprd_audio_power_config_reg_vars regmap exist return 0
04-16 16:55:34.927     1     1 I SRG_BG  : supplied by SRG_VB
04-16 16:55:34.927     1     1 I         : [ASoC:POWER] Register BG Success!
04-16 16:55:34.927   177   177 E [ASoC:BOARD] ERR: asoc_sprd_card_sub_parse_of get dai name for 'cpu' failed!(-517)
04-16 16:55:34.927   177   177 E vbc-rxpx-codec-sc27xx sound@0: asoc_sprd_card_parse_of: Parsing dai link 0 failed(-517)!
04-16 16:55:34.927   177   177 E [ASoC:BOARD] ERR: vbc_rxpx_codec_sc27xx_probe, asoc_sprd_card_probe failed!
04-16 16:55:34.927   177   177 I         : [ASoC:BOARD] sprd_asoc_card_ext_hook_free_gpio, spk cnt = 1, ext_ctrl_type = 0
04-16 16:55:34.927   177   177 D         : probe of sound@0 returned 0 after 45 usecs
04-16 16:55:34.927     1     1 D         : probe of sprd-audio-power.3 returned 1 after 212 usecs
04-16 16:55:34.927     1     1 I         : [ASoC:POWER] Probe 4
04-16 16:55:34.927     1     1 I         : [ASoC:POWER] sprd_audio_power_config_reg_vars regmap exist return 0
04-16 16:55:34.927     1     1 I SRG_BIAS: supplied by SRG_VB
04-16 16:55:34.927     1     1 I         : [ASoC:POWER] Register BIAS Success!
04-16 16:55:34.928   177   177 E [ASoC:BOARD] ERR: asoc_sprd_card_sub_parse_of get dai name for 'cpu' failed!(-517)
04-16 16:55:34.928   177   177 E vbc-rxpx-codec-sc27xx sound@0: asoc_sprd_card_parse_of: Parsing dai link 0 failed(-517)!
04-16 16:55:34.928   177   177 E [ASoC:BOARD] ERR: vbc_rxpx_codec_sc27xx_probe, asoc_sprd_card_probe failed!
04-16 16:55:35.623   319   319 E cutils-trace: Error opening trace file: No such file or directory (2)
04-16 16:55:34.928   177   177 I         : [ASoC:BOARD] sprd_asoc_card_ext_hook_free_gpio, spk cnt = 1, ext_ctrl_type = 0
04-16 16:55:34.928   177   177 D         : probe of sound@0 returned 0 after 44 usecs
04-16 16:55:34.928     1     1 D         : probe of sprd-audio-power.4 returned 1 after 204 usecs
04-16 16:55:34.928     1     1 I         : [ASoC:POWER] Probe 5
04-16 16:55:34.928     1     1 I         : [ASoC:POWER] sprd_audio_power_config_reg_vars regmap exist return 0
04-16 16:55:34.928     1     1 I SRG_MICBIAS1: supplied by SRG_BIAS
04-16 16:55:34.928     1     1 I         : [ASoC:POWER] Register MICBIAS1 Success!
04-16 16:55:34.928   177   177 E [ASoC:BOARD] ERR: asoc_sprd_card_sub_parse_of get dai name for 'cpu' failed!(-517)
04-16 16:55:34.928   177   177 E vbc-rxpx-codec-sc27xx sound@0: asoc_sprd_card_parse_of: Parsing dai link 0 failed(-517)!
04-16 16:55:34.928   177   177 E [ASoC:BOARD] ERR: vbc_rxpx_codec_sc27xx_probe, asoc_sprd_card_probe failed!
04-16 16:55:34.928   177   177 I         : [ASoC:BOARD] sprd_asoc_card_ext_hook_free_gpio, spk cnt = 1, ext_ctrl_type = 0
04-16 16:55:34.928   177   177 D         : probe of sound@0 returned 0 after 45 usecs
04-16 16:55:34.928     1     1 D         : probe of sprd-audio-power.5 returned 1 after 191 usecs
04-16 16:55:34.928     1     1 I         : [ASoC:POWER] Probe 6
04-16 16:55:34.928     1     1 I         : [ASoC:POWER] sprd_audio_power_config_reg_vars regmap exist return 0
04-16 16:55:34.928     1     1 I SRG_MICBIAS2: supplied by SRG_BIAS
04-16 16:55:35.623   313   313 I hwservicemanager: getTransport: Cannot find entry android.hidl.manager@1.2::IServiceManager/default in either framework or device VINTF manifest.
04-16 16:55:34.928     1     1 I         : [ASoC:POWER] Register MICBIAS2 Success!
04-16 16:55:34.928   177   177 E [ASoC:BOARD] ERR: asoc_sprd_card_sub_parse_of get dai name for 'cpu' failed!(-517)
04-16 16:55:34.928   177   177 E vbc-rxpx-codec-sc27xx sound@0: asoc_sprd_card_parse_of: Parsing dai link 0 failed(-517)!
04-16 16:55:34.928   177   177 E [ASoC:BOARD] ERR: vbc_rxpx_codec_sc27xx_probe, asoc_sprd_card_probe failed!
04-16 16:55:34.928   177   177 I         : [ASoC:BOARD] sprd_asoc_card_ext_hook_free_gpio, spk cnt = 1, ext_ctrl_type = 0
04-16 16:55:34.928   177   177 D         : probe of sound@0 returned 0 after 40 usecs
04-16 16:55:34.928     1     1 D         : probe of sprd-audio-power.6 returned 1 after 200 usecs
04-16 16:55:35.623   319   319 E HidlServiceManagement: getService: Potential race detected. The VINTF manifest is not being enforced. If a HAL server has a delay in starting and it is not in the manifest, it will not be retrieved. Please make sure all HALs on this device are in the VINTF manifest and enable PRODUCT_ENFORCE_VINTF_MANIFEST on this device (this is also enabled by PRODUCT_FULL_TREBLE). PRODUCT_ENFORCE_VINTF_MANIFEST will ensure that no race condition is possible here.
04-16 16:55:34.928     1     1 I         : [ASoC:POWER] Probe 7
04-16 16:55:34.928     1     1 I         : [ASoC:POWER] sprd_audio_power_config_reg_vars regmap exist return 0
04-16 16:55:34.928     1     1 I SRG_HEADMICBIAS: supplied by SRG_BG
04-16 16:55:34.928     1     1 I         : [ASoC:POWER] Register HEADMICBIAS Success!
04-16 16:55:34.928   177   177 E [ASoC:BOARD] ERR: asoc_sprd_card_sub_parse_of get dai name for 'cpu' failed!(-517)
04-16 16:55:34.928   177   177 E vbc-rxpx-codec-sc27xx sound@0: asoc_sprd_card_parse_of: Parsing dai link 0 failed(-517)!
04-16 16:55:34.928   177   177 E [ASoC:BOARD] ERR: vbc_rxpx_codec_sc27xx_probe, asoc_sprd_card_probe failed!
04-16 16:55:34.928   177   177 I         : [ASoC:BOARD] sprd_asoc_card_ext_hook_free_gpio, spk cnt = 1, ext_ctrl_type = 0
04-16 16:55:34.928   177   177 D         : probe of sound@0 returned 0 after 39 usecs
04-16 16:55:34.928     1     1 D         : probe of sprd-audio-power.7 returned 1 after 194 usecs
04-16 16:55:34.928     1     1 I         : [ASoC:POWER] Probe 8
04-16 16:55:34.928     1     1 I         : [ASoC:POWER] sprd_audio_power_config_reg_vars regmap exist return 0
04-16 16:55:34.928     1     1 I SRG_DCL : supplied by SRG_VB
04-16 16:55:34.928     1     1 I         : [ASoC:POWER] Register DCL Success!
04-16 16:55:34.928   177   177 E [ASoC:BOARD] ERR: asoc_sprd_card_sub_parse_of get dai name for 'cpu' failed!(-517)
04-16 16:55:34.928   177   177 E vbc-rxpx-codec-sc27xx sound@0: asoc_sprd_card_parse_of: Parsing dai link 0 failed(-517)!
04-16 16:55:34.928   177   177 E [ASoC:BOARD] ERR: vbc_rxpx_codec_sc27xx_probe, asoc_sprd_card_probe failed!
04-16 16:55:34.928   177   177 I         : [ASoC:BOARD] sprd_asoc_card_ext_hook_free_gpio, spk cnt = 1, ext_ctrl_type = 0
04-16 16:55:34.928   177   177 D         : probe of sound@0 returned 0 after 48 usecs
04-16 16:55:34.928     1     1 D         : probe of sprd-audio-power.8 returned 1 after 197 usecs
04-16 16:55:34.929     1     1 I         : [ASoC:POWER] Probe 9
04-16 16:55:34.929     1     1 I         : [ASoC:POWER] sprd_audio_power_config_reg_vars regmap exist return 0
04-16 16:55:34.929     1     1 I SRG_DIG_CLK_INTC: supplied by SRG_DCL
04-16 16:55:34.929     1     1 I         : [ASoC:POWER] Register DIG_CLK_INTC Success!
04-16 16:55:34.929   177   177 E [ASoC:BOARD] ERR: asoc_sprd_card_sub_parse_of get dai name for 'cpu' failed!(-517)
04-16 16:55:34.929   177   177 E vbc-rxpx-codec-sc27xx sound@0: asoc_sprd_card_parse_of: Parsing dai link 0 failed(-517)!
04-16 16:55:34.929   177   177 E [ASoC:BOARD] ERR: vbc_rxpx_codec_sc27xx_probe, asoc_sprd_card_probe failed!
04-16 16:55:34.929   177   177 I         : [ASoC:BOARD] sprd_asoc_card_ext_hook_free_gpio, spk cnt = 1, ext_ctrl_type = 0
04-16 16:55:34.929   177   177 D         : probe of sound@0 returned 0 after 41 usecs
04-16 16:55:34.929     1     1 D         : probe of sprd-audio-power.9 returned 1 after 200 usecs
04-16 16:55:34.929     1     1 I         : [ASoC:POWER] Probe 10
04-16 16:55:34.929     1     1 I         : [ASoC:POWER] sprd_audio_power_config_reg_vars regmap exist return 0
04-16 16:55:34.929     1     1 I SRG_DIG_CLK_HID: supplied by SRG_DCL
04-16 16:55:34.929     1     1 I         : [ASoC:POWER] Register DIG_CLK_HID Success!
04-16 16:55:34.929   177   177 E [ASoC:BOARD] ERR: asoc_sprd_card_sub_parse_of get dai name for 'cpu' failed!(-517)
04-16 16:55:34.929   177   177 E vbc-rxpx-codec-sc27xx sound@0: asoc_sprd_card_parse_of: Parsing dai link 0 failed(-517)!
04-16 16:55:34.929   177   177 E [ASoC:BOARD] ERR: vbc_rxpx_codec_sc27xx_probe, asoc_sprd_card_probe failed!
04-16 16:55:34.929   177   177 I         : [ASoC:BOARD] sprd_asoc_card_ext_hook_free_gpio, spk cnt = 1, ext_ctrl_type = 0
04-16 16:55:34.929   177   177 D         : probe of sound@0 returned 0 after 40 usecs
04-16 16:55:34.929     1     1 D         : probe of sprd-audio-power.10 returned 1 after 204 usecs
04-16 16:55:34.929     1     1 I         : [ASoC:POWER] Probe 11
04-16 16:55:34.929     1     1 I         : [ASoC:POWER] sprd_audio_power_config_reg_vars regmap exist return 0
04-16 16:55:34.929     1     1 I SRG_CLK_DCL_32K: supplied by SRG_DCL
04-16 16:55:34.929     1     1 I         : [ASoC:POWER] Register CLK_DCL_32K Success!
04-16 16:55:34.929   177   177 E [ASoC:BOARD] ERR: asoc_sprd_card_sub_parse_of get dai name for 'cpu' failed!(-517)
04-16 16:55:34.929   177   177 E vbc-rxpx-codec-sc27xx sound@0: asoc_sprd_card_parse_of: Parsing dai link 0 failed(-517)!
04-16 16:55:34.929   177   177 E [ASoC:BOARD] ERR: vbc_rxpx_codec_sc27xx_probe, asoc_sprd_card_probe failed!
04-16 16:55:34.929   177   177 I         : [ASoC:BOARD] sprd_asoc_card_ext_hook_free_gpio, spk cnt = 1, ext_ctrl_type = 0
04-16 16:55:34.929   177   177 D         : probe of sound@0 returned 0 after 39 usecs
04-16 16:55:34.929     1     1 D         : probe of sprd-audio-power.11 returned 1 after 196 usecs
04-16 16:55:34.929     1     1 D         : initcall __cfi_check+0x40/0x1000 [snd_soc_sprd_codec_sc2730_power_dev] returned 0 after 3113 usecs
04-16 16:55:34.929     1     1 I init    : Loaded kernel module /lib/modules/snd-soc-sprd-codec-sc2730-power-dev.ko
04-16 16:55:34.929     1     1 I init    : Loading module /lib/modules/snd-soc-sprd-dummy-codec.ko with args ''
04-16 16:55:34.932     1     1 D         : calling  __cfi_check+0x94/0xa4 [snd_soc_sprd_dummy_codec] @ 1
04-16 16:55:34.932    54    54 E [ASoC:BOARD] ERR: asoc_sprd_card_sub_parse_of get dai name for 'cpu' failed!(-517)
04-16 16:55:34.932    54    54 E vbc-rxpx-codec-sc27xx sound@0: asoc_sprd_card_parse_of: Parsing dai link 0 failed(-517)!
04-16 16:55:34.932    54    54 E [ASoC:BOARD] ERR: vbc_rxpx_codec_sc27xx_probe, asoc_sprd_card_probe failed!
04-16 16:55:34.932    54    54 I         : [ASoC:BOARD] sprd_asoc_card_ext_hook_free_gpio, spk cnt = 1, ext_ctrl_type = 0
04-16 16:55:34.932    54    54 D         : probe of sound@0 returned 0 after 72 usecs
04-16 16:55:34.932     1     1 D         : probe of sprd-dummy-playback returned 1 after 212 usecs
04-16 16:55:34.932     1     1 D         : initcall __cfi_check+0x94/0xa4 [snd_soc_sprd_dummy_codec] returned 0 after 497 usecs
04-16 16:55:34.932     1     1 I init    : Loaded kernel module /lib/modules/snd-soc-sprd-dummy-codec.ko
04-16 16:55:34.932     1     1 I init    : Loading module /lib/modules/snd-soc-sprd-pa-ucp1301.ko with args ''
04-16 16:55:34.935     1     1 D         : calling  __cfi_check+0x304/0x3d8 [snd_soc_sprd_pa_ucp1301] @ 1
04-16 16:55:34.935     1     1 D         : initcall __cfi_check+0x304/0x3d8 [snd_soc_sprd_pa_ucp1301] returned 0 after 56 usecs
04-16 16:55:34.935     1     1 I init    : Loaded kernel module /lib/modules/snd-soc-sprd-pa-ucp1301.ko
04-16 16:55:34.935     1     1 I init    : Loading module /lib/modules/snd-soc-sprd-pdm-r2p0.ko with args ''
04-16 16:55:34.938     1     1 D         : calling  __cfi_check+0x2b8/0x320 [snd_soc_sprd_pdm_r2p0] @ 1
04-16 16:55:34.938     1     1 I         : [ASoC: pdm] pdm_probe
04-16 16:55:34.938     1     1 I         : [ASoC: pdm] pdm_probe membase 0xffffffc01356d000, memphys 0x56401000, end 0x56401fff, reg_size 0x1000
04-16 16:55:34.938     1     1 I         : [ASoC: pdm] pdm_probe successful
04-16 16:55:34.938   177   177 E [ASoC:BOARD] ERR: asoc_sprd_card_sub_parse_of get dai name for 'cpu' failed!(-517)
04-16 16:55:34.938   177   177 E vbc-rxpx-codec-sc27xx sound@0: asoc_sprd_card_parse_of: Parsing dai link 0 failed(-517)!
04-16 16:55:34.938   177   177 E [ASoC:BOARD] ERR: vbc_rxpx_codec_sc27xx_probe, asoc_sprd_card_probe failed!
04-16 16:55:34.938   177   177 I         : [ASoC:BOARD] sprd_asoc_card_ext_hook_free_gpio, spk cnt = 1, ext_ctrl_type = 0
04-16 16:55:34.938   177   177 D         : probe of sound@0 returned 0 after 74 usecs
04-16 16:55:34.938     1     1 D         : probe of 56401000.pdm-dmic returned 1 after 340 usecs
04-16 16:55:34.939     1     1 D         : initcall __cfi_check+0x2b8/0x320 [snd_soc_sprd_pdm_r2p0] returned 0 after 701 usecs
04-16 16:55:34.939     1     1 I init    : Loaded kernel module /lib/modules/snd-soc-sprd-pdm-r2p0.ko
04-16 16:55:34.939     1     1 I init    : Loading module /lib/modules/sprd-platform-pcm-routing.ko with args ''
04-16 16:55:34.942     1     1 D         : calling  __cfi_check+0x118/0x138 [sprd_platform_pcm_routing] @ 1
04-16 16:55:34.942   177   177 E [ASoC:BOARD] ERR: asoc_sprd_card_sub_parse_of get dai name for 'cpu' failed!(-517)
04-16 16:55:34.942   177   177 E vbc-rxpx-codec-sc27xx sound@0: asoc_sprd_card_parse_of: Parsing dai link 0 failed(-517)!
04-16 16:55:34.942   177   177 E [ASoC:BOARD] ERR: vbc_rxpx_codec_sc27xx_probe, asoc_sprd_card_probe failed!
04-16 16:55:34.942   177   177 I         : [ASoC:BOARD] sprd_asoc_card_ext_hook_free_gpio, spk cnt = 1, ext_ctrl_type = 0
04-16 16:55:34.942   177   177 D         : probe of sound@0 returned 0 after 90 usecs
04-16 16:55:34.942     1     1 D         : probe of sprd-routing-pcm returned 1 after 320 usecs
04-16 16:55:34.943     1     1 D         : initcall __cfi_check+0x118/0x138 [sprd_platform_pcm_routing] returned 0 after 657 usecs
04-16 16:55:34.943     1     1 I init    : Loaded kernel module /lib/modules/sprd-platform-pcm-routing.ko
04-16 16:55:34.943     1     1 I init    : Loading module /lib/modules/snd-soc-sprd-vbc-v4.ko with args ''
04-16 16:55:34.955     1     1 D         : calling  pm_shutdown+0x2c8/0xd20 [snd_soc_sprd_vbc_v4] @ 1
04-16 16:55:34.956     1     1 I [ASoC: VBC ] vbc_drv_probe: 12735:vbc_drv_probe: to setup vbc dt
04-16 16:55:34.956     1     1 I [ASoC: VBC ] sprd_vbc_codec_probe: 5442:sprd_vbc_codec_probe
04-16 16:55:34.956     1     1 I [ASoC: VBC ] vbc_of_setup: 12724:get pinctrl device!
04-16 16:55:34.956     1     1 I [ASoC: VBC ] vbc_turning_ndp_init: 3263:vbc_turning_ndp_init,alloc dev id 0x1e100000, major =481, minor = 0!
04-16 16:55:34.956     1     1 I [ASoC: VBC ] vbc_turning_ndp_init: 3267:vbc_turning_ndp_init,alloc dev id 504365056 for NO.0!
04-16 16:55:34.956     1     1 I [ASoC: VBC ] vbc_turning_ndp_init: 3281:vbc_turning_ndp_init,ndp_name = vbc_turning0 !
04-16 16:55:34.956     1     1 I [ASoC: VBC ] vbc_turning_ndp_init: 3267:vbc_turning_ndp_init,alloc dev id 504365057 for NO.1!
04-16 16:55:34.956     1     1 I [ASoC: VBC ] vbc_turning_ndp_init: 3281:vbc_turning_ndp_init,ndp_name = vbc_turning1 !
04-16 16:55:34.956     1     1 I [ASoC: VBC ] vbc_turning_ndp_init: 3267:vbc_turning_ndp_init,alloc dev id 504365058 for NO.2!
04-16 16:55:34.956     1     1 I [ASoC: VBC ] vbc_turning_ndp_init: 3281:vbc_turning_ndp_init,ndp_name = vbc_turning2 !
04-16 16:55:34.956     1     1 I [ASoC: VBC ] vbc_turning_ndp_init: 3267:vbc_turning_ndp_init,alloc dev id 504365059 for NO.3!
04-16 16:55:34.956     1     1 I [ASoC: VBC ] vbc_turning_ndp_init: 3281:vbc_turning_ndp_init,ndp_name = vbc_turning3 !
04-16 16:55:34.956     1     1 I [ASoC: VBC ] vbc_turning_ndp_init: 3304:vbc_turning_ndp_init: success.
04-16 16:55:34.956   177   177 E [ASoC:BOARD] ERR: asoc_sprd_card_sub_parse_of get dai name for 'cpu' failed!(-517)
04-16 16:55:34.956   177   177 E vbc-rxpx-codec-sc27xx sound@0: asoc_sprd_card_parse_of: Parsing dai link 0 failed(-517)!
04-16 16:55:34.956   177   177 E [ASoC:BOARD] ERR: vbc_rxpx_codec_sc27xx_probe, asoc_sprd_card_probe failed!
04-16 16:55:34.956   177   177 I         : [ASoC:BOARD] sprd_asoc_card_ext_hook_free_gpio, spk cnt = 1, ext_ctrl_type = 0
04-16 16:55:34.956   177   177 D         : probe of sound@0 returned 0 after 96 usecs
04-16 16:55:34.956     1     1 D         : probe of 56480000.vbc returned 1 after 833 usecs
04-16 16:55:34.957     1     1 D         : initcall pm_shutdown+0x2c8/0xd20 [snd_soc_sprd_vbc_v4] returned 0 after 1250 usecs
04-16 16:55:34.957     1     1 I init    : Loaded kernel module /lib/modules/snd-soc-sprd-vbc-v4.ko
04-16 16:55:34.957     1     1 I init    : Loading module /lib/modules/snd-soc-sprd-vbc-fe.ko with args ''
04-16 16:55:34.959     1     1 D         : calling  __cfi_check+0x11c/0x1000 [snd_soc_sprd_vbc_fe] @ 1
04-16 16:55:34.960   177   177 E [ASoC:BOARD] ERR: asoc_sprd_card_sub_parse_of parse phandle 'codec' failed!(-2)
04-16 16:55:34.960   177   177 I [ASoC:BOARD] asoc_sprd_card_dai_link_of: parse for codec failed. Go to use a dummy codec.
04-16 16:55:34.960   177   177 I vbc-rxpx-codec-sc27xx sound@0: name : FE_NORMAL_AP01
04-16 16:55:34.960   177   177 I vbc-rxpx-codec-sc27xx sound@0: stream_name : FE_ST_NORMAL_AP01
04-16 16:55:34.960   177   177 E [ASoC:BOARD] ERR: asoc_sprd_card_sub_parse_of parse phandle 'codec' failed!(-2)
04-16 16:55:34.960   177   177 I [ASoC:BOARD] asoc_sprd_card_dai_link_of: parse for codec failed. Go to use a dummy codec.
04-16 16:55:34.960   177   177 I vbc-rxpx-codec-sc27xx sound@0: name : FE_NORMAL_AP23
04-16 16:55:34.960   177   177 I vbc-rxpx-codec-sc27xx sound@0: stream_name : FE_ST_NORMAL_AP23
04-16 16:55:34.960   177   177 E [ASoC:BOARD] ERR: asoc_sprd_card_sub_parse_of parse phandle 'codec' failed!(-2)
04-16 16:55:34.960   177   177 I [ASoC:BOARD] asoc_sprd_card_dai_link_of: parse for codec failed. Go to use a dummy codec.
04-16 16:55:34.960   177   177 I vbc-rxpx-codec-sc27xx sound@0: name : FE_CAPTURE_DSP
04-16 16:55:34.960   177   177 I vbc-rxpx-codec-sc27xx sound@0: stream_name : FE_ST_CAPTURE_DSP
04-16 16:55:34.960   177   177 E [ASoC:BOARD] ERR: asoc_sprd_card_sub_parse_of parse phandle 'codec' failed!(-2)
04-16 16:55:34.960   177   177 I [ASoC:BOARD] asoc_sprd_card_dai_link_of: parse for codec failed. Go to use a dummy codec.
04-16 16:55:34.960   177   177 I vbc-rxpx-codec-sc27xx sound@0: name : FE_FAST
04-16 16:55:34.960   177   177 I vbc-rxpx-codec-sc27xx sound@0: stream_name : FE_ST_FAST
04-16 16:55:34.960   177   177 E [ASoC:BOARD] ERR: asoc_sprd_card_sub_parse_of parse phandle 'codec' failed!(-2)
04-16 16:55:34.960   177   177 I [ASoC:BOARD] asoc_sprd_card_dai_link_of: parse for codec failed. Go to use a dummy codec.
04-16 16:55:34.960   177   177 I vbc-rxpx-codec-sc27xx sound@0: name : FE_OFFLOAD
04-16 16:55:34.960   177   177 I vbc-rxpx-codec-sc27xx sound@0: stream_name : FE_ST_OFFLOAD
04-16 16:55:34.960   177   177 E [ASoC:BOARD] ERR: asoc_sprd_card_sub_parse_of parse phandle 'codec' failed!(-2)
04-16 16:55:34.960   177   177 I [ASoC:BOARD] asoc_sprd_card_dai_link_of: parse for codec failed. Go to use a dummy codec.
04-16 16:55:34.960   177   177 I vbc-rxpx-codec-sc27xx sound@0: name : FE_VOICE
04-16 16:55:34.960   177   177 I vbc-rxpx-codec-sc27xx sound@0: stream_name : FE_ST_VOICE
04-16 16:55:34.960   177   177 E [ASoC:BOARD] ERR: asoc_sprd_card_sub_parse_of parse phandle 'codec' failed!(-2)
04-16 16:55:34.960   177   177 I [ASoC:BOARD] asoc_sprd_card_dai_link_of: parse for codec failed. Go to use a dummy codec.
04-16 16:55:34.960   177   177 I vbc-rxpx-codec-sc27xx sound@0: name : FE_VOIP
04-16 16:55:34.960   177   177 I vbc-rxpx-codec-sc27xx sound@0: stream_name : FE_ST_VOIP
04-16 16:55:34.960   177   177 E [ASoC:BOARD] ERR: asoc_sprd_card_sub_parse_of parse phandle 'codec' failed!(-2)
04-16 16:55:34.960   177   177 I [ASoC:BOARD] asoc_sprd_card_dai_link_of: parse for codec failed. Go to use a dummy codec.
04-16 16:55:34.960   177   177 I vbc-rxpx-codec-sc27xx sound@0: name : FE_FM
04-16 16:55:34.960   177   177 I vbc-rxpx-codec-sc27xx sound@0: stream_name : FE_ST_FM
04-16 16:55:34.960   177   177 E [ASoC:BOARD] ERR: asoc_sprd_card_sub_parse_of parse phandle 'codec' failed!(-2)
04-16 16:55:34.960   177   177 I [ASoC:BOARD] asoc_sprd_card_dai_link_of: parse for codec failed. Go to use a dummy codec.
04-16 16:55:34.960   177   177 I vbc-rxpx-codec-sc27xx sound@0: name : FE_FM_C
04-16 16:55:34.960   177   177 I vbc-rxpx-codec-sc27xx sound@0: stream_name : FE_ST_FM_C
04-16 16:55:34.960   177   177 E [ASoC:BOARD] ERR: asoc_sprd_card_sub_parse_of parse phandle 'codec' failed!(-2)
04-16 16:55:34.960   177   177 I [ASoC:BOARD] asoc_sprd_card_dai_link_of: parse for codec failed. Go to use a dummy codec.
04-16 16:55:34.960   177   177 I vbc-rxpx-codec-sc27xx sound@0: name : FE_VOICE_C
04-16 16:55:34.960   177   177 I vbc-rxpx-codec-sc27xx sound@0: stream_name : FE_ST_VOICE_C
04-16 16:55:34.960   177   177 E [ASoC:BOARD] ERR: asoc_sprd_card_sub_parse_of parse phandle 'codec' failed!(-2)
04-16 16:55:34.960   177   177 I [ASoC:BOARD] asoc_sprd_card_dai_link_of: parse for codec failed. Go to use a dummy codec.
04-16 16:55:34.960   177   177 I vbc-rxpx-codec-sc27xx sound@0: name : FE_LOOP
04-16 16:55:34.960   177   177 I vbc-rxpx-codec-sc27xx sound@0: stream_name : FE_ST_LOOP
04-16 16:55:34.960   177   177 E [ASoC:BOARD] ERR: asoc_sprd_card_sub_parse_of parse phandle 'codec' failed!(-2)
04-16 16:55:34.960   177   177 I [ASoC:BOARD] asoc_sprd_card_dai_link_of: parse for codec failed. Go to use a dummy codec.
04-16 16:55:34.960   177   177 I vbc-rxpx-codec-sc27xx sound@0: name : FE_A2DP_OFFLOAD
04-16 16:55:34.960   177   177 I vbc-rxpx-codec-sc27xx sound@0: stream_name : FE_ST_A2DP_OFFLOAD
04-16 16:55:34.960   177   177 E [ASoC:BOARD] ERR: asoc_sprd_card_sub_parse_of parse phandle 'codec' failed!(-2)
04-16 16:55:34.960   177   177 I [ASoC:BOARD] asoc_sprd_card_dai_link_of: parse for codec failed. Go to use a dummy codec.
04-16 16:55:34.960   177   177 I vbc-rxpx-codec-sc27xx sound@0: name : FE_A2DP_PCM
04-16 16:55:34.960   177   177 I vbc-rxpx-codec-sc27xx sound@0: stream_name : FE_ST_A2DP_PCM
04-16 16:55:34.960   177   177 E [ASoC:BOARD] ERR: asoc_sprd_card_sub_parse_of parse phandle 'codec' failed!(-2)
04-16 16:55:34.960   177   177 I [ASoC:BOARD] asoc_sprd_card_dai_link_of: parse for codec failed. Go to use a dummy codec.
04-16 16:55:34.960   177   177 I vbc-rxpx-codec-sc27xx sound@0: name : FE_CAPTURE_FM_DSP
04-16 16:55:34.960   177   177 I vbc-rxpx-codec-sc27xx sound@0: stream_name : FE_ST_CAPTURE_FM_DSP
04-16 16:55:34.960   177   177 E [ASoC:BOARD] ERR: asoc_sprd_card_sub_parse_of parse phandle 'codec' failed!(-2)
04-16 16:55:34.960   177   177 I [ASoC:BOARD] asoc_sprd_card_dai_link_of: parse for codec failed. Go to use a dummy codec.
04-16 16:55:34.960   177   177 I vbc-rxpx-codec-sc27xx sound@0: name : FE_CAPTURE_BTSCO_DSP
04-16 16:55:34.960   177   177 I vbc-rxpx-codec-sc27xx sound@0: stream_name : FE_ST_CAPTURE_BTSCO_DSP
04-16 16:55:34.960   177   177 E [ASoC:BOARD] ERR: asoc_sprd_card_sub_parse_of parse phandle 'codec' failed!(-2)
04-16 16:55:34.960   177   177 I [ASoC:BOARD] asoc_sprd_card_dai_link_of: parse for codec failed. Go to use a dummy codec.
04-16 16:55:34.960   177   177 I vbc-rxpx-codec-sc27xx sound@0: name : FE_FM_DSP
04-16 16:55:34.960   177   177 I vbc-rxpx-codec-sc27xx sound@0: stream_name : FE_ST_FM_DSP
04-16 16:55:34.960   177   177 E [ASoC:BOARD] ERR: asoc_sprd_card_sub_parse_of parse phandle 'codec' failed!(-2)
04-16 16:55:34.960   177   177 I [ASoC:BOARD] asoc_sprd_card_dai_link_of: parse for codec failed. Go to use a dummy codec.
04-16 16:55:34.960   177   177 I vbc-rxpx-codec-sc27xx sound@0: name : FE_DUMP
04-16 16:55:34.960   177   177 I vbc-rxpx-codec-sc27xx sound@0: stream_name : FE_ST_DUMP
04-16 16:55:34.960   177   177 E [ASoC:BOARD] ERR: asoc_sprd_card_sub_parse_of parse phandle 'codec' failed!(-2)
04-16 16:55:34.960   177   177 I [ASoC:BOARD] asoc_sprd_card_dai_link_of: parse for codec failed. Go to use a dummy codec.
04-16 16:55:34.960   177   177 I vbc-rxpx-codec-sc27xx sound@0: name : FE_BTCAP_AP
04-16 16:55:34.960   177   177 I vbc-rxpx-codec-sc27xx sound@0: stream_name : FE_ST_BTCAP_AP
04-16 16:55:34.960   177   177 I vbc-rxpx-codec-sc27xx sound@0: name : BE_NORMAL_AP01_CODEC
04-16 16:55:34.960   177   177 I vbc-rxpx-codec-sc27xx sound@0: stream_name : BE_ST_NORMAL_AP01_CODEC
04-16 16:55:34.960   177   177 I vbc-rxpx-codec-sc27xx sound@0: name : BE_NORMAL_AP23_CODEC
04-16 16:55:34.960   177   177 I vbc-rxpx-codec-sc27xx sound@0: stream_name : BE_ST_NORMAL_AP23_CODEC
04-16 16:55:34.960   177   177 I vbc-rxpx-codec-sc27xx sound@0: name : BE_CAPTURE_DSP_CODEC
04-16 16:55:34.960   177   177 I vbc-rxpx-codec-sc27xx sound@0: stream_name : BE_ST_CAPTURE_DSP_CODEC
04-16 16:55:34.960   177   177 I vbc-rxpx-codec-sc27xx sound@0: name : BE_FAST_CODEC
04-16 16:55:34.960   177   177 I vbc-rxpx-codec-sc27xx sound@0: stream_name : BE_ST_FAST_CODEC
04-16 16:55:34.960   177   177 I vbc-rxpx-codec-sc27xx sound@0: name : BE_OFFLOAD_CODEC
04-16 16:55:34.960   177   177 I vbc-rxpx-codec-sc27xx sound@0: stream_name : BE_ST_OFFLOAD_CODEC
04-16 16:55:34.960   177   177 I vbc-rxpx-codec-sc27xx sound@0: name : BE_VOICE_CODEC
04-16 16:55:34.960   177   177 I vbc-rxpx-codec-sc27xx sound@0: stream_name : BE_ST_VOICE_CODEC
04-16 16:55:34.960   177   177 I vbc-rxpx-codec-sc27xx sound@0: name : BE_VOIP_CODEC
04-16 16:55:34.960   177   177 I vbc-rxpx-codec-sc27xx sound@0: stream_name : BE_ST_VOIP_CODEC
04-16 16:55:34.960   177   177 I vbc-rxpx-codec-sc27xx sound@0: name : BE_FM_CODEC
04-16 16:55:34.960   177   177 I vbc-rxpx-codec-sc27xx sound@0: stream_name : BE_ST_FM_CODEC
04-16 16:55:34.960   177   177 I vbc-rxpx-codec-sc27xx sound@0: name : BE_LOOP_CODEC
04-16 16:55:34.960   177   177 I vbc-rxpx-codec-sc27xx sound@0: stream_name : BE_ST_LOOP_CODEC
04-16 16:55:34.960   177   177 I vbc-rxpx-codec-sc27xx sound@0: name : BE_FM_DSP_CODEC
04-16 16:55:34.960   177   177 I vbc-rxpx-codec-sc27xx sound@0: stream_name : BE_ST_FM_DSP_CODEC
04-16 16:55:34.960   177   177 E [ASoC:BOARD] ERR: asoc_sprd_card_sub_parse_of parse phandle 'codec' failed!(-2)
04-16 16:55:34.960   177   177 I [ASoC:BOARD] asoc_sprd_card_dai_link_of: parse for codec failed. Go to use a dummy codec.
04-16 16:55:34.960   177   177 I vbc-rxpx-codec-sc27xx sound@0: name : BE_NORMAL_AP01_USB
04-16 16:55:34.960   177   177 I vbc-rxpx-codec-sc27xx sound@0: stream_name : BE_ST_NORMAL_AP01_USB
04-16 16:55:34.960   177   177 E [ASoC:BOARD] ERR: asoc_sprd_card_sub_parse_of parse phandle 'codec' failed!(-2)
04-16 16:55:34.960   177   177 I [ASoC:BOARD] asoc_sprd_card_dai_link_of: parse for codec failed. Go to use a dummy codec.
04-16 16:55:34.960   177   177 I vbc-rxpx-codec-sc27xx sound@0: name : BE_NORMAL_AP23_USB
04-16 16:55:34.960   177   177 I vbc-rxpx-codec-sc27xx sound@0: stream_name : BE_ST_NORMAL_AP23_USB
04-16 16:55:34.960   177   177 E [ASoC:BOARD] ERR: asoc_sprd_card_sub_parse_of parse phandle 'codec' failed!(-2)
04-16 16:55:34.960   177   177 I [ASoC:BOARD] asoc_sprd_card_dai_link_of: parse for codec failed. Go to use a dummy codec.
04-16 16:55:34.960   177   177 I vbc-rxpx-codec-sc27xx sound@0: name : BE_CAPTURE_DSP_USB
04-16 16:55:34.960   177   177 I vbc-rxpx-codec-sc27xx sound@0: stream_name : BE_ST_CAPTURE_DSP_USB
04-16 16:55:34.960   177   177 E [ASoC:BOARD] ERR: asoc_sprd_card_sub_parse_of parse phandle 'codec' failed!(-2)
04-16 16:55:34.960   177   177 I [ASoC:BOARD] asoc_sprd_card_dai_link_of: parse for codec failed. Go to use a dummy codec.
04-16 16:55:34.960   177   177 I vbc-rxpx-codec-sc27xx sound@0: name : BE_FAST_USB
04-16 16:55:34.960   177   177 I vbc-rxpx-codec-sc27xx sound@0: stream_name : BE_ST_FAST_USB
04-16 16:55:34.960   177   177 E [ASoC:BOARD] ERR: asoc_sprd_card_sub_parse_of parse phandle 'codec' failed!(-2)
04-16 16:55:34.960   177   177 I [ASoC:BOARD] asoc_sprd_card_dai_link_of: parse for codec failed. Go to use a dummy codec.
04-16 16:55:34.960   177   177 I vbc-rxpx-codec-sc27xx sound@0: name : BE_OFFLOAD_USB
04-16 16:55:34.960   177   177 I vbc-rxpx-codec-sc27xx sound@0: stream_name : BE_ST_OFFLOAD_USB
04-16 16:55:34.960   177   177 E [ASoC:BOARD] ERR: asoc_sprd_card_sub_parse_of parse phandle 'codec' failed!(-2)
04-16 16:55:34.960   177   177 I [ASoC:BOARD] asoc_sprd_card_dai_link_of: parse for codec failed. Go to use a dummy codec.
04-16 16:55:34.960   177   177 I vbc-rxpx-codec-sc27xx sound@0: name : BE_VOICE_USB
04-16 16:55:34.960   177   177 I vbc-rxpx-codec-sc27xx sound@0: stream_name : BE_ST_VOICE_USB
04-16 16:55:34.960   177   177 E [ASoC:BOARD] ERR: asoc_sprd_card_sub_parse_of parse phandle 'codec' failed!(-2)
04-16 16:55:34.960   177   177 I [ASoC:BOARD] asoc_sprd_card_dai_link_of: parse for codec failed. Go to use a dummy codec.
04-16 16:55:34.960   177   177 I vbc-rxpx-codec-sc27xx sound@0: name : BE_VOIP_USB
04-16 16:55:34.960   177   177 I vbc-rxpx-codec-sc27xx sound@0: stream_name : BE_ST_VOIP_USB
04-16 16:55:34.960   177   177 E [ASoC:BOARD] ERR: asoc_sprd_card_sub_parse_of parse phandle 'codec' failed!(-2)
04-16 16:55:34.960   177   177 I [ASoC:BOARD] asoc_sprd_card_dai_link_of: parse for codec failed. Go to use a dummy codec.
04-16 16:55:34.960   177   177 I vbc-rxpx-codec-sc27xx sound@0: name : BE_FM_USB
04-16 16:55:34.960   177   177 I vbc-rxpx-codec-sc27xx sound@0: stream_name : BE_ST_FM_USB
04-16 16:55:34.960   177   177 E [ASoC:BOARD] ERR: asoc_sprd_card_sub_parse_of parse phandle 'codec' failed!(-2)
04-16 16:55:34.960   177   177 I [ASoC:BOARD] asoc_sprd_card_dai_link_of: parse for codec failed. Go to use a dummy codec.
04-16 16:55:34.960   177   177 I vbc-rxpx-codec-sc27xx sound@0: name : BE_LOOP_USB
04-16 16:55:34.960   177   177 I vbc-rxpx-codec-sc27xx sound@0: stream_name : BE_ST_LOOP_USB
04-16 16:55:34.960   177   177 E [ASoC:BOARD] ERR: asoc_sprd_card_sub_parse_of parse phandle 'codec' failed!(-2)
04-16 16:55:34.960   177   177 I [ASoC:BOARD] asoc_sprd_card_dai_link_of: parse for codec failed. Go to use a dummy codec.
04-16 16:55:34.960   177   177 I vbc-rxpx-codec-sc27xx sound@0: name : BE_FM_DSP_USB
04-16 16:55:34.960   177   177 I vbc-rxpx-codec-sc27xx sound@0: stream_name : BE_ST_FM_DSP_USB
04-16 16:55:34.960   177   177 E [ASoC:BOARD] ERR: asoc_sprd_card_sub_parse_of parse phandle 'codec' failed!(-2)
04-16 16:55:34.960   177   177 I [ASoC:BOARD] asoc_sprd_card_dai_link_of: parse for codec failed. Go to use a dummy codec.
04-16 16:55:34.960   177   177 I vbc-rxpx-codec-sc27xx sound@0: name : BE_OFFLOAD_A2DP
04-16 16:55:34.960   177   177 I vbc-rxpx-codec-sc27xx sound@0: stream_name : BE_ST_OFFLOAD_A2DP
04-16 16:55:34.960   177   177 E [ASoC:BOARD] ERR: asoc_sprd_card_sub_parse_of parse phandle 'codec' failed!(-2)
04-16 16:55:34.960   177   177 I [ASoC:BOARD] asoc_sprd_card_dai_link_of: parse for codec failed. Go to use a dummy codec.
04-16 16:55:34.960   177   177 I vbc-rxpx-codec-sc27xx sound@0: name : BE_PCM_A2DP
04-16 16:55:34.960   177   177 I vbc-rxpx-codec-sc27xx sound@0: stream_name : BE_ST_PCM_A2DP
04-16 16:55:34.960   177   177 E [ASoC:BOARD] ERR: asoc_sprd_card_sub_parse_of parse phandle 'codec' failed!(-2)
04-16 16:55:34.960   177   177 I [ASoC:BOARD] asoc_sprd_card_dai_link_of: parse for codec failed. Go to use a dummy codec.
04-16 16:55:34.960   177   177 I vbc-rxpx-codec-sc27xx sound@0: name : BE_VOICE_BT
04-16 16:55:34.960   177   177 I vbc-rxpx-codec-sc27xx sound@0: stream_name : BE_ST_VOICE_BT
04-16 16:55:34.960   177   177 E [ASoC:BOARD] ERR: asoc_sprd_card_sub_parse_of parse phandle 'codec' failed!(-2)
04-16 16:55:34.960   177   177 I [ASoC:BOARD] asoc_sprd_card_dai_link_of: parse for codec failed. Go to use a dummy codec.
04-16 16:55:34.960   177   177 I vbc-rxpx-codec-sc27xx sound@0: name : BE_VOIP_BT
04-16 16:55:34.960   177   177 I vbc-rxpx-codec-sc27xx sound@0: stream_name : BE_ST_VOIP_BT
04-16 16:55:34.960   177   177 E [ASoC:BOARD] ERR: asoc_sprd_card_sub_parse_of parse phandle 'codec' failed!(-2)
04-16 16:55:34.960   177   177 I [ASoC:BOARD] asoc_sprd_card_dai_link_of: parse for codec failed. Go to use a dummy codec.
04-16 16:55:34.960   177   177 I vbc-rxpx-codec-sc27xx sound@0: name : BE_LOOP_BT
04-16 16:55:34.960   177   177 I vbc-rxpx-codec-sc27xx sound@0: stream_name : BE_ST_LOOP_BT
04-16 16:55:34.960   177   177 E [ASoC:BOARD] ERR: asoc_sprd_card_sub_parse_of parse phandle 'codec' failed!(-2)
04-16 16:55:34.960   177   177 I [ASoC:BOARD] asoc_sprd_card_dai_link_of: parse for codec failed. Go to use a dummy codec.
04-16 16:55:34.960   177   177 I vbc-rxpx-codec-sc27xx sound@0: name : BE_BT_C
04-16 16:55:34.960   177   177 I vbc-rxpx-codec-sc27xx sound@0: stream_name : BE_ST_BT_C
04-16 16:55:34.960   177   177 E [ASoC:BOARD] ERR: asoc_sprd_card_sub_parse_of parse phandle 'codec' failed!(-2)
04-16 16:55:34.960   177   177 I [ASoC:BOARD] asoc_sprd_card_dai_link_of: parse for codec failed. Go to use a dummy codec.
04-16 16:55:34.960   177   177 I vbc-rxpx-codec-sc27xx sound@0: name : BE_VOICE_C
04-16 16:55:34.960   177   177 I vbc-rxpx-codec-sc27xx sound@0: stream_name : BE_ST_VOICE_C
04-16 16:55:34.960   177   177 E [ASoC:BOARD] ERR: asoc_sprd_card_sub_parse_of parse phandle 'codec' failed!(-2)
04-16 16:55:34.960   177   177 I [ASoC:BOARD] asoc_sprd_card_dai_link_of: parse for codec failed. Go to use a dummy codec.
04-16 16:55:34.960   177   177 I vbc-rxpx-codec-sc27xx sound@0: name : BE_FM_C
04-16 16:55:34.960   177   177 I vbc-rxpx-codec-sc27xx sound@0: stream_name : BE_ST_FM_C
04-16 16:55:34.960   177   177 E [ASoC:BOARD] ERR: asoc_sprd_card_sub_parse_of parse phandle 'codec' failed!(-2)
04-16 16:55:34.960   177   177 I [ASoC:BOARD] asoc_sprd_card_dai_link_of: parse for codec failed. Go to use a dummy codec.
04-16 16:55:34.960   177   177 I vbc-rxpx-codec-sc27xx sound@0: name : BE_CAPTURE_FM_DSP
04-16 16:55:34.960   177   177 I vbc-rxpx-codec-sc27xx sound@0: stream_name : BE_ST_CAPTURE_FM_DSP
04-16 16:55:34.960   177   177 E [ASoC:BOARD] ERR: asoc_sprd_card_sub_parse_of parse phandle 'codec' failed!(-2)
04-16 16:55:34.960   177   177 I [ASoC:BOARD] asoc_sprd_card_dai_link_of: parse for codec failed. Go to use a dummy codec.
04-16 16:55:34.960   177   177 I vbc-rxpx-codec-sc27xx sound@0: name : BE_CAPTURE_BTSCO_DSP
04-16 16:55:34.960   177   177 I vbc-rxpx-codec-sc27xx sound@0: stream_name : BE_ST_CAPTURE_BTSCO_DSP
04-16 16:55:34.960   177   177 E [ASoC:BOARD] ERR: asoc_sprd_card_sub_parse_of parse phandle 'codec' failed!(-2)
04-16 16:55:34.960   177   177 I [ASoC:BOARD] asoc_sprd_card_dai_link_of: parse for codec failed. Go to use a dummy codec.
04-16 16:55:34.960   177   177 I vbc-rxpx-codec-sc27xx sound@0: name : BE_DUMP
04-16 16:55:34.960   177   177 I vbc-rxpx-codec-sc27xx sound@0: stream_name : BE_DUMP
04-16 16:55:34.960   177   177 E [ASoC:BOARD] ERR: asoc_sprd_card_sub_parse_of parse phandle 'codec' failed!(-2)
04-16 16:55:34.960   177   177 I [ASoC:BOARD] asoc_sprd_card_dai_link_of: parse for codec failed. Go to use a dummy codec.
04-16 16:55:34.960   177   177 I vbc-rxpx-codec-sc27xx sound@0: name : FE_TEST_CODEC
04-16 16:55:34.960   177   177 I vbc-rxpx-codec-sc27xx sound@0: stream_name : FE_ST_TEST_CODEC
04-16 16:55:34.960   177   177 I vbc-rxpx-codec-sc27xx sound@0: name : BE_TEST_CODEC
04-16 16:55:34.960   177   177 I vbc-rxpx-codec-sc27xx sound@0: stream_name : BE_TEST_CODEC
04-16 16:55:34.960   177   177 E [ASoC:BOARD] ERR: asoc_sprd_card_sub_parse_of parse phandle 'codec' failed!(-2)
04-16 16:55:34.960   177   177 I [ASoC:BOARD] asoc_sprd_card_dai_link_of: parse for codec failed. Go to use a dummy codec.
04-16 16:55:34.960   177   177 I vbc-rxpx-codec-sc27xx sound@0: name : BE_FAST_BTSCO
04-16 16:55:34.960   177   177 I vbc-rxpx-codec-sc27xx sound@0: stream_name : BE_ST_FAST_BTSCO
04-16 16:55:34.960   177   177 E [ASoC:BOARD] ERR: asoc_sprd_card_sub_parse_of parse phandle 'codec' failed!(-2)
04-16 16:55:34.960   177   177 I [ASoC:BOARD] asoc_sprd_card_dai_link_of: parse for codec failed. Go to use a dummy codec.
04-16 16:55:34.960   177   177 I vbc-rxpx-codec-sc27xx sound@0: name : BE_NORMAL_AP01_BTSCO
04-16 16:55:34.960   177   177 I vbc-rxpx-codec-sc27xx sound@0: stream_name : BE_ST_NORMAL_AP01_BTSCO
04-16 16:55:34.961   177   177 E [ASoC:BOARD] ERR: asoc_sprd_card_sub_parse_of parse phandle 'codec' failed!(-2)
04-16 16:55:34.961   177   177 I [ASoC:BOARD] asoc_sprd_card_dai_link_of: parse for codec failed. Go to use a dummy codec.
04-16 16:55:34.961   177   177 I vbc-rxpx-codec-sc27xx sound@0: name : FE_VOICE_PCM_P
04-16 16:55:34.961   177   177 I vbc-rxpx-codec-sc27xx sound@0: stream_name : FE_ST_VOICE_PCM_P
04-16 16:55:34.961   177   177 E [ASoC:BOARD] ERR: asoc_sprd_card_sub_parse_of parse phandle 'codec' failed!(-2)
04-16 16:55:34.961   177   177 I [ASoC:BOARD] asoc_sprd_card_dai_link_of: parse for codec failed. Go to use a dummy codec.
04-16 16:55:34.961   177   177 I vbc-rxpx-codec-sc27xx sound@0: name : BE_VOICE_PCM_P
04-16 16:55:34.961   177   177 I vbc-rxpx-codec-sc27xx sound@0: stream_name : BE_ST_VOICE_PCM_P
04-16 16:55:34.961   177   177 E [ASoC:BOARD] ERR: asoc_sprd_card_sub_parse_of parse phandle 'codec' failed!(-2)
04-16 16:55:34.961   177   177 I [ASoC:BOARD] asoc_sprd_card_dai_link_of: parse for codec failed. Go to use a dummy codec.
04-16 16:55:34.961   177   177 I vbc