03-26 05:57:14.927     1     1 W sprd-cpufreq-v2 soc: aon:apcpu-dvfs: sprd_cluster_props_init: get cluster 0 'sprd,voltage-step' value error
03-26 05:57:14.927     1     1 W sprd-cpufreq-v2 soc: aon:apcpu-dvfs: sprd_cluster_props_init: get cluster 0 'sprd,voltage-margin' value error
03-26 05:57:14.927     1     1 I sprd-cpufreq-v2 soc: aon:apcpu-dvfs: sprd_cluster_props_init: cluster 0 dcdc supply[sprd,pmic-type]
03-26 05:57:14.927     1     1 W sprd-cpufreq-v2 soc: aon:apcpu-dvfs: sprd_cluster_props_init: get cluster 1 'sprd,voltage-step' value error
03-26 05:57:14.927     1     1 W sprd-cpufreq-v2 soc: aon:apcpu-dvfs: sprd_cluster_props_init: get cluster 1 'sprd,voltage-margin' value error
03-26 05:57:14.927     1     1 I sprd-cpufreq-v2 soc: aon:apcpu-dvfs: sprd_cluster_props_init: cluster 1 dcdc supply[sprd,pmic-type-v2]
03-26 05:57:14.927     1     1 I sprd-cpufreq-v2 soc: aon:apcpu-dvfs: sprd_policy_table_update: update cluster 0 temp -274 dvfs table
03-26 05:57:14.927     1     1 I sprd-cpufreq-v2 soc: aon:apcpu-dvfs: sprd_policy_table_update: add 614400000Hz/700000uV to opp
03-26 05:57:14.927     1     1 I sprd-cpufreq-v2 soc: aon:apcpu-dvfs: sprd_policy_table_update: add 768000000Hz/700000uV to opp
03-26 05:57:14.928     1     1 I sprd-cpufreq-v2 soc: aon:apcpu-dvfs: sprd_policy_table_update: add 884000000Hz/700000uV to opp
03-26 05:57:14.928     1     1 I sprd-cpufreq-v2 soc: aon:apcpu-dvfs: sprd_policy_table_update: add 1040000000Hz/700000uV to opp
03-26 05:57:14.928     1     1 I sprd-cpufreq-v2 soc: aon:apcpu-dvfs: sprd_policy_table_update: add 1228800000Hz/762500uV to opp
03-26 05:57:14.928     1     1 I sprd-cpufreq-v2 soc: aon:apcpu-dvfs: sprd_policy_table_update: add 1378000000Hz/815625uV to opp
03-26 05:57:14.928     1     1 I sprd-cpufreq-v2 soc: aon:apcpu-dvfs: sprd_policy_table_update: add 1536000000Hz/868750uV to opp
03-26 05:57:14.928     1     1 I sprd-cpufreq-v2 soc: aon:apcpu-dvfs: sprd_policy_table_update: add 1612000000Hz/896875uV to opp
03-26 05:57:14.928     1     1 I sprd-cpufreq-v2 soc: aon:apcpu-dvfs: sprd_policy_table_update: add 1716000000Hz/931250uV to opp
03-26 05:57:14.928     1     1 I sprd-cpufreq-v2 soc: aon:apcpu-dvfs: sprd_policy_table_update: add 1820000000Hz/965625uV to opp
03-26 05:57:14.928     1     1 W energy_model: pd0: hertz/watts ratio non-monotonically decreasing: em_cap_state 3 >= em_cap_state2
03-26 05:57:14.929     1     1 I sprd-cpufreq-v2 soc: aon:apcpu-dvfs: sprd_policy_table_update: update cluster 1 temp -274 dvfs table
03-26 05:57:14.929     1     1 I sprd-cpufreq-v2 soc: aon:apcpu-dvfs: sprd_policy_table_update: add 768000000Hz/750000uV to opp
03-26 05:57:14.929     1     1 I sprd-cpufreq-v2 soc: aon:apcpu-dvfs: sprd_policy_table_update: add 1040000000Hz/750000uV to opp
03-26 05:57:14.929     1     1 I sprd-cpufreq-v2 soc: aon:apcpu-dvfs: sprd_policy_table_update: add 1228800000Hz/750000uV to opp
03-26 05:57:14.929     1     1 I sprd-cpufreq-v2 soc: aon:apcpu-dvfs: sprd_policy_table_update: add 1404000000Hz/780000uV to opp
03-26 05:57:14.929     1     1 I sprd-cpufreq-v2 soc: aon:apcpu-dvfs: sprd_policy_table_update: add 1536000000Hz/820000uV to opp
03-26 05:57:14.929     1     1 I sprd-cpufreq-v2 soc: aon:apcpu-dvfs: sprd_policy_table_update: add 1690000000Hz/870000uV to opp
03-26 05:57:14.929     1     1 I sprd-cpufreq-v2 soc: aon:apcpu-dvfs: sprd_policy_table_update: add 1820000000Hz/910000uV to opp
03-26 05:57:14.929     1     1 W energy_model: pd6: hertz/watts ratio non-monotonically decreasing: em_cap_state 2 >= em_cap_state1
03-26 05:57:14.930     1     1 I sprd-cpufreq-v2 soc: aon:apcpu-dvfs: sprd_cpufreq_probe: register cpufreq driver success
03-26 05:57:14.930   176   176 D         : probe of 200a0000.serial returned -517 after 1 usecs
03-26 05:57:14.930   176   176 D         : probe of gpio-keys returned 0 after 36 usecs
03-26 05:57:14.930     1     1 D         : probe of soc:aon:apcpu-dvfs returned 1 after 3377 usecs
03-26 05:57:14.930     1     1 D         : initcall __typeid__ZTSFivE_global_addr+0x0/0x754 [sprd_cpufreq_v2] returned 0 after 3612 usecs
03-26 05:57:14.931     1     1 I init    : Loaded kernel module /lib/modules/sprd-cpufreq-v2.ko
03-26 05:57:14.931     1     1 I init    : Loading module /lib/modules/sprd-cpufreq-public.ko with args ''
03-26 05:57:14.932   172   172 I CPU6    : update max cpu_capacity 1024
03-26 05:57:14.953     1     1 I init    : Loaded kernel module /lib/modules/sprd-cpufreq-public.ko
03-26 05:57:14.953     1     1 I init    : Loading module /lib/modules/sprd_7sreset.ko with args ''
03-26 05:57:14.955     1     1 D         : calling  __cfi_check+0x104/0x13c [sprd_7sreset] @ 1
03-26 05:57:14.956    53    53 D         : probe of 200a0000.serial returned -517 after 1 usecs
03-26 05:57:14.956    53    53 D         : probe of gpio-keys returned 0 after 43 usecs
03-26 05:57:14.956     1     1 D         : probe of 64200000.spi:pmic@0:hw-reset@1bc0 returned 1 after 199 usecs
03-26 05:57:14.956     1     1 D         : initcall __cfi_check+0x104/0x13c [sprd_7sreset] returned 0 after 632 usecs
03-26 05:57:14.956     1     1 I init    : Loaded kernel module /lib/modules/sprd_7sreset.ko
03-26 05:57:14.956     1     1 I init    : Loading module /lib/modules/sprd_manufacturer_model.ko with args ''
03-26 05:57:14.958     1     1 D         : calling  __cfi_check+0x94/0xa4 [sprd_manufacturer_model] @ 1
03-26 05:57:14.958     1     1 F         : Init manufacturer_model mudule successfully
03-26 05:57:14.958     1     1 D         : initcall __cfi_check+0x94/0xa4 [sprd_manufacturer_model] returned 0 after 9 usecs
03-26 05:57:14.958     1     1 I init    : Loaded kernel module /lib/modules/sprd_manufacturer_model.ko
03-26 05:57:14.958     1     1 I init    : Loading module /lib/modules/trusty.ko with args ''
03-26 05:57:14.961     1     1 D         : calling  __typeid__ZTSFvPvmmmmE_global_addr+0xc/0x30 [trusty] @ 1
03-26 05:57:14.961     1     1 I sprd-trusty-core trusty: trusty version: Unisoc TEE v2.1.1, qogirl6, Built: 16:39:50 Oct 24 2023, bbfb3c81 (builder@zishcicd0051)
03-26 05:57:14.961     1     1 I sprd-trusty-core trusty: selected api version: 2 (requested 3)
03-26 05:57:14.961    53    53 D         : probe of 200a0000.serial returned -517 after 0 usecs
03-26 05:57:14.961    53    53 D         : probe of gpio-keys returned 0 after 38 usecs
03-26 05:57:14.961     1     1 D         : probe of trusty returned 1 after 514 usecs
03-26 05:57:14.962     1     1 D         : initcall __typeid__ZTSFvPvmmmmE_global_addr+0xc/0x30 [trusty] returned 0 after 787 usecs
03-26 05:57:14.962     1     1 I init    : Loaded kernel module /lib/modules/trusty.ko
03-26 05:57:14.962     1     1 I init    : Loading module /lib/modules/trusty-pm.ko with args ''
03-26 05:57:14.964     1     1 D         : calling  __cfi_check+0xd0/0xe4 [trusty_pm] @ 1
03-26 05:57:14.964     1     1 D         : initcall __cfi_check+0xd0/0xe4 [trusty_pm] returned 0 after 11 usecs
03-26 05:57:14.964     1     1 I init    : Loaded kernel module /lib/modules/trusty-pm.ko
03-26 05:57:14.964     1     1 I init    : Loading module /lib/modules/trusty-log.ko with args ''
03-26 05:57:14.966     1     1 D         : calling  __cfi_check+0x128/0x158 [trusty_log] @ 1
03-26 05:57:14.966    53    53 D         : probe of 200a0000.serial returned -517 after 0 usecs
03-26 05:57:14.966    53    53 D         : probe of gpio-keys returned 0 after 41 usecs
03-26 05:57:14.966     1     1 D         : probe of trusty:log returned 1 after 199 usecs
03-26 05:57:14.966     1     1 D         : initcall __cfi_check+0x128/0x158 [trusty_log] returned 0 after 471 usecs
03-26 05:57:14.966     1     1 I init    : Loaded kernel module /lib/modules/trusty-log.ko
03-26 05:57:14.966     1     1 I init    : Loading module /lib/modules/trusty-irq.ko with args ''
03-26 05:57:14.969     1     1 D         : calling  __cfi_check+0x118/0x138 [trusty_irq] @ 1
03-26 05:57:14.970    53    53 D         : probe of 200a0000.serial returned -517 after 0 usecs
03-26 05:57:14.971    53    53 D         : probe of gpio-keys returned 0 after 47 usecs
03-26 05:57:14.971     1     1 D         : probe of trusty:irq returned 1 after 1729 usecs
03-26 05:57:14.971     1     1 D         : initcall __cfi_check+0x118/0x138 [trusty_irq] returned 0 after 1955 usecs
03-26 05:57:14.971     1     1 I init    : Loaded kernel module /lib/modules/trusty-irq.ko
03-26 05:57:14.971     1     1 I init    : Loading module /lib/modules/trusty-ipc.ko with args ''
03-26 05:57:14.974     1     1 D         : calling  __typeid__ZTSFvP4krefE_global_addr+0xc/0x14 [trusty_ipc] @ 1
03-26 05:57:14.974     1     1 D         : initcall __typeid__ZTSFvP4krefE_global_addr+0xc/0x14 [trusty_ipc] returned 0 after 36 usecs
03-26 05:57:14.974     1     1 I init    : Loaded kernel module /lib/modules/trusty-ipc.ko
03-26 05:57:14.974     1     1 I init    : Loading module /lib/modules/trusty-virtio.ko with args ''
03-26 05:57:14.976     1     1 D         : calling  __cfi_check+0x2d4/0x31c [trusty_virtio] @ 1
03-26 05:57:14.976     1     1 I sprd-trusty-virtio trusty: virtio: initializing
03-26 05:57:14.976     1     1 I trusty  :  
03-26 05:57:14.976     0     0 I c7 sm_decode_ns_memory_attr: 89: raw=0xff0001edcb0713: pa=0x1edcb0000: mair=0xff, sharable=0x3
03-26 05:57:14.976     1     1 I sprd-trusty-ipc virtio0: vring0: va(pa)  (____ptrval____)(0) qsz 64 notifyid 1
03-26 05:57:14.976     1     1 I sprd-trusty-ipc virtio0: vring1: va(pa)  (____ptrval____)(0) qsz 64 notifyid 2
03-26 05:57:14.977    53    53 D         : probe of 200a0000.serial returned -517 after 1 usecs
03-26 05:57:14.977    53    53 D         : probe of gpio-keys returned 0 after 41 usecs
03-26 05:57:14.977     1     1 D         : probe of virtio0 returned 1 after 210 usecs
03-26 05:57:14.977     1     1 I trusty  :  
03-26 05:57:14.977     0     0 I c7 sm_decode_ns_memory_attr: 89: raw=0xff0001edcb0713: pa=0x1edcb0000: mair=0xff, sharable=0x3
03-26 05:57:14.977     1     1 I sprd-trusty-virtio trusty: virtio: initializing done
03-26 05:57:14.977    53    53 D         : probe of 200a0000.serial returned -517 after 0 usecs
03-26 05:57:14.977    53    53 D         : probe of gpio-keys returned 0 after 25 usecs
03-26 05:57:14.977     1     1 D         : probe of trusty:virtio returned 1 after 582 usecs
03-26 05:57:14.977     1     1 D         : initcall __cfi_check+0x2d4/0x31c [trusty_virtio] returned 0 after 872 usecs
03-26 05:57:14.977     1     1 I init    : Loaded kernel module /lib/modules/trusty-virtio.ko
03-26 05:57:14.977     1     1 I init    : Loading module /lib/modules/sprd_shm.ko with args ''
03-26 05:57:14.977     7     7 I sprd-trusty-ipc virtio0: is online
03-26 05:57:14.979     1     1 D         : calling  __cfi_check+0x220/0x230 [sprd_shm] @ 1
03-26 05:57:14.980     1     1 I tshm    : user pool created: phys_addr 0xb6000000, size 0x100000
03-26 05:57:14.980    53    53 D         : probe of 200a0000.serial returned -517 after 0 usecs
03-26 05:57:14.980    53    53 D         : probe of gpio-keys returned 0 after 35 usecs
03-26 05:57:14.980     1     1 D         : probe of trusty:sprd-tshm returned 1 after 199 usecs
03-26 05:57:14.980     1     1 D         : initcall __cfi_check+0x220/0x230 [sprd_shm] returned 0 after 492 usecs
03-26 05:57:14.980     1     1 I init    : Loaded kernel module /lib/modules/sprd_shm.ko
03-26 05:57:14.980     1     1 I init    : Loading module /lib/modules/gpio-eic-sprd.ko with args ''
03-26 05:57:14.982     1     1 D         : calling  __cfi_check+0x20c/0x22c [gpio_eic_sprd] @ 1
03-26 05:57:14.982    53    53 D         : probe of 200a0000.serial returned -517 after 0 usecs
03-26 05:57:14.983    53    53 D         : probe of gpio-keys returned 0 after 32 usecs
03-26 05:57:14.983     1     1 D         : probe of 64100000.gpio returned 1 after 212 usecs
03-26 05:57:14.983    53    53 D         : probe of 200a0000.serial returned -517 after 0 usecs
03-26 05:57:14.983    53    53 D         : probe of gpio-keys returned 0 after 22 usecs
03-26 05:57:14.983     1     1 D         : probe of 64100080.gpio returned 1 after 134 usecs
03-26 05:57:14.983    53    53 D         : probe of 200a0000.serial returned -517 after 0 usecs
03-26 05:57:14.983    53    53 D         : probe of gpio-keys returned 0 after 18 usecs
03-26 05:57:14.983     1     1 D         : probe of 641000a0.gpio returned 1 after 133 usecs
03-26 05:57:14.983    53    53 D         : probe of 200a0000.serial returned -517 after 0 usecs
03-26 05:57:14.983    53    53 D         : probe of gpio-keys returned 0 after 19 usecs
03-26 05:57:14.983     1     1 D         : probe of 641000c0.gpio returned 1 after 174 usecs
03-26 05:57:14.983     1     1 D         : initcall __cfi_check+0x20c/0x22c [gpio_eic_sprd] returned 0 after 1011 usecs
03-26 05:57:14.983     1     1 I init    : Loaded kernel module /lib/modules/gpio-eic-sprd.ko
03-26 05:57:14.983     1     1 I init    : Loading module /lib/modules/gpio-sprd.ko with args ''
03-26 05:57:14.985     1     1 D         : calling  __cfi_check+0x1e8/0x208 [gpio_sprd] @ 1
03-26 05:57:14.986    53    53 D         : probe of 200a0000.serial returned -517 after 1 usecs
03-26 05:57:14.986    53    53 D         : probe of gpio-keys returned 0 after 35 usecs
03-26 05:57:14.986     1     1 D         : probe of 641b0000.gpio returned 1 after 684 usecs
03-26 05:57:14.986     1     1 D         : initcall __cfi_check+0x1e8/0x208 [gpio_sprd] returned 0 after 918 usecs
03-26 05:57:14.986     1     1 I init    : Loaded kernel module /lib/modules/gpio-sprd.ko
03-26 05:57:14.986     1     1 I init    : Loading module /lib/modules/gpio-pmic-eic-sprd.ko with args ''
03-26 05:57:14.989     1     1 D         : calling  __cfi_check+0x1e8/0x224 [gpio_pmic_eic_sprd] @ 1
03-26 05:57:14.989    53    53 D         : probe of 200a0000.serial returned -517 after 1 usecs
03-26 05:57:14.989    53    53 I input   : gpio-keys as /devices/platform/gpio-keys/input/input37
03-26 05:57:14.989    53    53 D         : probe of gpio-keys returned 1 after 535 usecs
03-26 05:57:14.990    53    53 D         : probe of 200a0000.serial returned -517 after 0 usecs
03-26 05:57:14.990     1     1 D         : probe of 64200000.spi:pmic@0:gpio@280 returned 1 after 829 usecs
03-26 05:57:14.990     1     1 D         : initcall __cfi_check+0x1e8/0x224 [gpio_pmic_eic_sprd] returned 0 after 1040 usecs
03-26 05:57:14.990     1     1 I init    : Loaded kernel module /lib/modules/gpio-pmic-eic-sprd.ko
03-26 05:57:14.990     1     1 I init    : Loading module /lib/modules/mmc_swcq.ko with args ''
03-26 05:57:14.993     1     1 I init    : Loaded kernel module /lib/modules/mmc_swcq.ko
03-26 05:57:14.993     1     1 I init    : Loading module /lib/modules/mmc_hsq.ko with args ''
03-26 05:57:14.995     1     1 I init    : Loaded kernel module /lib/modules/mmc_hsq.ko
03-26 05:57:14.995     1     1 I init    : Loading module /lib/modules/sdhci-sprd.ko with args ''
03-26 05:57:14.999     1     1 D         : calling  __cfi_check+0x534/0x558 [sdhci_sprd] @ 1
03-26 05:57:14.999     1     1 I         : [notice] swcq init finish.
03-26 05:57:15.026     1     1 I mmc0    : SDHCI controller on 201d0000.sdio [201d0000.sdio] using ADMA 64-bit
03-26 05:57:15.026   209   209 I         : irq/27-mmc0 (209) used greatest stack depth: 14224 bytes left
03-26 05:57:15.026     1     1 E mmc0    : (WP) can not read the property of sprd wp_fn
03-26 05:57:15.026     1     1 I mmc0_ffu: (FFU) create chardev(508:1)
03-26 05:57:15.027   203   203 D         : probe of 200a0000.serial returned -517 after 1 usecs
03-26 05:57:15.027     1     1 D         : probe of 201d0000.sdio returned 1 after 27846 usecs
03-26 05:57:15.027     1     1 I sdhci_sprd_r11 201a0000.sdio: Got CD GPIO
03-26 05:57:15.027     1     1 W         : read sdio fast hotplug sd-hotplug-rmldo-en-syscon regmap fail
03-26 05:57:15.053     1     1 I mmc1    : SDHCI controller on 201a0000.sdio [201a0000.sdio] using ADMA 64-bit
03-26 05:57:15.053     1     1 E mmc1    : (WP) can not read the property of sprd wp_fn
03-26 05:57:15.053    53    53 D         : probe of 200a0000.serial returned -517 after 0 usecs
03-26 05:57:15.053     1     1 D         : probe of 201a0000.sdio returned 1 after 26022 usecs
03-26 05:57:15.079     1     1 I mmc2    : SDHCI controller on 201b0000.sdio [201b0000.sdio] using ADMA 64-bit
03-26 05:57:15.079     1     1 E mmc2    : (WP) can not read the property of sprd wp_fn
03-26 05:57:15.079    48    48 D         : probe of 200a0000.serial returned -517 after 1 usecs
03-26 05:57:15.079     1     1 D         : probe of 201b0000.sdio returned 1 after 26574 usecs
03-26 05:57:15.079     0     0 E         : c0 [    C0] mmc2: sprd-sdhci: CMD52 Error 0x00018001 0x08000047 0x10000000 0x00000000
03-26 05:57:15.079     1     1 D         : initcall __cfi_check+0x534/0x558 [sdhci_sprd] returned 0 after 78894 usecs
03-26 05:57:15.080     1     1 I init    : Loaded kernel module /lib/modules/sdhci-sprd.ko
03-26 05:57:15.080     1     1 I init    : Loading module /lib/modules/sprd_pmic_refout.ko with args ''
03-26 05:57:15.080     0     0 E         : c0 [    C0] mmc2: sprd-sdhci: CMD52 Error 0x00018001 0x08000047 0x10000000 0x00000000
03-26 05:57:15.082     1     1 D         : calling  __cfi_check+0xf8/0x10c [sprd_pmic_refout] @ 1
03-26 05:57:15.082     1     1 W         : sprd_pmic_refout_probe start
03-26 05:57:15.082     1     1 W         : sprd_pmic_refout_probe end
03-26 05:57:15.082   177   177 D         : probe of 200a0000.serial returned -517 after 0 usecs
03-26 05:57:15.082     1     1 D         : probe of 64200000.spi:pmic@0:refout@1800 returned 1 after 82 usecs
03-26 05:57:15.082     1     1 D         : initcall __cfi_check+0xf8/0x10c [sprd_pmic_refout] returned 0 after 342 usecs
03-26 05:57:15.082     1     1 I init    : Loaded kernel module /lib/modules/sprd_pmic_refout.ko
03-26 05:57:15.082     1     1 I init    : Loading module /lib/modules/nq-nci.ko with args ''
03-26 05:57:15.085     0     0 E         : c0 [    C0] mmc2: sprd-sdhci: CMD5 Error 0x00018001 0x08000047 0x10000000 0x00000000
03-26 05:57:15.085     1     1 D         : calling  __cfi_check+0x220/0x260 [nq_nci] @ 1
03-26 05:57:15.085     1     1 W         : nqx_dev_init
03-26 05:57:15.085     1     1 D         : initcall __cfi_check+0x220/0x260 [nq_nci] returned 0 after 60 usecs
03-26 05:57:15.085     0     0 E         : c0 [    C0] mmc2: sprd-sdhci: CMD5 Error 0x00018001 0x08000047 0x10000000 0x00000000
03-26 05:57:15.085     9     9 E pn557 2-0028: nqx_probe: enter
03-26 05:57:15.085     9     9 W         : nqx_probe
03-26 05:57:15.086     0     0 E         : c0 [    C0] mmc2: sprd-sdhci: CMD5 Error 0x00018000 0x08000047 0x10000000 0x00000000
03-26 05:57:15.086     9     9 E pn557 2-0028: nqx_probe: ese gpio not provided
03-26 05:57:15.086     9     9 W         : nqx_probe irq is :90  irqn_clk is :91
03-26 05:57:15.086     0     0 E         : c0 [    C0] mmc2: sprd-sdhci: CMD5 Error 0x00018001 0x08000047 0x10000000 0x00000000
03-26 05:57:15.087     9     9 E pn557 2-0028: nfc_ldo_config: regulator entry not present
03-26 05:57:15.087     9     9 E pn557 2-0028: nqx_probe: open 26m pmic clk
03-26 05:57:15.114     0     0 E         : c0 [    C0] mmc2: sprd-sdhci: CMD52 Error 0x00018001 0x08005647 0x10000000 0x00000000
03-26 05:57:15.114     0     0 E         : c0 [    C0] mmc2: sprd-sdhci: CMD52 Error 0x00018000 0x08005647 0x10000000 0x00000000
03-26 05:57:15.117     9     9 E pn557 2-0028: nfcc_hw_check: - i2c_master_send 0x20000100 rst cmdr
03-26 05:57:15.117     9     9 E pn557 2-0028: nfcc_hw_check: - is_data_available_for_read entry
03-26 05:57:15.120     0     0 E         : c0 [    C0] mmc2: sprd-sdhci: CMD5 Error 0x00018001 0x08005647 0x10000000 0x00000000
03-26 05:57:15.120     0     0 E         : c0 [    C0] mmc2: sprd-sdhci: CMD5 Error 0x00018001 0x08005647 0x10000000 0x00000000
03-26 05:57:15.121     0     0 E         : c0 [    C0] mmc2: sprd-sdhci: CMD5 Error 0x00018001 0x08005647 0x10000000 0x00000000
03-26 05:57:15.121     0     0 E         : c0 [    C0] mmc2: sprd-sdhci: CMD5 Error 0x00018001 0x08005647 0x10000000 0x00000000
03-26 05:57:15.122     9     9 E pn557 2-0028: nfcc_hw_check: - nq - reset cmd answer : NfcNciRx 40 0 1
03-26 05:57:15.122     9     9 E pn557 2-0028: NQ NFCC chip_type = 41
03-26 05:57:15.122     9     9 E pn557 2-0028: NQ fw version = 12.1.16
03-26 05:57:15.122     9     9 E pn557 2-0028: nfcc_hw_check: - NFCC HW not Supported
03-26 05:57:15.122     9     9 E pn557 2-0028: nqx_probe: probing NFCC NQxxx exited successfully
03-26 05:57:15.122     9     9 D         : probe of 2-0028 returned 1 after 36858 usecs
03-26 05:57:15.122   152   152 D         : probe of 200a0000.serial returned -517 after 1 usecs
03-26 05:57:15.122     1     1 I init    : Loaded kernel module /lib/modules/nq-nci.ko
03-26 05:57:15.122     1     1 I init    : Loading module /lib/modules/sprd_pmic_syscon.ko with args ''
03-26 05:57:15.124     1     1 D         : calling  __cfi_check+0xf4/0x114 [sprd_pmic_syscon] @ 1
03-26 05:57:15.125   177   177 D         : probe of 200a0000.serial returned -517 after 0 usecs
03-26 05:57:15.125     1     1 D         : probe of 64200000.spi:pmic@0:syscon@1800 returned 1 after 92 usecs
03-26 05:57:15.125     1     1 D         : initcall __cfi_check+0xf4/0x114 [sprd_pmic_syscon] returned 0 after 499 usecs
03-26 05:57:15.125     1     1 I init    : Loaded kernel module /lib/modules/sprd_pmic_syscon.ko
03-26 05:57:15.125     1     1 I init    : Loading module /lib/modules/sprd_pdbg.ko with args ''
03-26 05:57:15.128     1     1 D         : calling  ws_info_write+0x17c/0x19c [sprd_pdbg] @ 1
03-26 05:57:15.129   217   217 I         : [SPRD_PDBG] #---------PDBG LIGHT SLEEP START---------#
03-26 05:57:15.129   217   217 I         : [SPRD_PDBG] Last active Wakeup Source: ws_update
03-26 05:57:15.129   217   217 I         : [SPRD_PDBG] [SLP_STATE] deep: 0xffffffffffffffbc, light: 0xfffffffffffffffc
03-26 05:57:15.129   177   177 D         : probe of 200a0000.serial returned -517 after 0 usecs
03-26 05:57:15.129   217   217 I         : [SPRD_PDBG] [EB_INFO  ] ap1: 0xfffffffff8903ff8, ap2: 0xffffffffffffffff, aon1: 0xffffffcc2007e50a, aon2: 0xffffffff1e00007c
03-26 05:57:15.129   217   217 I         : [SPRD_PDBG] [PD_INFO  ] 0xffffffffffffd0b4
03-26 05:57:15.129     1     1 D         : probe of debuglog returned 1 after 766 usecs
03-26 05:57:15.129   217   217 I         : [SPRD_PDBG] [DEEP_CNT ]     0,     0,     1,     1,     1,     2,     1,
03-26 05:57:15.129   217   217 I         : [SPRD_PDBG] [LIGHT_CNT]     0,
03-26 05:57:15.129   217   217 I         : [SPRD_PDBG] [LPC_INFO ] 0xfffffffffffffffc
03-26 05:57:15.129   217   217 I         : [SPRD_PDBG] #---------PDBG LIGHT SLEEP END-----------#
03-26 05:57:15.129     1     1 D         : initcall ws_info_write+0x17c/0x19c [sprd_pdbg] returned 0 after 1028 usecs
03-26 05:57:15.129     1     1 I init    : Loaded kernel module /lib/modules/sprd_pdbg.ko
03-26 05:57:15.129     1     1 I init    : Loading module /lib/modules/kfifo_buf.ko with args ''
03-26 05:57:15.131     1     1 I init    : Loaded kernel module /lib/modules/kfifo_buf.ko
03-26 05:57:15.131     1     1 I init    : Loading module /lib/modules/hardware_info.ko with args ''
03-26 05:57:15.134     1     1 D         : calling  __cfi_check+0x1bc/0x294 [hardware_info] @ 1
03-26 05:57:15.134     1     1 W         : [HWINFO] HardwareInfo_driver_probe!
03-26 05:57:15.134     1     1 W         : [HWINFO](gpio_sdcard = 355)
03-26 05:57:15.134     1     1 W         : [HWINFO] nicky-gpio not available (nicky_gpio = -2)
03-26 05:57:15.134   203   203 D         : probe of 200a0000.serial returned -517 after 1 usecs
03-26 05:57:15.134     1     1 D         : probe of HardwareInfo returned 1 after 192 usecs
03-26 05:57:15.134     1     1 D         : initcall __cfi_check+0x1bc/0x294 [hardware_info] returned 0 after 472 usecs
03-26 05:57:15.135     1     1 I init    : Loaded kernel module /lib/modules/hardware_info.ko
03-26 05:57:15.135     1     1 I init    : Loading module /lib/modules/sprd_power_manager.ko with args ''
03-26 05:57:15.137     1     1 D         : calling  __typeid__ZTSFijE_global_addr+0x18/0x38 [sprd_power_manager] @ 1
03-26 05:57:15.137     1     1 D         : initcall __typeid__ZTSFijE_global_addr+0x18/0x38 [sprd_power_manager] returned 0 after 19 usecs
03-26 05:57:15.137     1     1 I init    : Loaded kernel module /lib/modules/sprd_power_manager.ko
03-26 05:57:15.137     1     1 I init    : Loading module /lib/modules/unisoc-mailbox.ko with args ''
03-26 05:57:15.140     1     1 D         : calling  sprd_mbox_process_rx_fifo+0x104/0x110 [unisoc_mailbox] @ 1
03-26 05:57:15.140     1     1 I unisoc-mailbox 641c0000.mailbox: probe done, version=0x200
03-26 05:57:15.140   203   203 D         : probe of 200a0000.serial returned -517 after 1 usecs
03-26 05:57:15.140     1     1 D         : probe of 641c0000.mailbox returned 1 after 659 usecs
03-26 05:57:15.141     1     1 D         : initcall sprd_mbox_process_rx_fifo+0x104/0x110 [unisoc_mailbox] returned 0 after 921 usecs
03-26 05:57:15.141     1     1 I init    : Loaded kernel module /lib/modules/unisoc-mailbox.ko
03-26 05:57:15.141     1     1 I init    : Loading module /lib/modules/sipc-core.ko with args ''
03-26 05:57:15.146     1     1 D         : calling  sprd_add_action_ex+0x10c/0x164 [sipc_core] @ 1
03-26 05:57:15.146     1     1 D         : initcall sprd_add_action_ex+0x10c/0x164 [sipc_core] returned 0 after 314 usecs
03-26 05:57:15.146     1     1 I init    : Loaded kernel module /lib/modules/sipc-core.ko
03-26 05:57:15.146     1     1 I init    : Loading module /lib/modules/sensorhub.ko with args ''
03-26 05:57:15.149     0     0 E         : c0 [    C0] mmc2: sprd-sdhci: CMD52 Error 0x00018001 0x08000087 0x10000000 0x00000000
03-26 05:57:15.149     1     1 D         : calling  shub_dispatch+0x2d4/0x2e0 [sensorhub] @ 1
03-26 05:57:15.149     1     1 I sprd-sensorhub: sipc_sensorhub_id=6
03-26 05:57:15.150     0     0 E         : c0 [    C0] mmc2: sprd-sdhci: CMD52 Error 0x00018001 0x08000087 0x10000000 0x00000000
03-26 05:57:15.150   177   177 D         : probe of 200a0000.serial returned -517 after 1 usecs
03-26 05:57:15.150     1     1 D         : probe of sprd-sensorhub returned 1 after 873 usecs
03-26 05:57:15.150     1     1 D         : initcall shub_dispatch+0x2d4/0x2e0 [sensorhub] returned 0 after 1138 usecs
03-26 05:57:15.150     1     1 I init    : Loaded kernel module /lib/modules/sensorhub.ko
03-26 05:57:15.150     1     1 I init    : Loading module /lib/modules/sprd-sipc-virt-bus.ko with args ''
03-26 05:57:15.152     1     1 D         : calling  __cfi_check+0x88/0x94 [sprd_sipc_virt_bus] @ 1
03-26 05:57:15.153     1     1 I sprd-sipc sipc-virt: core@5: label  =sipc-lte
03-26 05:57:15.153     1     1 I sprd-sipc sipc-virt: core@5: dst    =5
03-26 05:57:15.153     1     1 I sprd-sipc sipc-virt: core@5: smem count=0, base=0x8e000000, dstbase=0x8e000000, size=0x900000
03-26 05:57:15.153     1     1 I         : unisoc-mailbox sipc-lte
03-26 05:57:15.153     1     1 I sprd-smem: pool addr = 0x8e000000, size = 0x900000 added.
03-26 05:57:15.153     1     1 I unisoc-mailbox 641c0000.mailbox: startup chan-2
03-26 05:57:15.153     1     1 I sprd-sipc sipc-virt: core@5: sprd ipc probe success
03-26 05:57:15.154   177   177 D         : probe of 200a0000.serial returned -517 after 0 usecs
03-26 05:57:15.154     1     1 D         : probe of sipc-virt:core@5 returned 1 after 1352 usecs
03-26 05:57:15.154     1     1 I sprd-sipc sipc-virt: core@6: label  =sipc-pmsys
03-26 05:57:15.154     1     1 I sprd-sipc sipc-virt: core@6: dst    =6
03-26 05:57:15.154     1     1 I sprd-sipc sipc-virt: core@6: smem count=0, base=0x6500a400, dstbase=0x2000a400, size=0x2000
03-26 05:57:15.154     1     1 I sprd-sipc sipc-virt: core@6: smem count=1, base=0x88000000, dstbase=0x18000000, size=0x40000
03-26 05:57:15.154     1     1 I         : unisoc-mailbox sipc-pmsys
03-26 05:57:15.154     1     1 I sprd-smem: pool addr = 0x6500a400, size = 0x2000 added.
03-26 05:57:15.154     1     1 I sprd-smem: pool addr = 0x88000000, size = 0x40000 added.
03-26 05:57:15.154     1     1 I unisoc-mailbox 641c0000.mailbox: startup chan-1
03-26 05:57:15.154     1     1 I unisoc-mailbox 641c0000.mailbox: startup chan-6
03-26 05:57:15.154     1     1 I sprd-sipc sipc-virt: core@6: sprd ipc probe success
03-26 05:57:15.154     1     1 E debugfs : Directory 'sipc' with parent '/' already present!
03-26 05:57:15.154   177   177 D         : probe of 200a0000.serial returned -517 after 0 usecs
03-26 05:57:15.154     1     1 D         : probe of sipc-virt:core@6 returned 1 after 362 usecs
03-26 05:57:15.155     1     1 I sprd_time_sync sipc-virt: time_sync: start parse sprd_time_sync
03-26 05:57:15.155     1     1 I sprd_time_sync sipc-virt: time_sync: success parse sprd_time_sync
03-26 05:57:15.155   177   177 D         : probe of 200a0000.serial returned -517 after 0 usecs
03-26 05:57:15.155     1     1 D         : probe of sipc-virt:time_sync returned 1 after 74 usecs
03-26 05:57:15.155     1     1 I unisoc-sipc-virt-bus sipc-virt: Populate sub sipc-virt-bus success
03-26 05:57:15.155     1     1 D         : probe of sipc-virt returned 1 after 2443 usecs
03-26 05:57:15.155   173   173 D         : probe of 200a0000.serial returned -517 after 0 usecs
03-26 05:57:15.155     1     1 D         : initcall __cfi_check+0x88/0x94 [sprd_sipc_virt_bus] returned 0 after 2696 usecs
03-26 05:57:15.155     1     1 I init    : Loaded kernel module /lib/modules/sprd-sipc-virt-bus.ko
03-26 05:57:15.155     1     1 I init    : Loading module /lib/modules/spipe.ko with args ''
03-26 05:57:15.155     0     0 E         : c0 [    C0] mmc2: sprd-sdhci: CMD5 Error 0x00018000 0x08000087 0x10000000 0x00000000
03-26 05:57:15.156     0     0 E         : c0 [    C0] mmc2: sprd-sdhci: CMD5 Error 0x00018001 0x08000087 0x10000000 0x00000000
03-26 05:57:15.157     0     0 E         : c0 [    C0] mmc2: sprd-sdhci: CMD5 Error 0x00018000 0x08000087 0x10000000 0x00000000
03-26 05:57:15.157     1     1 D         : calling  __cfi_check+0x1b4/0x1e0 [spipe] @ 1
03-26 05:57:15.157     0     0 E         : c0 [    C0] mmc2: sprd-sdhci: CMD5 Error 0x00018000 0x08000087 0x10000000 0x00000000
03-26 05:57:15.158     1     1 I sprd-spipe sipc-virt: core@5:channel@4: After parse device tree, name=spipe_lte, dst=5, channel=4, ringnr=20,  rxbuf_size=0x1000, txbuf_size=0x1000
03-26 05:57:15.158     1     1 I sprd-sbuf: channel 5-4, offset = 0x0!
03-26 05:57:15.158   223   223 I         : unisoc-mailbox channel 5-4 send open msg!
03-26 05:57:15.158   203   203 D         : probe of 200a0000.serial returned -517 after 1 usecs
03-26 05:57:15.158     1     1 D         : probe of sipc-virt:core@5:channel@4 returned 1 after 608 usecs
03-26 05:57:15.158     1     1 I sprd-spipe sipc-virt: core@5:channel@6: After parse device tree, name=stty_lte, dst=5, channel=6, ringnr=32,  rxbuf_size=0x800, txbuf_size=0x800
03-26 05:57:15.158     1     1 I sprd-sbuf: channel 5-6, offset = 0x0!
03-26 05:57:15.158   224   224 I         : unisoc-mailbox channel 5-6 send open msg!
03-26 05:57:15.159   203   203 D         : probe of 200a0000.serial returned -517 after 0 usecs
03-26 05:57:15.159     1     1 D         : probe of sipc-virt:core@5:channel@6 returned 1 after 683 usecs
03-26 05:57:15.159     1     1 I sprd-spipe sipc-virt: core@5:channel@21: After parse device tree, name=sdiag_lte, dst=5, channel=21, ringnr=1,  rxbuf_size=0x20000, txbuf_size=0x8000
03-26 05:57:15.159     1     1 I sprd-sbuf: channel 5-21, offset = 0x0!
03-26 05:57:15.159   225   225 I         : unisoc-mailbox channel 5-21 send open msg!
03-26 05:57:15.159   203   203 D         : probe of 200a0000.serial returned -517 after 0 usecs
03-26 05:57:15.159     1     1 D         : probe of sipc-virt:core@5:channel@21 returned 1 after 168 usecs
03-26 05:57:15.159     1     1 I sprd-spipe sipc-virt: core@6:channel@4: After parse device tree, name=spipe_pm, dst=6, channel=4, ringnr=2,  rxbuf_size=0xb00, txbuf_size=0x180
03-26 05:57:15.159     1     1 I sprd-sbuf: channel 6-4, offset = 0x0!
03-26 05:57:15.159   226   226 I         : unisoc-mailbox channel 6-4 send open msg!
03-26 05:57:15.159   203   203 D         : probe of 200a0000.serial returned -517 after 0 usecs
03-26 05:57:15.159     1     1 D         : probe of sipc-virt:core@6:channel@4 returned 1 after 160 usecs
03-26 05:57:15.159     1     1 I sprd-spipe sipc-virt: core@6:channel@5: After parse device tree, name=slog_pm, dst=6, channel=5, ringnr=1,  rxbuf_size=0x500, txbuf_size=0x0
03-26 05:57:15.159     1     1 I sprd-sbuf: channel 6-5, offset = 0x0!
03-26 05:57:15.159   227   227 I         : unisoc-mailbox channel 6-5 send open msg!
03-26 05:57:15.159   203   203 D         : probe of 200a0000.serial returned -517 after 0 usecs
03-26 05:57:15.159     1     1 D         : probe of sipc-virt:core@6:channel@5 returned 1 after 137 usecs
03-26 05:57:15.159     1     1 I sprd-spipe sipc-virt: core@6:channel@6: After parse device tree, name=sctl_pm, dst=6, channel=6, ringnr=1,  rxbuf_size=0x40, txbuf_size=0x20
03-26 05:57:15.159     1     1 I sprd-sbuf: channel 6-6, offset = 0x0!
03-26 05:57:15.159   228   228 I         : unisoc-mailbox channel 6-6 send open msg!
03-26 05:57:15.160   203   203 D         : probe of 200a0000.serial returned -517 after 0 usecs
03-26 05:57:15.160     1     1 D         : probe of sipc-virt:core@6:channel@6 returned 1 after 150 usecs
03-26 05:57:15.160     1     1 I sprd-spipe sipc-virt: core@6:channel@7: After parse device tree, name=data0_gnss, dst=6, channel=7, ringnr=1,  rxbuf_size=0x20000, txbuf_size=0x18000
03-26 05:57:15.160     1     1 I sprd-sbuf: channel 6-7, offset = 0x0!
03-26 05:57:15.160   229   229 I         : unisoc-mailbox channel 6-7 send open msg!
03-26 05:57:15.160   203   203 D         : probe of 200a0000.serial returned -517 after 0 usecs
03-26 05:57:15.160     1     1 D         : probe of sipc-virt:core@6:channel@7 returned 1 after 132 usecs
03-26 05:57:15.160     1     1 I sprd-spipe sipc-virt: core@6:channel@41: After parse device tree, name=stime_pm, dst=6, channel=41, ringnr=1,  rxbuf_size=0x40, txbuf_size=0x80
03-26 05:57:15.160     1     1 I sprd-sbuf: channel 6-41, offset = 0x0!
03-26 05:57:15.160   230   230 I         : unisoc-mailbox channel 6-41 send open msg!
03-26 05:57:15.160   203   203 D         : probe of 200a0000.serial returned -517 after 0 usecs
03-26 05:57:15.160     1     1 D         : probe of sipc-virt:core@6:channel@41 returned 1 after 123 usecs
03-26 05:57:15.160     1     1 D         : initcall __cfi_check+0x1b4/0x1e0 [spipe] returned 0 after 2462 usecs
03-26 05:57:15.160     1     1 I init    : Loaded kernel module /lib/modules/spipe.ko
03-26 05:57:15.160     1     1 I init    : Loading module /lib/modules/spool.ko with args ''
03-26 05:57:15.162     1     1 D         : calling  __cfi_check+0x1d8/0x208 [spool] @ 1
03-26 05:57:15.162     1     1 I sprd-spool sipc-virt: core@5:channel@2: name=imsbr_data, dst=5, channel=2, pre_cfg=0
03-26 05:57:15.162     1     1 I sprd-spool sipc-virt: core@5:channel@2: tx_num=64, tx_size=1524, rx_num=64, rx_size=1524
03-26 05:57:15.163   231   231 I         : unisoc-mailbox channel 5-2 send open msg!
03-26 05:57:15.163   203   203 D         : probe of 200a0000.serial returned -517 after 0 usecs
03-26 05:57:15.163     1     1 D         : probe of sipc-virt:core@5:channel@2 returned 1 after 298 usecs
03-26 05:57:15.163     1     1 I sprd-spool sipc-virt: core@5:channel@3: name=imsbr_ctrl, dst=5, channel=3, pre_cfg=0
03-26 05:57:15.163     1     1 I sprd-spool sipc-virt: core@5:channel@3: tx_num=64, tx_size=128, rx_num=64, rx_size=128
03-26 05:57:15.163   232   232 I         : unisoc-mailbox channel 5-3 send open msg!
03-26 05:57:15.163   203   203 D         : probe of 200a0000.serial returned -517 after 0 usecs
03-26 05:57:15.163     1     1 D         : probe of sipc-virt:core@5:channel@3 returned 1 after 222 usecs
03-26 05:57:15.163     1     1 I sprd-spool sipc-virt: core@5:channel@5: name=slog_lte, dst=5, channel=5, pre_cfg=0
03-26 05:57:15.163     1     1 I sprd-spool sipc-virt: core@5:channel@5: tx_num=0, tx_size=0, rx_num=256, rx_size=4096
03-26 05:57:15.163   233   233 I         : unisoc-mailbox channel 5-5 send open msg!
03-26 05:57:15.163   203   203 D         : probe of 200a0000.serial returned -517 after 0 usecs
03-26 05:57:15.163     1     1 D         : probe of sipc-virt:core@5:channel@5 returned 1 after 345 usecs
03-26 05:57:15.163     1     1 D         : initcall __cfi_check+0x1d8/0x208 [spool] returned 0 after 1192 usecs
03-26 05:57:15.163     1     1 I init    : Loaded kernel module /lib/modules/spool.ko
03-26 05:57:15.163     1     1 I init    : Loading module /lib/modules/sipx.ko with args ''
03-26 05:57:15.166     1     1 D         : calling  __cfi_check+0x2f0/0x314 [sipx] @ 1
03-26 05:57:15.166     1     1 I sprd-sipx sipc-virt: core@5:route@0: label  =sipx_lte
03-26 05:57:15.166     1     1 I sprd-sipx sipc-virt: core@5:route@0: dst    =5
03-26 05:57:15.166     1     1 I sprd-sipx sipc-virt: core@5:route@0: sprd,dl-pool =2048
03-26 05:57:15.166     1     1 I sprd-sipx sipc-virt: core@5:route@0: parse dt, name=sipx_lte, dst=5, pool size=2048, 64, 2048, 1024
03-26 05:57:15.166     1     1 I sprd-sipx: offset = 0x0!
03-26 05:57:15.183   203   203 D         : probe of 200a0000.serial returned -517 after 0 usecs
03-26 05:57:15.183     1     1 D         : probe of sipc-virt:core@5:route@0 returned 1 after 16777 usecs
03-26 05:57:15.183     1     1 D         : initcall __cfi_check+0x2f0/0x314 [sipx] returned 0 after 16696 usecs
03-26 05:57:15.183     1     1 I init    : Loaded kernel module /lib/modules/sipx.ko
03-26 05:57:15.183     1     1 I init    : Loading module /lib/modules/seth.ko with args ''
03-26 05:57:15.185     0     0 E         : c0 [    C0] mmc2: sprd-sdhci: CMD52 Error 0x00018001 0x08000087 0x10000000 0x00000000
03-26 05:57:15.186     1     1 D         : calling  __cfi_check+0x368/0x3d4 [seth] @ 1
03-26 05:57:15.186     0     0 E         : c0 [    C0] mmc2: sprd-sdhci: CMD52 Error 0x00018000 0x08000087 0x10000000 0x00000000
03-26 05:57:15.186     1     1 I sprd-seth sipc-virt: core@5:channel@7: channel =7
03-26 05:57:15.186     1     1 I sprd-seth sipc-virt: core@5:channel@7: dst    =5
03-26 05:57:15.186     1     1 I sprd-seth sipc-virt: core@5:channel@7: sprd,blknum =256
03-26 05:57:15.186     1     1 I sprd-seth sipc-virt: core@5:channel@7: after parse dt, name=seth_lte0, dst=5, channel=7, blocknum=256
03-26 05:57:15.186     1     1 I sprd-sipx: sipx_chan_create
03-26 05:57:15.186     1     1 I sprd-sipx: offset = 0x0!
03-26 05:57:15.186   234   234 I         : unisoc-mailbox channel 5-7 send open msg!
03-26 05:57:15.186   203   203 D         : probe of 200a0000.serial returned -517 after 0 usecs
03-26 05:57:15.186     1     1 D         : probe of sipc-virt:core@5:channel@7 returned 1 after 566 usecs
03-26 05:57:15.186     1     1 I sprd-seth sipc-virt: core@5:channel@8: channel =8
03-26 05:57:15.186     1     1 I sprd-seth sipc-virt: core@5:channel@8: dst    =5
03-26 05:57:15.186     1     1 I sprd-seth sipc-virt: core@5:channel@8: sprd,blknum =256
03-26 05:57:15.186     1     1 I sprd-seth sipc-virt: core@5:channel@8: after parse dt, name=seth_lte1, dst=5, channel=8, blocknum=256
03-26 05:57:15.186     1     1 I sprd-sipx: sipx_chan_create
03-26 05:57:15.186     1     1 I sprd-sipx: offset = 0x0!
03-26 05:57:15.187   235   235 I         : unisoc-mailbox channel 5-8 send open msg!
03-26 05:57:15.187     1     1 E debugfs : File 'gro_enable' in directory 'seth' already present!
03-26 05:57:15.187   203   203 D         : probe of 200a0000.serial returned -517 after 0 usecs
03-26 05:57:15.187     1     1 D         : probe of sipc-virt:core@5:channel@8 returned 1 after 384 usecs
03-26 05:57:15.187     1     1 I sprd-seth sipc-virt: core@5:channel@9: channel =9
03-26 05:57:15.187     1     1 I sprd-seth sipc-virt: core@5:channel@9: dst    =5
03-26 05:57:15.187     1     1 I sprd-seth sipc-virt: core@5:channel@9: sprd,blknum =256
03-26 05:57:15.187     1     1 I sprd-seth sipc-virt: core@5:channel@9: after parse dt, name=seth_lte2, dst=5, channel=9, blocknum=256
03-26 05:57:15.187     1     1 I sprd-sipx: sipx_chan_create
03-26 05:57:15.187     1     1 I sprd-sipx: offset = 0x0!
03-26 05:57:15.187   236   236 I         : unisoc-mailbox channel 5-9 send open msg!
03-26 05:57:15.187     1     1 E debugfs : File 'gro_enable' in directory 'seth' already present!
03-26 05:57:15.187   203   203 D         : probe of 200a0000.serial returned -517 after 0 usecs
03-26 05:57:15.187     1     1 D         : probe of sipc-virt:core@5:channel@9 returned 1 after 357 usecs
03-26 05:57:15.187     1     1 I sprd-seth sipc-virt: core@5:channel@18: channel =18
03-26 05:57:15.187     1     1 I sprd-seth sipc-virt: core@5:channel@18: dst    =5
03-26 05:57:15.187     1     1 I sprd-seth sipc-virt: core@5:channel@18: sprd,blknum =256
03-26 05:57:15.187     1     1 I sprd-seth sipc-virt: core@5:channel@18: after parse dt, name=seth_lte3, dst=5, channel=18, blocknum=256
03-26 05:57:15.187     1     1 I sprd-sipx: sipx_chan_create
03-26 05:57:15.187     1     1 I sprd-sipx: offset = 0x0!
03-26 05:57:15.187   237   237 I         : unisoc-mailbox channel 5-18 send open msg!
03-26 05:57:15.187     1     1 E debugfs : File 'gro_enable' in directory 'seth' already present!
03-26 05:57:15.187   203   203 D         : probe of 200a0000.serial returned -517 after 0 usecs
03-26 05:57:15.188     1     1 D         : probe of sipc-virt:core@5:channel@18 returned 1 after 329 usecs
03-26 05:57:15.188     1     1 I sprd-seth sipc-virt: core@5:channel@19: channel =19
03-26 05:57:15.188     1     1 I sprd-seth sipc-virt: core@5:channel@19: dst    =5
03-26 05:57:15.188     1     1 I sprd-seth sipc-virt: core@5:channel@19: sprd,blknum =256
03-26 05:57:15.188     1     1 I sprd-seth sipc-virt: core@5:channel@19: after parse dt, name=seth_lte4, dst=5, channel=19, blocknum=256
03-26 05:57:15.188     1     1 I sprd-sipx: sipx_chan_create
03-26 05:57:15.188     1     1 I sprd-sipx: offset = 0x0!
03-26 05:57:15.188   238   238 I         : unisoc-mailbox channel 5-19 send open msg!
03-26 05:57:15.188     1     1 E debugfs : File 'gro_enable' in directory 'seth' already present!
03-26 05:57:15.188   203   203 D         : probe of 200a0000.serial returned -517 after 0 usecs
03-26 05:57:15.188     1     1 D         : probe of sipc-virt:core@5:channel@19 returned 1 after 484 usecs
03-26 05:57:15.188     1     1 I sprd-seth sipc-virt: core@5:channel@20: channel =20
03-26 05:57:15.188     1     1 I sprd-seth sipc-virt: core@5:channel@20: dst    =5
03-26 05:57:15.188     1     1 I sprd-seth sipc-virt: core@5:channel@20: sprd,blknum =256
03-26 05:57:15.188     1     1 I sprd-seth sipc-virt: core@5:channel@20: after parse dt, name=seth_lte5, dst=5, channel=20, blocknum=256
03-26 05:57:15.188     1     1 I sprd-sipx: sipx_chan_create
03-26 05:57:15.188     1     1 I sprd-sipx: offset = 0x0!
03-26 05:57:15.188   239   239 I         : unisoc-mailbox channel 5-20 send open msg!
03-26 05:57:15.188     1     1 E debugfs : File 'gro_enable' in directory 'seth' already present!
03-26 05:57:15.188   203   203 D         : probe of 200a0000.serial returned -517 after 0 usecs
03-26 05:57:15.188     1     1 D         : probe of sipc-virt:core@5:channel@20 returned 1 after 502 usecs
03-26 05:57:15.189     1     1 I sprd-seth sipc-virt: core@5:channel@24: channel =24
03-26 05:57:15.189     1     1 I sprd-seth sipc-virt: core@5:channel@24: dst    =5
03-26 05:57:15.189     1     1 I sprd-seth sipc-virt: core@5:channel@24: sprd,blknum =256
03-26 05:57:15.189     1     1 I sprd-seth sipc-virt: core@5:channel@24: after parse dt, name=seth_lte6, dst=5, channel=24, blocknum=256
03-26 05:57:15.189     1     1 I sprd-sipx: sipx_chan_create
03-26 05:57:15.189     1     1 I sprd-sipx: offset = 0x0!
03-26 05:57:15.189   240   240 I         : unisoc-mailbox channel 5-24 send open msg!
03-26 05:57:15.189     1     1 E debugfs : File 'gro_enable' in directory 'seth' already present!
03-26 05:57:15.189   203   203 D         : probe of 200a0000.serial returned -517 after 0 usecs
03-26 05:57:15.189     1     1 D         : probe of sipc-virt:core@5:channel@24 returned 1 after 527 usecs
03-26 05:57:15.189     1     1 I sprd-seth sipc-virt: core@5:channel@25: channel =25
03-26 05:57:15.189     1     1 I sprd-seth sipc-virt: core@5:channel@25: dst    =5
03-26 05:57:15.189     1     1 I sprd-seth sipc-virt: core@5:channel@25: sprd,blknum =256
03-26 05:57:15.189     1     1 I sprd-seth sipc-virt: core@5:channel@25: after parse dt, name=seth_lte7, dst=5, channel=25, blocknum=256
03-26 05:57:15.189     1     1 I sprd-sipx: sipx_chan_create
03-26 05:57:15.189     1     1 I sprd-sipx: offset = 0x0!
03-26 05:57:15.189   241   241 I         : unisoc-mailbox channel 5-25 send open msg!
03-26 05:57:15.189     1     1 E debugfs : File 'gro_enable' in directory 'seth' already present!
03-26 05:57:15.189   203   203 D         : probe of 200a0000.serial returned -517 after 0 usecs
03-26 05:57:15.189     1     1 D         : probe of sipc-virt:core@5:channel@25 returned 1 after 295 usecs
03-26 05:57:15.189     1     1 I sprd-seth sipc-virt: core@5:channel@26: channel =26
03-26 05:57:15.189     1     1 I sprd-seth sipc-virt: core@5:channel@26: dst    =5
03-26 05:57:15.189     1     1 I sprd-seth sipc-virt: core@5:channel@26: sprd,blknum =256
03-26 05:57:15.189     1     1 I sprd-seth sipc-virt: core@5:channel@26: after parse dt, name=seth_lte8, dst=5, channel=26, blocknum=256
03-26 05:57:15.189     1     1 I sprd-sipx: sipx_chan_create
03-26 05:57:15.189     1     1 I sprd-sipx: offset = 0x0!
03-26 05:57:15.189   242   242 I         : unisoc-mailbox channel 5-26 send open msg!
03-26 05:57:15.190     1     1 E debugfs : File 'gro_enable' in directory 'seth' already present!
03-26 05:57:15.190   203   203 D         : probe of 200a0000.serial returned -517 after 0 usecs
03-26 05:57:15.190     1     1 D         : probe of sipc-virt:core@5:channel@26 returned 1 after 315 usecs
03-26 05:57:15.190     1     1 I sprd-seth sipc-virt: core@5:channel@27: channel =27
03-26 05:57:15.190     1     1 I sprd-seth sipc-virt: core@5:channel@27: dst    =5
03-26 05:57:15.190     1     1 I sprd-seth sipc-virt: core@5:channel@27: sprd,blknum =256
03-26 05:57:15.190     1     1 I sprd-seth sipc-virt: core@5:channel@27: after parse dt, name=seth_lte9, dst=5, channel=27, blocknum=256
03-26 05:57:15.190     1     1 I sprd-sipx: sipx_chan_create
03-26 05:57:15.190     1     1 I sprd-sipx: offset = 0x0!
03-26 05:57:15.190   243   243 I         : unisoc-mailbox channel 5-27 send open msg!
03-26 05:57:15.190     1     1 E debugfs : File 'gro_enable' in directory 'seth' already present!
03-26 05:57:15.190   203   203 D         : probe of 200a0000.serial returned -517 after 0 usecs
03-26 05:57:15.190     1     1 D         : probe of sipc-virt:core@5:channel@27 returned 1 after 286 usecs
03-26 05:57:15.190     1     1 I sprd-seth sipc-virt: core@5:channel@28: channel =28
03-26 05:57:15.190     1     1 I sprd-seth sipc-virt: core@5:channel@28: dst    =5
03-26 05:57:15.190     1     1 I sprd-seth sipc-virt: core@5:channel@28: sprd,blknum =256
03-26 05:57:15.190     1     1 I sprd-seth sipc-virt: core@5:channel@28: after parse dt, name=seth_lte10, dst=5, channel=28, blocknum=256
03-26 05:57:15.190     1     1 I sprd-sipx: sipx_chan_create
03-26 05:57:15.190     1     1 I sprd-sipx: offset = 0x0!
03-26 05:57:15.190   244   244 I         : unisoc-mailbox channel 5-28 send open msg!
03-26 05:57:15.190     1     1 E debugfs : File 'gro_enable' in directory 'seth' already present!
03-26 05:57:15.190   203   203 D         : probe of 200a0000.serial returned -517 after 0 usecs
03-26 05:57:15.190     1     1 D         : probe of sipc-virt:core@5:channel@28 returned 1 after 294 usecs
03-26 05:57:15.190     1     1 I sprd-seth sipc-virt: core@5:channel@29: channel =29
03-26 05:57:15.190     1     1 I sprd-seth sipc-virt: core@5:channel@29: dst    =5
03-26 05:57:15.190     1     1 I sprd-seth sipc-virt: core@5:channel@29: sprd,blknum =256
03-26 05:57:15.190     1     1 I sprd-seth sipc-virt: core@5:channel@29: after parse dt, name=seth_lte11, dst=5, channel=29, blocknum=256
03-26 05:57:15.190     1     1 I sprd-sipx: sipx_chan_create
03-26 05:57:15.190     1     1 I sprd-sipx: offset = 0x0!
03-26 05:57:15.190   245   245 I         : unisoc-mailbox channel 5-29 send open msg!
03-26 05:57:15.190     1     1 E debugfs : File 'gro_enable' in directory 'seth' already present!
03-26 05:57:15.191   203   203 D         : probe of 200a0000.serial returned -517 after 0 usecs
03-26 05:57:15.191     1     1 D         : probe of sipc-virt:core@5:channel@29 returned 1 after 278 usecs
03-26 05:57:15.191     1     1 I sprd-seth sipc-virt: core@5:channel@30: channel =30
03-26 05:57:15.191     1     1 I sprd-seth sipc-virt: core@5:channel@30: dst    =5
03-26 05:57:15.191     1     1 I sprd-seth sipc-virt: core@5:channel@30: sprd,blknum =256
03-26 05:57:15.191     1     1 I sprd-seth sipc-virt: core@5:channel@30: after parse dt, name=seth_lte12, dst=5, channel=30, blocknum=256
03-26 05:57:15.191     1     1 I sprd-sipx: sipx_chan_create
03-26 05:57:15.191     1     1 I sprd-sipx: offset = 0x0!
03-26 05:57:15.191   246   246 I         : unisoc-mailbox channel 5-30 send open msg!
03-26 05:57:15.191     1     1 E debugfs : File 'gro_enable' in directory 'seth' already present!
03-26 05:57:15.191   203   203 D         : probe of 200a0000.serial returned -517 after 0 usecs
03-26 05:57:15.191     1     1 D         : probe of sipc-virt:core@5:channel@30 returned 1 after 292 usecs
03-26 05:57:15.191     1     1 I sprd-seth sipc-virt: core@5:channel@31: channel =31
03-26 05:57:15.191     1     1 I sprd-seth sipc-virt: core@5:channel@31: dst    =5
