03-27 07:51:54.182     1     1 I sprd-seth sipc-virt: core@5:channel@26: after parse dt, name=seth_lte8, dst=5, channel=26, blocknum=256
03-27 07:51:54.182     1     1 I sprd-sipx: sipx_chan_create
03-27 07:51:54.182     1     1 I sprd-sipx: offset = 0x0!
03-27 07:51:54.183   238   238 I         : unisoc-mailbox channel 5-26 send open msg!
03-27 07:51:54.183     1     1 E debugfs : File 'gro_enable' in directory 'seth' already present!
03-27 07:51:54.183   176   176 D         : probe of 200a0000.serial returned -517 after 0 usecs
03-27 07:51:54.183     1     1 D         : probe of sipc-virt:core@5:channel@26 returned 1 after 529 usecs
03-27 07:51:54.183     1     1 I sprd-seth sipc-virt: core@5:channel@27: channel =27
03-27 07:51:54.183     1     1 I sprd-seth sipc-virt: core@5:channel@27: dst    =5
03-27 07:51:54.183     1     1 I sprd-seth sipc-virt: core@5:channel@27: sprd,blknum =256
03-27 07:51:54.183     1     1 I sprd-seth sipc-virt: core@5:channel@27: after parse dt, name=seth_lte9, dst=5, channel=27, blocknum=256
03-27 07:51:54.183     1     1 I sprd-sipx: sipx_chan_create
03-27 07:51:54.183     1     1 I sprd-sipx: offset = 0x0!
03-27 07:51:54.183   239   239 I         : unisoc-mailbox channel 5-27 send open msg!
03-27 07:51:54.183     1     1 E debugfs : File 'gro_enable' in directory 'seth' already present!
03-27 07:51:54.183   176   176 D         : probe of 200a0000.serial returned -517 after 0 usecs
03-27 07:51:54.183     1     1 D         : probe of sipc-virt:core@5:channel@27 returned 1 after 525 usecs
03-27 07:51:54.183     1     1 I sprd-seth sipc-virt: core@5:channel@28: channel =28
03-27 07:51:54.183     1     1 I sprd-seth sipc-virt: core@5:channel@28: dst    =5
03-27 07:51:54.183     1     1 I sprd-seth sipc-virt: core@5:channel@28: sprd,blknum =256
03-27 07:51:54.183     1     1 I sprd-seth sipc-virt: core@5:channel@28: after parse dt, name=seth_lte10, dst=5, channel=28, blocknum=256
03-27 07:51:54.184     1     1 I sprd-sipx: sipx_chan_create
03-27 07:51:54.184     1     1 I sprd-sipx: offset = 0x0!
03-27 07:51:54.184   240   240 I         : unisoc-mailbox channel 5-28 send open msg!
03-27 07:51:54.184     1     1 E debugfs : File 'gro_enable' in directory 'seth' already present!
03-27 07:51:54.184   176   176 D         : probe of 200a0000.serial returned -517 after 0 usecs
03-27 07:51:54.184     1     1 D         : probe of sipc-virt:core@5:channel@28 returned 1 after 738 usecs
03-27 07:51:54.184     1     1 I sprd-seth sipc-virt: core@5:channel@29: channel =29
03-27 07:51:54.184     1     1 I sprd-seth sipc-virt: core@5:channel@29: dst    =5
03-27 07:51:54.184     1     1 I sprd-seth sipc-virt: core@5:channel@29: sprd,blknum =256
03-27 07:51:54.184     1     1 I sprd-seth sipc-virt: core@5:channel@29: after parse dt, name=seth_lte11, dst=5, channel=29, blocknum=256
03-27 07:51:54.184     1     1 I sprd-sipx: sipx_chan_create
03-27 07:51:54.184     1     1 I sprd-sipx: offset = 0x0!
03-27 07:51:54.185   241   241 I         : unisoc-mailbox channel 5-29 send open msg!
03-27 07:51:54.185     1     1 E debugfs : File 'gro_enable' in directory 'seth' already present!
03-27 07:51:54.185   176   176 D         : probe of 200a0000.serial returned -517 after 0 usecs
03-27 07:51:54.185     1     1 D         : probe of sipc-virt:core@5:channel@29 returned 1 after 729 usecs
03-27 07:51:54.185     1     1 I sprd-seth sipc-virt: core@5:channel@30: channel =30
03-27 07:51:54.185     1     1 I sprd-seth sipc-virt: core@5:channel@30: dst    =5
03-27 07:51:54.185     1     1 I sprd-seth sipc-virt: core@5:channel@30: sprd,blknum =256
03-27 07:51:54.185     1     1 I sprd-seth sipc-virt: core@5:channel@30: after parse dt, name=seth_lte12, dst=5, channel=30, blocknum=256
03-27 07:51:54.185     1     1 I sprd-sipx: sipx_chan_create
03-27 07:51:54.185     1     1 I sprd-sipx: offset = 0x0!
03-27 07:51:54.186   242   242 I         : unisoc-mailbox channel 5-30 send open msg!
03-27 07:51:54.186     1     1 E debugfs : File 'gro_enable' in directory 'seth' already present!
03-27 07:51:54.186   176   176 D         : probe of 200a0000.serial returned -517 after 0 usecs
03-27 07:51:54.186     1     1 D         : probe of sipc-virt:core@5:channel@30 returned 1 after 745 usecs
03-27 07:51:54.186     1     1 I sprd-seth sipc-virt: core@5:channel@31: channel =31
03-27 07:51:54.186     1     1 I sprd-seth sipc-virt: core@5:channel@31: dst    =5
03-27 07:51:54.186     1     1 I sprd-seth sipc-virt: core@5:channel@31: sprd,blknum =256
03-27 07:51:54.186     1     1 I sprd-seth sipc-virt: core@5:channel@31: after parse dt, name=seth_lte13, dst=5, channel=31, blocknum=256
03-27 07:51:54.186     1     1 I sprd-sipx: sipx_chan_create
03-27 07:51:54.186     1     1 I sprd-sipx: offset = 0x0!
03-27 07:51:54.186   243   243 I         : unisoc-mailbox channel 5-31 send open msg!
03-27 07:51:54.186     1     1 E debugfs : File 'gro_enable' in directory 'seth' already present!
03-27 07:51:54.186   176   176 D         : probe of 200a0000.serial returned -517 after 0 usecs
03-27 07:51:54.186     1     1 D         : probe of sipc-virt:core@5:channel@31 returned 1 after 730 usecs
03-27 07:51:54.186     1     1 D         : initcall __cfi_check+0x368/0x3d4 [seth] returned 0 after 10423 usecs
03-27 07:51:54.187     1     1 I init    : Loaded kernel module /lib/modules/seth.ko
03-27 07:51:54.187     1     1 I init    : Loading module /lib/modules/sprd_modem_loader.ko with args ''
03-27 07:51:54.189     1     1 D         : calling  __cfi_check+0x1e8/0x1f4 [sprd_modem_loader] @ 1
03-27 07:51:54.190   176   176 D         : probe of 200a0000.serial returned -517 after 0 usecs
03-27 07:51:54.190     1     1 D         : probe of modem@0 returned 1 after 124 usecs
03-27 07:51:54.190   176   176 D         : probe of 200a0000.serial returned -517 after 0 usecs
03-27 07:51:54.190     1     1 D         : probe of modem@1 returned 1 after 73 usecs
03-27 07:51:54.190     1     1 D         : initcall __cfi_check+0x1e8/0x1f4 [sprd_modem_loader] returned 0 after 556 usecs
03-27 07:51:54.190     1     1 I init    : Loaded kernel module /lib/modules/sprd_modem_loader.ko
03-27 07:51:54.190     1     1 I init    : Loading module /lib/modules/usb_f_vser.ko with args ''
03-27 07:51:54.193     1     1 D         : calling  __cfi_check+0x3c0/0x414 [usb_f_vser] @ 1
03-27 07:51:54.193     1     1 D         : initcall __cfi_check+0x3c0/0x414 [usb_f_vser] returned 0 after 3 usecs
03-27 07:51:54.193     1     1 I init    : Loaded kernel module /lib/modules/usb_f_vser.ko
03-27 07:51:54.193     1     1 I init    : Loading module /lib/modules/sprd_iq.ko with args ''
03-27 07:51:54.194    53    53 I mmc1    : dll config 0xa0250d03, dll count 50, tuning length: 75
03-27 07:51:54.195     1     1 D         : calling  __cfi_check+0x1b4/0x1e0 [sprd_iq] @ 1
03-27 07:51:54.196     1     1 E sprd-iq : no in iq mode
03-27 07:51:54.196     1     1 D         : initcall __cfi_check+0x1b4/0x1e0 [sprd_iq] returned 0 after 81 usecs
03-27 07:51:54.196     1     1 I init    : Loaded kernel module /lib/modules/sprd_iq.ko
03-27 07:51:54.196     1     1 I init    : Loading module /lib/modules/slog_bridge.ko with args ''
03-27 07:51:54.197    53    53 I mmc1    : the best tuning step range 22-6(the length is 35)
03-27 07:51:54.197    53    53 I mmc1    : the best step 39, phase 0xc7, delay value 0x72c7c77f
03-27 07:51:54.197    53    53 I mmc1    : Host Software Queue enabled
03-27 07:51:54.197    53    53 I mmc1    : new ultra high speed SDR104 SDHC card at address 5048
03-27 07:51:54.198    53    53 I mmcblk1 : mmc1:5048 SD32G 28.9 GiB
03-27 07:51:54.199     1     1 D         : calling  __cfi_check+0x154/0x178 [slog_bridge] @ 1
03-27 07:51:54.199     1     1 I slog_bridge sipc-virt: sbridge-log: tx is usb = 1.
03-27 07:51:54.199     1     1 I slog_bridge sipc-virt: sbridge-log: probed, tx_is_usb=1, rx_cnt=1
03-27 07:51:54.200   200   200 I slog_bridge sipc-virt: sbridge-log: sblock_rx[0] rxblksz=4096
03-27 07:51:54.200   200   200 I slog_bridge sipc-virt: sbridge-log: all sblock register ok
03-27 07:51:54.200   200   200 D         : probe of 200a0000.serial returned -517 after 0 usecs
03-27 07:51:54.200     1     1 D         : probe of sipc-virt:sbridge-log returned 1 after 953 usecs
03-27 07:51:54.200     1     1 D         : initcall __cfi_check+0x154/0x178 [slog_bridge] returned 0 after 1369 usecs
03-27 07:51:54.200     1     1 I init    : Loaded kernel module /lib/modules/slog_bridge.ko
03-27 07:51:54.200     1     1 I init    : Loading module /lib/modules/sbuf_bridge.ko with args ''
03-27 07:51:54.202     1     1 D         : calling  __cfi_check+0x11c/0x138 [sbuf_bridge] @ 1
03-27 07:51:54.202     1     1 D         : initcall __cfi_check+0x11c/0x138 [sbuf_bridge] returned 0 after 330 usecs
03-27 07:51:54.202     1     1 I init    : Loaded kernel module /lib/modules/sbuf_bridge.ko
03-27 07:51:54.203     1     1 I init    : Loading module /lib/modules/sblock_bridge.ko with args ''
03-27 07:51:54.205     1     1 D         : calling  __cfi_check+0x118/0x134 [sblock_bridge] @ 1
03-27 07:51:54.205     1     1 D         : initcall __cfi_check+0x118/0x134 [sblock_bridge] returned 0 after 254 usecs
03-27 07:51:54.205     1     1 I init    : Loaded kernel module /lib/modules/sblock_bridge.ko
03-27 07:51:54.205     1     1 I init    : Loading module /lib/modules/trusty-tui.ko with args ''
03-27 07:51:54.207     1     1 D         : calling  __cfi_check+0x194/0x1bc [trusty_tui] @ 1
03-27 07:51:54.207   200   200 D         : probe of 200a0000.serial returned -517 after 0 usecs
03-27 07:51:54.207     1     1 D         : probe of trusty:tui returned 1 after 122 usecs
03-27 07:51:54.207     1     1 D         : initcall __cfi_check+0x194/0x1bc [trusty_tui] returned 0 after 364 usecs
03-27 07:51:54.207     1     1 I init    : Loaded kernel module /lib/modules/trusty-tui.ko
03-27 07:51:54.207     1     1 I init    : Loading module /lib/modules/sprd_camsys_pw_domain.ko with args ''
03-27 07:51:54.210     1     1 W sprd_camsys_pw_domain: loading out-of-tree module taints kernel.
03-27 07:51:54.211     1     1 D         : calling  sprd_cam_pw_off.339+0x224/0x23c [sprd_camsys_pw_domain] @ 1
03-27 07:51:54.212   200   200 D         : probe of 200a0000.serial returned -517 after 1 usecs
03-27 07:51:54.212     1     1 D         : probe of soc:mm:mm_domain returned 1 after 324 usecs
03-27 07:51:54.212     1     1 D         : initcall sprd_cam_pw_off.339+0x224/0x23c [sprd_camsys_pw_domain] returned 0 after 1412 usecs
03-27 07:51:54.212     1     1 I init    : Loaded kernel module /lib/modules/sprd_camsys_pw_domain.ko
03-27 07:51:54.212     1     1 I init    : Loading module /lib/modules/virt-dma.ko with args ''
03-27 07:51:54.213    53    53 I mmcblk1 : p1
03-27 07:51:54.213    53    53 D         : probe of mmc1:5048 returned 1 after 15974 usecs
03-27 07:51:54.213    53    53 D         : probe of 200a0000.serial returned -517 after 1 usecs
03-27 07:51:54.215     1     1 I init    : Loaded kernel module /lib/modules/virt-dma.ko
03-27 07:51:54.215     1     1 I init    : Loading module /lib/modules/sprd-dma.ko with args ''
03-27 07:51:54.217     1     1 D         : calling  __cfi_check+0x2e4/0x344 [sprd_dma] @ 1
03-27 07:51:54.217     1     1 W sprd-dma 20410000.dma-controller: no optional ashb eb clock
03-27 07:51:54.218    53    53 D         : probe of 200a0000.serial returned -517 after 2 usecs
03-27 07:51:54.218     1     1 D         : probe of 20410000.dma-controller returned 1 after 721 usecs
03-27 07:51:54.219    53    53 D         : probe of 200a0000.serial returned -517 after 0 usecs
03-27 07:51:54.219     1     1 D         : probe of 56580000.dma-controller returned 1 after 715 usecs
03-27 07:51:54.219     1     1 D         : initcall __cfi_check+0x2e4/0x344 [sprd_dma] returned 0 after 1759 usecs
03-27 07:51:54.219     1     1 I init    : Loaded kernel module /lib/modules/sprd-dma.ko
03-27 07:51:54.219     1     1 I init    : Loading module /lib/modules/ion_ipc_trusty.ko with args ''
03-27 07:51:54.220     1     1 W ion_ipc_trusty: module is from the staging directory, the quality is unknown, you have been warned.
03-27 07:51:54.221     1     1 I init    : Loaded kernel module /lib/modules/ion_ipc_trusty.ko
03-27 07:51:54.221     1     1 I init    : Loading module /lib/modules/ion_cma_heap.ko with args ''
03-27 07:51:54.223     1     1 W ion_cma_heap: module is from the staging directory, the quality is unknown, you have been warned.
03-27 07:51:54.224     1     1 D         : calling  __cfi_check+0x148/0x164 [ion_cma_heap] @ 1
03-27 07:51:54.224     1     1 E         : cma name cma_share@f00000000, heap name widevine heap id 1
03-27 07:51:54.224     1     1 E         : cma name cma_share@f00000000, heap name framebuffer heap id 3
03-27 07:51:54.224     1     1 E         : cma name cma_share@f00000000, heap name faceid heap id 4
03-27 07:51:54.224     1     1 E         : cma name cma_share@f00000000, heap name vdsp heap id 5
03-27 07:51:54.224     1     1 D         : initcall __cfi_check+0x148/0x164 [ion_cma_heap] returned 0 after 7 usecs
03-27 07:51:54.224     1     1 I init    : Loaded kernel module /lib/modules/ion_cma_heap.ko
03-27 07:51:54.224     1     1 I init    : Loading module /lib/modules/sprd-ion.ko with args ''
03-27 07:51:54.226     1     1 D         : calling  __typeid__ZTSFPvP7dma_bufmE_global_addr+0xc/0x28 [sprd_ion] @ 1
03-27 07:51:54.226     1     1 I sprd_ion_parse_dt: num_heaps=2
03-27 07:51:54.226     1     1 I sprd_ion_parse_dt: heaps[0]: id: 5 ion_protected_heap type: 2 base: 0xf3000000 size 0x2000
03-27 07:51:54.226     1     1 I sprd_ion_parse_dt: heaps[1]: id: 4 carveout_fd type: 2 base: 0xffa70000 size 0x500000
03-27 07:51:54.228    53    53 D         : probe of 200a0000.serial returned -517 after 1 usecs
03-27 07:51:54.228     1     1 D         : probe of ion returned 1 after 2277 usecs
03-27 07:51:54.228     1     1 D         : initcall __typeid__ZTSFPvP7dma_bufmE_global_addr+0xc/0x28 [sprd_ion] returned 0 after 2576 usecs
03-27 07:51:54.229     1     1 I init    : Loaded kernel module /lib/modules/sprd-ion.ko
03-27 07:51:54.229     1     1 I init    : Loading module /lib/modules/unisoc-iommu.ko with args ''
03-27 07:51:54.232     1     1 D         : calling  sprd_aligned_free+0x24/0x4c [unisoc_iommu] @ 1
03-27 07:51:54.233     1     1 I sprd_iommu: sprd_iommu_probe()-start
03-27 07:51:54.233     1     1 I sprd_iommu: sprd_iommu_get_resource()-pgt_base phy:0x32000000
03-27 07:51:54.233     1     1 I sprd_iommu: sprd_iommu_get_resource()-pgt_base:ffffffc012f6d000,pgt_size:80
03-27 07:51:54.233     1     1 I sprd_iommu: sprd_iommu_get_resource()-ctrl_reg phy:0x32000000
03-27 07:51:54.233     1     1 I sprd_iommu: sprd_iommu_get_resource()-ctrl_reg:0xffffffc012f95000
03-27 07:51:54.233     1     1 I sprd_iommu: sprd_iommu_get_resource()-iova_base:0x20000000,iova_size:10000000
03-27 07:51:54.233     1     1 I sprd_iommu: sprd_iommu_get_resource()-fault_page: 0x1ed692000
03-27 07:51:54.233     1     1 I sprd_iommu: sprd_iommu_get_resource()-no reserved rr page addr
03-27 07:51:54.233     1     1 I sprd_iommu: sprd_iommuvau_hw_init()-begin
03-27 07:51:54.233     1     1 I sprd_iommu: sprd_iommuvau_hw_init()-done
03-27 07:51:54.233     1     1 I sprd_iommu: sprd_iommu_probe()-sprd,iommuvaul6-vsp end
03-27 07:51:54.233    53    53 D         : probe of 200a0000.serial returned -517 after 1 usecs
03-27 07:51:54.233     1     1 D         : probe of 32000000.iommu returned 1 after 401 usecs
03-27 07:51:54.233     1     1 I sprd_iommu: sprd_iommu_probe()-start
03-27 07:51:54.233     1     1 I sprd_iommu: sprd_iommu_get_resource()-pgt_base phy:0x36000000
03-27 07:51:54.233     1     1 I sprd_iommu: sprd_iommu_get_resource()-pgt_base:ffffffc012f9d000,pgt_size:300
03-27 07:51:54.233     1     1 I sprd_iommu: sprd_iommu_get_resource()-ctrl_reg phy:0x36000300
03-27 07:51:54.233     1     1 I sprd_iommu: sprd_iommu_get_resource()-ctrl_reg:0xffffffc012fa5300
03-27 07:51:54.233     1     1 I sprd_iommu: sprd_iommu_get_resource()-iova_base:0x60000000,iova_size:20000000
03-27 07:51:54.233     1     1 I sprd_iommu: sprd_iommu_get_resource()-fault_page: 0x1ed68e000
03-27 07:51:54.233     1     1 I sprd_iommu: sprd_iommu_get_resource()-no reserved rr page addr
03-27 07:51:54.233     1     1 I sprd_iommu: sprd_iommuvau_hw_init()-begin
03-27 07:51:54.233     1     1 I sprd_iommu: sprd_iommuvau_hw_init()-done
03-27 07:51:54.233     1     1 I sprd_iommu: sprd_iommu_probe()-sprd,iommuvaul6-jpg end
03-27 07:51:54.233    53    53 D         : probe of 200a0000.serial returned -517 after 0 usecs
03-27 07:51:54.233     1     1 D         : probe of 36000000.iommu returned 1 after 355 usecs
03-27 07:51:54.233     1     1 I sprd_iommu: sprd_iommu_probe()-start
03-27 07:51:54.233     1     1 I sprd_iommu: sprd_iommu_get_resource()-pgt_base phy:0x3a000000
03-27 07:51:54.233     1     1 I sprd_iommu: sprd_iommu_get_resource()-pgt_base:ffffffc014900000,pgt_size:ff000
03-27 07:51:54.233     1     1 I sprd_iommu: sprd_iommu_get_resource()-ctrl_reg phy:0x3a0ff000
03-27 07:51:54.233     1     1 I sprd_iommu: sprd_iommu_get_resource()-ctrl_reg:0xffffffc012fad000
03-27 07:51:54.233     1     1 I sprd_iommu: sprd_iommu_get_resource()-iova_base:0x40000000,iova_size:20000000
03-27 07:51:54.233     1     1 I sprd_iommu: sprd_iommu_get_resource()-fault_page: 0x1ed687000
03-27 07:51:54.233     1     1 I sprd_iommu: sprd_iommu_get_resource()-no reserved rr page addr
03-27 07:51:54.234     1     1 I sprd_iommu: sprd_iommuvau_hw_init()-begin
03-27 07:51:54.234     1     1 I sprd_iommu: sprd_iommuvau_hw_init()-done
03-27 07:51:54.234     1     1 I sprd_iommu: sprd_iommu_probe()-sprd,iommuvaul6-isp end
03-27 07:51:54.234    53    53 D         : probe of 200a0000.serial returned -517 after 0 usecs
03-27 07:51:54.234     1     1 D         : probe of 3a000000.iommu returned 1 after 322 usecs
03-27 07:51:54.234     1     1 I sprd_iommu: sprd_iommu_probe()-start
03-27 07:51:54.234     1     1 I sprd_iommu: sprd_iommu_get_resource()-pgt_base phy:0x3e000000
03-27 07:51:54.234     1     1 I sprd_iommu: sprd_iommu_get_resource()-pgt_base:ffffffc0132f0000,pgt_size:f000
03-27 07:51:54.234     1     1 I sprd_iommu: sprd_iommu_get_resource()-ctrl_reg phy:0x3e00f000
03-27 07:51:54.234     1     1 I sprd_iommu: sprd_iommu_get_resource()-ctrl_reg:0xffffffc012fb5000
03-27 07:51:54.234     1     1 I sprd_iommu: sprd_iommu_get_resource()-iova_base:0x40000000,iova_size:40000000
03-27 07:51:54.234     1     1 I sprd_iommu: sprd_iommu_get_resource()-fault_page: 0x1ed681000
03-27 07:51:54.234     1     1 I sprd_iommu: sprd_iommu_get_resource()-no reserved rr page addr
03-27 07:51:54.234     1     1 I sprd_iommu: sprd_iommuvau_hw_init()-begin
03-27 07:51:54.234     1     1 I sprd_iommu: sprd_iommuvau_hw_init()-done
03-27 07:51:54.234     1     1 I sprd_iommu: sprd_iommu_probe()-sprd,iommuvaul6-dcam end
03-27 07:51:54.234    53    53 D         : probe of 200a0000.serial returned -517 after 0 usecs
03-27 07:51:54.234     1     1 D         : probe of 3e000000.iommu returned 1 after 568 usecs
03-27 07:51:54.234     1     1 I sprd_iommu: sprd_iommu_probe()-start
03-27 07:51:54.234     1     1 I sprd_iommu: sprd_iommu_get_resource()-pgt_base phy:0x3c000000
03-27 07:51:54.234     1     1 I sprd_iommu: sprd_iommu_get_resource()-pgt_base:ffffffc012fbd000,pgt_size:110
03-27 07:51:54.234     1     1 I sprd_iommu: sprd_iommu_get_resource()-ctrl_reg phy:0x3c000110
03-27 07:51:54.234     1     1 I sprd_iommu: sprd_iommu_get_resource()-ctrl_reg:0xffffffc012fc5110
03-27 07:51:54.234     1     1 I sprd_iommu: sprd_iommu_get_resource()-iova_base:0x40000000,iova_size:10000000
03-27 07:51:54.234     1     1 I sprd_iommu: sprd_iommu_get_resource()-fault_page: 0x1ed64e000
03-27 07:51:54.234     1     1 I sprd_iommu: sprd_iommu_get_resource()-no reserved rr page addr
03-27 07:51:54.234     1     1 I sprd_iommu: sprd_iommuvau_hw_init()-begin
03-27 07:51:54.234     1     1 I sprd_iommu: sprd_iommuvau_hw_init()-done
03-27 07:51:54.234     1     1 I sprd_iommu: sprd_iommu_probe()-sprd,iommuvaul6-fd end
03-27 07:51:54.234    53    53 D         : probe of 200a0000.serial returned -517 after 0 usecs
03-27 07:51:54.234     1     1 D         : probe of 3c000000.iommu returned 1 after 193 usecs
03-27 07:51:54.234     1     1 I sprd_iommu: sprd_iommu_probe()-start
03-27 07:51:54.235     1     1 I sprd_iommu: sprd_iommu_get_resource()-pgt_base phy:0x38000000
03-27 07:51:54.235     1     1 I sprd_iommu: sprd_iommu_get_resource()-pgt_base:ffffffc0130d5000,pgt_size:200
03-27 07:51:54.235     1     1 I sprd_iommu: sprd_iommu_get_resource()-ctrl_reg phy:0x38000200
03-27 07:51:54.235     1     1 I sprd_iommu: sprd_iommu_get_resource()-ctrl_reg:0xffffffc0130ed200
03-27 07:51:54.235     1     1 I sprd_iommu: sprd_iommu_get_resource()-iova_base:0x40000000,iova_size:20000000
03-27 07:51:54.235     1     1 I sprd_iommu: sprd_iommu_get_resource()-fault_page: 0x1ed69b000
03-27 07:51:54.235     1     1 I sprd_iommu: sprd_iommu_get_resource()-no reserved rr page addr
03-27 07:51:54.235     1     1 I sprd_iommu: sprd_iommuvau_hw_init()-begin
03-27 07:51:54.235     1     1 I sprd_iommu: sprd_iommuvau_hw_init()-done
03-27 07:51:54.235     1     1 I sprd_iommu: sprd_iommu_probe()-sprd,iommuvaul6-cpp end
03-27 07:51:54.235    53    53 D         : probe of 200a0000.serial returned -517 after 0 usecs
03-27 07:51:54.235     1     1 D         : probe of 38000000.iommu returned 1 after 373 usecs
03-27 07:51:54.235     1     1 I sprd_iommu: sprd_iommu_probe()-start
03-27 07:51:54.235     1     1 I sprd_iommu: sprd_iommu_get_resource()-pgt_base phy:0x31000000
03-27 07:51:54.235     1     1 I sprd_iommu: sprd_iommu_get_resource()-pgt_base:ffffffc0130f5000,pgt_size:800
03-27 07:51:54.235     1     1 I sprd_iommu: sprd_iommu_get_resource()-ctrl_reg phy:0x31000800
03-27 07:51:54.235     1     1 I sprd_iommu: sprd_iommu_get_resource()-ctrl_reg:0xffffffc0130fd800
03-27 07:51:54.235     1     1 I sprd_iommu: sprd_iommu_get_resource()-iova_base:0x30000000,iova_size:10000000
03-27 07:51:54.235     1     1 I sprd_iommu: sprd_iommu_get_resource()-fault_page: 0x1ed6a2000
03-27 07:51:54.235     1     1 I sprd_iommu: sprd_iommu_get_resource()-no reserved rr page addr
03-27 07:51:54.235     1     1 I sprd_iommu: sprd_iommuvau_hw_init()-begin
03-27 07:51:54.235     1     1 I sprd_iommu: sprd_iommuvau_hw_init()-done
03-27 07:51:54.235     1     1 I sprd_iommu: sprd_iommu_probe()-sprd,iommuvaul6-dispc end
03-27 07:51:54.235    53    53 D         : probe of 200a0000.serial returned -517 after 0 usecs
03-27 07:51:54.235     1     1 D         : probe of 31000000.iommu returned 1 after 290 usecs
03-27 07:51:54.236     1     1 D         : initcall sprd_aligned_free+0x24/0x4c [unisoc_iommu] returned 0 after 4323 usecs
03-27 07:51:54.237     1     1 I init    : Loaded kernel module /lib/modules/unisoc-iommu.ko
03-27 07:51:54.237     1     1 I init    : Loading module /lib/modules/sprd_sensor.ko with args ''
03-27 07:51:54.241     1     1 D         : calling  compat_sensor_k_ioctl+0x298/0x2d8 [sprd_sensor] @ 1
03-27 07:51:54.241     1     1 I SENSOR_DRV: 1: sprd_sensor_probe L 250: dcam sensor probe start:device name:(null)
03-27 07:51:54.241     1     1 I SENSOR_DRV: 1: sprd_sensor_parse_clk_dt L 89: sensor_info->sensor_clk: (____ptrval____) id 0
03-27 07:51:54.241     1     1 I csi_api : 1 217 csi_api_mipi_phy_cfg_init : sensor_id 0 mipi_phy:phy_id:2
03-27 07:51:54.241     1     1 I SENSOR_DRV: 1: sprd_sensor_config L 225: 18446743530383044736
03-27 07:51:54.241     1     1 I csi_api : 1 248 csi_api_dt_node_init : csi node name csi00
03-27 07:51:54.241     1     1 I csi_api : 1 259 csi_api_dt_node_init : csi 0 ,phy addr:0x3e200000 ,size:0x1000 , reg ffffffc013105000
03-27 07:51:54.241     1     1 I csi_api : 1 301 csi_api_dt_node_init : csi dt info:sensor_id :0, csi_info:0x(____ptrval____)
03-27 07:51:54.241     1     1 I SENSOR_DRV: 1: parse_dcam_id L 168: dcam id is 0
03-27 07:51:54.241    53    53 D         : probe of 200a0000.serial returned -517 after 1 usecs
03-27 07:51:54.241     1     1 D         : probe of 0-005a returned 1 after 255 usecs
03-27 07:51:54.241     1     1 I SENSOR_DRV: 1: sprd_sensor_register_driver L 589: register main sensor:0
03-27 07:51:54.252     1     1 I SENSOR_DRV: 1: sprd_sensor_probe L 250: dcam sensor probe start:device name:(null)
03-27 07:51:54.253     1     1 I SENSOR_DRV: 1: sprd_sensor_parse_clk_dt L 89: sensor_info->sensor_clk: (____ptrval____) id 1
03-27 07:51:54.253     1     1 I csi_api : 1 217 csi_api_mipi_phy_cfg_init : sensor_id 1 mipi_phy:phy_id:0
03-27 07:51:54.253     1     1 I SENSOR_DRV: 1: sprd_sensor_config L 225: 18446743530383046224
03-27 07:51:54.253     1     1 I csi_api : 1 248 csi_api_dt_node_init : csi node name csi01
03-27 07:51:54.253     1     1 I csi_api : 1 259 csi_api_dt_node_init : csi 1 ,phy addr:0x3e300000 ,size:0x1000 , reg ffffffc01310d000
03-27 07:51:54.253     1     1 I csi_api : 1 301 csi_api_dt_node_init : csi dt info:sensor_id :1, csi_info:0x(____ptrval____)
03-27 07:51:54.253     1     1 I SENSOR_DRV: 1: parse_dcam_id L 168: dcam id is 1
03-27 07:51:54.253    53    53 D         : probe of 200a0000.serial returned -517 after 0 usecs
03-27 07:51:54.253     1     1 D         : probe of 1-0020 returned 1 after 172 usecs
03-27 07:51:54.253     1     1 I SENSOR_DRV: 1: sprd_sensor_register_driver L 592: register sub sensor:0
03-27 07:51:54.259    54    54 E set_emmc_mode: current_cid_manfid=19, current_prod_name = G2M212
03-27 07:51:54.259    54    54 E set_emmc_mode: current_cid_manfid=19, current_prod_name = G2M212
03-27 07:51:54.259    54    54 E set_emmc_mode: current_cid_manfid=19, current_prod_name = G2M212
03-27 07:51:54.259    54    54 E set_emmc_mode: current_cid_manfid=19, current_prod_name = G2M212
03-27 07:51:54.259    54    54 E set_emmc_mode: current_cid_manfid=19, current_prod_name = G2M212
03-27 07:51:54.259    54    54 E set_emmc_mode: current_cid_manfid=19, current_prod_name = G2M212
03-27 07:51:54.259    54    54 E set_emmc_mode: current_cid_manfid=19, current_prod_name = G2M212
03-27 07:51:54.259    54    54 E set_emmc_mode: current_cid_manfid=19, current_prod_name = G2M212
03-27 07:51:54.259    54    54 E set_emmc_mode: current_cid_manfid=19, current_prod_name = G2M212
03-27 07:51:54.262    54    54 E         : sprd_create_mmc_health_init start flag= 9
03-27 07:51:54.262    54    54 I mmc0    : Host Software Queue enabled
03-27 07:51:54.262    54    54 I mmc0    : new HS400 Enhanced strobe MMC card at address 0001
03-27 07:51:54.263    54    54 I mmcblk0 : mmc0:0001 G2M212 116 GiB
03-27 07:51:54.263    54    54 I mmcblk0boot0: mmc0:0001 G2M212 partition 1 4.00 MiB
03-27 07:51:54.263    54    54 I mmcblk0boot1: mmc0:0001 G2M212 partition 2 4.00 MiB
03-27 07:51:54.263    54    54 I mmcblk0rpmb: mmc0:0001 G2M212 partition 3 16.0 MiB, chardev (238:0)
03-27 07:51:54.264     1     1 I SENSOR_DRV: 1: sprd_sensor_probe L 250: dcam sensor probe start:device name:(null)
03-27 07:51:54.264     1     1 I SENSOR_DRV: 1: sprd_sensor_parse_clk_dt L 89: sensor_info->sensor_clk: (____ptrval____) id 2
03-27 07:51:54.264     1     1 I csi_api : 1 217 csi_api_mipi_phy_cfg_init : sensor_id 2 mipi_phy:phy_id:4
03-27 07:51:54.264     1     1 I SENSOR_DRV: 1: sprd_sensor_config L 225: 18446743530383046224
03-27 07:51:54.264     1     1 I csi_api : 1 248 csi_api_dt_node_init : csi node name csi01
03-27 07:51:54.264     1     1 I csi_api : 1 259 csi_api_dt_node_init : csi 1 ,phy addr:0x3e300000 ,size:0x1000 , reg ffffffc013125000
03-27 07:51:54.264     1     1 I csi_api : 1 301 csi_api_dt_node_init : csi dt info:sensor_id :2, csi_info:0x(____ptrval____)
03-27 07:51:54.264     1     1 I SENSOR_DRV: 1: parse_dcam_id L 168: dcam id is 1
03-27 07:51:54.264   114   114 D         : probe of 200a0000.serial returned -517 after 1 usecs
03-27 07:51:54.264     1     1 D         : probe of 1-0043 returned 1 after 254 usecs
03-27 07:51:54.264     1     1 I SENSOR_DRV: 1: sprd_sensor_register_driver L 595: register main2 sensor:0
03-27 07:51:54.265    54    54 I mmcblk0 : p1 p2 p3 p4 p5 p6 p7 p8 p9 p10 p11 p12 p13 p14 p15 p16 p17 p18 p19 p20 p21 p22 p23 p24 p25 p26 p27 p28 p29 p30 p31 p32 p33 p34 p35 p36 p37 p38 p39 p40 p41 p42 p43 p44 p45 p46 p47 p48 p49 p50 p51 p52 p53 p54 p55 p56 p57 p58 p59 p60 p61 p62 p63 p64 p65 p66 p67 p68 p69 p70 p71 p72 p73 p74 p75 p76 p77
03-27 07:51:54.269    54    54 D         : probe of mmc0:0001 returned 1 after 6995 usecs
03-27 07:51:54.269    54    54 D         : probe of 200a0000.serial returned -517 after 1 usecs
03-27 07:51:54.275     1     1 I SENSOR_DRV: 1: sprd_sensor_probe L 250: dcam sensor probe start:device name:(null)
03-27 07:51:54.275     1     1 I SENSOR_DRV: 1: sprd_sensor_parse_clk_dt L 89: sensor_info->sensor_clk: (____ptrval____) id 3
03-27 07:51:54.275     1     1 I csi_api : 1 217 csi_api_mipi_phy_cfg_init : sensor_id 3 mipi_phy:phy_id:3
03-27 07:51:54.275     1     1 I SENSOR_DRV: 1: sprd_sensor_config L 225: 18446743530383047712
03-27 07:51:54.275     1     1 I csi_api : 1 248 csi_api_dt_node_init : csi node name csi02
03-27 07:51:54.275     1     1 I csi_api : 1 259 csi_api_dt_node_init : csi 2 ,phy addr:0x3e400000 ,size:0x1000 , reg ffffffc01312d000
03-27 07:51:54.275     1     1 I csi_api : 1 301 csi_api_dt_node_init : csi dt info:sensor_id :3, csi_info:0x(____ptrval____)
03-27 07:51:54.275     1     1 I SENSOR_DRV: 1: parse_dcam_id L 168: dcam id is 2
03-27 07:51:54.276   199   199 D         : probe of 200a0000.serial returned -517 after 0 usecs
03-27 07:51:54.276     1     1 D         : probe of 6-006e returned 1 after 195 usecs
03-27 07:51:54.276     1     1 I SENSOR_DRV: 1: sprd_sensor_register_driver L 598: register  sub2 sensor:0
03-27 07:51:54.287     1     1 I SENSOR_DRV: 1: sprd_sensor_register_driver L 601: register main3 sensor:0
03-27 07:51:54.298     1     1 I SENSOR_DRV: 1: sprd_sensor_register_driver L 604: register  sub3 sensor:0
03-27 07:51:54.298     1     1 I SENSOR_CORE: 1: sprd_sensor_core_module_init line=1114: sensor register
03-27 07:51:54.298     1     1 I SENSOR_CORE: 1: sprd_sensor_core_module_init line=1117: create device node
03-27 07:51:54.298     1     1 D         : initcall compat_sensor_k_ioctl+0x298/0x2d8 [sprd_sensor] returned 0 after 55246 usecs
03-27 07:51:54.298     1     1 I init    : Loaded kernel module /lib/modules/sprd_sensor.ko
03-27 07:51:54.298     1     1 I init    : Loading module /lib/modules/sprd_flash_drv.ko with args ''
03-27 07:51:54.300     1     1 D         : calling  __cfi_check+0x20c/0x230 [sprd_flash_drv] @ 1
03-27 07:51:54.300    54    54 D         : probe of 200a0000.serial returned -517 after 0 usecs
03-27 07:51:54.300     1     1 D         : probe of sprd_flash returned 1 after 72 usecs
03-27 07:51:54.300     1     1 D         : initcall __cfi_check+0x20c/0x230 [sprd_flash_drv] returned 0 after 325 usecs
03-27 07:51:54.301     1     1 I init    : Loaded kernel module /lib/modules/sprd_flash_drv.ko
03-27 07:51:54.301     1     1 I init    : Loading module /lib/modules/sprd_camera.ko with args ''
03-27 07:51:54.323    54    54 E         : The call_back is NULL
03-27 07:51:54.335     1     1 D         : calling  __typeid__ZTSFiP17isp_fmcu_ctx_descE_global_addr+0x30/0xc0 [sprd_camera] @ 1
03-27 07:51:54.335     1     1 W sprd_image 3e000000.dcam: ignoring dependency for device, assuming no driver
03-27 07:51:54.335     1     1 I CAM_CORE: 1 9813 camcore_probe : Start camera img probe
03-27 07:51:54.335     1     1 I CAM_CORE: 1 9847 camcore_probe : sprd img probe pdev name 3e000000.dcam
03-27 07:51:54.335     1     1 I CAM_CORE: 1 9848 camcore_probe : sprd dcam dev name (null)
03-27 07:51:54.335     1     1 I DCAM_DRV: 1 279 dcam_drv_dt_parse : start dcam dts parse
03-27 07:51:54.335     1     1 I DCAM_DRV: 1 329 dcam_drv_dt_parse : dev: 3e000000.dcam, full name: dcam@3e000000, cam_ahb_gpr: ffffff81766b8800, count: 3, DCAM dcam_max.w.h 8048 6036
03-27 07:51:54.336     1     1 I DCAM_DRV: 1 343 dcam_drv_dt_parse : DCAM IOMMU Base  0xffffffc01314d000
03-27 07:51:54.336     1     1 I DCAM_DRV: 1 378 dcam_drv_dt_parse : get dcam qos node. r: 10 10 w: 13 12
03-27 07:51:54.336     1     1 I DCAM_DRV: 1 425 dcam_drv_dt_parse : DCAM0 reg: dcam0_reg 0x3e000000 ffffffc013155000, irq: dcam0 46
03-27 07:51:54.336     1     1 I DCAM_DRV: 1 425 dcam_drv_dt_parse : DCAM1 reg: dcam1_reg 0x3e001000 ffffffc01315d000, irq: dcam1 47
03-27 07:51:54.336     1     1 I DCAM_DRV: 1 425 dcam_drv_dt_parse : DCAM2 reg: dcam2_reg 0x3e002000 ffffffc013165000, irq: dcam2 48
03-27 07:51:54.336     1     1 I CAM_CORE: 1 9855 camcore_probe : sprd isp dev name (null)
03-27 07:51:54.336     1     1 I ISP_DRV : 1 1120 isp_drv_dt_parse : isp dev device node dcam, full name dcam@3e000000
03-27 07:51:54.336     1     1 I ISP_DRV : 1 1130 isp_drv_dt_parse : after isp dev device node isp, full name isp@3a000000
03-27 07:51:54.336     1     1 I ISP_DRV : 1 1136 isp_drv_dt_parse : sprd s_isp_pdev name 3a000000.isp
03-27 07:51:54.336     1     1 I ISP_DRV : 1 1169 isp_drv_dt_parse : ISP IOMMU Base  0xffffffc013185000
03-27 07:51:54.336     1     1 I ISP_DRV : 1 1198 isp_drv_dt_parse : get isp qos node. r: 7 6 w: 7 6
03-27 07:51:54.336     1     1 E cam_porting: 1 256 cam_syscon_get_args_by_name : fail to get syscon sys_h2p_db_soft_rst 2, (____ptrval____)
03-27 07:51:54.336     1     1 I ISP_DRV : 1 1241 isp_drv_dt_parse : isp phys reg base is 3a000000
03-27 07:51:54.336     1     1 I ISP_DRV : 1 1259 isp_drv_dt_parse : ISP0 dts OK! regbase ffffffc014e00000, irq 44
03-27 07:51:54.336     1     1 I ISP_DRV : 1 1259 isp_drv_dt_parse : ISP1 dts OK! regbase ffffffc014e00000, irq 45
03-27 07:51:54.336     1     1 I cam_buf : 1 51 cambuf_mdbg_init : reset to 0
03-27 07:51:54.336     1     1 I cam_buf : 1 459 cam_buf_iommudev_reg : dev 1, iommu_mode 0 iommu_hw_en 1
03-27 07:51:54.336     1     1 I cam_buf : 1 459 cam_buf_iommudev_reg : dev 0, iommu_mode 0 iommu_hw_en 1
03-27 07:51:54.336     1     1 I DCAM_DEBUG: 1 892 camdebugger_dcam_init : dcam debugfs init ok
03-27 07:51:54.336    54    54 D         : probe of 200a0000.serial returned -517 after 1 usecs
03-27 07:51:54.336     1     1 D         : probe of 3e000000.dcam returned 1 after 530 usecs
03-27 07:51:54.336     1     1 D         : initcall __typeid__ZTSFiP17isp_fmcu_ctx_descE_global_addr+0x30/0xc0 [sprd_camera] returned 0 after 904 usecs
03-27 07:51:54.337     1     1 I init    : Loaded kernel module /lib/modules/sprd_camera.ko
03-27 07:51:54.337     1     1 I init    : Loading module /lib/modules/sprd-vsp-pw-domain.ko with args ''
03-27 07:51:54.339     1     1 D         : calling  __cfi_check+0xd0/0xe4 [sprd_vsp_pw_domain] @ 1
03-27 07:51:54.339     1     1 I sprd-vsp-pd soc: vsp-power-domain: vsp_pd_probe, 197
03-27 07:51:54.339     1     1 I sprd-vsp-pd soc: vsp-power-domain: VSP syscon[pmu-vsp-auto-shutdown-syscon](____ptrval____), offset 0x314, mask 0x1000000
03-27 07:51:54.339     1     1 I sprd-vsp-pd soc: vsp-power-domain: VSP syscon[pmu-vsp-force-shutdown-syscon](____ptrval____), offset 0x314, mask 0x2000000
03-27 07:51:54.339     1     1 I sprd-vsp-pd soc: vsp-power-domain: VSP syscon[pmu-pwr-status-syscon](____ptrval____), offset 0x514, mask 0x1f0000
03-27 07:51:54.339     1     1 E sprd-vsp-pd soc: vsp-power-domain: Read Vsp Dts vsp-domain-eb-syscon regmap fail
03-27 07:51:54.339     1     1 I sprd-vsp-pd: boot_mode_check: boot_mode_check ret 0
03-27 07:51:54.339   176   176 D         : probe of 200a0000.serial returned -517 after 0 usecs
03-27 07:51:54.339     1     1 D         : probe of soc:vsp-power-domain returned 1 after 269 usecs
03-27 07:51:54.340     1     1 D         : initcall __cfi_check+0xd0/0xe4 [sprd_vsp_pw_domain] returned 0 after 624 usecs
03-27 07:51:54.340     1     1 I init    : Loaded kernel module /lib/modules/sprd-vsp-pw-domain.ko
03-27 07:51:54.340     1     1 I init    : Loading module /lib/modules/sprd_cpp.ko with args ''
03-27 07:51:54.344     1     1 D         : calling  __typeid__ZTSFiPvS_E_global_addr+0x80/0x98 [sprd_cpp] @ 1
03-27 07:51:54.344     1     1 W sprd_cpp 38000000.cpp: ignoring dependency for device, assuming no driver
03-27 07:51:54.344   176   176 D         : probe of 200a0000.serial returned -517 after 2 usecs
03-27 07:51:54.344     1     1 D         : probe of 38000000.cpp returned 1 after 201 usecs
03-27 07:51:54.345     1     1 D         : initcall __typeid__ZTSFiPvS_E_global_addr+0x80/0x98 [sprd_cpp] returned 0 after 523 usecs
03-27 07:51:54.345     1     1 I init    : Loaded kernel module /lib/modules/sprd_cpp.ko
03-27 07:51:54.345     1     1 I init    : Loading module /lib/modules/sha1-ce.ko with args ''
03-27 07:51:54.347     1     1 D         : calling  __cfi_check+0x148/0x15c [sha1_ce] @ 1
03-27 07:51:54.347     1     1 D         : initcall __cfi_check+0x148/0x15c [sha1_ce] returned 0 after 605 usecs
03-27 07:51:54.347     1     1 I init    : Loaded kernel module /lib/modules/sha1-ce.ko
03-27 07:51:54.347     1     1 I init    : Loading module /lib/modules/ghash-ce.ko with args ''
03-27 07:51:54.350     1     1 D         : calling  __cfi_check+0x1d8/0x1ec [ghash_ce] @ 1
03-27 07:51:54.351   253   253 I         : cryptomgr_test (253) used greatest stack depth: 13824 bytes left
03-27 07:51:54.352     1     1 D         : initcall __cfi_check+0x1d8/0x1ec [ghash_ce] returned 0 after 2289 usecs
03-27 07:51:54.352     1     1 I init    : Loaded kernel module /lib/modules/ghash-ce.ko
03-27 07:51:54.352     1     1 I init    : Loading module /lib/modules/aes-ce-ccm.ko with args ''
03-27 07:51:54.354     1     1 D         : calling  __cfi_check+0xf4/0x10c [aes_ce_ccm] @ 1
03-27 07:51:54.355     1     1 D         : initcall __cfi_check+0xf4/0x10c [aes_ce_ccm] returned 0 after 549 usecs
03-27 07:51:54.355     1     1 I init    : Loaded kernel module /lib/modules/aes-ce-ccm.ko
03-27 07:51:54.355     1     1 I init    : Loading module /lib/modules/aes-neon-blk.ko with args ''
03-27 07:51:54.357     1     1 D         : calling  __cfi_check+0x2c8/0x330 [aes_neon_blk] @ 1
03-27 07:51:54.359     1     1 D         : initcall __cfi_check+0x2c8/0x330 [aes_neon_blk] returned 0 after 1829 usecs
03-27 07:51:54.359     1     1 I init    : Loaded kernel module /lib/modules/aes-neon-blk.ko
03-27 07:51:54.359     1     1 I init    : Loading module /lib/modules/arc4.ko with args ''
03-27 07:51:54.361     1     1 D         : calling  __cfi_check+0xc4/0xd4 [arc4] @ 1
03-27 07:51:54.361     1     1 D         : initcall __cfi_check+0xc4/0xd4 [arc4] returned 0 after 103 usecs
03-27 07:51:54.361     1     1 I init    : Loaded kernel module /lib/modules/arc4.ko
03-27 07:51:54.361     1     1 I init    : Loading module /lib/modules/twofish_common.ko with args ''
03-27 07:51:54.363     1     1 I init    : Loaded kernel module /lib/modules/twofish_common.ko
03-27 07:51:54.363     1     1 I init    : Loading module /lib/modules/twofish_generic.ko with args ''
03-27 07:51:54.365     1     1 D         : calling  __cfi_check+0xd4/0xe8 [twofish_generic] @ 1
03-27 07:51:54.366     1     1 D         : initcall __cfi_check+0xd4/0xe8 [twofish_generic] returned 0 after 563 usecs
03-27 07:51:54.366     1     1 I init    : Loaded kernel module /lib/modules/twofish_generic.ko
03-27 07:51:54.366     1     1 I init    : Loading module /lib/modules/omnivision_tcm.ko with args ''
03-27 07:51:54.374     1     1 D         : calling  __typeid__ZTSFviE_global_addr+0x10/0x34 [omnivision_tcm] @ 1
03-27 07:51:54.374     1     1 W ovt_tcm_module_init: match lcd_hx83108a_boe_mipi_hd fail,return
03-27 07:51:54.374     1     1 D         : initcall __typeid__ZTSFviE_global_addr+0x10/0x34 [omnivision_tcm] returned 0 after 33 usecs
03-27 07:51:54.374     1     1 I init    : Loaded kernel module /lib/modules/omnivision_tcm.ko
03-27 07:51:54.374     1     1 I init    : Loading module /lib/modules/apsys-dvfs.ko with args ''
03-27 07:51:54.380     1     1 D         : calling  set_gsp_dvfs_swtrig_en+0x58/0x64 [apsys_dvfs] @ 1
03-27 07:51:54.380     1     1 I apsys_dvfs: apsys dvfs class init
03-27 07:51:54.380     1     1 I apsys_dvfs: apsys_dvfs_parse_dt()
03-27 07:51:54.380     1     1 I apsys_dvfs: apsys_top_dvfs_init()
03-27 07:51:54.380     1     1 I apsys_dvfs: apsys module registered
03-27 07:51:54.380   176   176 D         : probe of 200a0000.serial returned -517 after 1 usecs
03-27 07:51:54.380     1     1 D         : probe of 20014000.apsys-dvfs returned 1 after 167 usecs
03-27 07:51:54.381     1     1 I apsys_dvfs: find platform device by node with name :apsys-dvfs, address:ffffffc013195000
03-27 07:51:54.381     1     1 I apsys_dvfs: dpu_dvfs_parse_dt()
03-27 07:51:54.381     1     1 I apsys_dvfs: dpu_dvfs_parse_dt()
03-27 07:51:54.381     1     1 I apsys_dvfs: dpu_dvfs_init()
03-27 07:51:54.381     1     1 I apsys_dvfs: dpu dvfs module registered
03-27 07:51:54.381   176   176 D         : probe of 200a0000.serial returned -517 after 0 usecs
03-27 07:51:54.381     1     1 D         : probe of dpu-dvfs returned 1 after 333 usecs
03-27 07:51:54.382     1     1 I apsys_dvfs: find platform device by node with name :apsys-dvfs, address:ffffffc013195000
03-27 07:51:54.382     1     1 I apsys_dvfs: work freq 384000000, idle freq 256000000, enable flag 1
03-27 07:51:54.382     1     1 I apsys_dvfs: devfreq_governor-->event_handler(1)
03-27 07:51:54.382     1     1 I apsys_dvfs: Succeeded to register a vsp dvfs device
03-27 07:51:54.382   176   176 D         : probe of 200a0000.serial returned -517 after 0 usecs
03-27 07:51:54.382     1     1 D         : probe of vsp-dvfs returned 1 after 196 usecs
03-27 07:51:54.382     1     1 D         : initcall set_gsp_dvfs_swtrig_en+0x58/0x64 [apsys_dvfs] returned 0 after 1853 usecs
03-27 07:51:54.382     1     1 I init    : Loaded kernel module /lib/modules/apsys-dvfs.ko
03-27 07:51:54.382     1     1 I init    : Loading module /lib/modules/sprd-gsp.ko with args ''
03-27 07:51:54.392     1     1 D         : calling  gsp_dvfs_task_init+0x4c/0x78 [sprd_gsp] @ 1
03-27 07:51:54.392     1     1 I sprd-gsp: gsp_drv_init()-gsp device init begin
03-27 07:51:54.392     1     1 I         : sprd-gsp sprd-gsp: gsp_dev_alloc()-node count: 1
03-27 07:51:54.392     1     1 I         : sprd-gsp sprd-gsp: gsp_dev_alloc()-gsp device name: sprd-gsp
03-27 07:51:54.392     1     1 I         : sprd-gsp sprd-gsp: gsp_dev_alloc()-io count: 7
03-27 07:51:54.392     1     1 I sprd-gsp: gsp_r8p0_core_alloc()-core[0] device name: 31000000.gsp
03-27 07:51:54.392     1     1 E sprd-gsp: gsp_r8p0_core_alloc()-gsp_r8p0_cap_size = 176
03-27 07:51:54.392     1     1 I sprd-gsp: gsp_r8p0_core_alloc()-gsp_r8p0 core allocate success
03-27 07:51:54.392     1     1 I sprd-gsp: gsp_core_alloc()-read core[0] id
03-27 07:51:54.392     1     1 I sprd-gsp: gsp_core_alloc()-read core[0] kfg number: 16
03-27 07:51:54.392     1     1 I sprd-gsp: gsp_core_alloc()-core[0] realtime priority: disable
03-27 07:51:54.392     1     1 I sprd-gsp: gsp_core_alloc()-core[0] need iommu: no need
03-27 07:51:54.392     1     1 I         : sprd-gsp sprd-gsp: gsp_dev_alloc()-core[0] allocate success
03-27 07:51:54.392     1     1 I         : sprd-gsp sprd-gsp: gsp_dev_probe()-probe success
03-27 07:51:54.392   176   176 D         : probe of 200a0000.serial returned -517 after 1 usecs
03-27 07:51:54.392     1     1 D         : probe of sprd-gsp returned 1 after 232 usecs
03-27 07:51:54.393     1     1 I sprd-gsp: gsp_drv_init()-gsp device init end
03-27 07:51:54.393     1     1 D         : initcall gsp_dvfs_task_init+0x4c/0x78 [sprd_gsp] returned 0 after 859 usecs
03-27 07:51:54.393     1     1 I init    : Loaded kernel module /lib/modules/sprd-gsp.ko
03-27 07:51:54.393     1     1 I init    : Loading module /lib/modules/himax_mmi.ko with args ''
03-27 07:51:54.408     1     1 D         : calling  __typeid__ZTSFivE_global_addr+0x3c/0x40 [himax_mmi] @ 1
03-27 07:51:54.408     1     1 E         : [HXTP] Himax common touch panel driver init match lcd_hx83108a_boe_mipi_hd
03-27 07:51:54.408     1     1 E         : [HXTP] Himax check double loading
03-27 07:51:54.408     1     1 D         : initcall __typeid__ZTSFivE_global_addr+0x3c/0x40 [himax_mmi] returned 0 after 77 usecs
03-27 07:51:54.408     1     1 I init    : Loaded kernel module /lib/modules/himax_mmi.ko
03-27 07:51:54.408     1     1 I init    : Loading module /lib/modules/lcd_bias_adjust.ko with args ''
03-27 07:51:54.410     1     1 D         : calling  __cfi_check+0x1a0/0x1b8 [lcd_bias_adjust] @ 1
03-27 07:51:54.410   176   176 D         : probe of 200a0000.serial returned -517 after 0 usecs
03-27 07:51:54.410     1     1 D         : probe of 4-003e returned 1 after 122 usecs
03-27 07:51:54.411     1     1 D         : initcall __cfi_check+0x1a0/0x1b8 [lcd_bias_adjust] returned 0 after 183 usecs
03-27 07:51:54.411     1     1 I init    : Loaded kernel module /lib/modules/lcd_bias_adjust.ko
03-27 07:51:54.411     1     1 I init    : Loading module /lib/modules/sprd-drm.ko with args ''
03-27 07:51:54.425     1     1 D         : calling  __typeid__ZTSFvP4krefE_global_addr+0x10/0xb0 [sprd_drm] @ 1
03-27 07:51:54.425     1     1 I         : display class register
03-27 07:51:54.425     1     1 W sprd-dpu-drv 31000000.dpu: ignoring dependency for device, assuming no driver
03-27 07:51:54.425     1     1 W         : [drm][    dpu_context_init] dpu backlight node not found
03-27 07:51:54.425     1     1 I         : [drm] lcd name: lcd_hx83108a_boe_mipi_hd
03-27 07:51:54.425   176   176 D         : probe of 200a0000.serial returned -517 after 0 usecs
03-27 07:51:54.425     1     1 D         : probe of 31000000.dpu returned 1 after 334 usecs
03-27 07:51:54.426     1     1 D         : probe of sprd_backlight returned 0 after 20 usecs
03-27 07:51:54.426   176   176 D         : probe of 200a0000.serial returned -517 after 0 usecs
03-27 07:51:54.426   176   176 D         : probe of sprd_backlight returned 0 after 17 usecs
03-27 07:51:54.426     1     1 D         : probe of 31100000.dsi returned 1 after 398 usecs
03-27 07:51:54.427    54    54 D         : probe of 200a0000.serial returned -517 after 0 usecs
03-27 07:51:54.427    54    54 D         : probe of sprd_backlight returned 0 after 14 usecs
03-27 07:51:54.427     1     1 D         : probe of 31100000.dphy returned 1 after 304 usecs
03-27 07:51:54.427     1     1 I         : [drm] sprd_drm_bind()
03-27 07:51:54.427     1     1 I         : [drm] sprd_dpu_bind()
03-27 07:51:54.427     1     1 I         : [drm] dpu irq_num = 52
03-27 07:51:54.427     1     1 I         : [drm] dpu attach dsi
03-27 07:51:54.427     1     1 I sprd-drm-drv display-subsystem: bound 31000000.dpu (ops dpu_component_ops [sprd_drm])
03-27 07:51:54.428     1     1 I         : [drm] dsi irq0 num = 54
03-27 07:51:54.428     1     1 I         : [drm] dsi irq1 num = 55
03-27 07:51:54.428     1     1 I sprd-drm-drv display-subsystem: bound 31100000.dsi (ops dsi_component_ops [sprd_drm])
03-27 07:51:54.428     1     1 I sprd-gsp: gsp_dev_sysfs_init()-create gsp sysfs attribute: core_cnt success
03-27 07:51:54.428     1     1 I sprd-gsp: gsp_dev_sysfs_init()-create gsp sysfs attribute: dev_state success
03-27 07:51:54.428     1     1 I sprd-gsp: gsp_interface_attach()-gsp interface name: qogirl6
03-27 07:51:54.428     1     1 I sprd-gsp: gsp_r8p0_core_parse_dt()-gsp_ctl_reg_base: 0x(____ptrval____)
03-27 07:51:54.428     1     1 I sprd-gsp: gsp_workqueue_load()-workqueue load kcfg[0]
03-27 07:51:54.428     1     1 I sprd-gsp: gsp_workqueue_load()-workqueue load kcfg[1]
03-27 07:51:54.428     1     1 I sprd-gsp: gsp_workqueue_load()-workqueue load kcfg[2]
03-27 07:51:54.428     1     1 I sprd-gsp: gsp_workqueue_load()-workqueue load kcfg[3]
03-27 07:51:54.428     1     1 I sprd-gsp: gsp_workqueue_load()-workqueue load kcfg[4]
03-27 07:51:54.428     1     1 I sprd-gsp: gsp_workqueue_load()-workqueue load kcfg[5]
03-27 07:51:54.428     1     1 I sprd-gsp: gsp_workqueue_load()-workqueue load kcfg[6]
03-27 07:51:54.428     1     1 I sprd-gsp: gsp_workqueue_load()-workqueue load kcfg[7]
03-27 07:51:54.428     1     1 I sprd-gsp: gsp_workqueue_load()-workqueue load kcfg[8]
03-27 07:51:54.428     1     1 I sprd-gsp: gsp_workqueue_load()-workqueue load kcfg[9]
03-27 07:51:54.428     1     1 I sprd-gsp: gsp_workqueue_load()-workqueue load kcfg[10]
03-27 07:51:54.428     1     1 I sprd-gsp: gsp_workqueue_load()-workqueue load kcfg[11]
03-27 07:51:54.428     1     1 I sprd-gsp: gsp_workqueue_load()-workqueue load kcfg[12]
03-27 07:51:54.428     1     1 I sprd-gsp: gsp_workqueue_load()-workqueue load kcfg[13]
03-27 07:51:54.428     1     1 I sprd-gsp: gsp_workqueue_load()-workqueue load kcfg[14]
03-27 07:51:54.428     1     1 I sprd-gsp: gsp_workqueue_load()-workqueue load kcfg[15]
03-27 07:51:54.428     1     1 I sprd-gsp: gsp_sync_timeline_create()-create timeline: gsp-core[0]
03-27 07:51:54.428     1     1 I sprd-gsp: gsp_core_sysfs_init()-create core[0] sysfs attribute: core_state success
03-27 07:51:54.428     1     1 I sprd-gsp: gsp_core_sysfs_init()-create core[0] sysfs attribute: total_kcfg_num success
03-27 07:51:54.428     1     1 I sprd-gsp: gsp_core_sysfs_init()-create core[0] sysfs attribute: empty_kcfg_num success
03-27 07:51:54.428     1     1 I sprd-gsp: gsp_core_sysfs_init()-create core[0] sysfs attribute: fill_kcfg_num success
03-27 07:51:54.428     1     1 I         : sprd-gsp sprd-gsp: gsp_dev_init()-initialize core[0] success
03-27 07:51:54.428     1     1 I         : sprd-gsp sprd-gsp: sprd_gsp_bind()-dev bind success
03-27 07:51:54.428     1     1 I sprd-drm-drv display-subsystem: bound sprd-gsp (ops gsp_component_ops [sprd_gsp])
03-27 07:51:54.428     1     1 I         : [drm] Supports vblank timestamp caching Rev 2 (21.10.2013).
03-27 07:51:54.428     1     1 I         : [drm] No driver support for vblank timestamp query.
03-27 07:51:54.428     1     1 I         : [drm] sprd_plane_reset()
