03-29 11:41:11.773    53    53 D         : probe of 7f740000.etm returned -517 after 0 usecs
03-29 11:41:11.773    53    53 D         : probe of gpio-keys returned 0 after 44 usecs
03-29 11:41:11.773    53    53 D         : probe of 644e0000.watchdog returned -517 after 0 usecs
03-29 11:41:11.773     1     1 D         : probe of soc:apahb-gate returned 1 after 667 usecs
03-29 11:41:11.775    53    53 D         : probe of 200a0000.serial returned -517 after 0 usecs
03-29 11:41:11.775    53    53 W         : ------------[ cut here ]------------
03-29 11:41:11.775    53    53 W Attribute uart_gpio_ctrl: read permission without 'show'
03-29 11:41:11.775    53    53 W         : WARNING: CPU: 7 PID: 53 at drivers/base/core.c:2281 device_create_file+0x11c/0x168
03-29 11:41:11.775    53    53 W         : Modules linked in: ums9230_clk(+) clk_sprd sprd_time_sync_cp sprd_time_sync sprd_systimer sprd_sip_svc sprd_wdt_fiq
03-29 11:41:11.775    53    53 W         : CPU: 7 PID: 53 Comm: kworker/7:1 Tainted: G S                5.4.254-android12-9-gf6794bd59091-ab267 #1
03-29 11:41:11.775    53    53 W Hardware name: Spreadtrum UMS9230 1H10 SoC (DT)
03-29 11:41:11.775    53    53 W Workqueue: events __typeid__ZTSFvP11work_structE_global_addr
03-29 11:41:11.775    53    53 W pstate  : 60c00005 (nZCv daif +PAN +UAO)
03-29 11:41:11.775    53    53 W pc      : device_create_file+0x11c/0x168
03-29 11:41:11.775    53    53 W lr      : device_create_file+0x11c/0x168
03-29 11:41:11.775    53    53 W sp      : ffffffc012aaba20
03-29 11:41:11.775    53    53 W         : x29: ffffffc012aaba40 x28: ffffff817f31e220
03-29 11:41:11.775    53    53 W         : x27: 0000000000000001 x26: 0000000000000001
03-29 11:41:11.775    53    53 W         : x25: ffffffc01274ea18 x24: ffffff8176abfc00
03-29 11:41:11.775    53    53 W         : x23: 0000000000000010 x22: ffffffc010b7a714
03-29 11:41:11.775    53    53 W         : x21: ffffff8176addc10 x20: ffffff8176addc10
03-29 11:41:11.775    53    53 W         : x19: ffffffc01239d860 x18: ffffffc012a55068
03-29 11:41:11.775    53    53 W         : x17: ffffffc012334000 x16: 0000000000000000
03-29 11:41:11.775    53    53 W         : x15: 0000000000000082 x14: 0000000000000050
03-29 11:41:11.775    53    53 W         : x13: 0000000000033308 x12: 0000000000000000
03-29 11:41:11.775    53    53 W         : x11: 00000000ffffffff x10: ffffffc0124bfca8
03-29 11:41:11.775    53    53 W         : x9 : 89dc19889c325f00 x8 : 89dc19889c325f00
03-29 11:41:11.775    53    53 W         : x7 : ffffffc0125c0000 x6 : ffffffc0125bf000
03-29 11:41:11.775    53    53 W         : x5 : ffffffc0125bfde8 x4 : 0000000000000001
03-29 11:41:11.775    53    53 W         : x3 : ffffffc012334148 x2 : 0000000000000001
03-29 11:41:11.775    53    53 W         : x1 : 0000000000000000 x0 : 0000000000000038
03-29 11:41:11.775    53    53 W PC      : 0xffffffc010b6b2f8:
03-29 11:41:11.775    53    53 W         : b2f8  f0009ac9 f85f83a8 f944bd29 eb08013f 54000281 a9427bfd a9434ff4 f85f8e5e
03-29 11:41:11.775    53    53 W         : b318  910103ff d65f03c0 d0005789 91239129 cb090109 93c90929 f100153f 54000342
03-29 11:41:11.775    53    53 W         : b338  910043e1 910023e2 aa1403e0 d63f0100 f9401a80 b94013e4 b9400be5 17ffffe4
03-29 11:41:11.775    53    53 W         : b358  97da5f87 d4210000 128002a0 17ffffe5 f9400261 d0008a60 912f2000 97da5f57
03-29 11:41:11.775    53    53 W         : b378  d4210000 17ffffce f9400261 f0008680 913d7800 97da5f51 d4210000 79401268
03-29 11:41:11.775    53    53 W         : b398  17ffffc2 d2868280 f2bccd00 f2cb21a0 f2f2c4c0 aa0803e1 aa1f03e2 f90003e8
03-29 11:41:11.775    53    53 W         : b3b8  97d5048d f94003e8 17ffffde b4000100 f800865e a9bf7bfd 910003fd 97ebf353
03-29 11:41:11.775    53    53 W         : b3d8  a8c17bfd f85f8e5e d65f03c0 128002a0 d65f03c0 d101c3ff f800865e a9067bfd
03-29 11:41:11.775    53    53 W LR      : 0xffffffc010b6b2f8:
03-29 11:41:11.775    53    53 W         : b2f8  f0009ac9 f85f83a8 f944bd29 eb08013f 54000281 a9427bfd a9434ff4 f85f8e5e
03-29 11:41:11.775    53    53 W         : b318  910103ff d65f03c0 d0005789 91239129 cb090109 93c90929 f100153f 54000342
03-29 11:41:11.775    53    53 W         : b338  910043e1 910023e2 aa1403e0 d63f0100 f9401a80 b94013e4 b9400be5 17ffffe4
03-29 11:41:11.775    53    53 W         : b358  97da5f87 d4210000 128002a0 17ffffe5 f9400261 d0008a60 912f2000 97da5f57
03-29 11:41:11.775    53    53 W         : b378  d4210000 17ffffce f9400261 f0008680 913d7800 97da5f51 d4210000 79401268
03-29 11:41:11.775    53    53 W         : b398  17ffffc2 d2868280 f2bccd00 f2cb21a0 f2f2c4c0 aa0803e1 aa1f03e2 f90003e8
03-29 11:41:11.775    53    53 W         : b3b8  97d5048d f94003e8 17ffffde b4000100 f800865e a9bf7bfd 910003fd 97ebf353
03-29 11:41:11.775    53    53 W         : b3d8  a8c17bfd f85f8e5e d65f03c0 128002a0 d65f03c0 d101c3ff f800865e a9067bfd
03-29 11:41:11.775    53    53 W SP      : 0xffffffc012aab9a0:
03-29 11:41:11.775    53    53 W         : b9a0  76abfc00 ffffff81 1274ea18 ffffffc0 00000001 00000000 00000001 00000000
03-29 11:41:11.775    53    53 W         : b9c0  7f31e220 ffffff81 12aaba40 ffffffc0 10b6b378 ffffffc0 12aaba20 ffffffc0
03-29 11:41:11.775    53    53 W         : b9e0  10b6b378 ffffffc0 60c00005 00000000 ffffffc8 00000000 9c325f00 89dc1988
03-29 11:41:11.775    53    53 W         : ba00  ffffffff ffffffff 10b6b378 ffffffc0 12aaba40 ffffffc0 10b6b378 ffffffc0
03-29 11:41:11.775    53    53 W         : ba20  12aaba40 ffffffc0 10b79228 ffffffc0 00000000 00000000 9c325f00 89dc1988
03-29 11:41:11.775    53    53 W         : ba40  12aaba60 ffffffc0 10ac9084 ffffffc0 6bf1d480 ffffff81 76addc00 ffffff81
03-29 11:41:11.775    53    53 W         : ba60  12aabac0 ffffffc0 10b7a714 ffffffc0 31d2c9cf 00000000 10b7a6e0 ffffffc0
03-29 11:41:11.775    53    53 W         : ba80  00000000 00000000 12309000 ffffffc0 12617088 ffffffc0 0000000a 00000000
03-29 11:41:11.775    53    53 W         : X3: 0xffffffc0123340c8:
03-29 11:41:11.775    53    53 W         : 40c8  123340c8 ffffffc0 123340c8 ffffffc0 00000002 00000000 124bfca8 ffffffc0
03-29 11:41:11.775    53    53 W         : 40e8  ffffffff 00000001 00000004 00000001 00000001 00100000 00000001 65006e6f
03-29 11:41:11.775    53    53 W         : 4108  696d696c 00000074 00000001 00000000 00000000 00000000 11651ad8 ffffffc0
03-29 11:41:11.775    53    53 W         : 4128  1164aca4 ffffffc0 00000000 00000000 1164b898 ffffffc0 00000000 00000001
03-29 11:41:11.775    53    53 W         : 4148  12334148 ffffffc0 12334148 ffffffc0 12399368 ffffffc0 12377b20 ffffffc0
03-29 11:41:11.775    53    53 W         : 4168  00000000 000004e2 0000000a 00000001 00000000 00000000 fffedb42 00000000
03-29 11:41:11.775    53    53 W         : 4188  00000000 00000000 0000004f 00000000 00000000 00000cc0 7784991a ffffff81
03-29 11:41:11.775    53    53 W         : 41a8  00000000 00000000 00000000 00000000 123341b8 ffffffc0 123341b8 ffffffc0
03-29 11:41:11.775    53    53 W         : X5: 0xffffffc0125bfd68:
03-29 11:41:11.775    53    53 W         : fd68  00000000 00000000 00000000 00000000 00000000 00000000 00000000 00000000
03-29 11:41:11.775    53    53 W         : fd88  00000000 00000000 00000000 00000000 00000000 00000000 00000000 00000000
03-29 11:41:11.775    53    53 W         : fda8  00000000 00000000 00000000 00000000 00000000 00000000 00000000 00000000
03-29 11:41:11.775    53    53 W         : fdc8  00000000 00000000 00000000 00000000 1239c130 ffffffc0 00000979 00000000
03-29 11:41:11.775    53    53 W         : fde8  2020205b 372e3020 39393639 37635d33 20205b20 31542020 7073205d 775f6472
03-29 11:41:11.775    53    53 W         : fe08  203a6864 636e7566 6464615f 203d2072 31387830 30643536 2c203835 67647020
03-29 11:41:11.775    53    53 W         : fe28  30203d20 6c203078 6c657665 30203d20 320a3278 30336530 6c203130 6c657665
03-29 11:41:11.775    53    53 W         : fe48  30203d20 000a3178 00000000 00000000 00000000 00000000 00000000 00000000
03-29 11:41:11.775    53    53 W         : X6: 0xffffffc0125bef80:
03-29 11:41:11.775    53    53 W         : ef80  00000000 00000000 00000000 00000000 00000000 00000000 00000000 00000000
03-29 11:41:11.775    53    53 W         : efa0  00000000 00000000 00000000 00000000 00000000 00000000 00000000 00000000
03-29 11:41:11.775    53    53 W         : efc0  00000000 00000000 00000000 00000000 00000000 00000000 00000000 00000000
03-29 11:41:11.775    53    53 W         : efe0  00000000 00000000 00000000 00000000 00000000 00000000 00000000 00000000
03-29 11:41:11.775    53    53 W         : f000  00000000 00000000 00000000 00000000 00000000 00000000 00000000 00000000
03-29 11:41:11.775    53    53 W         : f020  00000000 00000000 00000000 00000000 00000000 00000000 00000000 00000000
03-29 11:41:11.775    53    53 W         : f040  00000000 00000000 00000000 00000000 00000000 00000000 00000000 00000000
03-29 11:41:11.775    53    53 W         : f060  00000000 00000000 00000000 00000000 00000000 00000000 00000000 00000000
03-29 11:41:11.775    53    53 W         : X7: 0xffffffc0125bff80:
03-29 11:41:11.775    53    53 W         : ff80  00000000 00000000 00000000 00000000 00000000 00000000 00000000 00000000
03-29 11:41:11.775    53    53 W         : ffa0  00000000 00000000 00000000 00000000 00000000 00000000 00000000 00000000
03-29 11:41:11.775    53    53 W         : ffc0  00000000 00000000 00000000 00000000 00000000 00000000 00000000 00000000
03-29 11:41:11.775    53    53 W         : ffe0  00000000 00000000 00000000 00000000 00000000 00000000 00000000 00000000
03-29 11:41:11.775    53    53 W         : 0000  00000000 00000000 00000000 00000000 00000000 00000000 00000000 00000000
03-29 11:41:11.775    53    53 W         : 0020  00000000 00000000 00000000 00000000 00000000 00000000 00000000 00000000
03-29 11:41:11.775    53    53 W         : 0040  00000000 00000000 00000000 00000000 00000000 00000000 00000000 00000000
03-29 11:41:11.775    53    53 W         : 0060  00000000 00000000 00000000 00000000 00000000 00000000 00000000 00000000
03-29 11:41:11.775    53    53 W         : X10: 0xffffffc0124bfc28:
03-29 11:41:11.775    53    53 W         : fc28  6becef00 ffffff81 00000000 00000000 00000000 00000000 00000000 00000000
03-29 11:41:11.775    53    53 W         : fc48  00000000 00000000 77840a90 ffffff81 00000000 00000000 00000000 00000000
03-29 11:41:11.775    53    53 W         : fc68  00000993 00000000 00000000 00000000 00000000 00000000 00000000 00000000
03-29 11:41:11.775    53    53 W         : fc88  00000000 00000000 00000000 00000000 00000000 00000000 00000000 0003537c
03-29 11:41:11.775    53    53 W         : fca8  00000000 00000000 00370050 c2000000 00000000 00000000 746f6f42 20676e69
03-29 11:41:11.775    53    53 W         : fcc8  756e694c 6e6f2078 79687020 61636973 5043206c 78302055 30303030 30303030
03-29 11:41:11.775    53    53 W         : fce8  5b203030 31347830 30646632 005d3035 00000000 00000000 018501a0 a2000000
03-29 11:41:11.775    53    53 W         : fd08  00000000 00000000 756e694c 65762078 6f697372 2e35206e 35322e34 6e612d34
03-29 11:41:11.775    53    53 W         : X17: 0xffffffc012333f80:
03-29 11:41:11.775    53    53 W         : 3f80  12333f98 ffffffc0 12333fb8 ffffffc0 00000000 00000000 11c4c74a ffffffc0
03-29 11:41:11.775    53    53 W         : 3fa0  00000124 00000000 1164c3c0 ffffffc0 00000000 00000000 11cdf8fb ffffffc0
03-29 11:41:11.775    53    53 W         : 3fc0  00000124 00000000 1164c3bc ffffffc0 00000000 00000000 00000000 00000000
03-29 11:41:11.775    53    53 W         : 3fe0  00000000 00000000 12333fe8 ffffffc0 12333fe8 ffffffc0 12332048 ffffffc0
03-29 11:41:11.775    53    53 W         : 4000  12334898 ffffffc0 12409730 ffffffc0 12419e20 ffffffc0 00000000 00000000
03-29 11:41:11.775    53    53 W         : 4020  1234c910 ffffffc0 123348c8 ffffffc0 12332078 ffffffc0 0000007e 00000000
03-29 11:41:11.775    53    53 W         : 4040  12334088 ffffffc0 123340a8 ffffffc0 00000000 00000000 00000000 00000000
03-29 11:41:11.775    53    53 W         : 4060  00000000 00000000 00000010 00000000 00000000 00000000 00000000 00000000
03-29 11:41:11.775    53    53 W         : X18: 0xffffffc012a54fe8:
03-29 11:41:11.775    53    53 W         : 4fe8  ******** ******** ******** ******** ******** ******** 10b91bb0 ffffffc0
03-29 11:41:11.775    53    53 W         : 5008  1024ee54 ffffffc0 102429a8 ffffffc0 10241418 ffffffc0 10b71ed4 ffffffc0
03-29 11:41:11.776    53    53 W         : 5028  10b70d10 ffffffc0 10b74630 ffffffc0 10b704c8 ffffffc0 10b7492c ffffffc0
03-29 11:41:11.776    53    53 W         : 5048  10b72aac ffffffc0 10b72fb0 ffffffc0 10b7a714 ffffffc0 10ac9084 ffffffc0
03-29 11:41:11.776    53    53 W         : 5068  10083dcc ffffffc0 10081518 ffffffc0 1017ff8c ffffffc0 1018d31c ffffffc0
03-29 11:41:11.776    53    53 W         : 5088  115feb7c ffffffc0 10203ce4 ffffffc0 1018293c ffffffc0 10182ad4 ffffffc0
03-29 11:41:11.776    53    53 W         : 50a8  10182cb8 ffffffc0 104593c4 ffffffc0 1009c948 ffffffc0 1009967c ffffffc0
03-29 11:41:11.776    53    53 W         : 50c8  1009a700 ffffffc0 1010c9f4 ffffffc0 100a5954 ffffffc0 1010d0d4 ffffffc0
03-29 11:41:11.776    53    53 W         : X19: 0xffffffc01239d7e0:
03-29 11:41:11.776    53    53 W         : d7e0  00000008 00000000 1239d808 ffffffc0 00000000 00000000 00000000 00000000
03-29 11:41:11.776    53    53 W         : d800  00000000 00000000 53797474 00000000 00000000 00000000 1164b814 ffffffc0
03-29 11:41:11.776    53    53 W         : d820  00000000 00000000 11645dc8 ffffffc0 00000000 00000000 11645f38 ffffffc0
03-29 11:41:11.776    53    53 W         : d840  00000000 00000000 00010001 00000000 1239d7c0 ffffffc0 00000000 00000000
03-29 11:41:11.776    53    53 W         : d860  11c86e2b ffffffc0 000001a4 00000000 00000000 00000000 11657e00 ffffffc0
03-29 11:41:11.776    53    53 W         : d880  11cd4846 ffffffc0 00000000 00000000 00000000 00000000 00000000 00000000
03-29 11:41:11.776    53    53 W         : d8a0  00000000 00000000 00000000 00000000 1164d050 ffffffc0 00000000 00000000
03-29 11:41:11.776    53    53 W         : d8c0  116579f4 ffffffc0 00000000 00000000 116579f8 ffffffc0 00000000 00000000
03-29 11:41:11.776    53    53 W         : X22: 0xffffffc010b7a694:
03-29 11:41:11.776    53    53 W         : a694  a9bd7bfd f9000bf5 a9024ff4 910003fd aa0003f3 f9404415 f9418000 2a1f03e1
03-29 11:41:11.776    53    53 W         : a6b4  97fb2f65 37f804a0 f9414268 b5000148 f9418260 b4000100 d00084a1 d0008ac2
03-29 11:41:11.776    53    53 W         : a6d4  91311421 913e6c42 97d62cca 7100041f 540003e0 f85d82a8 b40002e8 900056a9
03-29 11:41:11.776    53    53 W         : a6f4  912da129 cb090109 93c90929 f101353f d1004274 540003c2 aa1403e0 d63f0100
03-29 11:41:11.776    53    53 W         : a714  340001c0 f9414268 b5000468 3108141f 54000141 3942e2a8 34000108 900084e1
03-29 11:41:11.776    53    53 W         : a734  91161021 aa1303e0 97ffb984 128000a0 14000002 2a1f03e0 a9424ff4 f9400bf5
03-29 11:41:11.776    53    53 W         : a754  a8c37bfd f85f8e5e d65f03c0 52800023 aa1303e0 aa1303e1 2a1f03e2 9400d739
03-29 11:41:11.776    53    53 W         : a774  34fffba0 37fffd40 17ffffdb d29091e0 f2a8e5e0 f2d9ce00 f2f95500 aa0803e1
03-29 11:41:11.776    53    53 W         : X25: 0xffffffc01274e998:
03-29 11:41:11.776    53    53 W         : e998  00000000 00000000 00000000 00000000 00000000 00000000 00000000 00000000
03-29 11:41:11.776    53    53 W         : e9b8  00000000 00000000 00000000 00000000 00000000 00000000 00000000 00000000
03-29 11:41:11.776    53    53 W         : e9d8  00000000 00000000 00000000 00000000 00000000 00000000 00000000 00000000
03-29 11:41:11.776    53    53 W         : e9f8  00000000 00000000 00000000 00000000 00000000 00000000 00000000 00000000
03-29 11:41:11.776    53    53 W         : ea18  00000000 00000000 6bf1d480 ffffff81 00000000 00000000 00000000 00000000
03-29 11:41:11.776    53    53 W         : ea38  00000000 00000000 00000000 00000000 00000000 00000000 00000000 00000000
03-29 11:41:11.776    53    53 W         : ea58  00000000 00000000 00000000 00000000 00000001 00000000 00000000 00000000
03-29 11:41:11.776    53    53 W         : ea78  76749d00 ffffff81 00000000 00000000 00000000 00000000 00000000 00000000
03-29 11:41:11.776    53    53 W         : X29: 0xffffffc012aab9c0:
03-29 11:41:11.776    53    53 W         : b9c0  7f31e220 ffffff81 12aaba40 ffffffc0 10b6b378 ffffffc0 12aaba20 ffffffc0
03-29 11:41:11.776    53    53 W         : b9e0  10b6b378 ffffffc0 60c00005 00000000 ffffffc8 00000000 9c325f00 89dc1988
03-29 11:41:11.776    53    53 W         : ba00  ffffffff ffffffff 10b6b378 ffffffc0 12aaba40 ffffffc0 10b6b378 ffffffc0
03-29 11:41:11.776    53    53 W         : ba20  12aaba40 ffffffc0 10b79228 ffffffc0 00000000 00000000 9c325f00 89dc1988
03-29 11:41:11.776    53    53 W         : ba40  12aaba60 ffffffc0 10ac9084 ffffffc0 6bf1d480 ffffff81 76addc00 ffffff81
03-29 11:41:11.776    53    53 W         : ba60  12aabac0 ffffffc0 10b7a714 ffffffc0 31d2c9cf 00000000 10b7a6e0 ffffffc0
03-29 11:41:11.776    53    53 W         : ba80  00000000 00000000 12309000 ffffffc0 12617088 ffffffc0 0000000a 00000000
03-29 11:41:11.776    53    53 W         : baa0  12750000 ffffffc0 1239d6f8 ffffffc0 76addc00 ffffff81 76addc10 ffffff81
03-29 11:41:11.776    53    53 W Call trace:  
03-29 11:41:11.776    53    53 W         : device_create_file+0x11c/0x168
03-29 11:41:11.776    53    53 W         : sprd_probe+0x2a8/0x568
03-29 11:41:11.776    53    53 W         : platform_drv_probe+0x84/0x170
03-29 11:41:11.776    53    53 W         : really_probe+0x334/0xc64
03-29 11:41:11.776    53    53 W         : driver_probe_device+0x108/0x2d8
03-29 11:41:11.776    53    53 W         : __device_attach_driver+0x188/0x378
03-29 11:41:11.776    53    53 W         : bus_for_each_drv+0x80/0x1b0
03-29 11:41:11.776    53    53 W         : __device_attach+0x11c/0x290
03-29 11:41:11.776    53    53 W         : bus_probe_device+0x5c/0x1e8
03-29 11:41:11.776    53    53 W         : deferred_probe_work_func+0xdc/0x24c
03-29 11:41:11.776    53    53 W         : process_one_work+0x2c4/0x7a0
03-29 11:41:11.776    53    53 W         : worker_thread+0x4a8/0xae8
03-29 11:41:11.776    53    53 W         : kthread+0x1b0/0x1e0
03-29 11:41:11.776    53    53 W         : ret_from_fork+0x10/0x18
03-29 11:41:11.776    53    53 W         : ---[ end trace 5799673b20ab58a5 ]---
03-29 11:41:11.776     1     1 D         : probe of 20010000.clock-controller returned 1 after 2823 usecs
03-29 11:41:11.776    53    53 I 200b0000.serial: ttyS1 at MMIO 0x200b0000 (irq = 16, base_baud = 1625000) is a SPX
03-29 11:41:11.776    53    53 F yanbin  : uart 1 eb
03-29 11:41:11.776     1     1 D         : probe of soc:gpu-clk returned 1 after 456 usecs
03-29 11:41:11.780    53    53 I printk  : console [ttyS1] enabled
03-29 11:41:11.780    53    53 I printk  : bootconsole [sprd_serial0] disabled
03-29 11:41:11.780    53    53 D         : probe of 200b0000.serial returned 1 after 5080 usecs
03-29 11:41:11.780    53    53 W         : ------------[ cut here ]------------
03-29 11:41:11.780    53    53 W Attribute uart_gpio_ctrl: read permission without 'show'
03-29 11:41:11.780    53    53 W         : WARNING: CPU: 7 PID: 53 at drivers/base/core.c:2281 device_create_file+0x11c/0x168
03-29 11:41:11.780    53    53 W         : Modules linked in: ums9230_clk(+) clk_sprd sprd_time_sync_cp sprd_time_sync sprd_systimer sprd_sip_svc sprd_wdt_fiq
03-29 11:41:11.780    53    53 W         : CPU: 7 PID: 53 Comm: kworker/7:1 Tainted: G S      W         5.4.254-android12-9-gf6794bd59091-ab267 #1
03-29 11:41:11.780    53    53 W Hardware name: Spreadtrum UMS9230 1H10 SoC (DT)
03-29 11:41:11.780    53    53 W Workqueue: events __typeid__ZTSFvP11work_structE_global_addr
03-29 11:41:11.780    53    53 W pstate  : 60c00005 (nZCv daif +PAN +UAO)
03-29 11:41:11.780    53    53 W pc      : device_create_file+0x11c/0x168
03-29 11:41:11.780    53    53 W lr      : device_create_file+0x11c/0x168
03-29 11:41:11.780    53    53 W sp      : ffffffc012aaba20
03-29 11:41:11.780    53    53 W         : x29: ffffffc012aaba40 x28: ffffff817f31e220
03-29 11:41:11.780    53    53 W         : x27: 0000000000000002 x26: 0000000000000002
03-29 11:41:11.780    53    53 W         : x25: ffffffc01274ea18 x24: ffffff8176abf700
03-29 11:41:11.780    53    53 W         : x23: 0000000000000011 x22: ffffffc010b7a714
03-29 11:41:11.780    53    53 W         : x21: ffffff8176add410 x20: ffffff8176add410
03-29 11:41:11.780    53    53 W         : x19: ffffffc01239d860 x18: ffffffc012a55068
03-29 11:41:11.780    53    53 W         : x17: ffffffc012334000 x16: 0000000000000000
03-29 11:41:11.780    53    53 W         : x15: 0000000000000082 x14: 0000000000000050
03-29 11:41:11.780    53    53 W         : x13: 0000000000037028 x12: 0000000000000000
03-29 11:41:11.780    53    53 W         : x11: 00000000ffffffff x10: ffffffc0124bfca8
03-29 11:41:11.780    53    53 W         : x9 : 89dc19889c325f00 x8 : 89dc19889c325f00
03-29 11:41:11.780    53    53 W         : x7 : ffffffc0125c0000 x6 : ffffffc0125bf000
03-29 11:41:11.780    53    53 W         : x5 : ffffffc0125bfde8 x4 : 0000000000000001
03-29 11:41:11.780    53    53 W         : x3 : ffffffc012334148 x2 : 0000000000000001
03-29 11:41:11.780    53    53 W         : x1 : 0000000000000000 x0 : 0000000000000038
03-29 11:41:11.780    53    53 W PC      : 0xffffffc010b6b2f8:
03-29 11:41:11.780    53    53 W         : b2f8  f0009ac9 f85f83a8 f944bd29 eb08013f 54000281 a9427bfd a9434ff4 f85f8e5e
03-29 11:41:11.780    53    53 W         : b318  910103ff d65f03c0 d0005789 91239129 cb090109 93c90929 f100153f 54000342
03-29 11:41:11.780    53    53 W         : b338  910043e1 910023e2 aa1403e0 d63f0100 f9401a80 b94013e4 b9400be5 17ffffe4
03-29 11:41:11.780    53    53 W         : b358  97da5f87 d4210000 128002a0 17ffffe5 f9400261 d0008a60 912f2000 97da5f57
03-29 11:41:11.780    53    53 W         : b378  d4210000 17ffffce f9400261 f0008680 913d7800 97da5f51 d4210000 79401268
03-29 11:41:11.780    53    53 W         : b398  17ffffc2 d2868280 f2bccd00 f2cb21a0 f2f2c4c0 aa0803e1 aa1f03e2 f90003e8
03-29 11:41:11.780    53    53 W         : b3b8  97d5048d f94003e8 17ffffde b4000100 f800865e a9bf7bfd 910003fd 97ebf353
03-29 11:41:11.780    53    53 W         : b3d8  a8c17bfd f85f8e5e d65f03c0 128002a0 d65f03c0 d101c3ff f800865e a9067bfd
03-29 11:41:11.780    53    53 W LR      : 0xffffffc010b6b2f8:
03-29 11:41:11.780    53    53 W         : b2f8  f0009ac9 f85f83a8 f944bd29 eb08013f 54000281 a9427bfd a9434ff4 f85f8e5e
03-29 11:41:11.780    53    53 W         : b318  910103ff d65f03c0 d0005789 91239129 cb090109 93c90929 f100153f 54000342
03-29 11:41:11.780    53    53 W         : b338  910043e1 910023e2 aa1403e0 d63f0100 f9401a80 b94013e4 b9400be5 17ffffe4
03-29 11:41:11.780    53    53 W         : b358  97da5f87 d4210000 128002a0 17ffffe5 f9400261 d0008a60 912f2000 97da5f57
03-29 11:41:11.780    53    53 W         : b378  d4210000 17ffffce f9400261 f0008680 913d7800 97da5f51 d4210000 79401268
03-29 11:41:11.780    53    53 W         : b398  17ffffc2 d2868280 f2bccd00 f2cb21a0 f2f2c4c0 aa0803e1 aa1f03e2 f90003e8
03-29 11:41:11.780    53    53 W         : b3b8  97d5048d f94003e8 17ffffde b4000100 f800865e a9bf7bfd 910003fd 97ebf353
03-29 11:41:11.780    53    53 W         : b3d8  a8c17bfd f85f8e5e d65f03c0 128002a0 d65f03c0 d101c3ff f800865e a9067bfd
03-29 11:41:11.780    53    53 W SP      : 0xffffffc012aab9a0:
03-29 11:41:11.780    53    53 W         : b9a0  76abf700 ffffff81 1274ea18 ffffffc0 00000002 00000000 00000002 00000000
03-29 11:41:11.780    53    53 W         : b9c0  7f31e220 ffffff81 12aaba40 ffffffc0 10b6b378 ffffffc0 12aaba20 ffffffc0
03-29 11:41:11.780    53    53 W         : b9e0  10b6b378 ffffffc0 60c00005 00000000 ffffffc8 00000000 9c325f00 89dc1988
03-29 11:41:11.780    53    53 W         : ba00  ffffffff ffffffff 10b6b378 ffffffc0 12aaba40 ffffffc0 10b6b378 ffffffc0
03-29 11:41:11.780    53    53 W         : ba20  12aaba40 ffffffc0 10b79228 ffffffc0 00000000 00000000 9c325f00 89dc1988
03-29 11:41:11.780    53    53 W         : ba40  12aaba60 ffffffc0 10ac9084 ffffffc0 6bf19c80 ffffff81 76add400 ffffff81
03-29 11:41:11.780    53    53 W         : ba60  12aabac0 ffffffc0 10b7a714 ffffffc0 3220b754 00000000 10b7a6e0 ffffffc0
03-29 11:41:11.780    53    53 W         : ba80  00000000 00000000 12309000 ffffffc0 12617088 ffffffc0 0000000c 00000000
03-29 11:41:11.780    53    53 W         : X3: 0xffffffc0123340c8:
03-29 11:41:11.780    53    53 W         : 40c8  123340c8 ffffffc0 123340c8 ffffffc0 00000002 00000000 124bfca8 ffffffc0
03-29 11:41:11.780    53    53 W         : 40e8  ffffffff 00000001 00000004 00000001 00000001 00100000 00000001 65006e6f
03-29 11:41:11.780    53    53 W         : 4108  696d696c 00000074 00000001 00000000 00000000 00000000 11651ad8 ffffffc0
03-29 11:41:11.780    53    53 W         : 4128  1164aca4 ffffffc0 00000000 00000000 1164b898 ffffffc0 00000000 00000001
03-29 11:41:11.780    53    53 W         : 4148  12334148 ffffffc0 12334148 ffffffc0 12399368 ffffffc0 12377b20 ffffffc0
03-29 11:41:11.780    53    53 W         : 4168  00000000 000004e2 0000000a 00000001 00000000 00000000 fffedb42 00000000
03-29 11:41:11.780    53    53 W         : 4188  00000000 00000000 0000004f 00000000 00000000 00000cc0 7784991a ffffff81
03-29 11:41:11.780    53    53 W         : 41a8  00000000 00000000 00000000 00000000 123341b8 ffffffc0 123341b8 ffffffc0
03-29 11:41:11.780    53    53 W         : X5: 0xffffffc0125bfd68:
03-29 11:41:11.780    53    53 W         : fd68  00000000 00000000 00000000 00000000 00000000 00000000 00000000 00000000
03-29 11:41:11.780    53    53 W         : fd88  00000000 00000000 00000000 00000000 00000000 00000000 00000000 00000000
03-29 11:41:11.780    53    53 W         : fda8  00000000 00000000 00000000 00000000 00000000 00000000 00000000 00000000
03-29 11:41:11.780    53    53 W         : fdc8  00000000 00000000 00000000 00000000 1239d808 ffffffc0 00000a29 00000000
03-29 11:41:11.780    53    53 W         : fde8  2020205b 382e3020 33393633 37635d36 20205b20 33355420 6179205d 6e69626e
03-29 11:41:11.780    53    53 W         : fe08  6175203a 31207472 0a626520 203d2072 31387830 30643536 2c203835 67647020
03-29 11:41:11.780    53    53 W         : fe28  30203d20 6c203078 6c657665 30203d20 320a3278 30336530 6c203130 6c657665
03-29 11:41:11.780    53    53 W         : fe48  30203d20 000a3178 00000000 00000000 00000000 00000000 00000000 00000000
03-29 11:41:11.780    53    53 W         : X6: 0xffffffc0125bef80:
03-29 11:41:11.780    53    53 W         : ef80  00000000 00000000 00000000 00000000 00000000 00000000 00000000 00000000
03-29 11:41:11.780    53    53 W         : efa0  00000000 00000000 00000000 00000000 00000000 00000000 00000000 00000000
03-29 11:41:11.780    53    53 W         : efc0  00000000 00000000 00000000 00000000 00000000 00000000 00000000 00000000
03-29 11:41:11.780    53    53 W         : efe0  00000000 00000000 00000000 00000000 00000000 00000000 00000000 00000000
03-29 11:41:11.780    53    53 W         : f000  00000000 00000000 00000000 00000000 00000000 00000000 00000000 00000000
03-29 11:41:11.780    53    53 W         : f020  00000000 00000000 00000000 00000000 00000000 00000000 00000000 00000000
03-29 11:41:11.780    53    53 W         : f040  00000000 00000000 00000000 00000000 00000000 00000000 00000000 00000000
03-29 11:41:11.780    53    53 W         : f060  00000000 00000000 00000000 00000000 00000000 00000000 00000000 00000000
03-29 11:41:11.780    53    53 W         : X7: 0xffffffc0125bff80:
03-29 11:41:11.780    53    53 W         : ff80  00000000 00000000 00000000 00000000 00000000 00000000 00000000 00000000
03-29 11:41:11.780    53    53 W         : ffa0  00000000 00000000 00000000 00000000 00000000 00000000 00000000 00000000
03-29 11:41:11.780    53    53 W         : ffc0  00000000 00000000 00000000 00000000 00000000 00000000 00000000 00000000
03-29 11:41:11.780    53    53 W         : ffe0  00000000 00000000 00000000 00000000 00000000 00000000 00000000 00000000
03-29 11:41:11.780    53    53 W         : 0000  00000000 00000000 00000000 00000000 00000000 00000000 00000000 00000000
03-29 11:41:11.780    53    53 W         : 0020  00000000 00000000 00000000 00000000 00000000 00000000 00000000 00000000
03-29 11:41:11.780    53    53 W         : 0040  00000000 00000000 00000000 00000000 00000000 00000000 00000000 00000000
03-29 11:41:11.780    53    53 W         : 0060  00000000 00000000 00000000 00000000 00000000 00000000 00000000 00000000
03-29 11:41:11.780    53    53 W         : X10: 0xffffffc0124bfc28:
03-29 11:41:11.780    53    53 W         : fc28  6becef00 ffffff81 00000000 00000000 00000000 00000000 00000000 00000000
03-29 11:41:11.780    53    53 W         : fc48  00000000 00000000 77840a90 ffffff81 00000000 00000000 00000000 00000000
03-29 11:41:11.780    53    53 W         : fc68  00000a43 00000000 00000000 00000000 00000000 00000000 00000000 00000000
03-29 11:41:11.780    53    53 W         : fc88  00000000 00000000 00000000 00000000 00000000 00000000 00000000 0003909c
03-29 11:41:11.780    53    53 W         : fca8  00000000 00000000 00370050 c2000000 00000000 00000000 746f6f42 20676e69
03-29 11:41:11.780    53    53 W         : fcc8  756e694c 6e6f2078 79687020 61636973 5043206c 78302055 30303030 30303030
03-29 11:41:11.780    53    53 W         : fce8  5b203030 31347830 30646632 005d3035 00000000 00000000 018501a0 a2000000
03-29 11:41:11.780    53    53 W         : fd08  00000000 00000000 756e694c 65762078 6f697372 2e35206e 35322e34 6e612d34
03-29 11:41:11.781    53    53 W         : X17: 0xffffffc012333f80:
03-29 11:41:11.781    53    53 W         : 3f80  12333f98 ffffffc0 12333fb8 ffffffc0 00000000 00000000 11c4c74a ffffffc0
03-29 11:41:11.781    53    53 W         : 3fa0  00000124 00000000 1164c3c0 ffffffc0 00000000 00000000 11cdf8fb ffffffc0
03-29 11:41:11.781    53    53 W         : 3fc0  00000124 00000000 1164c3bc ffffffc0 00000000 00000000 00000000 00000000
03-29 11:41:11.781    53    53 W         : 3fe0  00000000 00000000 12333fe8 ffffffc0 12333fe8 ffffffc0 12332048 ffffffc0
03-29 11:41:11.781    53    53 W         : 4000  12334898 ffffffc0 12409730 ffffffc0 12419e20 ffffffc0 00000000 00000000
03-29 11:41:11.781    53    53 W         : 4020  1234c910 ffffffc0 123348c8 ffffffc0 12332078 ffffffc0 0000007e 00000000
03-29 11:41:11.781    53    53 W         : 4040  12334088 ffffffc0 123340a8 ffffffc0 00000000 00000000 00000000 00000000
03-29 11:41:11.781    53    53 W         : 4060  00000000 00000000 00000010 00000000 00000000 00000000 00000000 00000000
03-29 11:41:11.781    53    53 W         : X18: 0xffffffc012a54fe8:
03-29 11:41:11.781    53    53 W         : 4fe8  ******** ******** ******** ******** ******** ******** 10b91bb0 ffffffc0
03-29 11:41:11.781    53    53 W         : 5008  1024ee54 ffffffc0 102429a8 ffffffc0 10241418 ffffffc0 10b71ed4 ffffffc0
03-29 11:41:11.781    53    53 W         : 5028  10b70d10 ffffffc0 10b74630 ffffffc0 10b704c8 ffffffc0 10b7492c
03-29 11:41:11.781     1     1 D         : probe of 30010000.clock-controller returned 1 after 828 usecs
03-29 11:41:11.781    53    53 W         : ffffffc0
03-29 11:41:11.781    53    53 W         : 5048  10b72aac ffffffc0 10b72fb0 ffffffc0 10b7a714 ffffffc0 10ac9084 ffffffc0
03-29 11:41:11.781    53    53 W         : 5068  10083dcc ffffffc0 10081518 ffffffc0 1017ff8c ffffffc0 1018d31c ffffffc0
03-29 11:41:11.781    53    53 W         : 5088  115feb7c ffffffc0 10203ce4 ffffffc0 1018293c ffffffc0 10182ad4 ffffffc0
03-29 11:41:11.781    53    53 W         : 50a8  10182cb8 ffffffc0 104593c4 ffffffc0 1009c948 ffffffc0 1009967c ffffffc0
03-29 11:41:11.781    53    53 W         : 50c8  1009a700 ffffffc0 1010c9f4 ffffffc0 100a5954 ffffffc0 1010d0d4 ffffffc0
03-29 11:41:11.781    53    53 W         : X19: 0xffffffc01239d7e0:
03-29 11:41:11.781    53    53 W         : d7e0  00000008 00000000 1239d808 ffffffc0 6bf17000 ffffff81 6bb14500 ffffff81
03-29 11:41:11.781    53    53 W         : d800  00000000 00000000 53797474 00000000 00000000 00000000 1164b814 ffffffc0
03-29 11:41:11.781    53    53 W         : d820  00000000 00000000 11645dc8 ffffffc0 00000000 00000000 11645f38 ffffffc0
03-29 11:41:11.781    53    53 W         : d840  00000000 00000000 00010006 00001cb2 1239d7c0 ffffffc0 12377ac8 ffffffc0
03-29 11:41:11.781    53    53 W         : d860  11c86e2b ffffffc0 000001a4 00000000 00000000 00000000 11657e00 ffffffc0
03-29 11:41:11.781    53    53 W         : d880  11cd4846 ffffffc0 00000000 00000000 00000000 00000000 00000000 00000000
03-29 11:41:11.781    53    53 W         : d8a0  00000000 00000000 00000000 00000000 1164d050 ffffffc0 00000000 00000000
03-29 11:41:11.781    53    53 W         : d8c0  116579f4 ffffffc0 00000000 00000000 116579f8 ffffffc0 00000000 00000000
03-29 11:41:11.781    53    53 W         : X22: 0xffffffc010b7a694:
03-29 11:41:11.781    53    53 W         : a694  a9bd7bfd f9000bf5 a9024ff4 910003fd aa0003f3 f9404415 f9418000 2a1f03e1
03-29 11:41:11.781    53    53 W         : a6b4  97fb2f65 37f804a0 f9414268 b5000148 f9418260 b4000100 d00084a1 d0008ac2
03-29 11:41:11.781    53    53 W         : a6d4  91311421 913e6c42 97d62cca 7100041f 540003e0 f85d82a8 b40002e8 900056a9
03-29 11:41:11.781    53    53 W         : a6f4  912da129 cb090109 93c90929 f101353f d1004274 540003c2 aa1403e0 d63f0100
03-29 11:41:11.781    53    53 W         : a714  340001c0 f9414268 b5000468 3108141f 54000141 3942e2a8 34000108 900084e1
03-29 11:41:11.781    53    53 W         : a734  91161021 aa1303e0 97ffb984 128000a0 14000002 2a1f03e0 a9424ff4 f9400bf5
03-29 11:41:11.781    53    53 W         : a754  a8c37bfd f85f8e5e d65f03c0 52800023 aa1303e0 aa1303e1 2a1f03e2 9400d739
03-29 11:41:11.781    53    53 W         : a774  34fffba0 37fffd40 17ffffdb d29091e0 f2a8e5e0 f2d9ce00 f2f95500 aa0803e1
03-29 11:41:11.781    53    53 W         : X25: 0xffffffc01274e998:
03-29 11:41:11.781    53    53 W         : e998  00000000 00000000 00000000 00000000 00000000 00000000 00000000 00000000
03-29 11:41:11.781    53    53 W         : e9b8  00000000 00000000 00000000 00000000 00000000 00000000 00000000 00000000
03-29 11:41:11.781    53    53 W         : e9d8  00000000 00000000 00000000 00000000 00000000 00000000 00000000 00000000
03-29 11:41:11.781    53    53 W         : e9f8  00000000 00000000 00000000 00000000 00000000 00000000 00000000 00000000
03-29 11:41:11.781    53    53 W         : ea18  00000000 00000000 6bf1d480 ffffff81 6bf19c80 ffffff81 00000000 00000000
03-29 11:41:11.781    53    53 W         : ea38  00000000 00000000 00000000 00000000 00000000 00000000 00000000 00000000
03-29 11:41:11.781    53    53 W         : ea58  00000001 00000000 00000000 00000000 00000001 00000000 00000000 00000000
03-29 11:41:11.781    53    53 W         : ea78  76749d00 ffffff81 00000000 00000000 00000000 00000000 00000000 00000000
03-29 11:41:11.781    53    53 W         : X29: 0xffffffc012aab9c0:
03-29 11:41:11.781    53    53 W         : b9c0  7f31e220 ffffff81 12aaba40 ffffffc0 10b6b378 ffffffc0 12aaba20 ffffffc0
03-29 11:41:11.781    53    53 W         : b9e0  10b6b378 ffffffc0 60c00005 00000000 ffffffc8 00000000 9c325f00 89dc1988
03-29 11:41:11.781    53    53 W         : ba00  ffffffff ffffffff 10b6b378 ffffffc0 12aaba40 ffffffc0 10b6b378 ffffffc0
03-29 11:41:11.781    53    53 W         : ba20  12aaba40 ffffffc0 10b79228 ffffffc0 00000000 00000000 9c325f00 89dc1988
03-29 11:41:11.781    53    53 W         : ba40  12aaba60 ffffffc0 10ac9084 ffffffc0 6bf19c80 ffffff81 76add400 ffffff81
03-29 11:41:11.781    53    53 W         : ba60  12aabac0 ffffffc0 10b7a714 ffffffc0 3220b754 00000000 10b7a6e0 ffffffc0
03-29 11:41:11.781    53    53 W         : ba80  00000000 00000000 12309000 ffffffc0 12617088 ffffffc0 0000000c 00000000
03-29 11:41:11.781    53    53 W         : baa0  12750000 ffffffc0 1239d6f8 ffffffc0 76add400 ffffff81 76add410 ffffff81
03-29 11:41:11.781    53    53 W Call trace:  
03-29 11:41:11.781    53    53 W         : device_create_file+0x11c/0x168
03-29 11:41:11.781    53    53 W         : sprd_probe+0x2a8/0x568
03-29 11:41:11.781    53    53 W         : platform_drv_probe+0x84/0x170
03-29 11:41:11.781    53    53 W         : really_probe+0x334/0xc64
03-29 11:41:11.781    53    53 W         : driver_probe_device+0x108/0x2d8
03-29 11:41:11.781    53    53 W         : __device_attach_driver+0x188/0x378
03-29 11:41:11.781    53    53 W         : bus_for_each_drv+0x80/0x1b0
03-29 11:41:11.781    53    53 W         : __device_attach+0x11c/0x290
03-29 11:41:11.781    53    53 W         : bus_probe_device+0x5c/0x1e8
03-29 11:41:11.781    53    53 W         : deferred_probe_work_func+0xdc/0x24c
03-29 11:41:11.781    53    53 W         : process_one_work+0x2c4/0x7a0
03-29 11:41:11.781    53    53 W         : worker_thread+0x4a8/0xae8
03-29 11:41:11.781    53    53 W         : kthread+0x1b0/0x1e0
03-29 11:41:11.781    53    53 W         : ret_from_fork+0x10/0x18
03-29 11:41:11.781    53    53 W         : ---[ end trace 5799673b20ab58a6 ]---
03-29 11:41:11.781    53    53 I 200c0000.serial: ttyS2 at MMIO 0x200c0000 (irq = 17, base_baud = 1625000) is a SPX
03-29 11:41:11.781    53    53 F yanbin  : uart 2 eb
03-29 11:41:11.782     1     1 D         : probe of soc:mm-gate returned 1 after 949 usecs
03-29 11:41:11.785    53    53 F yanbin  : uart 2 disable
03-29 11:41:11.787     1     1 D         : probe of 64012000.clock-controller returned 1 after 2563 usecs
03-29 11:41:11.789    53    53 D         : probe of 200c0000.serial returned 1 after 9255 usecs
03-29 11:41:11.790    53    53 I sprd_trng: RNG doesn't generate random!
03-29 11:41:11.790     1     1 D         : probe of soc:audcpapb-gate returned 1 after 523 usecs
03-29 11:41:11.791     1     1 D         : probe of soc:audcpahb-gate returned 1 after 1022 usecs
03-29 11:41:11.797     1     1 D         : probe of soc:aonapb-gate returned 1 after 6049 usecs
03-29 11:41:11.797     1     1 D         : initcall __cfi_check+0x88/0x94 [ums9230_clk] returned 0 after 31363 usecs
03-29 11:41:11.797     1     1 I init    : Loaded kernel module /lib/modules/ums9230-clk.ko
03-29 11:41:11.797     1     1 I init    : Loading module /lib/modules/spi-sprd-adi.ko with args ''
03-29 11:41:11.799    53    53 D         : probe of 201e0000.rng returned 1 after 9783 usecs
03-29 11:41:11.800    53    53 I coresight etm0: CPU0: ETM v4.2 initialized
03-29 11:41:11.800    53    53 D         : probe of 7f040000.etm returned 1 after 555 usecs
03-29 11:41:11.800    53    53 I coresight etm1: CPU1: ETM v4.2 initialized
03-29 11:41:11.800    53    53 D         : probe of 7f140000.etm returned 1 after 273 usecs
03-29 11:41:11.800    53    53 I coresight etm2: CPU2: ETM v4.2 initialized
03-29 11:41:11.800    53    53 D         : probe of 7f240000.etm returned 1 after 292 usecs
03-29 11:41:11.800    53    53 I coresight etm3: CPU3: ETM v4.2 initialized
03-29 11:41:11.800    53    53 D         : probe of 7f340000.etm returned 1 after 275 usecs
03-29 11:41:11.801     1     1 D         : calling  __cfi_check+0x154/0x160 [spi_sprd_adi] @ 1
03-29 11:41:11.801    53    53 I coresight etm4: CPU4: ETM v4.2 initialized
03-29 11:41:11.801    53    53 D         : probe of 7f440000.etm returned 1 after 449 usecs
03-29 11:41:11.801     1     1 I sprd-adi 64200000.spi: no hardware spinlock supplied
03-29 11:41:11.801     1     1 I sprd-adi 64200000.spi: adi supply is sprd,hw-channels0
03-29 11:41:11.801    53    53 I coresight etm5: CPU5: ETM v4.2 initialized
03-29 11:41:11.801    53    53 D         : probe of 7f540000.etm returned 1 after 438 usecs
03-29 11:41:11.802    53    53 I coresight etm6: CPU6: ETM v4.2 initialized
03-29 11:41:11.802    53    53 D         : probe of 7f640000.etm returned 1 after 225 usecs
03-29 11:41:11.802    53    53 I coresight etm7: CPU7: ETM v4.2 initialized
03-29 11:41:11.802    53    53 D         : probe of 7f740000.etm returned 1 after 221 usecs
03-29 11:41:11.802    53    53 D         : probe of gpio-keys returned 0 after 57 usecs
03-29 11:41:11.805    53    53 D         : probe of 644e0000.watchdog returned 1 after 3479 usecs
03-29 11:41:11.806    53    53 D         : probe of 200a0000.serial returned -517 after 0 usecs
03-29 11:41:11.806     1     1 D         : probe of 64200000.spi returned 1 after 5212 usecs
03-29 11:41:11.806     1     1 D         : initcall __cfi_check+0x154/0x160 [spi_sprd_adi] returned 0 after 5664 usecs
03-29 11:41:11.806     1     1 I init    : Loaded kernel module /lib/modules/spi-sprd-adi.ko
03-29 11:41:11.807     1     1 I init    : Loading module /lib/modules/sprd-sc27xx-spi.ko with args ''
03-29 11:41:11.807    53    53 D         : probe of gpio-keys returned 0 after 38 usecs
03-29 11:41:11.807    53    53 D         : probe of 200a0000.serial returned -517 after 0 usecs
03-29 11:41:11.810     1     1 D         : calling  __cfi_check+0x158/0x174 [sprd_sc27xx_spi] @ 1
03-29 11:41:11.855    53    53 D         : probe of gpio-keys returned 0 after 59 usecs
03-29 11:41:11.855    53    53 D         : probe of 200a0000.serial returned -517 after 0 usecs
03-29 11:41:11.855     1     1 D         : probe of spi4.0 returned 1 after 44683 usecs
03-29 11:41:11.855     1     1 D         : initcall __cfi_check+0x158/0x174 [sprd_sc27xx_spi] returned 0 after 43670 usecs
03-29 11:41:11.855     1     1 I init    : Loaded kernel module /lib/modules/sprd-sc27xx-spi.ko
03-29 11:41:11.855     1     1 I init    : Loading module /lib/modules/sc2730-regulator.ko with args ''
03-29 11:41:11.858     1     1 D         : calling  __cfi_check+0x21c/0x250 [sc2730_regulator] @ 1
03-29 11:41:11.863   177   177 D         : probe of gpio-keys returned 0 after 68 usecs
03-29 11:41:11.863   177   177 D         : probe of 200a0000.serial returned -517 after 1 usecs
03-29 11:41:11.863     1     1 D         : probe of 64200000.spi:pmic@0:power-controller@1800 returned 1 after 4816 usecs
03-29 11:41:11.863     1     1 D         : initcall __cfi_check+0x21c/0x250 [sc2730_regulator] returned 0 after 5044 usecs
03-29 11:41:11.863     1     1 I init    : Loaded kernel module /lib/modules/sc2730-regulator.ko
03-29 11:41:11.863     1     1 I init    : Loading module /lib/modules/ump518-regulator.ko with args ''
03-29 11:41:11.866     1     1 D         : calling  __cfi_check+0x21c/0x250 [ump518_regulator] @ 1
03-29 11:41:11.867     1     1 D         : initcall __cfi_check+0x21c/0x250 [ump518_regulator] returned 0 after 334 usecs
03-29 11:41:11.867     1     1 I init    : Loaded kernel module /lib/modules/ump518-regulator.ko
03-29 11:41:11.867     1     1 I init    : Loading module /lib/modules/sprd_soc_id.ko with args ''
03-29 11:41:11.870     1     1 D         : calling  __cfi_check+0x110/0x124 [sprd_soc_id] @ 1
03-29 11:41:11.870   177   177 D         : probe of gpio-keys returned 0 after 68 usecs
03-29 11:41:11.870   177   177 D         : probe of 200a0000.serial returned -517 after 1 usecs
03-29 11:41:11.870     1     1 D         : probe of soc:aon:socid@402e00e0 returned 1 after 214 usecs
03-29 11:41:11.870     1     1 D         : initcall __cfi_check+0x110/0x124 [sprd_soc_id] returned 0 after 475 usecs
03-29 11:41:11.870     1     1 I init    : Loaded kernel module /lib/modules/sprd_soc_id.ko
03-29 11:41:11.870     1     1 I init    : Loading module /lib/modules/rpmb.ko with args ''
03-29 11:41:11.874     1     1 D         : calling  rpmb_cdev_add+0x9c/0xbc [rpmb] @ 1
03-29 11:41:11.874     1     1 D         : initcall rpmb_cdev_add+0x9c/0xbc [rpmb] returned 0 after 13 usecs
03-29 11:41:11.874     1     1 I init    : Loaded kernel module /lib/modules/rpmb.ko
03-29 11:41:11.874     1     1 I init    : Loading module /lib/modules/ufs-sprd_qogirl6.ko with args ''
03-29 11:41:11.877     1     1 D         : calling  ufshcd_sprd_ioctl+0x1c4/0x230 [ufs_sprd_qogirl6] @ 1
03-29 11:41:11.878     1     1 D         : initcall ufshcd_sprd_ioctl+0x1c4/0x230 [ufs_sprd_qogirl6] returned 0 after 316 usecs
03-29 11:41:11.878     1     1 I init    : Loaded kernel module /lib/modules/ufs-sprd_qogirl6.ko
03-29 11:41:11.878     1     1 I init    : Loading module /lib/modules/sprd_hwspinlock.ko with args ''
03-29 11:41:11.881     1     1 D         : calling  __cfi_check+0xf4/0x110 [sprd_hwspinlock] @ 1
03-29 11:41:11.881   177   177 D         : probe of gpio-keys returned 0 after 56 usecs
03-29 11:41:11.881   177   177 D         : probe of 200a0000.serial returned -517 after 1 usecs
03-29 11:41:11.881     1     1 D         : probe of 64910000.hwspinlock returned 1 after 356 usecs
03-29 11:41:11.881     1     1 D         : initcall __cfi_check+0xf4/0x110 [sprd_hwspinlock] returned 0 after 604 usecs
03-29 11:41:11.881     1     1 I init    : Loaded kernel module /lib/modules/sprd_hwspinlock.ko
03-29 11:41:11.881     1     1 I init    : Loading module /lib/modules/nvmem-sc27xx-efuse.ko with args ''
03-29 11:41:11.884     1     1 D         : calling  __cfi_check+0xd0/0xe8 [nvmem_sc27xx_efuse] @ 1
03-29 11:41:11.885    54    54 D         : probe of gpio-keys returned 0 after 53 usecs
03-29 11:41:11.885    54    54 D         : probe of 200a0000.serial returned -517 after 1 usecs
03-29 11:41:11.885     1     1 D         : probe of 64200000.spi:pmic@0:efuse@300 returned 1 after 430 usecs
03-29 11:41:11.885     1     1 D         : initcall __cfi_check+0xd0/0xe8 [nvmem_sc27xx_efuse] returned 0 after 886 usecs
03-29 11:41:11.885     1     1 I init    : Loaded kernel module /lib/modules/nvmem-sc27xx-efuse.ko
03-29 11:41:11.885     1     1 I init    : Loading module /lib/modules/nvmem_sprd_cache_efuse.ko with args ''
03-29 11:41:11.888     1     1 D         : calling  __cfi_check+0xc4/0xd4 [nvmem_sprd_cache_efuse] @ 1
03-29 11:41:11.888    54    54 D         : probe of gpio-keys returned 0 after 51 usecs
03-29 11:41:11.888    54    54 D         : probe of 200a0000.serial returned -517 after 0 usecs
03-29 11:41:11.888     1     1 D         : probe of 65014c00.efuse returned 1 after 374 usecs
03-29 11:41:11.889     1     1 D         : initcall __cfi_check+0xc4/0xd4 [nvmem_sprd_cache_efuse] returned 0 after 632 usecs
03-29 11:41:11.889     1     1 I init    : Loaded kernel module /lib/modules/nvmem_sprd_cache_efuse.ko
03-29 11:41:11.889     1     1 I init    : Loading module /lib/modules/nvmem_sprd_efuse.ko with args ''
03-29 11:41:11.891     1     1 D         : calling  __cfi_check+0xd0/0xe4 [nvmem_sprd_efuse] @ 1
03-29 11:41:11.892    54    54 D         : probe of gpio-keys returned 0 after 54 usecs
03-29 11:41:11.892    54    54 D         : probe of 200a0000.serial returned -517 after 0 usecs
03-29 11:41:11.892     1     1 D         : probe of 643d0000.efuse returned 1 after 248 usecs
03-29 11:41:11.892     1     1 D         : initcall __cfi_check+0xd0/0xe4 [nvmem_sprd_efuse] returned 0 after 749 usecs
03-29 11:41:11.892     1     1 I init    : Loaded kernel module /lib/modules/nvmem_sprd_efuse.ko
03-29 11:41:11.892     1     1 I init    : Loading module /lib/modules/i2c-sprd.ko with args ''
03-29 11:41:11.896     1     1 D         : calling  __cfi_check+0x174/0x1a8 [i2c_sprd] @ 1
03-29 11:41:11.896     1     1 E sprd-i2c 200d0000.i2c: request RX DMA channel failed!
03-29 11:41:11.896     1     1 E sprd-i2c 200d0000.i2c: failed to request dma, enter no dma mode, ret = -19
03-29 11:41:11.898    54    54 D         : probe of gpio-keys returned 0 after 53 usecs
03-29 11:41:11.899    54    54 D         : probe of 200a0000.serial returned -517 after 1 usecs
03-29 11:41:11.899     1     1 D         : probe of 200d0000.i2c returned 1 after 2910 usecs
03-29 11:41:11.899     1     1 E sprd-i2c 200e0000.i2c: request RX DMA channel failed!
03-29 11:41:11.899     1     1 E sprd-i2c 200e0000.i2c: failed to request dma, enter no dma mode, ret = -19
03-29 11:41:11.903    54    54 D         : probe of gpio-keys returned 0 after 45 usecs
03-29 11:41:11.903    54    54 D         : probe of 200a0000.serial returned -517 after 0 usecs
03-29 11:41:11.903     1     1 D         : probe of 200e0000.i2c returned 1 after 4093 usecs
03-29 11:41:11.903     1     1 E sprd-i2c 200f0000.i2c: request RX DMA channel failed!
03-29 11:41:11.903     1     1 E sprd-i2c 200f0000.i2c: failed to request dma, enter no dma mode, ret = -19
03-29 11:41:11.906    54    54 D         : probe of gpio-keys returned 0 after 59 usecs
03-29 11:41:11.906    54    54 D         : probe of 200a0000.serial returned -517 after 0 usecs
03-29 11:41:11.906     1     1 D         : probe of 200f0000.i2c returned 1 after 3085 usecs
03-29 11:41:11.906     1     1 E sprd-i2c 20100000.i2c: request RX DMA channel failed!
03-29 11:41:11.906     1     1 E sprd-i2c 20100000.i2c: failed to request dma, enter no dma mode, ret = -19
03-29 11:41:11.907    54    54 D         : probe of gpio-keys returned 0 after 43 usecs
03-29 11:41:11.907    54    54 D         : probe of 200a0000.serial returned -517 after 0 usecs
03-29 11:41:11.907     1     1 D         : probe of 20100000.i2c returned 1 after 998 usecs
03-29 11:41:11.907     1     1 E sprd-i2c 20110000.i2c: request RX DMA channel failed!
03-29 11:41:11.907     1     1 E sprd-i2c 20110000.i2c: failed to request dma, enter no dma mode, ret = -19
03-29 11:41:11.908    54    54 D         : probe of gpio-keys returned 0 after 44 usecs
03-29 11:41:11.908    54    54 D         : probe of 200a0000.serial returned -517 after 0 usecs
03-29 11:41:11.908     1     1 D         : probe of 20110000.i2c returned 1 after 1324 usecs
03-29 11:41:11.908     1     1 E sprd-i2c 20210000.i2c: request RX DMA channel failed!
03-29 11:41:11.908     1     1 E sprd-i2c 20210000.i2c: failed to request dma, enter no dma mode, ret = -19
03-29 11:41:11.909    54    54 D         : probe of gpio-keys returned 0 after 34 usecs
03-29 11:41:11.909    54    54 D         : probe of 200a0000.serial returned -517 after 0 usecs
