03-25 03:44:07.660     1     1 E oplus_voocphy_parse_batt_curves: qcom,vooc_strategy1_batt_low_temp0 is 390
03-25 03:44:07.660     1     1 E oplus_voocphy_parse_batt_curves: qcom,vooc_strategy1_batt_high_temp0 is 400
03-25 03:44:07.660     1     1 E oplus_voocphy_parse_batt_curves: qcom,vooc_strategy1_batt_high_temp1 is 420
03-25 03:44:07.660     1     1 E oplus_voocphy_parse_batt_curves: qcom,vooc_strategy1_batt_high_temp2 is 430
03-25 03:44:07.660     1     1 E oplus_voocphy_parse_batt_curves: qcom,vooc_strategy1_high_current0 is 50
03-25 03:44:07.660     1     1 E oplus_voocphy_parse_batt_curves: qcom,vooc_strategy1_high_current1 is 40
03-25 03:44:07.660     1     1 E oplus_voocphy_parse_batt_curves: qcom,vooc_strategy1_high_current2 is 20
03-25 03:44:07.660     1     1 E oplus_voocphy_parse_batt_curves: qcom,vooc_strategy1_low_current2 is 40
03-25 03:44:07.660     1     1 E oplus_voocphy_parse_batt_curves: qcom,vooc_strategy1_low_current1 is 50
03-25 03:44:07.660     1     1 E oplus_voocphy_parse_batt_curves: qcom,vooc_strategy1_low_current0 is 60
03-25 03:44:07.660     1     1 I         : [OPLUS_CHG][oplus_voocphy_parse_batt_curves]qcom,vooc-low-soc is 0
03-25 03:44:07.660     1     1 I         : [OPLUS_CHG][oplus_voocphy_parse_batt_curves]qcom,vooc-high-soc is 90
03-25 03:44:07.660     1     1 I         : [OPLUS_CHG][oplus_voocphy_parse_batt_curves]qcom,vooc-low-temp is 0
03-25 03:44:07.660     1     1 I         : [OPLUS_CHG][oplus_voocphy_parse_batt_curves]qcom,vooc-high-temp is 500
03-25 03:44:07.660     1     1 E oplus_voocphy_parse_batt_curves: qcom,vooc_batt_over_high_temp is 530
03-25 03:44:07.660     1     1 E oplus_voocphy_parse_batt_curves: external_gauge_support = 0
03-25 03:44:07.660     1     1 E oplus_voocphy_parse_batt_curves: parse svooc_cool_down_current_limit, size=15 svooc_cool_down_num =15
03-25 03:44:07.660     1     1 E oplus_voocphy_parse_batt_curves: parse vooc_cool_down_current_limit, size=15 vooc_cool_down_num =15
03-25 03:44:07.660     1     1 E oplus_voocphy_parse_batt_curves: parse fastchg_timeout_time_init failed, rc=-22
03-25 03:44:07.660     1     1 E oplus_voocphy_parse_batt_curves: range1_low_curr_full length =5
03-25 03:44:07.660     1     1 E oplus_voocphy_parse_batt_curves: curr: 650 , vbatt: 4500
03-25 03:44:07.660     1     1 E oplus_voocphy_parse_batt_curves: curr: 550 , vbatt: 4495
03-25 03:44:07.660     1     1 E oplus_voocphy_parse_batt_curves: curr: 450 , vbatt: 4480
03-25 03:44:07.660     1     1 E oplus_voocphy_parse_batt_curves: curr: 350 , vbatt: 4470
03-25 03:44:07.660     1     1 E oplus_voocphy_parse_batt_curves: curr: 250 , vbatt: 4460
03-25 03:44:07.660     1     1 E oplus_voocphy_parse_batt_curves: range2_low_curr_full length =5
03-25 03:44:07.660     1     1 E oplus_voocphy_parse_batt_curves: curr: 750 , vbatt: 4500
03-25 03:44:07.660     1     1 E oplus_voocphy_parse_batt_curves: curr: 650 , vbatt: 4495
03-25 03:44:07.660     1     1 E oplus_voocphy_parse_batt_curves: curr: 550 , vbatt: 4480
03-25 03:44:07.660     1     1 E oplus_voocphy_parse_batt_curves: curr: 450 , vbatt: 4470
03-25 03:44:07.660     1     1 E oplus_voocphy_parse_batt_curves: curr: 350 , vbatt: 4460
03-25 03:44:07.660     1     1 E oplus_voocphy_parse_batt_curves: voocphy_freq_mincore is 1800000
03-25 03:44:07.660     1     1 E oplus_voocphy_parse_batt_curves: voocphy_freq_midcore is 1800000
03-25 03:44:07.660     1     1 E oplus_voocphy_parse_batt_curves: voocphy_freq_maxcore is 1800000
03-25 03:44:07.660     1     1 E oplus_voocphy_parse_batt_curves: voocphy_current_change_timeout is 100
03-25 03:44:07.660     1     1 E oplus_voocphy_parse_batt_curves: voocphy_ibat_over_current is 7500
03-25 03:44:07.660     1     1 E oplus_voocphy_parse_batt_curves: voocphy_cp_max_ibus is 3500
03-25 03:44:07.660     1     1 E oplus_voocphy_parse_batt_curves: voocphy_svooc_cp_max_ibus is 3500
03-25 03:44:07.660     1     1 E oplus_voocphy_parse_batt_curves: voocphy_vooc_cp_max_ibus is 3500
03-25 03:44:07.660     1     1 E oplus_voocphy_parse_batt_curves: voocphy_max_main_ibat is 3600
03-25 03:44:07.660     1     1 E oplus_voocphy_parse_batt_curves: voocphy_max_sub_ibat is 3000
03-25 03:44:07.660     1     1 E oplus_voocphy_parse_batt_curves: batt_pwd_curr_thd1 is 3300
03-25 03:44:07.660     1     1 E oplus_voocphy_parse_batt_curves: batt_pwd_vol_thd1 is 4454
03-25 03:44:07.660     1     1 E oplus_voocphy_monitor_timer_init: vooc: create timers successfully
03-25 03:44:07.660     1     1 E         : set_cpus_allowed_ptr =255 ret = 0
03-25 03:44:07.660     1     1 E         : [OPLUS_CHG][hl7138_charger_probe]hl7138_charger_probe succesfull
03-25 03:44:07.660     1     1 D         : probe of 6-0067 returned 1 after 9778 usecs
03-25 03:44:07.660     1     1 I         : [OPLUS_CHG][hl7138_subsys_init] Success to register hl7138 i2c driver.
03-25 03:44:07.660     1     1 I OPLUS_CHG[CORE]: oplus_chg_class_init[582]: sc8547_subsys init
03-25 03:44:07.660     1     1 I         : [OPLUS_CHG][sc8547_subsys_init] init start
03-25 03:44:07.660     1     1 I         : [OPLUS_CHG][sc8547_subsys_init] Success to register sc8547 i2c driver.
03-25 03:44:07.660     1     1 I OPLUS_CHG[CORE]: oplus_chg_class_init[582]: sc8547_slave_subsys init
03-25 03:44:07.660     1     1 I         : [OPLUS_CHG][sc8547_slave_subsys_init] init start
03-25 03:44:07.660     1     1 I         : [OPLUS_CHG][sc8547_slave_subsys_init] Success to register sc8547 i2c driver.
03-25 03:44:07.660     1     1 I OPLUS_CHG[CORE]: oplus_chg_class_init[582]: oplus_chg_comm_driver init
03-25 03:44:07.660     1     1 I OPLUS_CHG[COMM]: oplus_chg_comm_parse_dt[769]: wkcs: temp thr = -20, 0, 50, 120, 400, 450, 530, 0
03-25 03:44:07.660     1     1 E OPLUS_CHG[COMM]: oplus_chg_comm_parse_dt[825]: get oplus,wls-ffc-step-max property error, rc=-22
03-25 03:44:07.660     1     1 E OPLUS_CHG[COMM]: read_unsigned_data_from_node[689]: Count oplus,wls-ffc-fv-mv failed, rc=-22
03-25 03:44:07.660     1     1 E OPLUS_CHG[COMM]: oplus_chg_comm_parse_dt[831]: get oplus,wls-ffc-fv-mv property error, rc=-22
03-25 03:44:07.660     1     1 E OPLUS_CHG[COMM]: read_unsigned_data_from_node[689]: Count oplus,wls-ffc-fv-cutoff-mv failed, rc=-22
03-25 03:44:07.660     1     1 E OPLUS_CHG[COMM]: oplus_chg_comm_parse_dt[838]: get oplus,wls-ffc-fv-cutoff-mv property error, rc=-22
03-25 03:44:07.660     1     1 E OPLUS_CHG[COMM]: read_unsigned_data_from_node[689]: Count oplus,wls-ffc-icl-ma failed, rc=-22
03-25 03:44:07.660     1     1 E OPLUS_CHG[COMM]: oplus_chg_comm_parse_dt[845]: get oplus,wls-ffc-icl-ma property error, rc=-22
03-25 03:44:07.660     1     1 E OPLUS_CHG[COMM]: read_unsigned_data_from_node[689]: Count oplus,wls-ffc-fcc-ma failed, rc=-22
03-25 03:44:07.660     1     1 E OPLUS_CHG[COMM]: oplus_chg_comm_parse_dt[854]: get oplus,wls-ffc-fcc-ma property error, rc=-22
03-25 03:44:07.660     1     1 E OPLUS_CHG[COMM]: read_unsigned_data_from_node[689]: Count oplus,wls-ffc-fcc-cutoff-ma failed, rc=-22
03-25 03:44:07.660     1     1 E OPLUS_CHG[COMM]: oplus_chg_comm_parse_dt[863]: get oplus,wls-ffc-fcc-cutoff-ma property error, rc=-22
03-25 03:44:07.660     1     1 E OPLUS_CHG[COMM]: read_unsigned_data_from_node[689]: Count oplus,wls-vbatdet-mv failed, rc=-22
03-25 03:44:07.660     1     1 E OPLUS_CHG[COMM]: oplus_chg_comm_parse_dt[872]: get oplus,wls-vbatdet-mv property error, rc=-22
03-25 03:44:07.660     1     1 E OPLUS_CHG[COMM]: oplus_chg_comm_init_adc_channels[1929]: can't get oplus,skin_temp_chan, rc=-22
03-25 03:44:07.660     1     1 E OPLUS_CHG[COMM]: oplus_chg_comm_driver_probe[2104]: init adc channels error, rc=-22
03-25 03:44:07.660     1     1 I OPLUS_CHG[COMM]: oplus_chg_comm_driver_probe[2129]: probe done
03-25 03:44:07.660     1     1 D         : probe of soc:oplus,common-charge returned 1 after 145 usecs
03-25 03:44:07.660     1     1 I OPLUS_CHG[CORE]: oplus_chg_class_init[582]: oplus_chg_track_driver init
03-25 03:44:07.661     1     1 I OPLUS_CHG[CORE]: oplus_chg_class_init[582]: sc8547a_i2c_driver init
03-25 03:44:07.661     1     1 I OPLUS_CHG[CORE]: oplus_chg_class_init[582]: charger_manager init
03-25 03:44:07.661     1     1 E [OPLUS_CHG][charger_manager_init]: num =2478
03-25 03:44:07.661     1     1 E         : [OPLUS_CHG][sgm41512_charger_init] init start
03-25 03:44:07.661     1     1 E         : [OPLUS_CHG][oplus_chg_ops_desc_get]chg_ops_list_head list_empty
03-25 03:44:07.661     1     1 E [OPLUS_CHG][oplus_chg_ops_register]->name: ext-sgm41512
03-25 03:44:07.661     1     1 E         : [OPLUS_CHG][sgm41512_charger_probe]sgm41512 probe enter
03-25 03:44:07.661     1     1 E         : [OPLUS_CHG][sgm41512_parse_dt]irq-gpio[197]
03-25 03:44:07.661     1     1 E         : [OPLUS_CHG][sgm41512_parse_dt]gpio_is_valid fail enable-gpio[-2]
03-25 03:44:07.661     1     1 E         : [OPLUS_CHG][sgm41512_parse_dt]use_voocphy=1
03-25 03:44:07.661     1     1 E         : [OPLUS_CHG][sgm41512_parse_dt]vindpm_4V48=1
03-25 03:44:07.663     1     1 E         : [OPLUS_CHG][sgm41512_dump_registers][0x64, 0x18, 0x8a, 0x52], [0x98, 0x07, 0xd6, 0x48], [0x34, 0x00, 0xa3, 0x2c]
03-25 03:44:07.663     1     1 E         : [OPLUS_CHG][sgm41512_hardware_init]init sgm41512 hardware!
03-25 03:44:07.664     1     1 E         : [OPLUS_CHG][sgm41512_disable_charging]sgm41512_disable_charging
03-25 03:44:07.665     1     1 E         : [OPLUS_CHG][sgm41512_float_voltage_write]vfloat_mv = 4500
03-25 03:44:07.666     1     1 E         : [OPLUS_CHG][sgm41512_set_termchg_current]term_current = 100
03-25 03:44:07.666     1     1 E         : [OPLUS_CHG][sgm41512_input_current_limit_without_aicl]tmp current [500]ma
03-25 03:44:07.667     1     1 E         : [OPLUS_CHG][sgm41512_unsuspend_charger]ignore set icl [0 500]
03-25 03:44:07.668     1     1 E         : [OPLUS_CHG][sgm41512_enable_charging]sgm41512_enable_charging
03-25 03:44:07.669     1     1 E         : [OPLUS_CHG][sgm41512_charger_probe]SGM41512 probe success.
03-25 03:44:07.669     1     1 D         : probe of 2-006b returned 1 after 8488 usecs
03-25 03:44:07.669     1     1 I         : [OPLUS_CHG][sgm41512_charger_init] Success to register sgm41512 i2c driver.
03-25 03:44:07.669     1     1 E         : [OPLUS_CHG][sgm41542_charger_init] init start
03-25 03:44:07.669     1     1 E [OPLUS_CHG][oplus_chg_ops_desc_get]members->name: ext-sgm41512
03-25 03:44:07.669     1     1 E [OPLUS_CHG][oplus_chg_ops_register]->name: ext-sgm41542
03-25 03:44:07.669     1     1 I         : [OPLUS_CHG][sgm41542_charger_init] Success to register sgm41542 i2c driver.
03-25 03:44:07.669     1     1 I         : [OPLUS_CHG][hl7138_subsys_init] init start
03-25 03:44:07.669     1     1 E         : Error: Driver 'hl7138-charger' is already registered, aborting...
03-25 03:44:07.669     1     1 E         : [OPLUS_CHG][hl7138_subsys_init] failed to register hl7138 i2c driver.
03-25 03:44:07.669     1     1 I         : [OPLUS_CHG][sc8547_subsys_init] init start
03-25 03:44:07.669     1     1 E         : Error: Driver 'sc8547-charger' is already registered, aborting...
03-25 03:44:07.669     1     1 E         : [OPLUS_CHG][sc8547_subsys_init] failed to register sc8547 i2c driver.
03-25 03:44:07.669     1     1 I         : charger-manager charger-manager: of_cm_parse_desc num_cp_psys = -22
03-25 03:44:07.669     1     1 I         : charger-manager charger-manager: cm_cap_remap_init_boundary, cap_remap_table[0].lb =1000,cap_remap_table[0].hb = 4000
03-25 03:44:07.669     1     1 I         : charger-manager charger-manager: cap_remap_table[0].lcap= 1,cap_remap_table[0].hcap = 2,cap_remap_table[0].cnt= 3
03-25 03:44:07.669     1     1 I         : charger-manager charger-manager: cm_cap_remap_init_boundary, cap_remap_table[1].lb =4000,cap_remap_table[1].hb = 6000
03-25 03:44:07.669     1     1 I         : charger-manager charger-manager: cap_remap_table[1].lcap= 2,cap_remap_table[1].hcap = 3,cap_remap_table[1].cnt= 2
03-25 03:44:07.669     1     1 I         : charger-manager charger-manager: cm_cap_remap_init_boundary, cap_remap_table[2].lb =101000,cap_remap_table[2].hb = 103000
03-25 03:44:07.669     1     1 I         : charger-manager charger-manager: cap_remap_table[2].lcap= 98,cap_remap_table[2].hcap = 99,cap_remap_table[2].cnt= 2
03-25 03:44:07.669     1     1 I         : charger-manager charger-manager: cm_cap_remap_init_boundary, cap_remap_table[3].lb =103000,cap_remap_table[3].hb = 106000
03-25 03:44:07.669     1     1 I         : charger-manager charger-manager: cap_remap_table[3].lcap= 99,cap_remap_table[3].hcap = 100,cap_remap_table[3].cnt= 3
03-25 03:44:07.669     1     1 I         : charger-manager charger-manager: cap_remap_total_cnt =106, cap_remap_table_len = 4
03-25 03:44:07.669     1     1 E [OPLUS_CHG][charger_manager_probe]: num 2  =2259
03-25 03:44:07.669     1     1 E         : [OPLUS_CHG][oplus_chg_parse_svooc_dt]oplus_parse_svooc_dt, chip->vbatt_num = 1,chip->vooc_project = 5.
03-25 03:44:07.669     1     1 F         : [OPLUS_CHG][oplus_chg_parse_svooc_dt]usbtemp_dischg_by_pmic = 0
03-25 03:44:07.669     1     1 E [OPLUS_CHG][oplus_get_chg_ops_name_from_dt]chg_ops_name: plat-pmic
03-25 03:44:07.669     1     1 E         : [OPLUS_CHG][charger_manager_probe][oplus_chg_init] gauge null, will do after bettery init.
03-25 03:44:07.669     1     1 D         : probe of charger-manager returned 0 after 210 usecs
03-25 03:44:07.670     1     1 D         : initcall __typeid__ZTSFivE_global_addr+0x178/0x5d0 [oplus_chg] returned 0 after 19126 usecs
03-25 03:44:07.670     1     1 I init    : Loaded kernel module /lib/modules/oplus_chg.ko
03-25 03:44:07.670     1     1 I init    : Loading module /lib/modules/sc27xx_fuel_gauge.ko with args ''
03-25 03:44:07.674     1     1 D         : calling  __typeid__ZTSFbvE_global_addr+0x8/0x54 [sc27xx_fuel_gauge] @ 1
03-25 03:44:07.674     1     1 E sc27xx_fgu_driver_init: num =4570
03-25 03:44:07.675     1     1 E sc27xx_fgu_probe: line4208: !!!
03-25 03:44:07.675     1     1 I sc27xx-fgu 64200000.spi: pmic@0:fgu@c00: result = reco
03-25 03:44:07.675     1     1 I sc27xx-fgu 64200000.spi: pmic@0:fgu@c00: cmd_line = earlycon console=ttyS1,115200n8 loop.max_part=7 loglevel=1 init=/init root=/dev/ram0 rw printk.devkmsg=on swiotlb=1 dummy_hcd.num=0 initcall_debug=1 androidboot.init_fatal_panic=true androidboot.hardware=ums9230_hulk androidboot.dtbo_idx=7 lcd_id=ID13 lcd_name=lcd_hx83108a_boe_mipi_hd lcd_base=9e000000 lcd_size=1600x720 logo_bpix=24 androidboot.upgradeflag=false androidboot.lwfq.type=-1 androidboot.auto.efuse=T612 androidboot.auto.chipid=UMS9230-AB  sysdump_magic=80001000 sysdump_re_flag=1  androidboot.usbmux=0x0 modem=shutdown androidboot.mode=recovery ltemode=lcsfb rfboard.id=2 rfhw.id=32816 crystal=6 32k.less=1 marlin.clktype=0 pcb.version=7 power.from.extern=0 androidboot.pmic.chipid=2730 cpcmdline=end  bootcause="Detect the recovery message in the misc partition" pwroffcause="device power down" charge.shutdown_rtc_time=1742891554  charge.charge_cycle=-1  charge.basp=-1  charge.total_mah=4775000  prj_name=2
03-25 03:44:07.675     1     1 I Get FUELGAGUE_APPLY: 1
03-25 03:44:08.627   334   334 I recovery: Boot command: boot-recovery
03-25 03:44:08.627   334   334 I recovery: Got 1 arguments from boot message
03-25 03:44:07.675     1     1 I battery_init, fuelgauge_apply: 1
03-25 03:44:07.675     1     1 I         : Get IS_SUBBOARD_TEMP_SUPPORT no data
03-25 03:44:07.675     1     1 I battery_init, is_subboard_temp_support: 0
03-25 03:44:07.675     1     1 I Get Enable_Is_Force_Full: 1
03-25 03:44:07.675     1     1 I battery_init, enable_is_force_full: 1
03-25 03:44:07.675     1     1 I Get BATT_ID_FAST_CHECK: 1
03-25 03:44:07.675     1     1 I battery_init, batt_id_fast_chcek: 1
03-25 03:44:07.675     1     1 I         : Get NTC_SWITCH_NOT_USE no data
03-25 03:44:07.675     1     1 I battery_init, g_ntc_switch_not_use: 0
03-25 03:44:07.675     1     1 I         : ntc_switch_gpio < 0 !!!
03-25 03:44:07.675     1     1 I         : ntc_switch_gpio gpio_request fail
03-25 03:44:07.689     7     7 E [HXTP] i_get_FW: request fw ,name= Himax_firmware_BOE_HX03.bin
03-25 03:44:07.689     7     7 W himax_tp spi3.0: Direct firmware load for Himax_firmware_BOE_HX03.bin failed with error -2
03-25 03:44:07.689     7     7 W himax_tp spi3.0: Falling back to sysfs fallback for: Himax_firmware_BOE_HX03.bin
03-25 03:44:07.693     1     1 I         : [battery_type_check] g_switch_ntc = 0,ret = 1,ret_value[179]
03-25 03:44:07.693     1     1 E [battery_type_check]: adc_value[179], battery_type[12], g_fg_battery_id[1]
03-25 03:44:07.713     1     1 I         : [battery_type_check] g_switch_ntc = 0,ret = 1,ret_value[179]
03-25 03:44:07.713     1     1 E [battery_type_check]: adc_value[179], battery_type[12], g_fg_battery_id[1]
03-25 03:44:07.713     1     1 E sc27xx-fgu 64200000.spi: pmic@0:fgu@c00: oplus_chg battery_init done
03-25 03:44:07.733     1     1 I         : [battery_type_check] g_switch_ntc = 0,ret = 1,ret_value[179]
03-25 03:44:07.733     1     1 E [battery_type_check]: adc_value[179], battery_type[12], g_fg_battery_id[1]
03-25 03:44:07.733     1     1 I power_supply sc27xx-fgu: cap-calib-energy-density-ocv-table: engy_dens_ocv_hi = 3800000, engy_dens_ocv_lo = 3350000
03-25 03:44:07.733     1     1 I power_supply sc27xx-fgu: cap-calib-energy-density-ocv-table: engy_dens_ocv_hi = 4350000, engy_dens_ocv_lo = 4150000
03-25 03:44:07.733     1     1 I power_supply sc27xx-fgu: cap-track-energy-density-ocv-table: engy_dens_ocv_hi = 3722000, engy_dens_ocv_lo = 3400000
03-25 03:44:07.733     1     1 I sc27xx-fgu 64200000.spi: pmic@0:fgu@c00: shutdown_rtc_time = 1742891554, charge_cycle = -1, basp = -1, learned_mah = 4775000
03-25 03:44:07.753     1     1 I sc27xx-fgu 64200000.spi: pmic@0:fgu@c00: bat_current_ma = 219, vol_adc_mv = 381, vol_ntc_uv = 380520
03-25 03:44:07.753     1     1 I sc27xx-fgu 64200000.spi: pmic@0:fgu@c00: sc27xx_fgu_get_temp: temp = 200
03-25 03:44:07.753     1     1 I sc27xx-fgu 64200000.spi: pmic@0:fgu@c00: oci_ma = 0, vol_mv = 4414, pocv = 4414000
03-25 03:44:07.753     1     1 I sc27xx-fgu 64200000.spi: pmic@0:fgu@c00: ocv_uv[4414000] is out of dens range
03-25 03:44:07.753     1     1 W sc27xx-fgu 64200000.spi: pmic@0:fgu@c00: Boot calib: pocv_uv is not in low energy dens !!!!
03-25 03:44:07.754     1     1 I sc27xx-fgu 64200000.spi: pmic@0:fgu@c00: init: boot_cap = 1000, normal_cap = 1000
03-25 03:44:07.755     1     1 I sc27xx-fgu 64200000.spi: pmic@0:fgu@c00: sc27xx_fgu_batt_ovp_threshold_config 2078 overload threshold config done!
03-25 03:44:07.755     1     1 I sc27xx-fgu 64200000.spi: pmic@0:fgu@c00: end_vol = 4295, end_cur = 130
03-25 03:44:07.755   176   176 I sc27xx-fgu 64200000.spi: pmic@0:fgu@c00: init_cap = 1000, init_mah = 0, init_clbcnt = 23825340, cur_clbcnt = 23825340, normal_cap = 1000, data->cc_mah = 0, Tbat = 200, uusoc_vbat = 0, uusoc_mah = 0, cur_1000ma_adc = 693, vol_1000mv_adc = 693, track_sts = 0
03-25 03:44:07.755     1     1 W emdoor1-data_average_method: data=200, avgdata=200, Index=1
03-25 03:44:07.755     1     1 I sc27xx-fgu 64200000.spi: pmic@0:fgu@c00: init_cap = 1000, init_clbcnt = 23825340, cur_clbcnt = 23825340, normal_cap = 1000, delta_cap = 0, Tbat  = 200, uusoc_vbat = 0,total_mah = 4775-4751, vol_1000mv_adc = 693, cur_1000ma_adc = 693, cc_mah = 0
03-25 03:44:07.756   176   176 I         : charger-manager charger-manager: of_cm_parse_desc num_cp_psys = -22
03-25 03:44:07.756   176   176 I         : charger-manager charger-manager: cm_cap_remap_init_boundary, cap_remap_table[0].lb =1000,cap_remap_table[0].hb = 4000
03-25 03:44:07.756   176   176 I         : charger-manager charger-manager: cap_remap_table[0].lcap= 1,cap_remap_table[0].hcap = 2,cap_remap_table[0].cnt= 3
03-25 03:44:07.756   176   176 I         : charger-manager charger-manager: cm_cap_remap_init_boundary, cap_remap_table[1].lb =4000,cap_remap_table[1].hb = 6000
03-25 03:44:07.756   176   176 I         : charger-manager charger-manager: cap_remap_table[1].lcap= 2,cap_remap_table[1].hcap = 3,cap_remap_table[1].cnt= 2
03-25 03:44:07.756   176   176 I         : charger-manager charger-manager: cm_cap_remap_init_boundary, cap_remap_table[2].lb =101000,cap_remap_table[2].hb = 103000
03-25 03:44:07.756   176   176 I         : charger-manager charger-manager: cap_remap_table[2].lcap= 98,cap_remap_table[2].hcap = 99,cap_remap_table[2].cnt= 2
03-25 03:44:07.756   176   176 I         : charger-manager charger-manager: cm_cap_remap_init_boundary, cap_remap_table[3].lb =103000,cap_remap_table[3].hb = 106000
03-25 03:44:07.756   176   176 I         : charger-manager charger-manager: cap_remap_table[3].lcap= 99,cap_remap_table[3].hcap = 100,cap_remap_table[3].cnt= 3
03-25 03:44:07.756   176   176 I         : charger-manager charger-manager: cap_remap_total_cnt =106, cap_remap_table_len = 4
03-25 03:44:07.756   176   176 E [OPLUS_CHG][charger_manager_probe]: num 2  =2259
03-25 03:44:07.756   176   176 E         : [OPLUS_CHG][oplus_chg_parse_svooc_dt]oplus_parse_svooc_dt, chip->vbatt_num = 1,chip->vooc_project = 5.
03-25 03:44:07.756   176   176 F         : [OPLUS_CHG][oplus_chg_parse_svooc_dt]usbtemp_dischg_by_pmic = 0
03-25 03:44:07.756   176   176 E [OPLUS_CHG][oplus_get_chg_ops_name_from_dt]chg_ops_name: plat-pmic
03-25 03:44:07.756   176   176 E [OPLUS_CHG][get_charger_ic_det]charger_ic__det_flag: 256,dual_charger_support=0, count=1
03-25 03:44:07.756   176   176 E         : [OPLUS_CHG][charger_manager_probe]sgm41512 charger IC match successful
03-25 03:44:07.756   176   176 E [OPLUS_CHG][charger_manager_probe]: num =2346
03-25 03:44:07.756   176   176 E [OPLUS_CHG][oplus_chg_chargerid_parse_dt]chargerid_switch-gpio: 239
03-25 03:44:07.756   176   176 E         : [OPLUS_CHG][oplus_chg_shipmode_parse_dt]Couldn't read qcom,ship-gpio rc = 0, qcom,ship-gpio:-2
03-25 03:44:07.756   176   176 E         : [OPLUS_CHG][oplus_chg_shortc_hw_parse_dt]Couldn't read qcom,shortc-gpio rc=0, qcom,shortc-gpio:-2
03-25 03:44:07.756   176   176 E         : [OPLUS_CHG][oplus_dischg_gpio_init]set dischg enable = 0
03-25 03:44:07.756   176   176 E [OPLUS_CHG][oplus_chg_usbtemp_parse_dt]dischg-gpio: 238
03-25 03:44:07.757   176   176 E [OPLUS_CHG][oplus_chg_parse_charger_dt]usb_high_than_bat_decidegc: 168
03-25 03:44:07.757   176   176 E         : [OPLUS_CHG][oplus_chg_parse_charger_dt] CONFIG_HIGH_TEMP_VERSION disabled
03-25 03:44:07.757   176   176 E         : [OPLUS_CHG][oplus_chg_parse_charger_dt] freeze current [-100, 960, 960, 720]
03-25 03:44:07.757   176   176 E         : [OPLUS_CHG][oplus_chg_parse_charger_dt] normal_phase1_bat_decidegc fail
03-25 03:44:07.757   176   176 E         : [OPLUS_CHG][oplus_chg_parse_charger_dt] temp_normal_phase1_vfloat_mv fail
03-25 03:44:07.757   176   176 E         : [OPLUS_CHG][oplus_chg_parse_charger_dt] temp_normal_phase1_fastchg_current_ma fail
03-25 03:44:07.757   176   176 E         : [OPLUS_CHG][oplus_chg_parse_charger_dt] normal_phase2_bat_decidegc fail
03-25 03:44:07.757   176   176 E         : [OPLUS_CHG][oplus_chg_parse_charger_dt] temp_normal_phase2_vfloat_mv fail
03-25 03:44:07.757   176   176 E         : [OPLUS_CHG][oplus_chg_parse_charger_dt] temp_normal_phase2_fastchg_current_ma_high fail
03-25 03:44:07.757   176   176 E         : [OPLUS_CHG][oplus_chg_parse_charger_dt] temp_normal_phase2_fastchg_current_ma_low fail
03-25 03:44:07.757   176   176 E         : [OPLUS_CHG][oplus_chg_parse_charger_dt] normal_phase3_bat_decidegc fail
03-25 03:44:07.757   176   176 E         : [OPLUS_CHG][oplus_chg_parse_charger_dt] temp_normal_phase3_vfloat_mv fail
03-25 03:44:07.757   176   176 E         : [OPLUS_CHG][oplus_chg_parse_charger_dt] temp_normal_phase3_fastchg_current_ma_high fail
03-25 03:44:07.757   176   176 E         : [OPLUS_CHG][oplus_chg_parse_charger_dt] temp_normal_phase3_fastchg_current_ma_low fail
03-25 03:44:07.757   176   176 E         : [OPLUS_CHG][oplus_chg_parse_charger_dt] normal_phase4_bat_decidegc fail
03-25 03:44:07.757   176   176 E         : [OPLUS_CHG][oplus_chg_parse_charger_dt] temp_normal_phase4_vfloat_mv fail
03-25 03:44:07.757   176   176 E         : [OPLUS_CHG][oplus_chg_parse_charger_dt] temp_normal_phase4_fastchg_current_ma_high fail
03-25 03:44:07.757   176   176 E         : [OPLUS_CHG][oplus_chg_parse_charger_dt] temp_normal_phase4_fastchg_current_ma_low fail
03-25 03:44:07.757   176   176 E         : [OPLUS_CHG][oplus_chg_parse_charger_dt] normal_phase5_bat_decidegc fail
03-25 03:44:07.757   176   176 E         : [OPLUS_CHG][oplus_chg_parse_charger_dt] temp_normal_phase5_vfloat_mv fail
03-25 03:44:07.757   176   176 E         : [OPLUS_CHG][oplus_chg_parse_charger_dt] temp_normal_phase5_fastchg_current_ma fail
03-25 03:44:07.757   176   176 E         : [OPLUS_CHG][oplus_chg_parse_charger_dt]qcom,smart_chg_bcc_support is 0
03-25 03:44:07.757   176   176 E         : [OPLUS_CHG][oplus_chg_parse_charger_dt]qcom,smart_chg_soh_support is 0
03-25 03:44:07.757   176   176 F         : [OPLUS_CHG][oplus_chg_parse_charger_dt]normal_phase1_bat_decidegc = 0, 			temp_normal_phase1_vfloat_mv = 0, 			temp_normal_phase1_fastchg_current_ma = 0, 			normal_phase2_bat_decidegc = 0, 			temp_normal_phase2_vfloat_mv = 0, 			temp_normal_phase2_fastchg_current_ma_high = 0, 			temp_normal_phase2_fastchg_current_ma_low = 0, 			normal_phase3_bat_decidegc = 0, 			temp_normal_phase3_vfloat_mv = 0, 			temp_normal_phase3_fastchg_current_ma_high = 0, 			temp_normal_phase3_fastchg_current_ma_low = 0, 			normal_phase4_bat_decidegc = 0, 			temp_normal_phase4_vfloat_mv = 0, 			temp_normal_phase4_fastchg_current_ma_high = 0, 			temp_normal_phase4_fastchg_current_ma_low = 0, 			normal_phase5_bat_decidegc = 0, 			temp_normal_phase5_vfloat_mv = 0, 			temp_normal_phase5_fastchg_current_ma = 0, 			normal_phase6_bat_decidegc = 420, 			temp_normal_phase6_vfloat_mv = 0, 			temp_normal_phase6_fastchg_current_ma = 0
03-25 03:44:07.757   176   176 F         : [OPLUS_CHG][oplus_chg_parse_charger_dt]vbatt_power_off = 3300, 			vbatt_soc_1 = 3410, 			normal_vterm_hw_inc = 18, 			, 			non_normal_vterm_hw_inc = 18, 			vbatt_pdqc_to_9v_thr = 4500, 			vbatt_pdqc_to_5v_thr = 4500 			tbatt_pdqc_to_5v_thr = -22 			tbatt_pdqc_to_9v_thr = -42
03-25 03:44:07.757   176   176 F         : [OPLUS_CHG][oplus_chg_parse_charger_dt]ff1_normal_fastchg_ma = 1500, 			ffc2_temp_warm_decidegc = 350, 			ffc2_temp_high_decidegc = 430, 			ffc2_normal_fastchg_ma = 800, 			chip->limits.ffc2_warm_fastchg_ma = 900, 			ffc2_exit_step_ma = 150, 			ffc_normal_vfloat_sw_limit = 4495, 			ffc_warm_vfloat_sw_limit = 4495, 			ffc2_normal_vfloat_sw_limit = 4495, 			ffc2_warm_vfloat_sw_limit = 4495, 			ffc1_temp_normal_vfloat_mv = 4552, 			ffc2_temp_normal_vfloat_mv = 4552, 			ffc_normal_vfloat_over_sw_limit = 4552 			ffc2_temp_low_decidegc = 120 			limits.ff1_exit_step_ma = 850 			limits.ff1_warm_exit_step_ma = 750 			pd_input_current_charger_ma = 2000 			qc_input_current_charger_ma = 2000
03-25 03:44:07.757   176   176 F         : [OPLUS_CHG][oplus_chg_parse_charger_dt]default_iterm_ma = 255, 			default_sub_iterm_ma = 100, 			default_temp_normal_fastchg_current_ma = 2200, 			default_normal_vfloat_sw_limit = 4410, 			default_temp_normal_vfloat_mv = 4465, 			default_normal_vfloat_over_sw_limit = 4475
03-25 03:44:07.757   176   176 F         : [OPLUS_CHG][oplus_chg_parse_charger_dt]qcom,smart_charge_version = 1
03-25 03:44:07.757   176   176 F         : [OPLUS_CHG][oplus_chg_parse_charger_dt]qcom,old_smart_charge_standard = 0
03-25 03:44:07.757   176   176 F         : [OPLUS_CHG][oplus_chg_parse_charger_dt]qcom,bat_type_string =
03-25 03:44:07.757   176   176 F         : [OPLUS_CHG][oplus_chg_parse_charger_dt]default_temp_little_cool_fastchg_current_ma = 2200, 			default_little_cool_vfloat_sw_limit = 4410, 			default_temp_little_cool_vfloat_mv = 4465, 			default_little_cool_vfloat_over_sw_limit = 4475
03-25 03:44:07.757   176   176 F         : [OPLUS_CHG][oplus_chg_parse_charger_dt]input_current_charger_ma = 2200, 			input_current_usb_ma = 500, 			input_current_led_ma = 1200, 			input_current_led_ma_normal = 2000, 			input_current_led_ma_warm = 1500, 			input_current_led_ma_high = 1200, 			temp_normal_fastchg_current_ma = 2200, 			temp_normal_vfloat_mv = 4465, 			iterm_ma = 255, 			recharge_mv = 100, 			cold_bat_decidegc = -100, 			temp_cold_vfloat_mv = 4465, 			temp_cold_fastchg_current_ma = 960, 			little_cold_bat_decidegc = 0, 			temp_little_cold_vfloat_mv = 4465, 			temp_little_cold_fastchg_current_ma = 2200, 			cool_bat_decidegc = 50, 			temp_cool_vfloat_mv = 4465, 			temp_cool_fastchg_current_ma_high = 2200, 			temp_cool_fastchg_current_ma_low = 2200, 			little_cool_bat_decidegc = 120, 			temp_little_cool_vfloat_mv = 4465, 			temp_little_cool_fastchg_current_ma = 2200, 			normal_bat_decidegc = 160, 			warm_bat_decidegc = 450, 			temp_warm_vfloat_mv = 4130, 			temp_warm_fastchg_current_ma = 22
03-25 03:44:07.757   176   176 F         : [OPLUS_CHG][oplus_chg_parse_charger_dt]chip->usbtemp_temp_up_time_thr=30, chip->usbtemp_max_temp_thr=57, chip->usbtemp_batttemp_gap[12] chip->usbtemp_cool_down_temp_gap[12] chip->usbtemp_cool_down_temp_first_gap[12] chip->usbtemp_cool_down_temp_second_gap[17]
03-25 03:44:07.757   176   176 F         : [OPLUS_CHG][oplus_chg_parse_charger_dt]qcom,ship-mode-config=0
03-25 03:44:07.757   176   176 F         : [OPLUS_CHG][oplus_chg_parse_charger_dt]dual_charger_support=0, slave_pct=50, slave_chg_enable_ma=2100, slave_chg_disable_ma=1700
03-25 03:44:07.757   176   176 F         : [OPLUS_CHG][oplus_chg_parse_charger_dt]dual_panel_support = 0
03-25 03:44:07.757   176   176 F         : [OPLUS_CHG][oplus_chg_parse_charger_dt]support_low_soc_unlimit=0, unlimit_soc=0
03-25 03:44:07.757   176   176 F         : [OPLUS_CHG][oplus_chg_parse_charger_dt]Count usbtemp_curr_table failed, rc = -22
03-25 03:44:07.757   176   176 E         : [OPLUS_CHG][oplus_chg_parse_charger_dt]get full-pre-ffc-mv property error, rc=-22
03-25 03:44:07.757   176   176 E [OPLUS_CHG][oplus_chg_parse_charger_dt]full-pre-ffc-mv=4455, full_pre_ffc_judge: 0
03-25 03:44:07.757   176   176 F         : [OPLUS_CHG][oplus_chg_parse_charger_dt]qcom,support_tbatt_shell = 0
03-25 03:44:07.757   176   176 F         : [OPLUS_CHG][oplus_chg_parse_charger_dt]qcom,support_3p6_standard = 0
03-25 03:44:07.757   176   176 F         : [OPLUS_CHG][oplus_chg_parse_charger_dt]qcom,suport_pd_9v2a = 0
03-25 03:44:07.757   176   176 E         : [OPLUS_CHG][oplus_chg_smooth_switch_v2_parse_dt]read from dts 0 0 0
03-25 03:44:07.757   176   176 E         : [OPLUS_CHG][oplus_chg_smooth_switch_v2_parse_dt]smooth_switch_v2 0 reserve_chg_soc 0 reserve_dis_soc 0
03-25 03:44:07.757   176   176 F         : [OPLUS_CHG][oplus_chg_parse_charger_dt]qcom,support_usbtemp_protect_v2 = 1
03-25 03:44:07.757   176   176 E         : [OPLUS_CHG][oplus_chg_parse_charger_dt]pdqc_9v_voltage_adaptive false
03-25 03:44:07.757   176   176 E         : [OPLUS_CHG][oplus_chg_parse_charger_dt]support_check_usbin_status false
03-25 03:44:07.757   176   176 E         : [OPLUS_CHG][sgm41512_hardware_init]init sgm41512 hardware!
03-25 03:44:07.757     1     1 D         : probe of 64200000.spi:pmic@0:fgu@c00 returned 1 after 82642 usecs
03-25 03:44:07.758     1     1 D         : initcall __typeid__ZTSFbvE_global_addr+0x8/0x54 [sc27xx_fuel_gauge] returned 0 after 81190 usecs
03-25 03:44:07.758     1     1 I init    : Loaded kernel module /lib/modules/sc27xx_fuel_gauge.ko
03-25 03:44:07.758     1     1 I init    : Loading module /lib/modules/misc_sprd_uid.ko with args ''
03-25 03:44:07.760     1     1 D         : calling  __cfi_check+0xd4/0xe8 [misc_sprd_uid] @ 1
03-25 03:44:07.760     1     1 D         : probe of sprd_uid returned 1 after 99 usecs
03-25 03:44:07.760     1     1 D         : initcall __cfi_check+0xd4/0xe8 [misc_sprd_uid] returned 0 after 501 usecs
03-25 03:44:07.760   176   176 E         : [OPLUS_CHG][sgm41512_disable_charging]sgm41512_disable_charging
03-25 03:44:07.760     1     1 I init    : Loaded kernel module /lib/modules/misc_sprd_uid.ko
03-25 03:44:07.761     1     1 I init    : Loading module /lib/modules/focaltech_ft8756_spi_ts.ko with args ''
03-25 03:44:07.761   176   176 E         : [OPLUS_CHG][sgm41512_float_voltage_write]vfloat_mv = 4500
03-25 03:44:07.762   176   176 E         : [OPLUS_CHG][sgm41512_set_termchg_current]term_current = 100
03-25 03:44:07.762   176   176 E         : [OPLUS_CHG][sgm41512_input_current_limit_without_aicl]tmp current [500]ma
03-25 03:44:07.763   176   176 E         : [OPLUS_CHG][sgm41512_unsuspend_charger]ignore set icl [0 500]
03-25 03:44:07.764   176   176 E         : [OPLUS_CHG][sgm41512_enable_charging]sgm41512_enable_charging
03-25 03:44:07.764   176   176 E         : [OPLUS_CHG][charger_manager_probe]oplus_chg_init!
03-25 03:44:07.764   176   176 I         : [OPLUS_CHG][oplus_chg_variables_init]use get_oplus_high_battery_status
03-25 03:44:07.767     1     1 D         : calling  __typeid__ZTSFivE_global_addr+0x0/0xd0 [focaltech_ft8756_spi_ts] @ 1
03-25 03:44:07.767     1     1 E [FTS_TS/E]fts_ts_init: fts_ts_init: match lcd_hx83108a_boe_mipi_hd fail,return
03-25 03:44:07.767     1     1 D         : initcall __typeid__ZTSFivE_global_addr+0x0/0xd0 [focaltech_ft8756_spi_ts] returned 0 after 29 usecs
03-25 03:44:07.768     1     1 I init    : Loaded kernel module /lib/modules/focaltech_ft8756_spi_ts.ko
03-25 03:44:07.768     1     1 I init    : Loading module /lib/modules/nvt_nt36xxx_spi_ts.ko with args ''
03-25 03:44:07.769   172   172 I sc27xx-fgu 64200000.spi: pmic@0:fgu@c00: bat_current_ma = 219, vol_adc_mv = 379, vol_ntc_uv = 378520
03-25 03:44:07.769   172   172 I sc27xx-fgu 64200000.spi: pmic@0:fgu@c00: sc27xx_fgu_get_temp: temp = 203
03-25 03:44:07.770   172   172 E power_supply sc27xx-fgu: driver failed to report `calibrate' property: -22
03-25 03:44:07.771     1     1 D         : calling  Boot_Update_Firmware+0x48/0xbc [nvt_nt36xxx_spi_ts] @ 1
03-25 03:44:07.771     1     1 E         : [NVT-ts] nvt_driver_init 2412: nvt_driver_init: match lcd_hx83108a_boe_mipi_hd fail,return
03-25 03:44:07.771     1     1 D         : initcall Boot_Update_Firmware+0x48/0xbc [nvt_nt36xxx_spi_ts] returned 0 after 31 usecs
03-25 03:44:07.771     1     1 I init    : Loaded kernel module /lib/modules/nvt_nt36xxx_spi_ts.ko
03-25 03:44:07.771     1     1 I init    : Loading module /lib/modules/musb_hdrc.ko with args ''
03-25 03:44:07.778     1     1 D         : calling  __typeid__ZTSFi19musb_vbus_id_statusE_global_addr+0x10/0x38 [musb_hdrc] @ 1
03-25 03:44:07.778     1     1 D         : initcall __typeid__ZTSFi19musb_vbus_id_statusE_global_addr+0x10/0x38 [musb_hdrc] returned 0 after 198 usecs
03-25 03:44:07.778     1     1 I init    : Loaded kernel module /lib/modules/musb_hdrc.ko
03-25 03:44:07.778     1     1 I init    : Loading module /lib/modules/musb_sprd.ko with args ''
03-25 03:44:07.781     1     1 D         : calling  __cfi_check+0x340/0x394 [musb_sprd] @ 1
03-25 03:44:07.781     1     1 I musb-sprd 64900000.usb: dwc3 probe finish or donnot need loading, musb start probe
03-25 03:44:07.781     1     1 W musb-sprd 64900000.usb: failed to get pmu regmap!
03-25 03:44:07.781     1     1 W musb-sprd 64900000.usb: failed to get usb31pllv_frc_on regmap!
03-25 03:44:07.782     1     1 I         : (NULL device *): sprd_musb_enable:SOFTDISCONN
03-25 03:44:07.785   176   176 I         : [battery_type_check] g_switch_ntc = 0,ret = 1,ret_value[179]
03-25 03:44:07.785   176   176 E [battery_type_check]: adc_value[179], battery_type[12], g_fg_battery_id[1]
03-25 03:44:07.805     1     1 I musb-hdrc.1.auto: MUSB HDRC host driver
03-25 03:44:07.805     1     1 I musb-hdrc.1.auto: new USB bus registered, assigned bus number 1
03-25 03:44:07.805     1     1 I usb1    : New USB device found, idVendor=1d6b, idProduct=0002, bcdDevice= 5.04
03-25 03:44:07.805     1     1 I usb1    : New USB device strings: Mfr=3, Product=2, SerialNumber=1
03-25 03:44:07.805     1     1 I usb1    : Product: MUSB HDRC host driver
03-25 03:44:07.805     1     1 I usb1    : Manufacturer: Linux 5.4.254-android12-9-gf6794bd59091-ab267 musb-hcd
03-25 03:44:07.805     1     1 I usb1    : SerialNumber: musb-hdrc.1.auto
03-25 03:44:07.805     1     1 I hub 1-0 : 1.0: USB hub found
03-25 03:44:07.805     1     1 I hub 1-0 : 1.0: 1 port detected
03-25 03:44:07.805     1     1 D         : probe of 1-0:1.0 returned 1 after 105 usecs
03-25 03:44:07.805     1     1 D         : probe of usb1 returned 1 after 180 usecs
03-25 03:44:07.805   176   176 I         : [battery_type_check] g_switch_ntc = 0,ret = 1,ret_value[178]
03-25 03:44:07.805   176   176 E [battery_type_check]: adc_value[178], battery_type[12], g_fg_battery_id[1]
03-25 03:44:07.805   176   176 I         : [OPLUS_CHG][oplus_get_smooth_soc_switch]smooth_switch = 0
03-25 03:44:07.806   176   176 I         : unisoc_get_average_current, eddyhua, bat_curr_ma = -208
03-25 03:44:07.806   176   176 I         : unisoc_get_battery_soc,  first_get_ui_soc=1
03-25 03:44:07.806   176   176 I         : unisoc_get_battery_soc, eddyhua, fuel_cap = 100
03-25 03:44:07.806   176   176 I         : unisoc_get_battery_soc, eddyhua, fuel_cap = 100
03-25 03:44:07.806   176   176 I         : unisoc_get_batt_remaining_capacity_uah, eddyhua, remain cap = 477500000
03-25 03:44:07.806   176   176 E         : [OPLUS_CHG][get_rtc_spare_oplus_fg_value] get ui_soc = 100
03-25 03:44:07.806   176   176 E         : [OPLUS_CHG][get_rtc_spare_oplus_fg_value] get ui_soc = 100
03-25 03:44:07.806   176   176 E         : [OPLUS_CHG][get_rtc_spare_oplus_fg_value] get ui_soc = 100
03-25 03:44:07.806   176   176 E         : [OPLUS_CHG][oplus_chg_get_battery_data][soc ui_soc soc_load smooth_soc smooth_switch] = [100 100 100 100 0]
03-25 03:44:07.806   176   176 E [OPLUS_CHG][oplus_chg_init]: num =3523
03-25 03:44:07.807   176   176 E [OPLUS_CHG][oplus_get_pps_ops_name_from_dt]pps_ops_name: mcu-op10
03-25 03:44:07.807   176   176 E         : charger-manager charger-manager: battery psy not found
03-25 03:44:07.807   176   176 E         : [OPLUS_CHG][oplus_pps_ops_desc_get]pps_ops_list_head list_empty
03-25 03:44:07.807   176   176 E         : [OPLUS_CHG][oplus_quirks_init]start
03-25 03:44:07.807   176   176 E         : [OPLUS_CHG][oplus_quirks_init]0
03-25 03:44:07.807   176   176 E         : [OPLUS_CHG][oplus_quirks_init]1
03-25 03:44:07.807   176   176 E         : [OPLUS_CHG][oplus_quirks_init]2
03-25 03:44:07.807   176   176 E         : [OPLUS_CHG][oplus_quirks_init]3
03-25 03:44:07.807   176   176 E         : [OPLUS_CHG][oplus_quirks_init]4
03-25 03:44:07.807   176   176 E         : [OPLUS_CHG][oplus_quirks_init]5
03-25 03:44:07.807   176   176 E         : [OPLUS_CHG][oplus_quirks_init]6
03-25 03:44:07.807   176   176 E         : [OPLUS_CHG][oplus_quirks_init]7
03-25 03:44:07.807   176   176 E         : [OPLUS_CHG][oplus_quirks_init]8
03-25 03:44:07.807   176   176 E         : [OPLUS_CHG][oplus_quirks_init]9
03-25 03:44:07.807   176   176 E         : [OPLUS_CHG][oplus_quirks_init]10
03-25 03:44:07.807   176   176 E         : [OPLUS_CHG][oplus_quirks_init]11
03-25 03:44:07.807   176   176 E         : [OPLUS_CHG][oplus_chg_debug_info_reset]enter
03-25 03:44:07.807     1     1 D         : probe of musb-hdrc.1.auto returned 1 after 25576 usecs
03-25 03:44:07.807   176   176 E         : [OPLUS_CHG][oplus_chg_debug_info_parse_dt]voocphy_support =2, vooc_max_input_volt = 10000, vooc_max_input_current = 3000
03-25 03:44:07.808     1     1 I musb-sprd 64900000.usb: [musb_sprd_usb_notify_init] --
03-25 03:44:07.808     1     1 D         : probe of 64900000.usb returned 1 after 26607 usecs
03-25 03:44:07.808     1     1 D         : initcall __cfi_check+0x340/0x394 [musb_sprd] returned 0 after 26395 usecs
03-25 03:44:07.808   292   292 E musb-sprd 64900000.usb: musb_sprd_is_connect_host type = 0 done = 0
03-25 03:44:07.808     1     1 I init    : Loaded kernel module /lib/modules/musb_sprd.ko
03-25 03:44:07.808   176   176 I sc27xx-fgu 64200000.spi: pmic@0:fgu@c00: bat_current_ma = 219, vol_adc_mv = 380, vol_ntc_uv = 379520
03-25 03:44:07.808   176   176 I sc27xx-fgu 64200000.spi: pmic@0:fgu@c00: sc27xx_fgu_get_temp: temp = 202
03-25 03:44:07.808   176   176 F         : [OPLUS_CHG][oplus_chg_init] end
03-25 03:44:07.809     1     1 I init    : Loading module /lib/modules/agdsp_access.ko with args ''
03-25 03:44:07.809   176   176 E         : [OPLUS_CHG][charger_manager_probe]Couldn't get chargeric_temp_chan...
03-25 03:44:07.809   176   176 E         : [OPLUS_CHG][charger_manager_probe]Couldn't get charger_id_chan...
03-25 03:44:07.809   297   297 E [OPLUS_CHG][oplus_tbatt_power_off_kthread] tbatt_pwroff_th: 770 tbatt_emergency pwroff_th[850]
03-25 03:44:07.809   176   176 E [OPLUS_CHG][charger_manager_probe]: 2419
03-25 03:44:07.809   298   298 E [oplus_usbtemp_monitor_common_new_method]: run first chip->usbtemp_max_temp_thr[57], chip->usbtemp_temp_up_time_thr[30]!
03-25 03:44:07.809   176   176 E [OPLUS_CHG][oplus_chg_usb_init_mod]: 953
03-25 03:44:07.809   176   176 D         : probe of charger-manager returned 1 after 53020 usecs
03-25 03:44:07.812     1     1 D         : calling  __cfi_check+0x144/0x158 [agdsp_access] @ 1
03-25 03:44:07.813     1     1 I         : [sprd-aud-agdsp] agdsp_access_probe auto agcp access = 0
03-25 03:44:07.813     1     1 I [sprd-aud-agdsp] audcp_pmu_sleep_ctrl: reg:850,mask:8
03-25 03:44:07.813     1     1 I [sprd-aud-agdsp] audcp_pmu_slp_status: reg:860,mask:f000
03-25 03:44:07.813     1     1 I [sprd-aud-agdsp] audcp_pmu_pwr_status4: reg:544,mask:1f00
03-25 03:44:07.813     1     1 I [sprd-aud-agdsp] audcp_pmu_pwr_status3: reg:544,mask:1f0000
03-25 03:44:07.813     1     1 I [sprd-aud-agdsp] ap_access_ena: reg:14c,mask:20
03-25 03:44:07.813   172   172 I         : unisoc_get_average_current, eddyhua, bat_curr_ma = -208
03-25 03:44:07.813   299   299 I         : [sprd-aud-agdsp] Failed to open channel 0,dst=0,rval=-19
03-25 03:44:07.813     1     1 D         : probe of soc:agcp:agdsp-access returned 1 after 405 usecs
03-25 03:44:07.813     1     1 D         : initcall __cfi_check+0x144/0x158 [agdsp_access] returned 0 after 720 usecs
03-25 03:44:07.813   176   176 E sc27xx-typec 64200000.spi: pmic@0:typec@380: cc1-vol=408, cc2-vol=52
03-25 03:44:07.813   176   176 E [OPLUS_CHG][oplus_vbus_short_cc_detect]: cc_allow_fastchg [1]
03-25 03:44:07.813     1     1 I init    : Loaded kernel module /lib/modules/agdsp_access.ko
03-25 03:44:07.813   176   176 E         : [OPLUS_CHG][oplus_set_charging_status]set charging = 1 ret = 0
03-25 03:44:07.813   176   176 F         : [OPLUS_CHG][oplus_charger_detect_check]Charger in 1 charger_type=0, unknow_type_check[0]
03-25 03:44:07.813   176   176 F         : [OPLUS_CHG][oplus_charger_detect_check]oplus_wpc_get_wireless_charge_start == false
03-25 03:44:07.813   176   176 E         : [OPLUS_CHG][oplus_chg_turn_on_charging]-----------
03-25 03:44:07.813   176   176 E         : [OPLUS_CHG][sgm41512_hardware_init]init sgm41512 hardware!
03-25 03:44:07.813     1     1 I init    : Loading module /lib/modules/audio_mem.ko with args ''
03-25 03:44:07.815   176   176 E         : [OPLUS_CHG][sgm41512_disable_charging]sgm41512_disable_charging
03-25 03:44:07.815   176   176 E         : [OPLUS_CHG][sgm41512_float_voltage_write]vfloat_mv = 4500
03-25 03:44:07.816     1     1 D         : calling  __cfi_check+0x1c8/0x1dc [audio_mem] @ 1
03-25 03:44:07.816     1     1 I         : [Audio:MEM] dsp_bin (addr, size): (0x89000000, 0x600000)
03-25 03:44:07.816     1     1 I         : [Audio:MEM] audio_mem_sharkl5_parse_dt ddr32 (COMMD_PARAMS), (SMS), (AUD_STRUCT), (DSP_VBC), (SHM_NXP), (SHM_IVS_SMARTPA) (SHM_REG_DUMP)
03-25 03:44:07.816     1     1 I         : [Audio:MEM] ddr32 (addr, size) (0x94380000, 0x400), (0x94380400, 0xa10), (0x94380e10, 0x400), (0x94381210, 0x1400), (0x94382610, 0x400), (0x94382a10, 0x1000), (0x94383a10, 0x400)
03-25 03:44:07.816     1     1 I         : [Audio:MEM] audio_mem_sharkl5_parse_dt iram_ap_base=0x56800000
03-25 03:44:07.816     1     1 I         : [Audio:MEM] audio_mem_sharkl5_parse_dt iram_dsp_base=0x56800000
03-25 03:44:07.816     1     1 I         : [Audio:MEM] audio_mem_sharkl5_parse_dt audio iram(OFFLOAD), (NORMAL_CAP NODE1), (NORMAL_CAP NODE2), (NORMAL_CAP DATA)
03-25 03:44:07.816     1     1 I         : [Audio:MEM] iram(addr size), (0x56800000,0x5c00), (0x56805e00,0x200), (0x56807e00,0x200), (0x56806000,0x1e00)
03-25 03:44:07.816     1     1 I         : [Audio:MEM] iram audcp aon (addr size), (0x65009400, 0x1000)
03-25 03:44:07.816     1     1 I         : [Audio:MEM] audio_mem_sharkl5_probe addr= 0x94380e10, size=0x400
03-25 03:44:07.816     1     1 I         : [Audio:MEM] audio_mem_sharkl5_probe addr= 0x94381210, size=0x1400
03-25 03:44:07.816     1     1 I         : [Audio:MEM] audio_mem_sharkl5_probe addr= 0x94382610, size=0x400
03-25 03:44:07.816     1     1 I         : [Audio:MEM] audio_mem_sharkl5_probe addr= 0x94383a10, size=0x400
03-25 03:44:07.817     1     1 I         : [Audio:MEM] audio_mem_sharkl5_probe addr= 0x94382a10, size=0x1000
03-25 03:44:07.817     1     1 I         : [Audio:MEM] audio_mem_sharkl5_probe addr= 0x94100000, size=0x200000
03-25 03:44:07.817     1     1 I         : [Audio:MEM] audio_mem_sharkl5_probe addr= 0x94380000, size=0x400
03-25 03:44:07.817     1     1 I         : [Audio:MEM] audio_mem_sharkl5_probe addr= 0x94380400, size=0xa10
03-25 03:44:07.817     1     1 I         : [Audio:MEM] audio_mem_sharkl5_probe addr= 0x56800000, size=0x5c00
03-25 03:44:07.817     1     1 I         : [Audio:MEM] audio_mem_sharkl5_probe addr= 0x94300000, size=0x80000
03-25 03:44:07.817     1     1 I         : [Audio:MEM] audio_mem_sharkl5_probe addr= 0x0, size=0x0
03-25 03:44:07.817     1     1 I         : [Audio:MEM] audio_mem_sharkl5_probe addr= 0x0, size=0x0
03-25 03:44:07.817     1     1 I         : [Audio:MEM] audio_mem_sharkl5_probe addr= 0x0, size=0x0
03-25 03:44:07.817     1     1 I         : [Audio:MEM] audio_mem_sharkl5_probe addr= 0x0, size=0x0
03-25 03:44:07.817     1     1 I         : [Audio:MEM] audio_mem_sharkl5_probe addr= 0x0, size=0x0
03-25 03:44:07.817     1     1 I         : [Audio:MEM] audio_mem_sharkl5_probe addr= 0x0, size=0x0
03-25 03:44:07.817     1     1 I         : [Audio:MEM] audio_mem_sharkl5_probe addr= 0x0, size=0x0
03-25 03:44:07.817     1     1 I         : [Audio:MEM] audio_mem_sharkl5_probe addr= 0x56805e00, size=0x200
03-25 03:44:07.817     1     1 I         : [Audio:MEM] audio_mem_sharkl5_probe addr= 0x56807e00, size=0x200
03-25 03:44:07.817     1     1 I         : [Audio:MEM] audio_mem_sharkl5_probe addr= 0x56806000, size=0x1e00
03-25 03:44:07.817     1     1 I         : [Audio:MEM] audio_mem_sharkl5_probe addr= 0x89000000, size=0x600000
03-25 03:44:07.817     1     1 I         : [Audio:MEM] audio_mem_sharkl5_probe addr= 0x65009400, size=0x1000
03-25 03:44:07.817     1     1 D         : probe of audio-mem-mgr returned 1 after 153 usecs
03-25 03:44:07.817   176   176 E         : [OPLUS_CHG][sgm41512_set_termchg_current]term_current = 100
03-25 03:44:07.817     1     1 D         : initcall __cfi_check+0x1c8/0x1dc [audio_mem] returned 0 after 661 usecs
03-25 03:44:07.817     1     1 I init    : Loaded kernel module /lib/modules/audio_mem.ko
03-25 03:44:07.817   176   176 E         : [OPLUS_CHG][sgm41512_input_current_limit_without_aicl]tmp current [500]ma
03-25 03:44:07.817     1     1 I init    : Loading module /lib/modules/audio_sipc.ko with args ''
03-25 03:44:07.818   176   176 E         : [OPLUS_CHG][sgm41512_unsuspend_charger]ignore set icl [0 500]
03-25 03:44:07.819   176   176 E         : [OPLUS_CHG][sgm41512_enable_charging]sgm41512_enable_charging
03-25 03:44:07.820   176   176 E         : [OPLUS_CHG][sgm41512_enable_charging]sgm41512_enable_charging
03-25 03:44:07.820     1     1 D         : calling  aud_smsg_syscore_suspend+0x8c/0x94 [audio_sipc] @ 1
03-25 03:44:07.821   176   176 E         : [OPLUS_CHG][sgm41512_float_voltage_write]vfloat_mv = 4465
03-25 03:44:07.821     1     1 I         : [Audio:SIPC] audio_sipc_probe in
03-25 03:44:07.821     1     1 I         : [Audio:SIPC] aud_ipc_init
03-25 03:44:07.821     1     1 I         : [Audio:MEM] audio_mem_alloc mem_type=7 addr = 0x94380400, size=0xa10
03-25 03:44:07.821     1     1 I [Audio:SIPC] audio_sipc_create: ioremap txbuf: vbase=0xffffffc013c07400, pbase=0x94380400, size=0x500
03-25 03:44:07.821     1     1 E         : [Audio:SIPC] audio_sipc_create successfully
03-25 03:44:07.821     1     1 I         : [Audio:MEM] audio_mem_alloc mem_type=6 addr = 0x94380000, size=0x400
03-25 03:44:07.821     1     1 I         : [Audio:MEM] audio_mem_alloc mem_type=0 addr = 0x94380e10, size=0x400
03-25 03:44:07.821     1     1 I         : [Audio:MEM] audio_mem_alloc mem_type=1 addr = 0x94381210, size=0x1400
03-25 03:44:07.821     1     1 I         : [Audio:MEM] audio_mem_alloc mem_type=2 addr = 0x94382610, size=0x400
03-25 03:44:07.821     1     1 I         : [Audio:MEM] audio_mem_alloc mem_type=3 addr = 0x94383a10, size=0x400
03-25 03:44:07.821     1     1 I         : [Audio:MEM] audio_mem_alloc mem_type=4 addr = 0x94382a10, size=0x1000
03-25 03:44:07.821     1     1 I unisoc-mailbox 641c0000.mailbox: startup chan-5
03-25 03:44:07.821     1     1 I         : [Audio:SIPC] mailbox request success
03-25 03:44:07.821   176   176 F         : [OPLUS_CHG][oplus_chg_set_charging_current][BATTERY]LED ON, charging current: 2200
03-25 03:44:07.821   176   176 E         : [OPLUS_CHG][sgm41512_charging_current_write_fast]set charge current = 2200
03-25 03:44:07.821     1     1 D         : probe of audio-sipc returned 1 after 129 usecs
03-25 03:44:07.821     1     1 D         : initcall aud_smsg_syscore_suspend+0x8c/0x94 [audio_sipc] returned 0 after 499 usecs
03-25 03:44:07.821   176   176 E         : [OPLUS_CHG][sgm41512_set_termchg_current]term_current = 255
03-25 03:44:07.821     1     1 I init    : Loaded kernel module /lib/modules/audio_sipc.ko
