03-29 11:41:11.665     1     1 D         : calling  __typeid__ZTSFivE_global_addr+0xe74/0xee0 @ 1
03-29 11:41:11.665     1     1 D         : initcall __typeid__ZTSFivE_global_addr+0xe74/0xee0 returned 0 after 244 usecs
03-29 11:41:11.665     1     1 D         : calling  __typeid__ZTSFivE_global_addr+0xe78/0xee0 @ 1
03-29 11:41:11.665     1     1 I ip6_gre : GRE over IPv6 tunneling driver
03-29 11:41:11.665     1     1 D         : initcall __typeid__ZTSFivE_global_addr+0xe78/0xee0 returned 0 after 235 usecs
03-29 11:41:11.665     1     1 D         : calling  __typeid__ZTSFivE_global_addr+0xe80/0xee0 @ 1
03-29 11:41:11.665     1     1 I NET     : Registered protocol family 17
03-29 11:41:11.665     1     1 D         : initcall __typeid__ZTSFivE_global_addr+0xe80/0xee0 returned 0 after 7 usecs
03-29 11:41:11.665     1     1 D         : calling  __typeid__ZTSFivE_global_addr+0xe84/0xee0 @ 1
03-29 11:41:11.665     1     1 I NET     : Registered protocol family 15
03-29 11:41:11.665     1     1 D         : initcall __typeid__ZTSFivE_global_addr+0xe84/0xee0 returned 0 after 5 usecs
03-29 11:41:11.665     1     1 D         : calling  __typeid__ZTSFivE_global_addr+0xe88/0xee0 @ 1
03-29 11:41:11.665     1     1 D         : initcall __typeid__ZTSFivE_global_addr+0xe88/0xee0 returned 0 after 13 usecs
03-29 11:41:11.665     1     1 D         : calling  __typeid__ZTSFivE_global_addr+0xe8c/0xee0 @ 1
03-29 11:41:11.665     1     1 I can     : controller area network core (rev 20170425 abi 9)
03-29 11:41:11.665     1     1 I NET     : Registered protocol family 29
03-29 11:41:11.665     1     1 D         : initcall __typeid__ZTSFivE_global_addr+0xe8c/0xee0 returned 0 after 24 usecs
03-29 11:41:11.665     1     1 D         : calling  __typeid__ZTSFivE_global_addr+0xe90/0xee0 @ 1
03-29 11:41:11.665     1     1 I can     : raw protocol (rev 20170425)
03-29 11:41:11.665     1     1 D         : initcall __typeid__ZTSFivE_global_addr+0xe90/0xee0 returned 0 after 4 usecs
03-29 11:41:11.665     1     1 D         : calling  __typeid__ZTSFivE_global_addr+0xe94/0xee0 @ 1
03-29 11:41:11.665     1     1 I can     : broadcast manager protocol (rev 20170425 t)
03-29 11:41:11.665     1     1 D         : initcall __typeid__ZTSFivE_global_addr+0xe94/0xee0 returned 0 after 4 usecs
03-29 11:41:11.665     1     1 D         : calling  __typeid__ZTSFivE_global_addr+0xe98/0xee0 @ 1
03-29 11:41:11.665     1     1 I can     : netlink gateway (rev 20190810) max_hops=1
03-29 11:41:11.665     1     1 D         : initcall __typeid__ZTSFivE_global_addr+0xe98/0xee0 returned 0 after 71 usecs
03-29 11:41:11.665     1     1 D         : calling  __typeid__ZTSFivE_global_addr+0xea0/0xee0 @ 1
03-29 11:41:11.665     1     1 I Bluetooth: RFCOMM TTY layer initialized
03-29 11:41:11.665     1     1 I Bluetooth: RFCOMM socket layer initialized
03-29 11:41:11.665     1     1 I Bluetooth: RFCOMM ver 1.11
03-29 11:41:11.665     1     1 D         : initcall __typeid__ZTSFivE_global_addr+0xea0/0xee0 returned 0 after 137 usecs
03-29 11:41:11.665     1     1 D         : calling  __typeid__ZTSFivE_global_addr+0xea4/0xee0 @ 1
03-29 11:41:11.665     1     1 I Bluetooth: HIDP (Human Interface Emulation) ver 1.2
03-29 11:41:11.665     1     1 I Bluetooth: HIDP socket layer initialized
03-29 11:41:11.665     1     1 D         : initcall __typeid__ZTSFivE_global_addr+0xea4/0xee0 returned 0 after 13 usecs
03-29 11:41:11.665     1     1 D         : calling  __typeid__ZTSFivE_global_addr+0xea8/0xee0 @ 1
03-29 11:41:11.665     1     1 I l2tp_core: L2TP core driver, V2.0
03-29 11:41:11.665     1     1 D         : initcall __typeid__ZTSFivE_global_addr+0xea8/0xee0 returned 0 after 11 usecs
03-29 11:41:11.665     1     1 D         : calling  __typeid__ZTSFivE_global_addr+0xeac/0xee0 @ 1
03-29 11:41:11.665     1     1 I l2tp_ppp: PPPoL2TP kernel driver, V2.0
03-29 11:41:11.665     1     1 D         : initcall __typeid__ZTSFivE_global_addr+0xeac/0xee0 returned 0 after 5 usecs
03-29 11:41:11.665     1     1 D         : calling  __typeid__ZTSFivE_global_addr+0xec0/0xee0 @ 1
03-29 11:41:11.665     1     1 I tipc    : Activated (version 2.0.0)
03-29 11:41:11.666     1     1 I NET     : Registered protocol family 30
03-29 11:41:11.666     1     1 I tipc    : Started in single node mode
03-29 11:41:11.666     1     1 D         : initcall __typeid__ZTSFivE_global_addr+0xec0/0xee0 returned 0 after 99 usecs
03-29 11:41:11.666     1     1 D         : calling  __typeid__ZTSFivE_global_addr+0xec4/0xee0 @ 1
03-29 11:41:11.666     1     1 D         : initcall __typeid__ZTSFivE_global_addr+0xec4/0xee0 returned 0 after 1 usecs
03-29 11:41:11.666     1     1 D         : calling  __typeid__ZTSFivE_global_addr+0xecc/0xee0 @ 1
03-29 11:41:11.666     1     1 I NET     : Registered protocol family 40
03-29 11:41:11.666     1     1 D         : initcall __typeid__ZTSFivE_global_addr+0xecc/0xee0 returned 0 after 112 usecs
03-29 11:41:11.666     1     1 D         : calling  __typeid__ZTSFivE_global_addr+0xed0/0xee0 @ 1
03-29 11:41:11.666     1     1 D         : initcall __typeid__ZTSFivE_global_addr+0xed0/0xee0 returned 0 after 1 usecs
03-29 11:41:11.666     1     1 D         : calling  __typeid__ZTSFivE_global_addr+0x5c/0xee0 @ 1
03-29 11:41:11.666     1     1 D         : initcall __typeid__ZTSFivE_global_addr+0x5c/0xee0 returned 0 after 3 usecs
03-29 11:41:11.666     1     1 D         : calling  __typeid__ZTSFivE_global_addr+0xa0/0xee0 @ 1
03-29 11:41:11.666     1     1 D         : initcall __typeid__ZTSFivE_global_addr+0xa0/0xee0 returned 0 after 0 usecs
03-29 11:41:11.666     1     1 D         : calling  __typeid__ZTSFivE_global_addr+0xd0/0xee0 @ 1
03-29 11:41:11.666     1     1 D         : initcall __typeid__ZTSFivE_global_addr+0xd0/0xee0 returned 0 after 7 usecs
03-29 11:41:11.666     1     1 D         : calling  __typeid__ZTSFivE_global_addr+0xcc/0xee0 @ 1
03-29 11:41:11.666     1     1 D         : initcall __typeid__ZTSFivE_global_addr+0xcc/0xee0 returned 0 after 4 usecs
03-29 11:41:11.666     1     1 D         : calling  __typeid__ZTSFivE_global_addr+0xc8/0xee0 @ 1
03-29 11:41:11.666     1     1 D         : initcall __typeid__ZTSFivE_global_addr+0xc8/0xee0 returned 0 after 4 usecs
03-29 11:41:11.666     1     1 D         : calling  __typeid__ZTSFivE_global_addr+0xe8/0xee0 @ 1
03-29 11:41:11.666     1     1 D         : initcall __typeid__ZTSFivE_global_addr+0xe8/0xee0 returned 0 after 4 usecs
03-29 11:41:11.666     1     1 D         : calling  __typeid__ZTSFivE_global_addr+0xe4/0xee0 @ 1
03-29 11:41:11.666     1     1 D         : initcall __typeid__ZTSFivE_global_addr+0xe4/0xee0 returned 0 after 2 usecs
03-29 11:41:11.666     1     1 D         : calling  __typeid__ZTSFivE_global_addr+0x120/0xee0 @ 1
03-29 11:41:11.666     1     1 D         : initcall __typeid__ZTSFivE_global_addr+0x120/0xee0 returned 0 after 13 usecs
03-29 11:41:11.666     1     1 D         : calling  __typeid__ZTSFivE_global_addr+0x138/0xee0 @ 1
03-29 11:41:11.669     1     1 I sprd-rotask: rotation_task_init OK
03-29 11:41:11.669     1     1 D         : initcall __typeid__ZTSFivE_global_addr+0x138/0xee0 returned 0 after 2782 usecs
03-29 11:41:11.669     1     1 D         : calling  __typeid__ZTSFivE_global_addr+0x130/0xee0 @ 1
03-29 11:41:11.669     1     1 D         : initcall __typeid__ZTSFivE_global_addr+0x130/0xee0 returned 0 after 1 usecs
03-29 11:41:11.669     1     1 D         : calling  __typeid__ZTSFivE_global_addr+0x13c/0xee0 @ 1
03-29 11:41:11.669     1     1 D         : initcall __typeid__ZTSFivE_global_addr+0x13c/0xee0 returned 0 after 64 usecs
03-29 11:41:11.669     1     1 D         : calling  __typeid__ZTSFivE_global_addr+0x144/0xee0 @ 1
03-29 11:41:11.669     1     1 D         : initcall __typeid__ZTSFivE_global_addr+0x144/0xee0 returned 0 after 6 usecs
03-29 11:41:11.669     1     1 D         : calling  __typeid__ZTSFivE_global_addr+0x14c/0xee0 @ 1
03-29 11:41:11.669     1     1 D         : initcall __typeid__ZTSFivE_global_addr+0x14c/0xee0 returned 0 after 19 usecs
03-29 11:41:11.669     1     1 D         : calling  __typeid__ZTSFivE_global_addr+0x15c/0xee0 @ 1
03-29 11:41:11.669     1     1 D         : initcall __typeid__ZTSFivE_global_addr+0x15c/0xee0 returned 0 after 3 usecs
03-29 11:41:11.669     1     1 D         : calling  __typeid__ZTSFivE_global_addr+0x178/0xee0 @ 1
03-29 11:41:11.669     1     1 D         : initcall __typeid__ZTSFivE_global_addr+0x178/0xee0 returned 0 after 2 usecs
03-29 11:41:11.669     1     1 D         : calling  __typeid__ZTSFivE_global_addr+0x198/0xee0 @ 1
03-29 11:41:11.669     1     1 D         : initcall __typeid__ZTSFivE_global_addr+0x198/0xee0 returned 0 after 14 usecs
03-29 11:41:11.669     1     1 D         : calling  __typeid__ZTSFivE_global_addr+0x1d0/0xee0 @ 1
03-29 11:41:11.669     1     1 D         : initcall __typeid__ZTSFivE_global_addr+0x1d0/0xee0 returned 0 after 5 usecs
03-29 11:41:11.669     1     1 D         : calling  __typeid__ZTSFivE_global_addr+0x214/0xee0 @ 1
03-29 11:41:11.669     1     1 D         : initcall __typeid__ZTSFivE_global_addr+0x214/0xee0 returned 0 after 17 usecs
03-29 11:41:11.669     1     1 D         : calling  __typeid__ZTSFivE_global_addr+0x228/0xee0 @ 1
03-29 11:41:11.669     1     1 I         : registered taskstats version 1
03-29 11:41:11.669     1     1 D         : initcall __typeid__ZTSFivE_global_addr+0x228/0xee0 returned 0 after 14 usecs
03-29 11:41:11.669     1     1 D         : calling  __typeid__ZTSFivE_global_addr+0x29c/0xee0 @ 1
03-29 11:41:11.669     1     1 I         : Loading compiled-in X.509 certificates
03-29 11:41:11.672     1     1 I         : Loaded X.509 cert 'Build time autogenerated kernel key: 2824651acf94b8e8d3c673204c5dda60b2455354'
03-29 11:41:11.672     1     1 D         : initcall __typeid__ZTSFivE_global_addr+0x29c/0xee0 returned 0 after 2420 usecs
03-29 11:41:11.672     1     1 D         : calling  __typeid__ZTSFivE_global_addr+0x2c8/0xee0 @ 1
03-29 11:41:11.672     1     1 D         : initcall __typeid__ZTSFivE_global_addr+0x2c8/0xee0 returned 0 after 9 usecs
03-29 11:41:11.672     1     1 D         : calling  __typeid__ZTSFivE_global_addr+0x2d8/0xee0 @ 1
03-29 11:41:11.672     1     1 D         : initcall __typeid__ZTSFivE_global_addr+0x2d8/0xee0 returned 0 after 4 usecs
03-29 11:41:11.672     1     1 D         : calling  __typeid__ZTSFivE_global_addr+0x2f0/0xee0 @ 1
03-29 11:41:11.672     1     1 D         : initcall __typeid__ZTSFivE_global_addr+0x2f0/0xee0 returned 0 after 0 usecs
03-29 11:41:11.672     1     1 D         : calling  __typeid__ZTSFivE_global_addr+0x304/0xee0 @ 1
03-29 11:41:11.672     1     1 D         : initcall __typeid__ZTSFivE_global_addr+0x304/0xee0 returned 0 after 0 usecs
03-29 11:41:11.672     1     1 D         : calling  __typeid__ZTSFivE_global_addr+0x310/0xee0 @ 1
03-29 11:41:11.672     1     1 D         : initcall __typeid__ZTSFivE_global_addr+0x310/0xee0 returned 0 after 19 usecs
03-29 11:41:11.672     1     1 D         : calling  __typeid__ZTSFivE_global_addr+0x314/0xee0 @ 1
03-29 11:41:11.672     1     1 D         : initcall __typeid__ZTSFivE_global_addr+0x314/0xee0 returned 0 after 2 usecs
03-29 11:41:11.672     1     1 D         : calling  __typeid__ZTSFivE_global_addr+0x328/0xee0 @ 1
03-29 11:41:11.672     1     1 D         : initcall __typeid__ZTSFivE_global_addr+0x328/0xee0 returned 0 after 1 usecs
03-29 11:41:11.672     1     1 D         : calling  __typeid__ZTSFivE_global_addr+0x330/0xee0 @ 1
03-29 11:41:11.672     1     1 D         : initcall __typeid__ZTSFivE_global_addr+0x330/0xee0 returned 1 after 0 usecs
03-29 11:41:11.672     1     1 D         : calling  __typeid__ZTSFivE_global_addr+0x378/0xee0 @ 1
03-29 11:41:11.672     1     1 I         : Key type ._fscrypt registered
03-29 11:41:11.672     1     1 I         : Key type .fscrypt registered
03-29 11:41:11.672     1     1 I         : Key type fscrypt-provisioning registered
03-29 11:41:13.541   317   317 I SELinux : SELinux: Loaded service_contexts from:
03-29 11:41:11.672     1     1 D         : initcall __typeid__ZTSFivE_global_addr+0x378/0xee0 returned 0 after 100 usecs
03-29 11:41:11.672     1     1 D         : calling  __typeid__ZTSFivE_global_addr+0x37c/0xee0 @ 1
03-29 11:41:11.672     1     1 D         : initcall __typeid__ZTSFivE_global_addr+0x37c/0xee0 returned 0 after 89 usecs
03-29 11:41:11.672     1     1 D         : calling  __typeid__ZTSFivE_global_addr+0x4ec/0xee0 @ 1
03-29 11:41:11.672     1     1 I pstore  : Using crash dump compression: deflate
03-29 11:41:11.672     1     1 D         : initcall __typeid__ZTSFivE_global_addr+0x4ec/0xee0 returned 0 after 112 usecs
03-29 11:41:11.672     1     1 D         : calling  __typeid__ZTSFivE_global_addr+0x4f8/0xee0 @ 1
03-29 11:41:11.672     1     1 D         : initcall __typeid__ZTSFivE_global_addr+0x4f8/0xee0 returned 0 after 49 usecs
03-29 11:41:13.542   317   317 I SELinux :     /system/etc/selinux/plat_service_contexts
03-29 11:41:11.672     1     1 D         : calling  __typeid__ZTSFivE_global_addr+0x53c/0xee0 @ 1
03-29 11:41:11.672     1     1 D         : initcall __typeid__ZTSFivE_global_addr+0x53c/0xee0 returned 0 after 8 usecs
03-29 11:41:11.672     1     1 D         : calling  __typeid__ZTSFivE_global_addr+0x63c/0xee0 @ 1
03-29 11:41:11.672     1     1 D         : initcall __typeid__ZTSFivE_global_addr+0x63c/0xee0 returned 0 after 1 usecs
03-29 11:41:11.672     1     1 D         : calling  __typeid__ZTSFivE_global_addr+0x670/0xee0 @ 1
03-29 11:41:11.672     1     1 D         : initcall __typeid__ZTSFivE_global_addr+0x670/0xee0 returned 0 after 204 usecs
03-29 11:41:11.672     1     1 D         : calling  __typeid__ZTSFivE_global_addr+0x6bc/0xee0 @ 1
03-29 11:41:11.672     1     1 D         : initcall __typeid__ZTSFivE_global_addr+0x6bc/0xee0 returned 0 after 4 usecs
03-29 11:41:11.672     1     1 D         : calling  __typeid__ZTSFivE_global_addr+0x6c4/0xee0 @ 1
03-29 11:41:11.672     1     1 D         : initcall __typeid__ZTSFivE_global_addr+0x6c4/0xee0 returned 0 after 1 usecs
03-29 11:41:11.672     1     1 D         : calling  __typeid__ZTSFivE_global_addr+0x6f8/0xee0 @ 1
03-29 11:41:11.672     1     1 D         : initcall __typeid__ZTSFivE_global_addr+0x6f8/0xee0 returned 0 after 0 usecs
03-29 11:41:11.672     1     1 D         : calling  __typeid__ZTSFivE_global_addr+0x704/0xee0 @ 1
03-29 11:41:11.673     1     1 D         : initcall __typeid__ZTSFivE_global_addr+0x704/0xee0 returned 0 after 217 usecs
03-29 11:41:11.673     1     1 D         : calling  __typeid__ZTSFivE_global_addr+0x744/0xee0 @ 1
03-29 11:41:11.673     1     1 I sprd-sysdump: sprd_log_buf0 added successfully in minidump section:paddr_start=1ebf88000,paddr_end=1ebf90000
03-29 11:41:11.673     1     1 I sprd-sysdump: sprd_log_buf1 added successfully in minidump section:paddr_start=1ebfa0000,paddr_end=1ebfa8000
03-29 11:41:11.673     1     1 I sprd-sysdump: sprd_log_buf2 added successfully in minidump section:paddr_start=1ebfa8000,paddr_end=1ebfb0000
03-29 11:41:11.673     1     1 I sprd-sysdump: sprd_log_buf3 added successfully in minidump section:paddr_start=1ebfb0000,paddr_end=1ebfb8000
03-29 11:41:11.673     1     1 I sprd-sysdump: sprd_log_buf4 added successfully in minidump section:paddr_start=1ebfb8000,paddr_end=1ebfc0000
03-29 11:41:11.673     1     1 I sprd-sysdump: sprd_log_buf5 added successfully in minidump section:paddr_start=1ebfc0000,paddr_end=1ebfc8000
03-29 11:41:11.673     1     1 I sprd-sysdump: sprd_log_buf6 added successfully in minidump section:paddr_start=1ebfc8000,paddr_end=1ebfd0000
03-29 11:41:11.673     1     1 I sprd-sysdump: sprd_log_buf7 added successfully in minidump section:paddr_start=1ebfd0000,paddr_end=1ebfd8000
03-29 11:41:11.673     1     1 D         : initcall __typeid__ZTSFivE_global_addr+0x744/0xee0 returned 0 after 80 usecs
03-29 11:41:11.673     1     1 D         : calling  __typeid__ZTSFivE_global_addr+0x7e8/0xee0 @ 1
03-29 11:41:11.673     1     1 D         : initcall __typeid__ZTSFivE_global_addr+0x7e8/0xee0 returned 0 after 1 usecs
03-29 11:41:11.673     1     1 D         : calling  __typeid__ZTSFivE_global_addr+0x7f0/0xee0 @ 1
03-29 11:41:11.673    54    54 D         : probe of 200a0000.serial returned -517 after 1 usecs
03-29 11:41:11.673    54    54 D         : probe of 200b0000.serial returned -517 after 0 usecs
03-29 11:41:11.673    54    54 D         : probe of 200c0000.serial returned -517 after 0 usecs
03-29 11:41:11.673    54    54 D         : probe of 201e0000.rng returned -517 after 0 usecs
03-29 11:41:11.673    54    54 D         : probe of 7f040000.etm returned -517 after 0 usecs
03-29 11:41:11.673    54    54 D         : probe of 7f140000.etm returned -517 after 0 usecs
03-29 11:41:11.673    54    54 D         : probe of 7f240000.etm returned -517 after 0 usecs
03-29 11:41:11.673    54    54 D         : probe of 7f340000.etm returned -517 after 0 usecs
03-29 11:41:11.673    54    54 D         : probe of 7f440000.etm returned -517 after 0 usecs
03-29 11:41:11.673    54    54 D         : probe of 7f540000.etm returned -517 after 0 usecs
03-29 11:41:11.673    54    54 D         : probe of 7f640000.etm returned -517 after 0 usecs
03-29 11:41:11.673    54    54 D         : probe of 7f740000.etm returned -517 after 0 usecs
03-29 11:41:11.673    53    53 D         : probe of 200a0000.serial returned -517 after 0 usecs
03-29 11:41:11.673    53    53 D         : probe of 200b0000.serial returned -517 after 0 usecs
03-29 11:41:11.673    53    53 D         : probe of 200c0000.serial returned -517 after 0 usecs
03-29 11:41:11.673    53    53 D         : probe of 201e0000.rng returned -517 after 0 usecs
03-29 11:41:11.673    53    53 D         : probe of 7f040000.etm returned -517 after 0 usecs
03-29 11:41:11.673    53    53 D         : probe of 7f140000.etm returned -517 after 0 usecs
03-29 11:41:11.673    53    53 D         : probe of 7f240000.etm returned -517 after 0 usecs
03-29 11:41:11.673    53    53 D         : probe of 7f340000.etm returned -517 after 0 usecs
03-29 11:41:11.673    53    53 D         : probe of 7f440000.etm returned -517 after 0 usecs
03-29 11:41:11.673    53    53 D         : probe of 7f540000.etm returned -517 after 0 usecs
03-29 11:41:11.673    53    53 D         : probe of 7f640000.etm returned -517 after 0 usecs
03-29 11:41:13.543   317   317 E SELinux : avc:  denied  { add } for pid=317 uid=0 name=manager scontext=u:r:recovery:s0 tcontext=u:object_r:service_manager_service:s0 tclass=service_manager permissive=1
03-29 11:41:11.673    53    53 D         : probe of 7f740000.etm returned -517 after 0 usecs
03-29 11:41:11.673     1     1 D         : initcall __typeid__ZTSFivE_global_addr+0x7f0/0xee0 returned 0 after 343 usecs
03-29 11:41:11.673     1     1 D         : calling  __typeid__ZTSFivE_global_addr+0x7fc/0xee0 @ 1
03-29 11:41:11.673     1     1 D         : initcall __typeid__ZTSFivE_global_addr+0x7fc/0xee0 returned 0 after 2 usecs
03-29 11:41:11.673     1     1 D         : calling  __typeid__ZTSFivE_global_addr+0x81c/0xee0 @ 1
03-29 11:41:11.673     1     1 D         : initcall __typeid__ZTSFivE_global_addr+0x81c/0xee0 returned 0 after 1 usecs
03-29 11:41:11.673     1     1 D         : calling  __typeid__ZTSFivE_global_addr+0x814/0xee0 @ 1
03-29 11:41:11.673     1     1 D         : initcall __typeid__ZTSFivE_global_addr+0x814/0xee0 returned 0 after 9 usecs
03-29 11:41:11.673     1     1 D         : calling  __typeid__ZTSFivE_global_addr+0x960/0xee0 @ 1
03-29 11:41:11.673     1     1 D         : probe of gpio-keys returned 0 after 66 usecs
03-29 11:41:11.673     1     1 D         : initcall __typeid__ZTSFivE_global_addr+0x960/0xee0 returned 0 after 370 usecs
03-29 11:41:11.673     1     1 D         : calling  __typeid__ZTSFivE_global_addr+0x9a4/0xee0 @ 1
03-29 11:41:11.673     1     1 D         : initcall __typeid__ZTSFivE_global_addr+0x9a4/0xee0 returned 0 after 1 usecs
03-29 11:41:11.673     1     1 D         : calling  __typeid__ZTSFivE_global_addr+0xa94/0xee0 @ 1
03-29 11:41:11.673     1     1 D         : initcall __typeid__ZTSFivE_global_addr+0xa94/0xee0 returned -19 after 0 usecs
03-29 11:41:11.673     1     1 D         : calling  __typeid__ZTSFivE_global_addr+0xaac/0xee0 @ 1
03-29 11:41:11.673     1     1 D         : initcall __typeid__ZTSFivE_global_addr+0xaac/0xee0 returned 0 after 1 usecs
03-29 11:41:11.673     1     1 D         : calling  __typeid__ZTSFivE_global_addr+0xb44/0xee0 @ 1
03-29 11:41:11.674     1     1 D         : initcall __typeid__ZTSFivE_global_addr+0xb44/0xee0 returned 0 after 446 usecs
03-29 11:41:11.674     1     1 D         : calling  __typeid__ZTSFivE_global_addr+0xdac/0xee0 @ 1
03-29 11:41:11.674     1     1 D         : initcall __typeid__ZTSFivE_global_addr+0xdac/0xee0 returned 0 after 4 usecs
03-29 11:41:11.674     1     1 D         : calling  __typeid__ZTSFivE_global_addr+0xddc/0xee0 @ 1
03-29 11:41:11.674     1     1 D         : initcall __typeid__ZTSFivE_global_addr+0xddc/0xee0 returned 0 after 12 usecs
03-29 11:41:11.674     1     1 D         : calling  __typeid__ZTSFivE_global_addr+0xeb4/0xee0 @ 1
03-29 11:41:11.674     1     1 I cfg80211: Loading compiled-in X.509 certificates for regulatory database
03-29 11:41:11.676     1     1 I cfg80211: Loaded X.509 cert 'V85728306: 009ba58f75458144f3'
03-29 11:41:11.676     1     1 D         : initcall __typeid__ZTSFivE_global_addr+0xeb4/0xee0 returned 0 after 1612 usecs
03-29 11:41:11.676     1     1 D         : calling  __typeid__ZTSFivE_global_addr+0x240/0xee0 @ 1
03-29 11:41:11.676     1     1 D         : initcall __typeid__ZTSFivE_global_addr+0x240/0xee0 returned 0 after 0 usecs
03-29 11:41:11.676     1     1 D         : calling  __typeid__ZTSFivE_global_addr+0x708/0xee0 @ 1
03-29 11:41:11.676     1     1 D         : initcall __typeid__ZTSFivE_global_addr+0x708/0xee0 returned 0 after 7 usecs
03-29 11:41:11.676     1     1 D         : calling  __typeid__ZTSFivE_global_addr+0x724/0xee0 @ 1
03-29 11:41:11.676     1     1 I sprd-sysdump: detect pmic is sc2730 ,offset = 0x1bac !!!
03-29 11:41:11.676     1     1 E sprd-sysdump: of_find_device_by_node failed!!!
03-29 11:41:11.676     1     1 I sprd-sysdump: ylog_buffer_init: ylog_buffer vaddr is (____ptrval____)
03-29 11:41:11.676     1     1 I sprd-sysdump: section_info_ylog_buf in. vaddr : 0xffffff816b800000  len :0x100000
03-29 11:41:11.676     1     1 I sprd-sysdump: ylog_buf added successfully in minidump section:paddr_start=1eb800000,paddr_end=1eb900000
03-29 11:41:11.676     1     1 I sprd-sysdump: ylog_buf added to minidump section ok!!
03-29 11:41:11.676     1     1 I sprd-sysdump: kernel_pt added successfully in minidump section:paddr_start=820e3000,paddr_end=820e4000
03-29 11:41:11.676     1     1 I sprd-sysdump: kernel pt added to minidump section ok!!
03-29 11:41:11.676     1     1 I sprd-sysdump: pgd vaddr start: 0xffffffc0120e3000  paddr start: 0x820e3000  len :0x1000
03-29 11:41:11.676     1     1 I sprd-sysdump: nhang added successfully in minidump section:paddr_start=82647de0,paddr_end=82747de0
03-29 11:41:11.676     1     1 I sprd-sysdump: nhang added to minidump section ok!!
03-29 11:41:11.677     1     1 E sprd-sysdump: Not find scproc from dts
03-29 11:41:11.677     1     1 I sprd-sysdump: minidump_init out.
03-29 11:41:11.677     1     1 D         : initcall __typeid__ZTSFivE_global_addr+0x724/0xee0 returned 0 after 1030 usecs
03-29 11:41:11.677     1     1 D         : calling  __typeid__ZTSFivE_global_addr+0x738/0xee0 @ 1
03-29 11:41:11.677     1     1 I sprd-sysdump-msg: minidump_add_section in. vaddr : 0xffffff816b900000  len :0x75440
03-29 11:41:11.677     1     1 I sprd-sysdump: task_stats added successfully in minidump section:paddr_start=1eb900000,paddr_end=1eb975440
03-29 11:41:11.677     1     1 I sprd-sysdump-msg: task_stats added to minidump section ok!!
03-29 11:41:11.677     1     1 I sprd-sysdump-msg: minidump_add_section in. vaddr : 0xffffff816bfe0000  len :0x3e80
03-29 11:41:11.677     1     1 I sprd-sysdump: runqueue added successfully in minidump section:paddr_start=1ebfe0000,paddr_end=1ebfe3e80
03-29 11:41:11.677     1     1 I sprd-sysdump-msg: runqueue added to minidump section ok!!
03-29 11:41:11.677     1     1 I sprd-sysdump-msg: minidump_add_section in. vaddr : 0xffffff816bfe4000  len :0x4000
03-29 11:41:11.677     1     1 I sprd-sysdump: stack_regs added successfully in minidump section:paddr_start=1ebfe4000,paddr_end=1ebfe8000
03-29 11:41:11.677     1     1 I sprd-sysdump-msg: stack_regs added to minidump section ok!!
03-29 11:41:11.677     1     1 I sprd-sysdump-msg: minidump_add_section in. vaddr : 0xffffff816bfe8000  len :0x3000
03-29 11:41:11.677     1     1 I sprd-sysdump: memstat added successfully in minidump section:paddr_start=1ebfe8000,paddr_end=1ebfeb000
03-29 11:41:11.677     1     1 I sprd-sysdump-msg: memstat added to minidump section ok!!
03-29 11:41:11.677     1     1 I sprd-sysdump-msg: minidump_add_section in. vaddr : 0xffffff816bfec000  len :0x3000
03-29 11:41:11.677     1     1 I sprd-sysdump: interruptes added successfully in minidump section:paddr_start=1ebfec000,paddr_end=1ebfef000
03-29 11:41:11.677     1     1 I sprd-sysdump-msg: interruptes added to minidump section ok!!
03-29 11:41:11.677     1     1 I sprd-sysdump: irqstack0_0 added successfully in minidump section:paddr_start=1f7ded000,paddr_end=1f7dee000
03-29 11:41:11.677     1     1 I sprd-sysdump: irqstack0_1 added successfully in minidump section:paddr_start=1f7dee000,paddr_end=1f7def000
03-29 11:41:11.677     1     1 I sprd-sysdump: irqstack0_2 added successfully in minidump section:paddr_start=1f7def000,paddr_end=1f7df0000
03-29 11:41:11.677     1     1 I sprd-sysdump: irqstack0_3 added successfully in minidump section:paddr_start=1f7df0000,paddr_end=1f7df1000
03-29 11:41:11.677     1     1 I sprd-sysdump: irqstack1_0 added successfully in minidump section:paddr_start=1f7df1000,paddr_end=1f7df2000
03-29 11:41:11.677     1     1 I sprd-sysdump: irqstack1_1 added successfully in minidump section:paddr_start=1f7df2000,paddr_end=1f7df3000
03-29 11:41:11.677     1     1 I sprd-sysdump: irqstack1_2 added successfully in minidump section:paddr_start=1f7df3000,paddr_end=1f7df4000
03-29 11:41:11.677     1     1 I sprd-sysdump: irqstack1_3 added successfully in minidump section:paddr_start=1f7df4000,paddr_end=1f7df5000
03-29 11:41:11.677     1     1 I sprd-sysdump: irqstack2_0 added successfully in minidump section:paddr_start=1f7df5000,paddr_end=1f7df6000
03-29 11:41:11.677     1     1 I sprd-sysdump: irqstack2_1 added successfully in minidump section:paddr_start=1f7df6000,paddr_end=1f7df7000
03-29 11:41:11.677     1     1 I sprd-sysdump: irqstack2_2 added successfully in minidump section:paddr_start=1f7df7000,paddr_end=1f7df8000
03-29 11:41:11.677     1     1 I sprd-sysdump: irqstack2_3 added successfully in minidump section:paddr_start=1f7df8000,paddr_end=1f7df9000
03-29 11:41:11.677     1     1 I sprd-sysdump: irqstack3_0 added successfully in minidump section:paddr_start=1f7df9000,paddr_end=1f7dfa000
03-29 11:41:11.677     1     1 I sprd-sysdump: irqstack3_1 added successfully in minidump section:paddr_start=1f7dfa000,paddr_end=1f7dfb000
03-29 11:41:11.677     1     1 I sprd-sysdump: irqstack3_2 added successfully in minidump section:paddr_start=1f7dfb000,paddr_end=1f7dfc000
03-29 11:41:11.677     1     1 I sprd-sysdump: irqstack3_3 added successfully in minidump section:paddr_start=1f7dfc000,paddr_end=1f7dfd000
03-29 11:41:11.677     1     1 I sprd-sysdump: irqstack4_0 added successfully in minidump section:paddr_start=1f7dfd000,paddr_end=1f7dfe000
03-29 11:41:11.677     1     1 I sprd-sysdump: irqstack4_1 added successfully in minidump section:paddr_start=1f7dfe000,paddr_end=1f7dff000
03-29 11:41:11.677     1     1 I sprd-sysdump: irqstack4_2 added successfully in minidump section:paddr_start=1f7dff000,paddr_end=1f7e00000
03-29 11:41:11.677     1     1 I sprd-sysdump: irqstack4_3 added successfully in minidump section:paddr_start=1f7e00000,paddr_end=1f7e01000
03-29 11:41:11.677     1     1 I sprd-sysdump: irqstack5_0 added successfully in minidump section:paddr_start=1f7e01000,paddr_end=1f7e02000
03-29 11:41:11.677     1     1 I sprd-sysdump: irqstack5_1 added successfully in minidump section:paddr_start=1f7e02000,paddr_end=1f7e03000
03-29 11:41:11.677     1     1 I sprd-sysdump: irqstack5_2 added successfully in minidump section:paddr_start=1f7e03000,paddr_end=1f7e04000
03-29 11:41:11.677     1     1 I sprd-sysdump: irqstack5_3 added successfully in minidump section:paddr_start=1f7e04000,paddr_end=1f7e05000
03-29 11:41:11.677     1     1 I sprd-sysdump: irqstack6_0 added successfully in minidump section:paddr_start=1f7e05000,paddr_end=1f7e06000
03-29 11:41:11.677     1     1 I sprd-sysdump: irqstack6_1 added successfully in minidump section:paddr_start=1f7e06000,paddr_end=1f7e07000
03-29 11:41:11.677     1     1 I sprd-sysdump: irqstack6_2 added successfully in minidump section:paddr_start=1f7e07000,paddr_end=1f7e08000
03-29 11:41:11.677     1     1 I sprd-sysdump: irqstack6_3 added successfully in minidump section:paddr_start=1f7e08000,paddr_end=1f7e09000
03-29 11:41:11.677     1     1 I sprd-sysdump: irqstack7_0 added successfully in minidump section:paddr_start=1f7e09000,paddr_end=1f7e0a000
03-29 11:41:11.677     1     1 I sprd-sysdump: irqstack7_1 added successfully in minidump section:paddr_start=1f7e0a000,paddr_end=1f7e0b000
03-29 11:41:11.677     1     1 I sprd-sysdump: irqstack7_2 added successfully in minidump section:paddr_start=1f7e0b000,paddr_end=1f7e0c000
03-29 11:41:11.677     1     1 I sprd-sysdump: irqstack7_3 added successfully in minidump section:paddr_start=1f7e0c000,paddr_end=1f7e0d000
03-29 11:41:11.677     1     1 I sprd-sysdump: cpustack0_0 added successfully in minidump section:paddr_start=0,paddr_end=1000
03-29 11:41:11.677     1     1 I sprd-sysdump: cpustack0_1 added successfully in minidump section:paddr_start=0,paddr_end=1000
03-29 11:41:11.677     1     1 I sprd-sysdump: cpustack0_2 added successfully in minidump section:paddr_start=0,paddr_end=1000
03-29 11:41:11.677     1     1 I sprd-sysdump: cpustack0_3 added successfully in minidump section:paddr_start=0,paddr_end=1000
03-29 11:41:11.677     1     1 I sprd-sysdump: cpustack1_0 added successfully in minidump section:paddr_start=0,paddr_end=1000
03-29 11:41:11.677     1     1 I sprd-sysdump: cpustack1_1 added successfully in minidump section:paddr_start=0,paddr_end=1000
03-29 11:41:11.677     1     1 I sprd-sysdump: cpustack1_2 added successfully in minidump section:paddr_start=0,paddr_end=1000
03-29 11:41:11.677     1     1 I sprd-sysdump: cpustack1_3 added successfully in minidump section:paddr_start=0,paddr_end=1000
03-29 11:41:11.677     1     1 I sprd-sysdump: cpustack2_0 added successfully in minidump section:paddr_start=0,paddr_end=1000
03-29 11:41:11.677     1     1 I sprd-sysdump: cpustack2_1 added successfully in minidump section:paddr_start=0,paddr_end=1000
03-29 11:41:11.677     1     1 I sprd-sysdump: cpustack2_2 added successfully in minidump section:paddr_start=0,paddr_end=1000
03-29 11:41:11.677     1     1 I sprd-sysdump: cpustack2_3 added successfully in minidump section:paddr_start=0,paddr_end=1000
03-29 11:41:11.677     1     1 I sprd-sysdump: cpustack3_0 added successfully in minidump section:paddr_start=0,paddr_end=1000
03-29 11:41:11.677     1     1 I sprd-sysdump: cpustack3_1 added successfully in minidump section:paddr_start=0,paddr_end=1000
03-29 11:41:11.677     1     1 I sprd-sysdump: cpustack3_2 added successfully in minidump section:paddr_start=0,paddr_end=1000
03-29 11:41:11.677     1     1 I sprd-sysdump: cpustack3_3 added successfully in minidump section:paddr_start=0,paddr_end=1000
03-29 11:41:11.677     1     1 I sprd-sysdump: cpustack4_0 added successfully in minidump section:paddr_start=0,paddr_end=1000
03-29 11:41:11.677     1     1 I sprd-sysdump: cpustack4_1 added successfully in minidump section:paddr_start=0,paddr_end=1000
03-29 11:41:11.677     1     1 I sprd-sysdump: cpustack4_2 added successfully in minidump section:paddr_start=0,paddr_end=1000
03-29 11:41:11.677     1     1 I sprd-sysdump: cpustack4_3 added successfully in minidump section:paddr_start=0,paddr_end=1000
03-29 11:41:11.677     1     1 I sprd-sysdump: cpustack5_0 added successfully in minidump section:paddr_start=0,paddr_end=1000
03-29 11:41:11.677     1     1 I sprd-sysdump: cpustack5_1 added successfully in minidump section:paddr_start=0,paddr_end=1000
03-29 11:41:11.677     1     1 I sprd-sysdump: cpustack5_2 added successfully in minidump section:paddr_start=0,paddr_end=1000
03-29 11:41:11.677     1     1 I sprd-sysdump: cpustack5_3 added successfully in minidump section:paddr_start=0,paddr_end=1000
03-29 11:41:11.677     1     1 I sprd-sysdump: cpustack6_0 added successfully in minidump section:paddr_start=0,paddr_end=1000
03-29 11:41:11.677     1     1 I sprd-sysdump: cpustack6_1 added successfully in minidump section:paddr_start=0,paddr_end=1000
03-29 11:41:11.677     1     1 I sprd-sysdump: cpustack6_2 added successfully in minidump section:paddr_start=0,paddr_end=1000
03-29 11:41:11.677     1     1 I sprd-sysdump: cpustack6_3 added successfully in minidump section:paddr_start=0,paddr_end=1000
03-29 11:41:11.677     1     1 I sprd-sysdump: cpustack7_0 added successfully in minidump section:paddr_start=0,paddr_end=1000
03-29 11:41:11.677     1     1 I sprd-sysdump: cpustack7_1 added successfully in minidump section:paddr_start=0,paddr_end=1000
03-29 11:41:11.677     1     1 I sprd-sysdump: cpustack7_2 added successfully in minidump section:paddr_start=0,paddr_end=1000
03-29 11:41:11.677     1     1 I sprd-sysdump: cpustack7_3 added successfully in minidump section:paddr_start=0,paddr_end=1000
03-29 11:41:11.677     1     1 I sprd-sysdump-msg: sprd_kmsg_panic_notifier_register success!
03-29 11:41:11.677     1     1 D         : initcall __typeid__ZTSFivE_global_addr+0x738/0xee0 returned 0 after 530 usecs
03-29 11:41:11.677     1     1 D         : calling  __typeid__ZTSFivE_global_addr+0x73c/0xee0 @ 1
03-29 11:41:11.677     1     1 I sprd-sysdump-io: minidump_add_section in. vaddr : 0xffffff816bff0000  len :0x9000
03-29 11:41:11.677     1     1 I sprd-sysdump: io added successfully in minidump section:paddr_start=1ebff0000,paddr_end=1ebff9000
03-29 11:41:11.677     1     1 I sprd-sysdump-io: io added to minidump section ok!!
03-29 11:41:11.677     1     1 I sprd-sysdump-io: sprd: io_panic_nofifier_register success
03-29 11:41:11.677     1     1 D         : initcall __typeid__ZTSFivE_global_addr+0x73c/0xee0 returned 0 after 20 usecs
03-29 11:41:11.677     1     1 D         : calling  __typeid__ZTSFivE_global_addr+0x768/0xee0 @ 1
03-29 11:41:11.677     1     1 D         : initcall __typeid__ZTSFivE_global_addr+0x768/0xee0 returned 0 after 4 usecs
03-29 11:41:11.677     1     1 D         : calling  __typeid__ZTSFivE_global_addr+0xb3c/0xee0 @ 1
03-29 11:41:11.677     1     1 D         : initcall __typeid__ZTSFivE_global_addr+0xb3c/0xee0 returned 0 after 2 usecs
03-29 11:41:11.677     1     1 D         : calling  __typeid__ZTSFivE_global_addr+0xc10/0xee0 @ 1
03-29 11:41:11.677     1     1 I         : ALSA device list:
03-29 11:41:11.677     1     1 I         : No soundcards found.
03-29 11:41:11.677     1     1 D         : initcall __typeid__ZTSFivE_global_addr+0xc10/0xee0 returned 0 after 9 usecs
03-29 11:41:11.677     1     1 I [PHOENIX] phx_klog_bootstage: KERNEL_DO_INITCALLS_DONE
03-29 11:41:11.677     1     1 I [PHOENIX] phx_klog_bootstage: KERNEL_DO_BASIC_SETUP_DONE
03-29 11:41:11.677     1     1 E         : Warning: unable to open an initial console.
03-29 11:41:11.678     1     1 I         : Freeing unused kernel memory: 2112K
03-29 11:41:11.678   117   117 W platform regulatory.0: Direct firmware load for regulatory.db failed with error -2
03-29 11:41:11.678   117   117 W platform regulatory.0: Falling back to sysfs fallback for: regulatory.db
03-29 11:41:11.695     0     0 I         : c6 [    C6] cryptomgr_probe (168): highest shadow stack usage: 144 bytes
03-29 11:41:11.708     1     1 I [PHOENIX] phx_klog_bootstage: KERNEL_INIT_DONE
03-29 11:41:11.708     1     1 I         : Run /init as init process
03-29 11:41:11.708     1     1 I random  : init: uninitialized urandom read (40 bytes read)
03-29 11:41:11.708     1     1 I random  : init: uninitialized urandom read (4 bytes read)
03-29 11:41:11.708     1     1 I random  : init: uninitialized urandom read (4 bytes read)
03-29 11:41:11.709     1     1 I init    : init first stage started!
03-29 11:41:11.712     1     1 I init    : Loading module /lib/modules/sprd_wdt_fiq.ko with args ''
03-29 11:41:11.715     1     1 D         : calling  __cfi_check+0x214/0x250 [sprd_wdt_fiq] @ 1
03-29 11:41:11.715     1     1 D         : probe of 644e0000.watchdog returned -517 after 1 usecs
03-29 11:41:11.715     1     1 D         : initcall __cfi_check+0x214/0x250 [sprd_wdt_fiq] returned 0 after 342 usecs
03-29 11:41:11.715     1     1 W         : sprd wdt fiq syscore s2idle register done.
03-29 11:41:11.716     1     1 I init    : Loaded kernel module /lib/modules/sprd_wdt_fiq.ko
03-29 11:41:11.716     1     1 I init    : Loading module /lib/modules/sprd_sip_svc.ko with args ''
03-29 11:41:11.719     1     1 D         : calling  __cfi_check+0x36c/0x1000 [sprd_sip_svc] @ 1
03-29 11:41:11.719     1     1 I sprd_sip: SPRD SIP SVC PERF:v0.1 detected in firmware.
03-29 11:41:11.719     1     1 I sprd_sip: SPRD SIP SVC DBG:v1.0 detected in firmware.
03-29 11:41:11.719     1     1 I sprd_sip: SPRD SIP SVC NPU:v0.1 detected in firmware.
03-29 11:41:11.719     1     1 I sprd_sip: SPRD SIP SVC DVFS:v0.1 detected in firmware.
03-29 11:41:11.719     1     1 I sprd_sip: SPRD SIP SVC STORAGE:v-1.1 detected in firmware.
03-29 11:41:11.719     1     1 D         : initcall __cfi_check+0x36c/0x1000 [sprd_sip_svc] returned 0 after 12 usecs
03-29 11:41:11.719     1     1 I sprd_sip: hdl for sprd svc sip : func_addr = 0xffffffc01165d050, pdg = 0x0, level = 0x0
03-29 11:41:11.719     1     1 F sprd_wdh: func_addr = 0xffffffc01165d050 , pdg = 0x0 level = 0x0
03-29 11:41:11.727     1     1 I sprd_sip: hdl for sprd svc sip : func_addr = 0xffffffc01165d054, pdg = 0x20000820e3001, level = 0x1
03-29 11:41:11.727     1     1 F sprd_wdh: func_addr = 0xffffffc01165d054 , pdg = 0x20000820e3001 level = 0x1
03-29 11:41:11.736     1     1 I sprd_sip: hdl for sprd svc sip : func_addr = 0x8165d058, pdg = 0x0, level = 0x2
03-29 11:41:11.736     1     1 F sprd_wdh: func_addr = 0x8165d058 , pdg = 0x0 level = 0x2
03-29 11:41:11.743     1     1 I init    : Loaded kernel module /lib/modules/sprd_sip_svc.ko
03-29 11:41:11.743     1     1 I init    : Loading module /lib/modules/sprd_systimer.ko with args ''
03-29 11:41:11.746     1     1 D         : calling  __cfi_check+0x104/0x1000 [sprd_systimer] @ 1
03-29 11:41:11.746     1     1 D         : initcall __cfi_check+0x104/0x1000 [sprd_systimer] returned 0 after 296 usecs
03-29 11:41:11.746     1     1 I init    : Loaded kernel module /lib/modules/sprd_systimer.ko
03-29 11:41:11.747     1     1 I init    : Loading module /lib/modules/sprd_time_sync.ko with args ''
03-29 11:41:11.749     1     1 D         : calling  __cfi_check+0x11c/0x13c [sprd_time_sync] @ 1
03-29 11:41:11.750     1     1 D         : initcall __cfi_check+0x11c/0x13c [sprd_time_sync] returned 0 after 309 usecs
03-29 11:41:11.750     1     1 I init    : Loaded kernel module /lib/modules/sprd_time_sync.ko
03-29 11:41:11.750     1     1 I init    : Loading module /lib/modules/sprd_time_sync_cp.ko with args ''
03-29 11:41:11.752     1     1 E         : device is not exist
03-29 11:41:11.752     1     1 I         : sprd time sync cp notifier register done.
03-29 11:41:11.752     1     1 I init    : Loaded kernel module /lib/modules/sprd_time_sync_cp.ko
03-29 11:41:11.752     1     1 I init    : Loading module /lib/modules/clk-sprd.ko with args ''
03-29 11:41:11.755     1     1 I init    : Loaded kernel module /lib/modules/clk-sprd.ko
03-29 11:41:11.756     1     1 I init    : Loading module /lib/modules/ums9230-clk.ko with args ''
03-29 11:41:11.765     1     1 D         : calling  __cfi_check+0x88/0x94 [ums9230_clk] @ 1
03-29 11:41:11.767    53    53 D         : probe of 200a0000.serial returned -517 after 0 usecs
03-29 11:41:11.767    53    53 D         : probe of 200b0000.serial returned -517 after 0 usecs
03-29 11:41:11.767    53    53 D         : probe of 200c0000.serial returned -517 after 0 usecs
03-29 11:41:11.767    53    53 D         : probe of 201e0000.rng returned -517 after 0 usecs
03-29 11:41:11.767    53    53 D         : probe of 7f040000.etm returned -517 after 0 usecs
03-29 11:41:11.767    53    53 D         : probe of 7f140000.etm returned -517 after 0 usecs
03-29 11:41:11.767    53    53 D         : probe of 7f240000.etm returned -517 after 0 usecs
03-29 11:41:11.767    53    53 D         : probe of 7f340000.etm returned -517 after 0 usecs
03-29 11:41:11.767    53    53 D         : probe of 7f440000.etm returned -517 after 0 usecs
03-29 11:41:11.767    53    53 D         : probe of 7f540000.etm returned -517 after 0 usecs
03-29 11:41:11.767    53    53 D         : probe of 7f640000.etm returned -517 after 0 usecs
03-29 11:41:11.767    53    53 D         : probe of 7f740000.etm returned -517 after 0 usecs
03-29 11:41:11.767    53    53 D         : probe of gpio-keys returned 0 after 73 usecs
03-29 11:41:11.767    53    53 D         : probe of 644e0000.watchdog returned -517 after 0 usecs
03-29 11:41:11.767     1     1 D         : probe of soc:pmu-gate returned 1 after 1423 usecs
03-29 11:41:11.767    53    53 D         : probe of 200a0000.serial returned -517 after 0 usecs
03-29 11:41:11.767    53    53 D         : probe of 200b0000.serial returned -517 after 0 usecs
03-29 11:41:11.767    53    53 D         : probe of 200c0000.serial returned -517 after 0 usecs
03-29 11:41:11.767    53    53 D         : probe of 201e0000.rng returned -517 after 0 usecs
03-29 11:41:11.767    53    53 D         : probe of 7f040000.etm returned -517 after 0 usecs
03-29 11:41:11.767    53    53 D         : probe of 7f140000.etm returned -517 after 0 usecs
03-29 11:41:13.546   318   318 I SELinux : SELinux: Loaded service_contexts from:
03-29 11:41:11.767    53    53 D         : probe of 7f240000.etm returned -517 after 0 usecs
03-29 11:41:11.767    53    53 D         : probe of 7f340000.etm returned -517 after 0 usecs
03-29 11:41:11.767    53    53 D         : probe of 7f440000.etm returned -517 after 0 usecs
03-29 11:41:11.767    53    53 D         : probe of 7f540000.etm returned -517 after 0 usecs
03-29 11:41:13.546   318   318 I SELinux :     /vendor/etc/selinux/vndservice_contexts
03-29 11:41:11.767    53    53 D         : probe of 7f640000.etm returned -517 after 0 usecs
03-29 11:41:11.767    53    53 D         : probe of 7f740000.etm returned -517 after 0 usecs
03-29 11:41:11.767    53    53 D         : probe of gpio-keys returned 0 after 39 usecs
03-29 11:41:11.767    53    53 D         : probe of 644e0000.watchdog returned -517 after 0 usecs
03-29 11:41:11.767     1     1 D         : probe of soc:dpll0 returned 1 after 433 usecs
03-29 11:41:11.767    53    53 D         : probe of 200a0000.serial returned -517 after 0 usecs
03-29 11:41:11.767    53    53 D         : probe of 200b0000.serial returned -517 after 0 usecs
03-29 11:41:11.767    53    53 D         : probe of 200c0000.serial returned -517 after 0 usecs
03-29 11:41:11.768    53    53 D         : probe of 201e0000.rng returned -517 after 0 usecs
03-29 11:41:11.768    53    53 D         : probe of 7f040000.etm returned -517 after 0 usecs
03-29 11:41:11.768    53    53 D         : probe of 7f140000.etm returned -517 after 0 usecs
03-29 11:41:11.768    53    53 D         : probe of 7f240000.etm returned -517 after 0 usecs
03-29 11:41:11.768    53    53 D         : probe of 7f340000.etm returned -517 after 0 usecs
03-29 11:41:11.768    53    53 D         : probe of 7f440000.etm returned -517 after 0 usecs
03-29 11:41:11.768    53    53 D         : probe of 7f540000.etm returned -517 after 0 usecs
03-29 11:41:11.768    53    53 D         : probe of 7f640000.etm returned -517 after 0 usecs
03-29 11:41:11.768    53    53 D         : probe of 7f740000.etm returned -517 after 0 usecs
03-29 11:41:11.768    53    53 D         : probe of gpio-keys returned 0 after 33 usecs
03-29 11:41:11.768    53    53 D         : probe of 644e0000.watchdog returned -517 after 0 usecs
03-29 11:41:11.768     1     1 D         : probe of soc:pll0 returned 1 after 384 usecs
03-29 11:41:11.768    53    53 D         : probe of 200a0000.serial returned -517 after 0 usecs
03-29 11:41:11.768    53    53 D         : probe of 200b0000.serial returned -517 after 0 usecs
03-29 11:41:11.768    53    53 D         : probe of 200c0000.serial returned -517 after 0 usecs
03-29 11:41:11.768    53    53 D         : probe of 201e0000.rng returned -517 after 0 usecs
03-29 11:41:11.768    53    53 D         : probe of 7f040000.etm returned -517 after 0 usecs
03-29 11:41:11.768    53    53 D         : probe of 7f140000.etm returned -517 after 0 usecs
03-29 11:41:11.768    53    53 D         : probe of 7f240000.etm returned -517 after 0 usecs
03-29 11:41:11.768    53    53 D         : probe of 7f340000.etm returned -517 after 0 usecs
03-29 11:41:11.768    53    53 D         : probe of 7f440000.etm returned -517 after 0 usecs
03-29 11:41:11.768    53    53 D         : probe of 7f540000.etm returned -517 after 0 usecs
03-29 11:41:11.768    53    53 D         : probe of 7f640000.etm returned -517 after 0 usecs
03-29 11:41:11.768    53    53 D         : probe of 7f740000.etm returned -517 after 0 usecs
03-29 11:41:11.768    53    53 D         : probe of gpio-keys returned 0 after 31 usecs
03-29 11:41:11.768    53    53 D         : probe of 644e0000.watchdog returned -517 after 0 usecs
03-29 11:41:11.768     1     1 D         : probe of soc:mpll1 returned 1 after 441 usecs
03-29 11:41:11.770    53    53 D         : probe of 200a0000.serial returned -517 after 0 usecs
03-29 11:41:11.770    53    53 D         : probe of 200b0000.serial returned -517 after 0 usecs
03-29 11:41:11.770    53    53 D         : probe of 200c0000.serial returned -517 after 0 usecs
03-29 11:41:13.546   318   318 E SELinux : avc:  denied  { add } for pid=318 uid=0 name=manager scontext=u:r:recovery:s0 tcontext=u:object_r:service_manager_vndservice:s0 tclass=service_manager permissive=1
03-29 11:41:11.770    53    53 D         : probe of 201e0000.rng returned -517 after 0 usecs
03-29 11:41:11.770    53    53 D         : probe of 7f040000.etm returned -517 after 0 usecs
03-29 11:41:11.770    53    53 D         : probe of 7f140000.etm returned -517 after 0 usecs
03-29 11:41:11.770    53    53 D         : probe of 7f240000.etm returned -517 after 0 usecs
03-29 11:41:11.770    53    53 D         : probe of 7f340000.etm returned -517 after 0 usecs
03-29 11:41:11.770    53    53 D         : probe of 7f440000.etm returned -517 after 0 usecs
03-29 11:41:11.770    53    53 D         : probe of 7f540000.etm returned -517 after 0 usecs
03-29 11:41:11.770    53    53 D         : probe of 7f640000.etm returned -517 after 0 usecs
03-29 11:41:11.770    53    53 D         : probe of 7f740000.etm returned -517 after 0 usecs
03-29 11:41:11.770    53    53 D         : probe of gpio-keys returned 0 after 50 usecs
03-29 11:41:11.770    53    53 D         : probe of 644e0000.watchdog returned -517 after 0 usecs
03-29 11:41:11.770     1     1 D         : probe of soc:pll1 returned 1 after 2068 usecs
03-29 11:41:11.772    53    53 D         : probe of 200a0000.serial returned -517 after 1 usecs
03-29 11:41:11.772    53    53 D         : probe of 200b0000.serial returned -517 after 0 usecs
03-29 11:41:11.772    53    53 D         : probe of 200c0000.serial returned -517 after 0 usecs
03-29 11:41:11.772    53    53 D         : probe of 201e0000.rng returned -517 after 0 usecs
03-29 11:41:11.772    53    53 D         : probe of 7f040000.etm returned -517 after 0 usecs
03-29 11:41:11.772    53    53 D         : probe of 7f140000.etm returned -517 after 0 usecs
03-29 11:41:11.772    53    53 D         : probe of 7f240000.etm returned -517 after 0 usecs
03-29 11:41:11.772    53    53 D         : probe of 7f340000.etm returned -517 after 0 usecs
03-29 11:41:11.772    53    53 D         : probe of 7f440000.etm returned -517 after 0 usecs
03-29 11:41:11.772    53    53 D         : probe of 7f540000.etm returned -517 after 0 usecs
03-29 11:41:11.772    53    53 D         : probe of 7f640000.etm returned -517 after 0 usecs
03-29 11:41:11.772    53    53 D         : probe of 7f740000.etm returned -517 after 0 usecs
03-29 11:41:11.772    53    53 D         : probe of gpio-keys returned 0 after 57 usecs
03-29 11:41:11.772    53    53 D         : probe of 644e0000.watchdog returned -517 after 0 usecs
03-29 11:41:11.772     1     1 D         : probe of soc:apapb-gate returned 1 after 2165 usecs
03-29 11:41:11.773    53    53 D         : probe of 200a0000.serial returned -517 after 1 usecs
03-29 11:41:11.773    53    53 D         : probe of 200b0000.serial returned -517 after 0 usecs
03-29 11:41:11.773    53    53 D         : probe of 200c0000.serial returned -517 after 0 usecs
03-29 11:41:11.773    53    53 D         : probe of 201e0000.rng returned -517 after 0 usecs
03-29 11:41:11.773    53    53 D         : probe of 7f040000.etm returned -517 after 0 usecs
03-29 11:41:11.773    53    53 D         : probe of 7f140000.etm returned -517 after 0 usecs
03-29 11:41:11.773    53    53 D         : probe of 7f240000.etm returned -517 after 0 usecs
03-29 11:41:11.773    53    53 D         : probe of 7f340000.etm returned -517 after 0 usecs
03-29 11:41:11.773    53    53 D         : probe of 7f440000.etm returned -517 after 0 usecs
03-29 11:41:11.773    53    53 D         : probe of 7f540000.etm returned -517 after 0 usecs
03-29 11:41:11.773    53    53 D         : probe of 7f640000.etm returned -517 after 0 usecs
