03-25 03:44:06.907     1     1 D         : probe of 200d0000.i2c returned 1 after 2711 usecs
03-25 03:44:06.907     1     1 E sprd-i2c 200e0000.i2c: request RX DMA channel failed!
03-25 03:44:06.907     1     1 E sprd-i2c 200e0000.i2c: failed to request dma, enter no dma mode, ret = -19
03-25 03:44:06.911     1     1 D         : probe of 200e0000.i2c returned 1 after 3675 usecs
03-25 03:44:06.911     1     1 E sprd-i2c 200f0000.i2c: request RX DMA channel failed!
03-25 03:44:06.911     1     1 E sprd-i2c 200f0000.i2c: failed to request dma, enter no dma mode, ret = -19
03-25 03:44:06.914     1     1 D         : probe of 200f0000.i2c returned 1 after 2429 usecs
03-25 03:44:06.914     1     1 E sprd-i2c 20100000.i2c: request RX DMA channel failed!
03-25 03:44:06.914     1     1 E sprd-i2c 20100000.i2c: failed to request dma, enter no dma mode, ret = -19
03-25 03:44:06.914   185   185 D         : probe of 200a0000.serial returned -517 after 1 usecs
03-25 03:44:06.914   185   185 D         : probe of gpio-keys returned 0 after 49 usecs
03-25 03:44:06.914    54    54 D         : probe of 200a0000.serial returned -517 after 0 usecs
03-25 03:44:06.914    54    54 D         : probe of gpio-keys returned 0 after 47 usecs
03-25 03:44:06.914     1     1 D         : probe of 20100000.i2c returned 1 after 871 usecs
03-25 03:44:06.914     1     1 E sprd-i2c 20110000.i2c: request RX DMA channel failed!
03-25 03:44:06.914     1     1 E sprd-i2c 20110000.i2c: failed to request dma, enter no dma mode, ret = -19
03-25 03:44:06.915     1     1 D         : probe of 20110000.i2c returned 1 after 504 usecs
03-25 03:44:06.915     1     1 E sprd-i2c 20210000.i2c: request RX DMA channel failed!
03-25 03:44:06.915     1     1 E sprd-i2c 20210000.i2c: failed to request dma, enter no dma mode, ret = -19
03-25 03:44:06.915     1     1 D         : probe of 20210000.i2c returned 1 after 555 usecs
03-25 03:44:06.916     1     1 E sprd-i2c 20220000.i2c: request RX DMA channel failed!
03-25 03:44:06.916     1     1 E sprd-i2c 20220000.i2c: failed to request dma, enter no dma mode, ret = -19
03-25 03:44:06.916     1     1 D         : probe of 20220000.i2c returned 1 after 863 usecs
03-25 03:44:06.917     1     1 D         : initcall __cfi_check+0x174/0x1a8 [i2c_sprd] returned 0 after 11724 usecs
03-25 03:44:06.917     1     1 I init    : Loaded kernel module /lib/modules/i2c-sprd.ko
03-25 03:44:06.917     1     1 I init    : Loading module /lib/modules/i2c-sprd-hw-v2.ko with args ''
03-25 03:44:06.922   201   201 D         : probe of 200a0000.serial returned -517 after 1 usecs
03-25 03:44:06.922   201   201 D         : probe of gpio-keys returned 0 after 66 usecs
03-25 03:44:06.923     1     1 D         : calling  __cfi_check+0xf4/0x10c [i2c_sprd_hw_v2] @ 1
03-25 03:44:06.924     1     1 W (null)  : i2c7 can't get the clk_hw clock
03-25 03:44:06.924    54    54 D         : probe of 200a0000.serial returned -517 after 0 usecs
03-25 03:44:06.924    54    54 D         : probe of gpio-keys returned 0 after 48 usecs
03-25 03:44:06.924     1     1 D         : probe of 641a0000.i2c returned 1 after 313 usecs
03-25 03:44:06.924     1     1 D         : initcall __cfi_check+0xf4/0x10c [i2c_sprd_hw_v2] returned 0 after 672 usecs
03-25 03:44:06.924     1     1 I init    : Loaded kernel module /lib/modules/i2c-sprd-hw-v2.ko
03-25 03:44:06.924     1     1 I init    : Loading module /lib/modules/sprd-cpufreq-v2.ko with args ''
03-25 03:44:06.928     1     1 D         : calling  __typeid__ZTSFivE_global_addr+0x0/0x754 [sprd_cpufreq_v2] @ 1
03-25 03:44:06.928     1     1 I sprd-cpufreq-v2 soc: aon:apcpu-dvfs: sprd_cpufreq_probe: probe sprd cpufreq v2 driver
03-25 03:44:06.928     1     1 W sprd-cpufreq-v2 soc: aon:apcpu-dvfs: sprd_cluster_props_init: get cluster 0 'sprd,voltage-step' value error
03-25 03:44:06.928     1     1 W sprd-cpufreq-v2 soc: aon:apcpu-dvfs: sprd_cluster_props_init: get cluster 0 'sprd,voltage-margin' value error
03-25 03:44:06.928     1     1 I sprd-cpufreq-v2 soc: aon:apcpu-dvfs: sprd_cluster_props_init: cluster 0 dcdc supply[sprd,pmic-type]
03-25 03:44:06.928     1     1 W sprd-cpufreq-v2 soc: aon:apcpu-dvfs: sprd_cluster_props_init: get cluster 1 'sprd,voltage-step' value error
03-25 03:44:06.928     1     1 W sprd-cpufreq-v2 soc: aon:apcpu-dvfs: sprd_cluster_props_init: get cluster 1 'sprd,voltage-margin' value error
03-25 03:44:06.928     1     1 I sprd-cpufreq-v2 soc: aon:apcpu-dvfs: sprd_cluster_props_init: cluster 1 dcdc supply[sprd,pmic-type-v2]
03-25 03:44:06.928     1     1 I sprd-cpufreq-v2 soc: aon:apcpu-dvfs: sprd_policy_table_update: update cluster 0 temp -274 dvfs table
03-25 03:44:06.928     1     1 I sprd-cpufreq-v2 soc: aon:apcpu-dvfs: sprd_policy_table_update: add 614400000Hz/700000uV to opp
03-25 03:44:06.929     1     1 I sprd-cpufreq-v2 soc: aon:apcpu-dvfs: sprd_policy_table_update: add 768000000Hz/700000uV to opp
03-25 03:44:06.929     1     1 I sprd-cpufreq-v2 soc: aon:apcpu-dvfs: sprd_policy_table_update: add 884000000Hz/700000uV to opp
03-25 03:44:06.929     1     1 I sprd-cpufreq-v2 soc: aon:apcpu-dvfs: sprd_policy_table_update: add 1040000000Hz/700000uV to opp
03-25 03:44:06.929     1     1 I sprd-cpufreq-v2 soc: aon:apcpu-dvfs: sprd_policy_table_update: add 1228800000Hz/762500uV to opp
03-25 03:44:06.929     1     1 I sprd-cpufreq-v2 soc: aon:apcpu-dvfs: sprd_policy_table_update: add 1378000000Hz/815625uV to opp
03-25 03:44:06.929     1     1 I sprd-cpufreq-v2 soc: aon:apcpu-dvfs: sprd_policy_table_update: add 1536000000Hz/868750uV to opp
03-25 03:44:06.929     1     1 I sprd-cpufreq-v2 soc: aon:apcpu-dvfs: sprd_policy_table_update: add 1612000000Hz/896875uV to opp
03-25 03:44:06.929     1     1 I sprd-cpufreq-v2 soc: aon:apcpu-dvfs: sprd_policy_table_update: add 1716000000Hz/931250uV to opp
03-25 03:44:06.929     1     1 I sprd-cpufreq-v2 soc: aon:apcpu-dvfs: sprd_policy_table_update: add 1820000000Hz/965625uV to opp
03-25 03:44:06.929     1     1 W energy_model: pd0: hertz/watts ratio non-monotonically decreasing: em_cap_state 3 >= em_cap_state2
03-25 03:44:06.930     1     1 I sprd-cpufreq-v2 soc: aon:apcpu-dvfs: sprd_policy_table_update: update cluster 1 temp -274 dvfs table
03-25 03:44:06.930     1     1 I sprd-cpufreq-v2 soc: aon:apcpu-dvfs: sprd_policy_table_update: add 768000000Hz/750000uV to opp
03-25 03:44:06.930     1     1 I sprd-cpufreq-v2 soc: aon:apcpu-dvfs: sprd_policy_table_update: add 1040000000Hz/750000uV to opp
03-25 03:44:06.930     1     1 I sprd-cpufreq-v2 soc: aon:apcpu-dvfs: sprd_policy_table_update: add 1228800000Hz/750000uV to opp
03-25 03:44:06.930     1     1 I sprd-cpufreq-v2 soc: aon:apcpu-dvfs: sprd_policy_table_update: add 1404000000Hz/780000uV to opp
03-25 03:44:06.930     1     1 I sprd-cpufreq-v2 soc: aon:apcpu-dvfs: sprd_policy_table_update: add 1536000000Hz/820000uV to opp
03-25 03:44:06.930     1     1 I sprd-cpufreq-v2 soc: aon:apcpu-dvfs: sprd_policy_table_update: add 1690000000Hz/870000uV to opp
03-25 03:44:06.930     1     1 I sprd-cpufreq-v2 soc: aon:apcpu-dvfs: sprd_policy_table_update: add 1820000000Hz/910000uV to opp
03-25 03:44:06.931     1     1 W energy_model: pd6: hertz/watts ratio non-monotonically decreasing: em_cap_state 2 >= em_cap_state1
03-25 03:44:06.932     1     1 I sprd-cpufreq-v2 soc: aon:apcpu-dvfs: sprd_cpufreq_probe: register cpufreq driver success
03-25 03:44:06.932    54    54 D         : probe of 200a0000.serial returned -517 after 1 usecs
03-25 03:44:06.932    54    54 D         : probe of gpio-keys returned 0 after 50 usecs
03-25 03:44:06.932     1     1 D         : probe of soc:aon:apcpu-dvfs returned 1 after 3629 usecs
03-25 03:44:06.932     1     1 D         : initcall __typeid__ZTSFivE_global_addr+0x0/0x754 [sprd_cpufreq_v2] returned 0 after 3869 usecs
03-25 03:44:06.932     1     1 I init    : Loaded kernel module /lib/modules/sprd-cpufreq-v2.ko
03-25 03:44:06.932     1     1 I init    : Loading module /lib/modules/sprd-cpufreq-public.ko with args ''
03-25 03:44:06.932     0     0 I         : c7 [    C7] CPU7: update max cpu_capacity 1024
03-25 03:44:06.954     1     1 I init    : Loaded kernel module /lib/modules/sprd-cpufreq-public.ko
03-25 03:44:06.955     1     1 I init    : Loading module /lib/modules/sprd_7sreset.ko with args ''
03-25 03:44:06.957     1     1 D         : calling  __cfi_check+0x104/0x13c [sprd_7sreset] @ 1
03-25 03:44:06.957    54    54 D         : probe of 200a0000.serial returned -517 after 1 usecs
03-25 03:44:06.957    54    54 D         : probe of gpio-keys returned 0 after 44 usecs
03-25 03:44:06.957     1     1 D         : probe of 64200000.spi:pmic@0:hw-reset@1bc0 returned 1 after 196 usecs
03-25 03:44:06.957     1     1 D         : initcall __cfi_check+0x104/0x13c [sprd_7sreset] returned 0 after 623 usecs
03-25 03:44:06.957     1     1 I init    : Loaded kernel module /lib/modules/sprd_7sreset.ko
03-25 03:44:06.957     1     1 I init    : Loading module /lib/modules/sprd_manufacturer_model.ko with args ''
03-25 03:44:06.959     1     1 D         : calling  __cfi_check+0x94/0xa4 [sprd_manufacturer_model] @ 1
03-25 03:44:06.959     1     1 F         : Init manufacturer_model mudule successfully
03-25 03:44:06.959     1     1 D         : initcall __cfi_check+0x94/0xa4 [sprd_manufacturer_model] returned 0 after 11 usecs
03-25 03:44:06.959     1     1 I init    : Loaded kernel module /lib/modules/sprd_manufacturer_model.ko
03-25 03:44:06.960     1     1 I init    : Loading module /lib/modules/trusty.ko with args ''
03-25 03:44:06.962     1     1 D         : calling  __typeid__ZTSFvPvmmmmE_global_addr+0xc/0x30 [trusty] @ 1
03-25 03:44:06.962     1     1 I sprd-trusty-core trusty: trusty version: Unisoc TEE v2.1.1, qogirl6, Built: 16:39:50 Oct 24 2023, bbfb3c81 (builder@zishcicd0051)
03-25 03:44:06.962     1     1 I sprd-trusty-core trusty: selected api version: 2 (requested 3)
03-25 03:44:06.963    54    54 D         : probe of 200a0000.serial returned -517 after 1 usecs
03-25 03:44:06.963    54    54 D         : probe of gpio-keys returned 0 after 40 usecs
03-25 03:44:06.963     1     1 D         : probe of trusty returned 1 after 522 usecs
03-25 03:44:06.963     1     1 D         : initcall __typeid__ZTSFvPvmmmmE_global_addr+0xc/0x30 [trusty] returned 0 after 805 usecs
03-25 03:44:06.963     1     1 I init    : Loaded kernel module /lib/modules/trusty.ko
03-25 03:44:06.963     1     1 I init    : Loading module /lib/modules/trusty-pm.ko with args ''
03-25 03:44:06.965     1     1 D         : calling  __cfi_check+0xd0/0xe4 [trusty_pm] @ 1
03-25 03:44:06.965     1     1 D         : initcall __cfi_check+0xd0/0xe4 [trusty_pm] returned 0 after 10 usecs
03-25 03:44:06.965     1     1 I init    : Loaded kernel module /lib/modules/trusty-pm.ko
03-25 03:44:06.965     1     1 I init    : Loading module /lib/modules/trusty-log.ko with args ''
03-25 03:44:06.967     1     1 D         : calling  __cfi_check+0x128/0x158 [trusty_log] @ 1
03-25 03:44:06.968    54    54 D         : probe of 200a0000.serial returned -517 after 1 usecs
03-25 03:44:06.968    54    54 D         : probe of gpio-keys returned 0 after 41 usecs
03-25 03:44:06.968     1     1 D         : probe of trusty:log returned 1 after 199 usecs
03-25 03:44:06.968     1     1 D         : initcall __cfi_check+0x128/0x158 [trusty_log] returned 0 after 469 usecs
03-25 03:44:06.968     1     1 I init    : Loaded kernel module /lib/modules/trusty-log.ko
03-25 03:44:06.968     1     1 I init    : Loading module /lib/modules/trusty-irq.ko with args ''
03-25 03:44:06.970     1     1 D         : calling  __cfi_check+0x118/0x138 [trusty_irq] @ 1
03-25 03:44:06.972    54    54 D         : probe of 200a0000.serial returned -517 after 1 usecs
03-25 03:44:06.972    54    54 D         : probe of gpio-keys returned 0 after 52 usecs
03-25 03:44:06.972     1     1 D         : probe of trusty:irq returned 1 after 1729 usecs
03-25 03:44:06.972     1     1 D         : initcall __cfi_check+0x118/0x138 [trusty_irq] returned 0 after 1946 usecs
03-25 03:44:06.972     1     1 I init    : Loaded kernel module /lib/modules/trusty-irq.ko
03-25 03:44:06.972     1     1 I init    : Loading module /lib/modules/trusty-ipc.ko with args ''
03-25 03:44:06.975     1     1 D         : calling  __typeid__ZTSFvP4krefE_global_addr+0xc/0x14 [trusty_ipc] @ 1
03-25 03:44:06.975     1     1 D         : initcall __typeid__ZTSFvP4krefE_global_addr+0xc/0x14 [trusty_ipc] returned 0 after 32 usecs
03-25 03:44:06.975     1     1 I init    : Loaded kernel module /lib/modules/trusty-ipc.ko
03-25 03:44:06.975     1     1 I init    : Loading module /lib/modules/trusty-virtio.ko with args ''
03-25 03:44:06.977     1     1 D         : calling  __cfi_check+0x2d4/0x31c [trusty_virtio] @ 1
03-25 03:44:06.978     1     1 I sprd-trusty-virtio trusty: virtio: initializing
03-25 03:44:06.978     1     1 I trusty  :  
03-25 03:44:06.978     0     0 I c6 sm_decode_ns_memory_attr: 89: raw=0xff0001edd39713: pa=0x1edd39000: mair=0xff, sharable=0x3
03-25 03:44:06.978     1     1 I sprd-trusty-ipc virtio0: vring0: va(pa)  (____ptrval____)(0) qsz 64 notifyid 1
03-25 03:44:06.978     1     1 I sprd-trusty-ipc virtio0: vring1: va(pa)  (____ptrval____)(0) qsz 64 notifyid 2
03-25 03:44:06.978    54    54 D         : probe of 200a0000.serial returned -517 after 0 usecs
03-25 03:44:06.978    54    54 D         : probe of gpio-keys returned 0 after 45 usecs
03-25 03:44:06.978     1     1 D         : probe of virtio0 returned 1 after 202 usecs
03-25 03:44:06.978     1     1 I trusty  :  
03-25 03:44:06.978     0     0 I c6 sm_decode_ns_memory_attr: 89: raw=0xff0001edd39713: pa=0x1edd39000: mair=0xff, sharable=0x3
03-25 03:44:06.978     1     1 I sprd-trusty-virtio trusty: virtio: initializing done
03-25 03:44:06.978    54    54 D         : probe of 200a0000.serial returned -517 after 0 usecs
03-25 03:44:06.978    54    54 D         : probe of gpio-keys returned 0 after 24 usecs
03-25 03:44:06.978     1     1 D         : probe of trusty:virtio returned 1 after 570 usecs
03-25 03:44:06.978     1     1 D         : initcall __cfi_check+0x2d4/0x31c [trusty_virtio] returned 0 after 854 usecs
03-25 03:44:06.978     1     1 I init    : Loaded kernel module /lib/modules/trusty-virtio.ko
03-25 03:44:06.978     1     1 I init    : Loading module /lib/modules/sprd_shm.ko with args ''
03-25 03:44:06.979     7     7 I sprd-trusty-ipc virtio0: is online
03-25 03:44:06.981     1     1 D         : calling  __cfi_check+0x220/0x230 [sprd_shm] @ 1
03-25 03:44:06.981     1     1 I tshm    : user pool created: phys_addr 0xb6000000, size 0x100000
03-25 03:44:06.981    54    54 D         : probe of 200a0000.serial returned -517 after 1 usecs
03-25 03:44:06.981    54    54 D         : probe of gpio-keys returned 0 after 35 usecs
03-25 03:44:06.981     1     1 D         : probe of trusty:sprd-tshm returned 1 after 206 usecs
03-25 03:44:06.981     1     1 D         : initcall __cfi_check+0x220/0x230 [sprd_shm] returned 0 after 492 usecs
03-25 03:44:06.981     1     1 I init    : Loaded kernel module /lib/modules/sprd_shm.ko
03-25 03:44:06.981     1     1 I init    : Loading module /lib/modules/gpio-eic-sprd.ko with args ''
03-25 03:44:06.984     1     1 D         : calling  __cfi_check+0x20c/0x22c [gpio_eic_sprd] @ 1
03-25 03:44:06.984    54    54 D         : probe of 200a0000.serial returned -517 after 0 usecs
03-25 03:44:06.984    54    54 D         : probe of gpio-keys returned 0 after 39 usecs
03-25 03:44:06.984     1     1 D         : probe of 64100000.gpio returned 1 after 228 usecs
03-25 03:44:06.984    54    54 D         : probe of 200a0000.serial returned -517 after 0 usecs
03-25 03:44:06.984    54    54 D         : probe of gpio-keys returned 0 after 30 usecs
03-25 03:44:06.984     1     1 D         : probe of 64100080.gpio returned 1 after 136 usecs
03-25 03:44:06.984    54    54 D         : probe of 200a0000.serial returned -517 after 0 usecs
03-25 03:44:06.984    54    54 D         : probe of gpio-keys returned 0 after 19 usecs
03-25 03:44:06.984     1     1 D         : probe of 641000a0.gpio returned 1 after 125 usecs
03-25 03:44:06.984    54    54 D         : probe of 200a0000.serial returned -517 after 0 usecs
03-25 03:44:06.984    54    54 D         : probe of gpio-keys returned 0 after 20 usecs
03-25 03:44:06.984     1     1 D         : probe of 641000c0.gpio returned 1 after 183 usecs
03-25 03:44:06.985     1     1 D         : initcall __cfi_check+0x20c/0x22c [gpio_eic_sprd] returned 0 after 1023 usecs
03-25 03:44:06.985     1     1 I init    : Loaded kernel module /lib/modules/gpio-eic-sprd.ko
03-25 03:44:06.985     1     1 I init    : Loading module /lib/modules/gpio-sprd.ko with args ''
03-25 03:44:06.987     1     1 D         : calling  __cfi_check+0x1e8/0x208 [gpio_sprd] @ 1
03-25 03:44:06.987    54    54 D         : probe of 200a0000.serial returned -517 after 0 usecs
03-25 03:44:06.987    54    54 D         : probe of gpio-keys returned 0 after 37 usecs
03-25 03:44:06.988     1     1 D         : probe of 641b0000.gpio returned 1 after 696 usecs
03-25 03:44:06.988     1     1 D         : initcall __cfi_check+0x1e8/0x208 [gpio_sprd] returned 0 after 936 usecs
03-25 03:44:06.988     1     1 I init    : Loaded kernel module /lib/modules/gpio-sprd.ko
03-25 03:44:06.988     1     1 I init    : Loading module /lib/modules/gpio-pmic-eic-sprd.ko with args ''
03-25 03:44:06.990     1     1 D         : calling  __cfi_check+0x1e8/0x224 [gpio_pmic_eic_sprd] @ 1
03-25 03:44:06.990    54    54 D         : probe of 200a0000.serial returned -517 after 0 usecs
03-25 03:44:06.990     1     1 D         : probe of 64200000.spi:pmic@0:gpio@280 returned 1 after 304 usecs
03-25 03:44:06.991    54    54 I input   : gpio-keys as /devices/platform/gpio-keys/input/input34
03-25 03:44:06.991    54    54 D         : probe of gpio-keys returned 1 after 538 usecs
03-25 03:44:06.991    54    54 D         : probe of 200a0000.serial returned -517 after 0 usecs
03-25 03:44:06.991     1     1 D         : initcall __cfi_check+0x1e8/0x224 [gpio_pmic_eic_sprd] returned 0 after 1037 usecs
03-25 03:44:06.991     1     1 I init    : Loaded kernel module /lib/modules/gpio-pmic-eic-sprd.ko
03-25 03:44:06.991     1     1 I init    : Loading module /lib/modules/mmc_swcq.ko with args ''
03-25 03:44:06.994     1     1 I init    : Loaded kernel module /lib/modules/mmc_swcq.ko
03-25 03:44:06.994     1     1 I init    : Loading module /lib/modules/mmc_hsq.ko with args ''
03-25 03:44:06.996     1     1 I init    : Loaded kernel module /lib/modules/mmc_hsq.ko
03-25 03:44:06.996     1     1 I init    : Loading module /lib/modules/sdhci-sprd.ko with args ''
03-25 03:44:07.000     1     1 D         : calling  __cfi_check+0x534/0x558 [sdhci_sprd] @ 1
03-25 03:44:07.001     1     1 I         : [notice] swcq init finish.
03-25 03:44:07.027     1     1 I mmc0    : SDHCI controller on 201d0000.sdio [201d0000.sdio] using ADMA 64-bit
03-25 03:44:07.027   211   211 I         : irq/27-mmc0 (211) used greatest stack depth: 14224 bytes left
03-25 03:44:07.028     1     1 E mmc0    : (WP) can not read the property of sprd wp_fn
03-25 03:44:07.028     1     1 I mmc0_ffu: (FFU) create chardev(508:1)
03-25 03:44:07.028   201   201 D         : probe of 200a0000.serial returned -517 after 1 usecs
03-25 03:44:07.028     1     1 D         : probe of 201d0000.sdio returned 1 after 27622 usecs
03-25 03:44:07.028     1     1 I sdhci_sprd_r11 201a0000.sdio: Got CD GPIO
03-25 03:44:07.028     1     1 W         : read sdio fast hotplug sd-hotplug-rmldo-en-syscon regmap fail
03-25 03:44:07.055     1     1 I mmc1    : SDHCI controller on 201a0000.sdio [201a0000.sdio] using ADMA 64-bit
03-25 03:44:07.055     1     1 E mmc1    : (WP) can not read the property of sprd wp_fn
03-25 03:44:07.055   205   205 D         : probe of 200a0000.serial returned -517 after 1 usecs
03-25 03:44:07.055     1     1 D         : probe of 201a0000.sdio returned 1 after 27355 usecs
03-25 03:44:07.082     1     1 I mmc2    : SDHCI controller on 201b0000.sdio [201b0000.sdio] using ADMA 64-bit
03-25 03:44:07.082     1     1 E mmc2    : (WP) can not read the property of sprd wp_fn
03-25 03:44:07.082   176   176 D         : probe of 200a0000.serial returned -517 after 1 usecs
03-25 03:44:07.082     1     1 D         : probe of 201b0000.sdio returned 1 after 26603 usecs
03-25 03:44:07.082     0     0 E         : c0 [    C0] mmc2: sprd-sdhci: CMD52 Error 0x00018001 0x08000047 0x10000000 0x00000000
03-25 03:44:07.082     1     1 D         : initcall __cfi_check+0x534/0x558 [sdhci_sprd] returned 0 after 80011 usecs
03-25 03:44:07.082     1     1 I init    : Loaded kernel module /lib/modules/sdhci-sprd.ko
03-25 03:44:07.082     1     1 I init    : Loading module /lib/modules/sprd_pmic_refout.ko with args ''
03-25 03:44:07.082     0     0 E         : c0 [    C0] mmc2: sprd-sdhci: CMD52 Error 0x00018001 0x08000047 0x10000000 0x00000000
03-25 03:44:07.084     1     1 D         : calling  __cfi_check+0xf8/0x10c [sprd_pmic_refout] @ 1
03-25 03:44:07.085     1     1 W         : sprd_pmic_refout_probe start
03-25 03:44:07.085     1     1 W         : sprd_pmic_refout_probe end
03-25 03:44:07.085    43    43 D         : probe of 200a0000.serial returned -517 after 0 usecs
03-25 03:44:07.085     1     1 D         : probe of 64200000.spi:pmic@0:refout@1800 returned 1 after 92 usecs
03-25 03:44:07.085     1     1 D         : initcall __cfi_check+0xf8/0x10c [sprd_pmic_refout] returned 0 after 384 usecs
03-25 03:44:07.085     1     1 I init    : Loaded kernel module /lib/modules/sprd_pmic_refout.ko
03-25 03:44:07.085     1     1 I init    : Loading module /lib/modules/nq-nci.ko with args ''
03-25 03:44:07.087     0     0 E         : c0 [    C0] mmc2: sprd-sdhci: CMD5 Error 0x00018001 0x08000047 0x10000000 0x00000000
03-25 03:44:07.088     0     0 E         : c0 [    C0] mmc2: sprd-sdhci: CMD5 Error 0x00018001 0x08000047 0x10000000 0x00000000
03-25 03:44:07.088     1     1 D         : calling  __cfi_check+0x220/0x260 [nq_nci] @ 1
03-25 03:44:07.088     1     1 W         : nqx_dev_init
03-25 03:44:07.088     1     1 D         : initcall __cfi_check+0x220/0x260 [nq_nci] returned 0 after 52 usecs
03-25 03:44:07.088     9     9 E pn557 2-0028: nqx_probe: enter
03-25 03:44:07.088     9     9 W         : nqx_probe
03-25 03:44:07.088     0     0 E         : c0 [    C0] mmc2: sprd-sdhci: CMD5 Error 0x00018000 0x08000047 0x10000000 0x00000000
03-25 03:44:07.088     9     9 E pn557 2-0028: nqx_probe: ese gpio not provided
03-25 03:44:07.088     9     9 W         : nqx_probe irq is :90  irqn_clk is :91
03-25 03:44:07.088     0     0 E         : c0 [    C0] mmc2: sprd-sdhci: CMD5 Error 0x00018001 0x08000047 0x10000000 0x00000000
03-25 03:44:07.088     9     9 E pn557 2-0028: nfc_ldo_config: regulator entry not present
03-25 03:44:07.088     9     9 E pn557 2-0028: nqx_probe: open 26m pmic clk
03-25 03:44:07.116     0     0 E         : c0 [    C0] mmc2: sprd-sdhci: CMD52 Error 0x00018000 0x08005647 0x10000000 0x00000000
03-25 03:44:07.116     0     0 E         : c0 [    C0] mmc2: sprd-sdhci: CMD52 Error 0x00018000 0x08005647 0x10000000 0x00000000
03-25 03:44:07.119     9     9 E pn557 2-0028: nfcc_hw_check: - i2c_master_send 0x20000100 rst cmdr
03-25 03:44:07.119     9     9 E pn557 2-0028: nfcc_hw_check: - is_data_available_for_read entry
03-25 03:44:07.121     0     0 E         : c0 [    C0] mmc2: sprd-sdhci: CMD5 Error 0x00018001 0x08005647 0x10000000 0x00000000
03-25 03:44:07.122     0     0 E         : c0 [    C0] mmc2: sprd-sdhci: CMD5 Error 0x00018001 0x08005647 0x10000000 0x00000000
03-25 03:44:07.122     0     0 E         : c0 [    C0] mmc2: sprd-sdhci: CMD5 Error 0x00018001 0x08005647 0x10000000 0x00000000
03-25 03:44:07.122     9     9 E pn557 2-0028: nfcc_hw_check: - nq - reset cmd answer : NfcNciRx 40 0 1
03-25 03:44:07.122     9     9 E pn557 2-0028: NQ NFCC chip_type = 41
03-25 03:44:07.122     9     9 E pn557 2-0028: NQ fw version = 12.1.16
03-25 03:44:07.122     9     9 E pn557 2-0028: nfcc_hw_check: - NFCC HW not Supported
03-25 03:44:07.122     9     9 E pn557 2-0028: nqx_probe: probing NFCC NQxxx exited successfully
03-25 03:44:07.122     9     9 D         : probe of 2-0028 returned 1 after 34440 usecs
03-25 03:44:07.122   172   172 D         : probe of 200a0000.serial returned -517 after 0 usecs
03-25 03:44:07.122     1     1 I init    : Loaded kernel module /lib/modules/nq-nci.ko
03-25 03:44:07.122     1     1 I init    : Loading module /lib/modules/sprd_pmic_syscon.ko with args ''
03-25 03:44:07.122     0     0 E         : c0 [    C0] mmc2: sprd-sdhci: CMD5 Error 0x00018000 0x08005647 0x10000000 0x00000000
03-25 03:44:07.124     1     1 D         : calling  __cfi_check+0xf4/0x114 [sprd_pmic_syscon] @ 1
03-25 03:44:07.125   205   205 D         : probe of 200a0000.serial returned -517 after 0 usecs
03-25 03:44:07.125     1     1 D         : probe of 64200000.spi:pmic@0:syscon@1800 returned 1 after 93 usecs
03-25 03:44:07.125     1     1 D         : initcall __cfi_check+0xf4/0x114 [sprd_pmic_syscon] returned 0 after 482 usecs
03-25 03:44:07.125     1     1 I init    : Loaded kernel module /lib/modules/sprd_pmic_syscon.ko
03-25 03:44:07.125     1     1 I init    : Loading module /lib/modules/sprd_pdbg.ko with args ''
03-25 03:44:07.128     1     1 D         : calling  ws_info_write+0x17c/0x19c [sprd_pdbg] @ 1
03-25 03:44:07.129   219   219 I         : [SPRD_PDBG] #---------PDBG LIGHT SLEEP START---------#
03-25 03:44:07.129   219   219 I         : [SPRD_PDBG] Last active Wakeup Source: ws_update
03-25 03:44:07.129   219   219 I         : [SPRD_PDBG] [SLP_STATE] deep: 0xffffffffffffffbc, light: 0xfffffffffffffffc
03-25 03:44:07.129   205   205 D         : probe of 200a0000.serial returned -517 after 0 usecs
03-25 03:44:07.129   219   219 I         : [SPRD_PDBG] [EB_INFO  ] ap1: 0xfffffffff8903ff8, ap2: 0xffffffffffffffff, aon1: 0xffffffcc2007e50a, aon2: 0xffffffff1e00007c
03-25 03:44:07.129     1     1 D         : probe of debuglog returned 1 after 568 usecs
03-25 03:44:07.129   219   219 I         : [SPRD_PDBG] [PD_INFO  ] 0xffffffffffffd1a0
03-25 03:44:07.129   219   219 I         : [SPRD_PDBG] [DEEP_CNT ]     0,     0,     1,     1,     1,     2,     1,
03-25 03:44:07.129   219   219 I         : [SPRD_PDBG] [LIGHT_CNT]     0,
03-25 03:44:07.129   219   219 I         : [SPRD_PDBG] [LPC_INFO ] 0xfffffffffffffffc
03-25 03:44:07.129   219   219 I         : [SPRD_PDBG] #---------PDBG LIGHT SLEEP END-----------#
03-25 03:44:07.129     1     1 D         : initcall ws_info_write+0x17c/0x19c [sprd_pdbg] returned 0 after 844 usecs
03-25 03:44:07.129     1     1 I init    : Loaded kernel module /lib/modules/sprd_pdbg.ko
03-25 03:44:07.129     1     1 I init    : Loading module /lib/modules/kfifo_buf.ko with args ''
03-25 03:44:07.131     1     1 I init    : Loaded kernel module /lib/modules/kfifo_buf.ko
03-25 03:44:07.131     1     1 I init    : Loading module /lib/modules/hardware_info.ko with args ''
03-25 03:44:07.134     1     1 D         : calling  __cfi_check+0x1bc/0x294 [hardware_info] @ 1
03-25 03:44:07.134     1     1 W         : [HWINFO] HardwareInfo_driver_probe!
03-25 03:44:07.134     1     1 W         : [HWINFO](gpio_sdcard = 355)
03-25 03:44:07.134     1     1 W         : [HWINFO] nicky-gpio not available (nicky_gpio = -2)
03-25 03:44:07.134   205   205 D         : probe of 200a0000.serial returned -517 after 0 usecs
03-25 03:44:07.134     1     1 D         : probe of HardwareInfo returned 1 after 179 usecs
03-25 03:44:07.134     1     1 D         : initcall __cfi_check+0x1bc/0x294 [hardware_info] returned 0 after 462 usecs
03-25 03:44:07.134     1     1 I init    : Loaded kernel module /lib/modules/hardware_info.ko
03-25 03:44:07.134     1     1 I init    : Loading module /lib/modules/sprd_power_manager.ko with args ''
03-25 03:44:07.137     1     1 D         : calling  __typeid__ZTSFijE_global_addr+0x18/0x38 [sprd_power_manager] @ 1
03-25 03:44:07.137     1     1 D         : initcall __typeid__ZTSFijE_global_addr+0x18/0x38 [sprd_power_manager] returned 0 after 20 usecs
03-25 03:44:07.137     1     1 I init    : Loaded kernel module /lib/modules/sprd_power_manager.ko
03-25 03:44:07.137     1     1 I init    : Loading module /lib/modules/unisoc-mailbox.ko with args ''
03-25 03:44:07.139     1     1 D         : calling  sprd_mbox_process_rx_fifo+0x104/0x110 [unisoc_mailbox] @ 1
03-25 03:44:07.140     1     1 I unisoc-mailbox 641c0000.mailbox: probe done, version=0x200
03-25 03:44:07.140   205   205 D         : probe of 200a0000.serial returned -517 after 0 usecs
03-25 03:44:07.140     1     1 D         : probe of 641c0000.mailbox returned 1 after 611 usecs
03-25 03:44:07.140     1     1 D         : initcall sprd_mbox_process_rx_fifo+0x104/0x110 [unisoc_mailbox] returned 0 after 889 usecs
03-25 03:44:07.140     1     1 I init    : Loaded kernel module /lib/modules/unisoc-mailbox.ko
03-25 03:44:07.140     1     1 I init    : Loading module /lib/modules/sipc-core.ko with args ''
03-25 03:44:07.145     1     1 D         : calling  sprd_add_action_ex+0x10c/0x164 [sipc_core] @ 1
03-25 03:44:07.146     1     1 D         : initcall sprd_add_action_ex+0x10c/0x164 [sipc_core] returned 0 after 322 usecs
03-25 03:44:07.146     1     1 I init    : Loaded kernel module /lib/modules/sipc-core.ko
03-25 03:44:07.146     1     1 I init    : Loading module /lib/modules/sensorhub.ko with args ''
03-25 03:44:07.148     1     1 D         : calling  shub_dispatch+0x2d4/0x2e0 [sensorhub] @ 1
03-25 03:44:07.148     1     1 I sprd-sensorhub: sipc_sensorhub_id=6
03-25 03:44:07.150   205   205 D         : probe of 200a0000.serial returned -517 after 0 usecs
03-25 03:44:07.150     1     1 D         : probe of sprd-sensorhub returned 1 after 1280 usecs
03-25 03:44:07.150     1     1 D         : initcall shub_dispatch+0x2d4/0x2e0 [sensorhub] returned 0 after 1547 usecs
03-25 03:44:07.150     1     1 I init    : Loaded kernel module /lib/modules/sensorhub.ko
03-25 03:44:07.150     0     0 E         : c0 [    C0] mmc2: sprd-sdhci: CMD52 Error 0x00018001 0x08000087 0x10000000 0x00000000
03-25 03:44:07.150     1     1 I init    : Loading module /lib/modules/sprd-sipc-virt-bus.ko with args ''
03-25 03:44:07.151     0     0 E         : c0 [    C0] mmc2: sprd-sdhci: CMD52 Error 0x00018000 0x08000087 0x10000000 0x00000000
03-25 03:44:07.152     1     1 D         : calling  __cfi_check+0x88/0x94 [sprd_sipc_virt_bus] @ 1
03-25 03:44:07.152     1     1 I sprd-sipc sipc-virt: core@5: label  =sipc-lte
03-25 03:44:07.152     1     1 I sprd-sipc sipc-virt: core@5: dst    =5
03-25 03:44:07.152     1     1 I sprd-sipc sipc-virt: core@5: smem count=0, base=0x8e000000, dstbase=0x8e000000, size=0x900000
03-25 03:44:07.152     1     1 I         : unisoc-mailbox sipc-lte
03-25 03:44:07.152     1     1 I sprd-smem: pool addr = 0x8e000000, size = 0x900000 added.
03-25 03:44:07.152     1     1 I unisoc-mailbox 641c0000.mailbox: startup chan-2
03-25 03:44:07.152     1     1 I sprd-sipc sipc-virt: core@5: sprd ipc probe success
03-25 03:44:07.154   205   205 D         : probe of 200a0000.serial returned -517 after 0 usecs
03-25 03:44:07.154     1     1 D         : probe of sipc-virt:core@5 returned 1 after 1281 usecs
03-25 03:44:07.154     1     1 I sprd-sipc sipc-virt: core@6: label  =sipc-pmsys
03-25 03:44:07.154     1     1 I sprd-sipc sipc-virt: core@6: dst    =6
03-25 03:44:07.154     1     1 I sprd-sipc sipc-virt: core@6: smem count=0, base=0x6500a400, dstbase=0x2000a400, size=0x2000
03-25 03:44:07.154     1     1 I sprd-sipc sipc-virt: core@6: smem count=1, base=0x88000000, dstbase=0x18000000, size=0x40000
03-25 03:44:07.154     1     1 I         : unisoc-mailbox sipc-pmsys
03-25 03:44:07.154     1     1 I sprd-smem: pool addr = 0x6500a400, size = 0x2000 added.
03-25 03:44:07.154     1     1 I sprd-smem: pool addr = 0x88000000, size = 0x40000 added.
03-25 03:44:07.154     1     1 I unisoc-mailbox 641c0000.mailbox: startup chan-1
03-25 03:44:07.154     1     1 I unisoc-mailbox 641c0000.mailbox: startup chan-6
03-25 03:44:07.154     1     1 I sprd-sipc sipc-virt: core@6: sprd ipc probe success
03-25 03:44:07.154     1     1 E debugfs : Directory 'sipc' with parent '/' already present!
03-25 03:44:07.154   205   205 D         : probe of 200a0000.serial returned -517 after 0 usecs
03-25 03:44:07.154     1     1 D         : probe of sipc-virt:core@6 returned 1 after 362 usecs
03-25 03:44:07.154     1     1 I sprd_time_sync sipc-virt: time_sync: start parse sprd_time_sync
03-25 03:44:07.154     1     1 I sprd_time_sync sipc-virt: time_sync: success parse sprd_time_sync
03-25 03:44:07.154   205   205 D         : probe of 200a0000.serial returned -517 after 0 usecs
03-25 03:44:07.154     1     1 D         : probe of sipc-virt:time_sync returned 1 after 77 usecs
03-25 03:44:07.154     1     1 I unisoc-sipc-virt-bus sipc-virt: Populate sub sipc-virt-bus success
03-25 03:44:07.154   205   205 D         : probe of 200a0000.serial returned -517 after 0 usecs
03-25 03:44:07.154     1     1 D         : probe of sipc-virt returned 1 after 2391 usecs
03-25 03:44:07.154     1     1 D         : initcall __cfi_check+0x88/0x94 [sprd_sipc_virt_bus] returned 0 after 2617 usecs
03-25 03:44:07.155     1     1 I init    : Loaded kernel module /lib/modules/sprd-sipc-virt-bus.ko
03-25 03:44:07.155     1     1 I init    : Loading module /lib/modules/spipe.ko with args ''
03-25 03:44:07.156     0     0 E         : c0 [    C0] mmc2: sprd-sdhci: CMD5 Error 0x00018000 0x08000087 0x10000000 0x00000000
03-25 03:44:07.157     0     0 E         : c0 [    C0] mmc2: sprd-sdhci: CMD5 Error 0x00018001 0x08000087 0x10000000 0x00000000
03-25 03:44:07.157     1     1 D         : calling  __cfi_check+0x1b4/0x1e0 [spipe] @ 1
03-25 03:44:07.157     1     1 I sprd-spipe sipc-virt: core@5:channel@4: After parse device tree, name=spipe_lte, dst=5, channel=4, ringnr=20,  rxbuf_size=0x1000, txbuf_size=0x1000
03-25 03:44:07.157     1     1 I sprd-sbuf: channel 5-4, offset = 0x0!
03-25 03:44:07.157     0     0 E         : c0 [    C0] mmc2: sprd-sdhci: CMD5 Error 0x00018000 0x08000087 0x10000000 0x00000000
03-25 03:44:07.157   224   224 I         : unisoc-mailbox channel 5-4 send open msg!
03-25 03:44:07.158   205   205 D         : probe of 200a0000.serial returned -517 after 0 usecs
03-25 03:44:07.158     1     1 D         : probe of sipc-virt:core@5:channel@4 returned 1 after 616 usecs
03-25 03:44:07.158     1     1 I sprd-spipe sipc-virt: core@5:channel@6: After parse device tree, name=stty_lte, dst=5, channel=6, ringnr=32,  rxbuf_size=0x800, txbuf_size=0x800
03-25 03:44:07.158     1     1 I sprd-sbuf: channel 5-6, offset = 0x0!
03-25 03:44:07.158     0     0 E         : c0 [    C0] mmc2: sprd-sdhci: CMD5 Error 0x00018000 0x08000087 0x10000000 0x00000000
03-25 03:44:07.158   225   225 I         : unisoc-mailbox channel 5-6 send open msg!
03-25 03:44:07.158   205   205 D         : probe of 200a0000.serial returned -517 after 0 usecs
03-25 03:44:07.158     1     1 D         : probe of sipc-virt:core@5:channel@6 returned 1 after 714 usecs
03-25 03:44:07.158     1     1 I sprd-spipe sipc-virt: core@5:channel@21: After parse device tree, name=sdiag_lte, dst=5, channel=21, ringnr=1,  rxbuf_size=0x20000, txbuf_size=0x8000
03-25 03:44:07.158     1     1 I sprd-sbuf: channel 5-21, offset = 0x0!
03-25 03:44:07.159   226   226 I         : unisoc-mailbox channel 5-21 send open msg!
03-25 03:44:07.159   205   205 D         : probe of 200a0000.serial returned -517 after 0 usecs
03-25 03:44:07.159     1     1 D         : probe of sipc-virt:core@5:channel@21 returned 1 after 161 usecs
03-25 03:44:07.159     1     1 I sprd-spipe sipc-virt: core@6:channel@4: After parse device tree, name=spipe_pm, dst=6, channel=4, ringnr=2,  rxbuf_size=0xb00, txbuf_size=0x180
03-25 03:44:07.159     1     1 I sprd-sbuf: channel 6-4, offset = 0x0!
03-25 03:44:07.159   227   227 I         : unisoc-mailbox channel 6-4 send open msg!
03-25 03:44:07.159   205   205 D         : probe of 200a0000.serial returned -517 after 0 usecs
03-25 03:44:07.159     1     1 D         : probe of sipc-virt:core@6:channel@4 returned 1 after 157 usecs
03-25 03:44:07.159     1     1 I sprd-spipe sipc-virt: core@6:channel@5: After parse device tree, name=slog_pm, dst=6, channel=5, ringnr=1,  rxbuf_size=0x500, txbuf_size=0x0
03-25 03:44:07.159     1     1 I sprd-sbuf: channel 6-5, offset = 0x0!
03-25 03:44:07.159   228   228 I         : unisoc-mailbox channel 6-5 send open msg!
03-25 03:44:07.159   205   205 D         : probe of 200a0000.serial returned -517 after 0 usecs
03-25 03:44:07.159     1     1 D         : probe of sipc-virt:core@6:channel@5 returned 1 after 136 usecs
03-25 03:44:07.159     1     1 I sprd-spipe sipc-virt: core@6:channel@6: After parse device tree, name=sctl_pm, dst=6, channel=6, ringnr=1,  rxbuf_size=0x40, txbuf_size=0x20
03-25 03:44:07.159     1     1 I sprd-sbuf: channel 6-6, offset = 0x0!
03-25 03:44:07.159   229   229 I         : unisoc-mailbox channel 6-6 send open msg!
03-25 03:44:07.159   205   205 D         : probe of 200a0000.serial returned -517 after 0 usecs
03-25 03:44:07.159     1     1 D         : probe of sipc-virt:core@6:channel@6 returned 1 after 156 usecs
03-25 03:44:07.159     1     1 I sprd-spipe sipc-virt: core@6:channel@7: After parse device tree, name=data0_gnss, dst=6, channel=7, ringnr=1,  rxbuf_size=0x20000, txbuf_size=0x18000
03-25 03:44:07.159     1     1 I sprd-sbuf: channel 6-7, offset = 0x0!
03-25 03:44:07.159   230   230 I         : unisoc-mailbox channel 6-7 send open msg!
03-25 03:44:07.159   205   205 D         : probe of 200a0000.serial returned -517 after 0 usecs
03-25 03:44:07.159     1     1 D         : probe of sipc-virt:core@6:channel@7 returned 1 after 128 usecs
03-25 03:44:07.159     1     1 I sprd-spipe sipc-virt: core@6:channel@41: After parse device tree, name=stime_pm, dst=6, channel=41, ringnr=1,  rxbuf_size=0x40, txbuf_size=0x80
03-25 03:44:07.159     1     1 I sprd-sbuf: channel 6-41, offset = 0x0!
03-25 03:44:07.159   231   231 I         : unisoc-mailbox channel 6-41 send open msg!
03-25 03:44:07.159   205   205 D         : probe of 200a0000.serial returned -517 after 0 usecs
03-25 03:44:07.159     1     1 D         : probe of sipc-virt:core@6:channel@41 returned 1 after 126 usecs
03-25 03:44:07.159     1     1 D         : initcall __cfi_check+0x1b4/0x1e0 [spipe] returned 0 after 2509 usecs
03-25 03:44:07.159     1     1 I init    : Loaded kernel module /lib/modules/spipe.ko
03-25 03:44:07.160     1     1 I init    : Loading module /lib/modules/spool.ko with args ''
03-25 03:44:07.162     1     1 D         : calling  __cfi_check+0x1d8/0x208 [spool] @ 1
03-25 03:44:07.162     1     1 I sprd-spool sipc-virt: core@5:channel@2: name=imsbr_data, dst=5, channel=2, pre_cfg=0
03-25 03:44:07.162     1     1 I sprd-spool sipc-virt: core@5:channel@2: tx_num=64, tx_size=1524, rx_num=64, rx_size=1524
03-25 03:44:07.162   232   232 I         : unisoc-mailbox channel 5-2 send open msg!
03-25 03:44:07.162   205   205 D         : probe of 200a0000.serial returned -517 after 0 usecs
03-25 03:44:07.162     1     1 D         : probe of sipc-virt:core@5:channel@2 returned 1 after 301 usecs
03-25 03:44:07.162     1     1 I sprd-spool sipc-virt: core@5:channel@3: name=imsbr_ctrl, dst=5, channel=3, pre_cfg=0
03-25 03:44:07.162     1     1 I sprd-spool sipc-virt: core@5:channel@3: tx_num=64, tx_size=128, rx_num=64, rx_size=128
03-25 03:44:07.162   233   233 I         : unisoc-mailbox channel 5-3 send open msg!
03-25 03:44:07.162   205   205 D         : probe of 200a0000.serial returned -517 after 0 usecs
03-25 03:44:07.162     1     1 D         : probe of sipc-virt:core@5:channel@3 returned 1 after 247 usecs
03-25 03:44:07.162     1     1 I sprd-spool sipc-virt: core@5:channel@5: name=slog_lte, dst=5, channel=5, pre_cfg=0
03-25 03:44:07.162     1     1 I sprd-spool sipc-virt: core@5:channel@5: tx_num=0, tx_size=0, rx_num=256, rx_size=4096
03-25 03:44:07.163   234   234 I         : unisoc-mailbox channel 5-5 send open msg!
03-25 03:44:07.163   205   205 D         : probe of 200a0000.serial returned -517 after 0 usecs
03-25 03:44:07.163     1     1 D         : probe of sipc-virt:core@5:channel@5 returned 1 after 336 usecs
03-25 03:44:07.163     1     1 D         : initcall __cfi_check+0x1d8/0x208 [spool] returned 0 after 1222 usecs
03-25 03:44:07.163     1     1 I init    : Loaded kernel module /lib/modules/spool.ko
03-25 03:44:07.163     1     1 I init    : Loading module /lib/modules/sipx.ko with args ''
03-25 03:44:07.165     1     1 D         : calling  __cfi_check+0x2f0/0x314 [sipx] @ 1
03-25 03:44:07.166     1     1 I sprd-sipx sipc-virt: core@5:route@0: label  =sipx_lte
03-25 03:44:07.166     1     1 I sprd-sipx sipc-virt: core@5:route@0: dst    =5
03-25 03:44:07.166     1     1 I sprd-sipx sipc-virt: core@5:route@0: sprd,dl-pool =2048
03-25 03:44:07.166     1     1 I sprd-sipx sipc-virt: core@5:route@0: parse dt, name=sipx_lte, dst=5, pool size=2048, 64, 2048, 1024
03-25 03:44:07.166     1     1 I sprd-sipx: offset = 0x0!
03-25 03:44:07.182   205   205 D         : probe of 200a0000.serial returned -517 after 0 usecs
03-25 03:44:07.182     1     1 D         : probe of sipc-virt:core@5:route@0 returned 1 after 16760 usecs
03-25 03:44:07.183     1     1 D         : initcall __cfi_check+0x2f0/0x314 [sipx] returned 0 after 16689 usecs
03-25 03:44:07.183     1     1 I init    : Loaded kernel module /lib/modules/sipx.ko
03-25 03:44:07.183     1     1 I init    : Loading module /lib/modules/seth.ko with args ''
03-25 03:44:07.185     1     1 D         : calling  __cfi_check+0x368/0x3d4 [seth] @ 1
03-25 03:44:07.185     0     0 E         : c0 [    C0] mmc2: sprd-sdhci: CMD52 Error 0x00018000 0x08000087 0x10000000 0x00000000
03-25 03:44:07.185     1     1 I sprd-seth sipc-virt: core@5:channel@7: channel =7
03-25 03:44:07.185     1     1 I sprd-seth sipc-virt: core@5:channel@7: dst    =5
03-25 03:44:07.185     1     1 I sprd-seth sipc-virt: core@5:channel@7: sprd,blknum =256
03-25 03:44:07.185     1     1 I sprd-seth sipc-virt: core@5:channel@7: after parse dt, name=seth_lte0, dst=5, channel=7, blocknum=256
03-25 03:44:07.185     1     1 I sprd-sipx: sipx_chan_create
03-25 03:44:07.185     1     1 I sprd-sipx: offset = 0x0!
03-25 03:44:07.186   235   235 I         : unisoc-mailbox channel 5-7 send open msg!
03-25 03:44:07.186   205   205 D         : probe of 200a0000.serial returned -517 after 1 usecs
03-25 03:44:07.186     1     1 D         : probe of sipc-virt:core@5:channel@7 returned 1 after 557 usecs
03-25 03:44:07.186     1     1 I sprd-seth sipc-virt: core@5:channel@8: channel =8
03-25 03:44:07.186     1     1 I sprd-seth sipc-virt: core@5:channel@8: dst    =5
03-25 03:44:07.186     1     1 I sprd-seth sipc-virt: core@5:channel@8: sprd,blknum =256
03-25 03:44:07.186     1     1 I sprd-seth sipc-virt: core@5:channel@8: after parse dt, name=seth_lte1, dst=5, channel=8, blocknum=256
03-25 03:44:07.186     1     1 I sprd-sipx: sipx_chan_create
03-25 03:44:07.186     1     1 I sprd-sipx: offset = 0x0!
03-25 03:44:07.186     0     0 E         : c0 [    C0] mmc2: sprd-sdhci: CMD52 Error 0x00018000 0x08000087 0x10000000 0x00000000
03-25 03:44:07.186   236   236 I         : unisoc-mailbox channel 5-8 send open msg!
03-25 03:44:07.186     1     1 E debugfs : File 'gro_enable' in directory 'seth' already present!
03-25 03:44:07.186   205   205 D         : probe of 200a0000.serial returned -517 after 0 usecs
03-25 03:44:07.186     1     1 D         : probe of sipc-virt:core@5:channel@8 returned 1 after 404 usecs
03-25 03:44:07.186     1     1 I sprd-seth sipc-virt: core@5:channel@9: channel =9
03-25 03:44:07.186     1     1 I sprd-seth sipc-virt: core@5:channel@9: dst    =5
03-25 03:44:07.186     1     1 I sprd-seth sipc-virt: core@5:channel@9: sprd,blknum =256
03-25 03:44:07.186     1     1 I sprd-seth sipc-virt: core@5:channel@9: after parse dt, name=seth_lte2, dst=5, channel=9, blocknum=256
03-25 03:44:07.186     1     1 I sprd-sipx: sipx_chan_create
03-25 03:44:07.186     1     1 I sprd-sipx: offset = 0x0!
03-25 03:44:07.187   237   237 I         : unisoc-mailbox channel 5-9 send open msg!
03-25 03:44:07.187     1     1 E debugfs : File 'gro_enable' in directory 'seth' already present!
03-25 03:44:07.187   205   205 D         : probe of 200a0000.serial returned -517 after 0 usecs
03-25 03:44:07.187     1     1 D         : probe of sipc-virt:core@5:channel@9 returned 1 after 324 usecs
03-25 03:44:07.187     1     1 I sprd-seth sipc-virt: core@5:channel@18: channel =18
03-25 03:44:07.187     1     1 I sprd-seth sipc-virt: core@5:channel@18: dst    =5
03-25 03:44:07.187     1     1 I sprd-seth sipc-virt: core@5:channel@18: sprd,blknum =256
03-25 03:44:07.187     1     1 I sprd-seth sipc-virt: core@5:channel@18: after parse dt, name=seth_lte3, dst=5, channel=18, blocknum=256
03-25 03:44:07.187     1     1 I sprd-sipx: sipx_chan_create
03-25 03:44:07.187     1     1 I sprd-sipx: offset = 0x0!
03-25 03:44:07.187   238   238 I         : unisoc-mailbox channel 5-18 send open msg!
03-25 03:44:07.187     1     1 E debugfs : File 'gro_enable' in directory 'seth' already present!
03-25 03:44:07.187   205   205 D         : probe of 200a0000.serial returned -517 after 0 usecs
03-25 03:44:07.187     1     1 D         : probe of sipc-virt:core@5:channel@18 returned 1 after 302 usecs
03-25 03:44:07.187     1     1 I sprd-seth sipc-virt: core@5:channel@19: channel =19
03-25 03:44:07.187     1     1 I sprd-seth sipc-virt: core@5:channel@19: dst    =5
03-25 03:44:07.187     1     1 I sprd-seth sipc-virt: core@5:channel@19: sprd,blknum =256
03-25 03:44:07.187     1     1 I sprd-seth sipc-virt: core@5:channel@19: after parse dt, name=seth_lte4, dst=5, channel=19, blocknum=256
03-25 03:44:07.187     1     1 I sprd-sipx: sipx_chan_create
03-25 03:44:07.187     1     1 I sprd-sipx: offset = 0x0!
03-25 03:44:07.187   239   239 I         : unisoc-mailbox channel 5-19 send open msg!
03-25 03:44:07.187     1     1 E debugfs : File 'gro_enable' in directory 'seth' already present!
03-25 03:44:07.187   205   205 D         : probe of 200a0000.serial returned -517 after 0 usecs
03-25 03:44:07.187     1     1 D         : probe of sipc-virt:core@5:channel@19 returned 1 after 304 usecs
03-25 03:44:07.187     1     1 I sprd-seth sipc-virt: core@5:channel@20: channel =20
03-25 03:44:07.187     1     1 I sprd-seth sipc-virt: core@5:channel@20: dst    =5
03-25 03:44:07.187     1     1 I sprd-seth sipc-virt: core@5:channel@20: sprd,blknum =256
03-25 03:44:07.187     1     1 I sprd-seth sipc-virt: core@5:channel@20: after parse dt, name=seth_lte5, dst=5, channel=20, blocknum=256
03-25 03:44:07.187     1     1 I sprd-sipx: sipx_chan_create
03-25 03:44:07.187     1     1 I sprd-sipx: offset = 0x0!
03-25 03:44:07.187   240   240 I         : unisoc-mailbox channel 5-20 send open msg!
03-25 03:44:07.188     1     1 E debugfs : File 'gro_enable' in directory 'seth' already present!
03-25 03:44:07.188   205   205 D         : probe of 200a0000.serial returned -517 after 0 usecs
03-25 03:44:07.188     1     1 D         : probe of sipc-virt:core@5:channel@20 returned 1 after 307 usecs
03-25 03:44:07.188     1     1 I sprd-seth sipc-virt: core@5:channel@24: channel =24
03-25 03:44:07.188     1     1 I sprd-seth sipc-virt: core@5:channel@24: dst    =5
03-25 03:44:07.188     1     1 I sprd-seth sipc-virt: core@5:channel@24: sprd,blknum =256
03-25 03:44:07.188     1     1 I sprd-seth sipc-virt: core@5:channel@24: after parse dt, name=seth_lte6, dst=5, channel=24, blocknum=256
03-25 03:44:07.188     1     1 I sprd-sipx: sipx_chan_create
03-25 03:44:07.188     1     1 I sprd-sipx: offset = 0x0!
03-25 03:44:07.188   241   241 I         : unisoc-mailbox channel 5-24 send open msg!
03-25 03:44:07.188     1     1 E debugfs : File 'gro_enable' in directory 'seth' already present!
03-25 03:44:07.188   205   205 D         : probe of 200a0000.serial returned -517 after 0 usecs
03-25 03:44:07.188     1     1 D         : probe of sipc-virt:core@5:channel@24 returned 1 after 293 usecs
03-25 03:44:07.188     1     1 I sprd-seth sipc-virt: core@5:channel@25: channel =25
03-25 03:44:07.188     1     1 I sprd-seth sipc-virt: core@5:channel@25: dst    =5
03-25 03:44:07.188     1     1 I sprd-seth sipc-virt: core@5:channel@25: sprd,blknum =256
03-25 03:44:07.188     1     1 I sprd-seth sipc-virt: core@5:channel@25: after parse dt, name=seth_lte7, dst=5, channel=25, blocknum=256
03-25 03:44:07.188     1     1 I sprd-sipx: sipx_chan_create
03-25 03:44:07.188     1     1 I sprd-sipx: offset = 0x0!
03-25 03:44:07.188   242   242 I         : unisoc-mailbox channel 5-25 send open msg!
03-25 03:44:07.188     1     1 E debugfs : File 'gro_enable' in directory 'seth' already present!
03-25 03:44:07.188   205   205 D         : probe of 200a0000.serial returned -517 after 0 usecs
03-25 03:44:07.188     1     1 D         : probe of sipc-virt:core@5:channel@25 returned 1 after 303 usecs
03-25 03:44:07.188     1     1 I sprd-seth sipc-virt: core@5:channel@26: channel =26
03-25 03:44:07.188     1     1 I sprd-seth sipc-virt: core@5:channel@26: dst    =5
03-25 03:44:07.188     1     1 I sprd-seth sipc-virt: core@5:channel@26: sprd,blknum =256
03-25 03:44:07.188     1     1 I sprd-seth sipc-virt: core@5:channel@26: after parse dt, name=seth_lte8, dst=5, channel=26, blocknum=256
03-25 03:44:07.188     1     1 I sprd-sipx: sipx_chan_create
03-25 03:44:07.188     1     1 I sprd-sipx: offset = 0x0!
03-25 03:44:07.188   243   243 I         : unisoc-mailbox channel 5-26 send open msg!
03-25 03:44:07.189     1     1 E debugfs : File 'gro_enable' in directory 'seth' already present!
03-25 03:44:07.189   205   205 D         : probe of 200a0000.serial returned -517 after 0 usecs
03-25 03:44:07.189     1     1 D         : probe of sipc-virt:core@5:channel@26 returned 1 after 324 usecs
03-25 03:44:07.189     1     1 I sprd-seth sipc-virt: core@5:channel@27: channel =27
