03-29 11:41:12.184     1     1 E debugfs : File 'gro_enable' in directory 'seth' already present!
03-29 11:41:12.184    53    53 D         : probe of 200a0000.serial returned -517 after 0 usecs
03-29 11:41:12.184     1     1 D         : probe of sipc-virt:core@5:channel@27 returned 1 after 510 usecs
03-29 11:41:12.184     1     1 I sprd-seth sipc-virt: core@5:channel@28: channel =28
03-29 11:41:12.184     1     1 I sprd-seth sipc-virt: core@5:channel@28: dst    =5
03-29 11:41:12.184     1     1 I sprd-seth sipc-virt: core@5:channel@28: sprd,blknum =256
03-29 11:41:12.184     1     1 I sprd-seth sipc-virt: core@5:channel@28: after parse dt, name=seth_lte10, dst=5, channel=28, blocknum=256
03-29 11:41:12.184     1     1 I sprd-sipx: sipx_chan_create
03-29 11:41:12.184     1     1 I sprd-sipx: offset = 0x0!
03-29 11:41:12.185   231   231 I         : unisoc-mailbox channel 5-28 send open msg!
03-29 11:41:12.185     1     1 E debugfs : File 'gro_enable' in directory 'seth' already present!
03-29 11:41:12.185    53    53 D         : probe of 200a0000.serial returned -517 after 0 usecs
03-29 11:41:12.185     1     1 D         : probe of sipc-virt:core@5:channel@28 returned 1 after 523 usecs
03-29 11:41:12.185     1     1 I sprd-seth sipc-virt: core@5:channel@29: channel =29
03-29 11:41:12.185     1     1 I sprd-seth sipc-virt: core@5:channel@29: dst    =5
03-29 11:41:12.185     1     1 I sprd-seth sipc-virt: core@5:channel@29: sprd,blknum =256
03-29 11:41:12.185     1     1 I sprd-seth sipc-virt: core@5:channel@29: after parse dt, name=seth_lte11, dst=5, channel=29, blocknum=256
03-29 11:41:12.185     1     1 I sprd-sipx: sipx_chan_create
03-29 11:41:12.185     1     1 I sprd-sipx: offset = 0x0!
03-29 11:41:12.185   232   232 I         : unisoc-mailbox channel 5-29 send open msg!
03-29 11:41:12.185     1     1 E debugfs : File 'gro_enable' in directory 'seth' already present!
03-29 11:41:12.185    48    48 D         : probe of 200a0000.serial returned -517 after 0 usecs
03-29 11:41:12.185     1     1 D         : probe of sipc-virt:core@5:channel@29 returned 1 after 706 usecs
03-29 11:41:12.185     1     1 I sprd-seth sipc-virt: core@5:channel@30: channel =30
03-29 11:41:12.185     1     1 I sprd-seth sipc-virt: core@5:channel@30: dst    =5
03-29 11:41:12.185     1     1 I sprd-seth sipc-virt: core@5:channel@30: sprd,blknum =256
03-29 11:41:12.185     1     1 I sprd-seth sipc-virt: core@5:channel@30: after parse dt, name=seth_lte12, dst=5, channel=30, blocknum=256
03-29 11:41:12.185     1     1 I sprd-sipx: sipx_chan_create
03-29 11:41:12.186     1     1 I sprd-sipx: offset = 0x0!
03-29 11:41:12.186   233   233 I         : unisoc-mailbox channel 5-30 send open msg!
03-29 11:41:12.186     1     1 E debugfs : File 'gro_enable' in directory 'seth' already present!
03-29 11:41:12.186    48    48 D         : probe of 200a0000.serial returned -517 after 0 usecs
03-29 11:41:12.186     1     1 D         : probe of sipc-virt:core@5:channel@30 returned 1 after 522 usecs
03-29 11:41:12.186     1     1 I sprd-seth sipc-virt: core@5:channel@31: channel =31
03-29 11:41:12.186     1     1 I sprd-seth sipc-virt: core@5:channel@31: dst    =5
03-29 11:41:12.186     1     1 I sprd-seth sipc-virt: core@5:channel@31: sprd,blknum =256
03-29 11:41:12.186     1     1 I sprd-seth sipc-virt: core@5:channel@31: after parse dt, name=seth_lte13, dst=5, channel=31, blocknum=256
03-29 11:41:12.186     1     1 I sprd-sipx: sipx_chan_create
03-29 11:41:12.186     1     1 I sprd-sipx: offset = 0x0!
03-29 11:41:12.186   234   234 I         : unisoc-mailbox channel 5-31 send open msg!
03-29 11:41:12.186     1     1 E debugfs : File 'gro_enable' in directory 'seth' already present!
03-29 11:41:12.186    48    48 D         : probe of 200a0000.serial returned -517 after 0 usecs
03-29 11:41:12.187     1     1 D         : probe of sipc-virt:core@5:channel@31 returned 1 after 510 usecs
03-29 11:41:12.187     1     1 D         : initcall __cfi_check+0x368/0x3d4 [seth] returned 0 after 8895 usecs
03-29 11:41:12.187     1     1 I init    : Loaded kernel module /lib/modules/seth.ko
03-29 11:41:12.187     1     1 I init    : Loading module /lib/modules/sprd_modem_loader.ko with args ''
03-29 11:41:12.189     1     1 D         : calling  __cfi_check+0x1e8/0x1f4 [sprd_modem_loader] @ 1
03-29 11:41:12.190    48    48 D         : probe of 200a0000.serial returned -517 after 0 usecs
03-29 11:41:12.190     1     1 D         : probe of modem@0 returned 1 after 130 usecs
03-29 11:41:12.190    48    48 D         : probe of 200a0000.serial returned -517 after 0 usecs
03-29 11:41:12.190     1     1 D         : probe of modem@1 returned 1 after 62 usecs
03-29 11:41:12.190     1     1 D         : initcall __cfi_check+0x1e8/0x1f4 [sprd_modem_loader] returned 0 after 554 usecs
03-29 11:41:12.190     1     1 I init    : Loaded kernel module /lib/modules/sprd_modem_loader.ko
03-29 11:41:12.190     1     1 I init    : Loading module /lib/modules/usb_f_vser.ko with args ''
03-29 11:41:12.193     1     1 D         : calling  __cfi_check+0x3c0/0x414 [usb_f_vser] @ 1
03-29 11:41:12.193     1     1 D         : initcall __cfi_check+0x3c0/0x414 [usb_f_vser] returned 0 after 3 usecs
03-29 11:41:12.193     1     1 I init    : Loaded kernel module /lib/modules/usb_f_vser.ko
03-29 11:41:12.193     1     1 I init    : Loading module /lib/modules/sprd_iq.ko with args ''
03-29 11:41:12.195     1     1 D         : calling  __cfi_check+0x1b4/0x1e0 [sprd_iq] @ 1
03-29 11:41:12.195     1     1 E sprd-iq : no in iq mode
03-29 11:41:12.195     1     1 D         : initcall __cfi_check+0x1b4/0x1e0 [sprd_iq] returned 0 after 51 usecs
03-29 11:41:12.195     1     1 I init    : Loaded kernel module /lib/modules/sprd_iq.ko
03-29 11:41:12.195     1     1 I init    : Loading module /lib/modules/slog_bridge.ko with args ''
03-29 11:41:12.198     1     1 D         : calling  __cfi_check+0x154/0x178 [slog_bridge] @ 1
03-29 11:41:12.198     1     1 I slog_bridge sipc-virt: sbridge-log: tx is usb = 1.
03-29 11:41:12.198     1     1 I slog_bridge sipc-virt: sbridge-log: probed, tx_is_usb=1, rx_cnt=1
03-29 11:41:12.199    48    48 I slog_bridge sipc-virt: sbridge-log: sblock_rx[0] rxblksz=4096
03-29 11:41:12.199    48    48 I slog_bridge sipc-virt: sbridge-log: all sblock register ok
03-29 11:41:12.199    48    48 D         : probe of 200a0000.serial returned -517 after 1 usecs
03-29 11:41:12.199     1     1 D         : probe of sipc-virt:sbridge-log returned 1 after 936 usecs
03-29 11:41:12.199     1     1 D         : initcall __cfi_check+0x154/0x178 [slog_bridge] returned 0 after 1239 usecs
03-29 11:41:12.199     1     1 I init    : Loaded kernel module /lib/modules/slog_bridge.ko
03-29 11:41:12.199     1     1 I init    : Loading module /lib/modules/sbuf_bridge.ko with args ''
03-29 11:41:12.201     1     1 D         : calling  __cfi_check+0x11c/0x138 [sbuf_bridge] @ 1
03-29 11:41:12.201     1     1 D         : initcall __cfi_check+0x11c/0x138 [sbuf_bridge] returned 0 after 307 usecs
03-29 11:41:12.201     1     1 I init    : Loaded kernel module /lib/modules/sbuf_bridge.ko
03-29 11:41:12.202     1     1 I init    : Loading module /lib/modules/sblock_bridge.ko with args ''
03-29 11:41:12.204     1     1 D         : calling  __cfi_check+0x118/0x134 [sblock_bridge] @ 1
03-29 11:41:12.204     1     1 D         : initcall __cfi_check+0x118/0x134 [sblock_bridge] returned 0 after 236 usecs
03-29 11:41:12.204     1     1 I init    : Loaded kernel module /lib/modules/sblock_bridge.ko
03-29 11:41:12.204     1     1 I init    : Loading module /lib/modules/trusty-tui.ko with args ''
03-29 11:41:12.206     1     1 D         : calling  __cfi_check+0x194/0x1bc [trusty_tui] @ 1
03-29 11:41:12.206    48    48 D         : probe of 200a0000.serial returned -517 after 0 usecs
03-29 11:41:12.206     1     1 D         : probe of trusty:tui returned 1 after 114 usecs
03-29 11:41:12.206     1     1 D         : initcall __cfi_check+0x194/0x1bc [trusty_tui] returned 0 after 343 usecs
03-29 11:41:12.206     1     1 I init    : Loaded kernel module /lib/modules/trusty-tui.ko
03-29 11:41:12.207     1     1 I init    : Loading module /lib/modules/sprd_camsys_pw_domain.ko with args ''
03-29 11:41:12.209     1     1 W sprd_camsys_pw_domain: loading out-of-tree module taints kernel.
03-29 11:41:12.210     1     1 D         : calling  sprd_cam_pw_off.339+0x224/0x23c [sprd_camsys_pw_domain] @ 1
03-29 11:41:12.210    48    48 D         : probe of 200a0000.serial returned -517 after 0 usecs
03-29 11:41:12.210     1     1 D         : probe of soc:mm:mm_domain returned 1 after 334 usecs
03-29 11:41:12.211     1     1 D         : initcall sprd_cam_pw_off.339+0x224/0x23c [sprd_camsys_pw_domain] returned 0 after 865 usecs
03-29 11:41:12.211     1     1 I init    : Loaded kernel module /lib/modules/sprd_camsys_pw_domain.ko
03-29 11:41:12.211     1     1 I init    : Loading module /lib/modules/virt-dma.ko with args ''
03-29 11:41:12.213     1     1 I init    : Loaded kernel module /lib/modules/virt-dma.ko
03-29 11:41:12.213     1     1 I init    : Loading module /lib/modules/sprd-dma.ko with args ''
03-29 11:41:12.215     1     1 D         : calling  __cfi_check+0x2e4/0x344 [sprd_dma] @ 1
03-29 11:41:12.215     1     1 W sprd-dma 20410000.dma-controller: no optional ashb eb clock
03-29 11:41:12.216    48    48 D         : probe of 200a0000.serial returned -517 after 1 usecs
03-29 11:41:12.216     1     1 D         : probe of 20410000.dma-controller returned 1 after 733 usecs
03-29 11:41:12.217    48    48 D         : probe of 200a0000.serial returned -517 after 0 usecs
03-29 11:41:12.217     1     1 D         : probe of 56580000.dma-controller returned 1 after 691 usecs
03-29 11:41:12.217     1     1 D         : initcall __cfi_check+0x2e4/0x344 [sprd_dma] returned 0 after 1716 usecs
03-29 11:41:12.217     1     1 I init    : Loaded kernel module /lib/modules/sprd-dma.ko
03-29 11:41:12.217     1     1 I init    : Loading module /lib/modules/ion_ipc_trusty.ko with args ''
03-29 11:41:12.218     1     1 W ion_ipc_trusty: module is from the staging directory, the quality is unknown, you have been warned.
03-29 11:41:12.219     1     1 I init    : Loaded kernel module /lib/modules/ion_ipc_trusty.ko
03-29 11:41:12.219     1     1 I init    : Loading module /lib/modules/ion_cma_heap.ko with args ''
03-29 11:41:12.221     1     1 W ion_cma_heap: module is from the staging directory, the quality is unknown, you have been warned.
03-29 11:41:12.221     1     1 D         : calling  __cfi_check+0x148/0x164 [ion_cma_heap] @ 1
03-29 11:41:12.221     1     1 E         : cma name cma_share@f00000000, heap name widevine heap id 1
03-29 11:41:12.221     1     1 E         : cma name cma_share@f00000000, heap name framebuffer heap id 3
03-29 11:41:12.221     1     1 E         : cma name cma_share@f00000000, heap name faceid heap id 4
03-29 11:41:12.221     1     1 E         : cma name cma_share@f00000000, heap name vdsp heap id 5
03-29 11:41:12.221     1     1 D         : initcall __cfi_check+0x148/0x164 [ion_cma_heap] returned 0 after 7 usecs
03-29 11:41:12.222     1     1 I init    : Loaded kernel module /lib/modules/ion_cma_heap.ko
03-29 11:41:12.222     1     1 I init    : Loading module /lib/modules/sprd-ion.ko with args ''
03-29 11:41:12.224     1     1 D         : calling  __typeid__ZTSFPvP7dma_bufmE_global_addr+0xc/0x28 [sprd_ion] @ 1
03-29 11:41:12.224     1     1 I sprd_ion_parse_dt: num_heaps=2
03-29 11:41:12.224     1     1 I sprd_ion_parse_dt: heaps[0]: id: 5 ion_protected_heap type: 2 base: 0xf3000000 size 0x2000
03-29 11:41:12.224     1     1 I sprd_ion_parse_dt: heaps[1]: id: 4 carveout_fd type: 2 base: 0xffa70000 size 0x500000
03-29 11:41:12.226    54    54 D         : probe of 200a0000.serial returned -517 after 0 usecs
03-29 11:41:12.226     1     1 D         : probe of ion returned 1 after 2120 usecs
03-29 11:41:12.226     1     1 D         : initcall __typeid__ZTSFPvP7dma_bufmE_global_addr+0xc/0x28 [sprd_ion] returned 0 after 2424 usecs
03-29 11:41:12.226     1     1 I init    : Loaded kernel module /lib/modules/sprd-ion.ko
03-29 11:41:12.226     1     1 I init    : Loading module /lib/modules/unisoc-iommu.ko with args ''
03-29 11:41:12.230     1     1 D         : calling  sprd_aligned_free+0x24/0x4c [unisoc_iommu] @ 1
03-29 11:41:12.230     1     1 I sprd_iommu: sprd_iommu_probe()-start
03-29 11:41:12.230     1     1 I sprd_iommu: sprd_iommu_get_resource()-pgt_base phy:0x32000000
03-29 11:41:12.230     1     1 I sprd_iommu: sprd_iommu_get_resource()-pgt_base:ffffffc012f2d000,pgt_size:80
03-29 11:41:12.230     1     1 I sprd_iommu: sprd_iommu_get_resource()-ctrl_reg phy:0x32000000
03-29 11:41:12.230     1     1 I sprd_iommu: sprd_iommu_get_resource()-ctrl_reg:0xffffffc012f45000
03-29 11:41:12.230     1     1 I sprd_iommu: sprd_iommu_get_resource()-iova_base:0x20000000,iova_size:10000000
03-29 11:41:12.230     1     1 I sprd_iommu: sprd_iommu_get_resource()-fault_page: 0x1ea877000
03-29 11:41:12.230     1     1 I sprd_iommu: sprd_iommu_get_resource()-no reserved rr page addr
03-29 11:41:12.230     1     1 I sprd_iommu: sprd_iommuvau_hw_init()-begin
03-29 11:41:12.231     1     1 I sprd_iommu: sprd_iommuvau_hw_init()-done
03-29 11:41:12.231     1     1 I sprd_iommu: sprd_iommu_probe()-sprd,iommuvaul6-vsp end
03-29 11:41:12.231    54    54 D         : probe of 200a0000.serial returned -517 after 1 usecs
03-29 11:41:12.231     1     1 D         : probe of 32000000.iommu returned 1 after 385 usecs
03-29 11:41:12.231     1     1 I sprd_iommu: sprd_iommu_probe()-start
03-29 11:41:12.231     1     1 I sprd_iommu: sprd_iommu_get_resource()-pgt_base phy:0x36000000
03-29 11:41:12.231     1     1 I sprd_iommu: sprd_iommu_get_resource()-pgt_base:ffffffc012f4d000,pgt_size:300
03-29 11:41:12.231     1     1 I sprd_iommu: sprd_iommu_get_resource()-ctrl_reg phy:0x36000300
03-29 11:41:12.231     1     1 I sprd_iommu: sprd_iommu_get_resource()-ctrl_reg:0xffffffc012f55300
03-29 11:41:12.231     1     1 I sprd_iommu: sprd_iommu_get_resource()-iova_base:0x60000000,iova_size:20000000
03-29 11:41:12.231     1     1 I sprd_iommu: sprd_iommu_get_resource()-fault_page: 0x1ea872000
03-29 11:41:12.231     1     1 I sprd_iommu: sprd_iommu_get_resource()-no reserved rr page addr
03-29 11:41:12.231     1     1 I sprd_iommu: sprd_iommuvau_hw_init()-begin
03-29 11:41:12.231     1     1 I sprd_iommu: sprd_iommuvau_hw_init()-done
03-29 11:41:12.231     1     1 I sprd_iommu: sprd_iommu_probe()-sprd,iommuvaul6-jpg end
03-29 11:41:12.231    54    54 D         : probe of 200a0000.serial returned -517 after 0 usecs
03-29 11:41:12.231     1     1 D         : probe of 36000000.iommu returned 1 after 379 usecs
03-29 11:41:12.231     1     1 I sprd_iommu: sprd_iommu_probe()-start
03-29 11:41:12.231     1     1 I sprd_iommu: sprd_iommu_get_resource()-pgt_base phy:0x3a000000
03-29 11:41:12.231     1     1 I sprd_iommu: sprd_iommu_get_resource()-pgt_base:ffffffc014900000,pgt_size:ff000
03-29 11:41:12.231     1     1 I sprd_iommu: sprd_iommu_get_resource()-ctrl_reg phy:0x3a0ff000
03-29 11:41:12.231     1     1 I sprd_iommu: sprd_iommu_get_resource()-ctrl_reg:0xffffffc012f5d000
03-29 11:41:12.231     1     1 I sprd_iommu: sprd_iommu_get_resource()-iova_base:0x40000000,iova_size:20000000
03-29 11:41:12.231     1     1 I sprd_iommu: sprd_iommu_get_resource()-fault_page: 0x1ea86c000
03-29 11:41:12.231     1     1 I sprd_iommu: sprd_iommu_get_resource()-no reserved rr page addr
03-29 11:41:12.231     1     1 I sprd_iommu: sprd_iommuvau_hw_init()-begin
03-29 11:41:12.231     1     1 I sprd_iommu: sprd_iommuvau_hw_init()-done
03-29 11:41:12.231     1     1 I sprd_iommu: sprd_iommu_probe()-sprd,iommuvaul6-isp end
03-29 11:41:12.231    54    54 D         : probe of 200a0000.serial returned -517 after 0 usecs
03-29 11:41:12.231     1     1 D         : probe of 3a000000.iommu returned 1 after 327 usecs
03-29 11:41:12.231     1     1 I sprd_iommu: sprd_iommu_probe()-start
03-29 11:41:12.231     1     1 I sprd_iommu: sprd_iommu_get_resource()-pgt_base phy:0x3e000000
03-29 11:41:12.231     1     1 I sprd_iommu: sprd_iommu_get_resource()-pgt_base:ffffffc013290000,pgt_size:f000
03-29 11:41:12.231     1     1 I sprd_iommu: sprd_iommu_get_resource()-ctrl_reg phy:0x3e00f000
03-29 11:41:12.232     1     1 I sprd_iommu: sprd_iommu_get_resource()-ctrl_reg:0xffffffc012f65000
03-29 11:41:12.232     1     1 I sprd_iommu: sprd_iommu_get_resource()-iova_base:0x40000000,iova_size:40000000
03-29 11:41:12.232     1     1 I sprd_iommu: sprd_iommu_get_resource()-fault_page: 0x1ea85e000
03-29 11:41:12.232     1     1 I sprd_iommu: sprd_iommu_get_resource()-no reserved rr page addr
03-29 11:41:12.232     1     1 I sprd_iommu: sprd_iommuvau_hw_init()-begin
03-29 11:41:12.232     1     1 I sprd_iommu: sprd_iommuvau_hw_init()-done
03-29 11:41:12.232     1     1 I sprd_iommu: sprd_iommu_probe()-sprd,iommuvaul6-dcam end
03-29 11:41:12.232    54    54 D         : probe of 200a0000.serial returned -517 after 0 usecs
03-29 11:41:12.232     1     1 D         : probe of 3e000000.iommu returned 1 after 564 usecs
03-29 11:41:12.232     1     1 I sprd_iommu: sprd_iommu_probe()-start
03-29 11:41:12.232     1     1 I sprd_iommu: sprd_iommu_get_resource()-pgt_base phy:0x3c000000
03-29 11:41:12.232     1     1 I sprd_iommu: sprd_iommu_get_resource()-pgt_base:ffffffc012f6d000,pgt_size:110
03-29 11:41:12.232     1     1 I sprd_iommu: sprd_iommu_get_resource()-ctrl_reg phy:0x3c000110
03-29 11:41:12.232     1     1 I sprd_iommu: sprd_iommu_get_resource()-ctrl_reg:0xffffffc012f75110
03-29 11:41:12.232     1     1 I sprd_iommu: sprd_iommu_get_resource()-iova_base:0x40000000,iova_size:10000000
03-29 11:41:12.232     1     1 I sprd_iommu: sprd_iommu_get_resource()-fault_page: 0x1ea826000
03-29 11:41:12.232     1     1 I sprd_iommu: sprd_iommu_get_resource()-no reserved rr page addr
03-29 11:41:12.232     1     1 I sprd_iommu: sprd_iommuvau_hw_init()-begin
03-29 11:41:12.232     1     1 I sprd_iommu: sprd_iommuvau_hw_init()-done
03-29 11:41:12.232     1     1 I sprd_iommu: sprd_iommu_probe()-sprd,iommuvaul6-fd end
03-29 11:41:12.232    54    54 D         : probe of 200a0000.serial returned -517 after 0 usecs
03-29 11:41:12.232     1     1 D         : probe of 3c000000.iommu returned 1 after 198 usecs
03-29 11:41:12.232     1     1 I sprd_iommu: sprd_iommu_probe()-start
03-29 11:41:12.232     1     1 I sprd_iommu: sprd_iommu_get_resource()-pgt_base phy:0x38000000
03-29 11:41:12.232     1     1 I sprd_iommu: sprd_iommu_get_resource()-pgt_base:ffffffc013095000,pgt_size:200
03-29 11:41:12.232     1     1 I sprd_iommu: sprd_iommu_get_resource()-ctrl_reg phy:0x38000200
03-29 11:41:12.232     1     1 I sprd_iommu: sprd_iommu_get_resource()-ctrl_reg:0xffffffc01309d200
03-29 11:41:12.232     1     1 I sprd_iommu: sprd_iommu_get_resource()-iova_base:0x40000000,iova_size:20000000
03-29 11:41:12.232     1     1 I sprd_iommu: sprd_iommu_get_resource()-fault_page: 0x1ea899000
03-29 11:41:12.232     1     1 I sprd_iommu: sprd_iommu_get_resource()-no reserved rr page addr
03-29 11:41:12.232     1     1 I sprd_iommu: sprd_iommuvau_hw_init()-begin
03-29 11:41:12.233     1     1 I sprd_iommu: sprd_iommuvau_hw_init()-done
03-29 11:41:12.233     1     1 I sprd_iommu: sprd_iommu_probe()-sprd,iommuvaul6-cpp end
03-29 11:41:12.233    54    54 D         : probe of 200a0000.serial returned -517 after 0 usecs
03-29 11:41:12.233     1     1 D         : probe of 38000000.iommu returned 1 after 342 usecs
03-29 11:41:12.233     1     1 I sprd_iommu: sprd_iommu_probe()-start
03-29 11:41:13.565   316   316 E SELinux : avc:  denied  { add } for interface=android.hidl.base::IBase sid=u:r:recovery:s0 pid=316 scontext=u:r:recovery:s0 tcontext=u:object_r:hidl_base_hwservice:s0 tclass=hwservice_manager permissive=1
03-29 11:41:12.233     1     1 I sprd_iommu: sprd_iommu_get_resource()-pgt_base phy:0x31000000
03-29 11:41:13.565   316   316 E SELinux : avc:  denied  { add } for interface=android.hidl.manager::IServiceManager sid=u:r:recovery:s0 pid=316 scontext=u:r:recovery:s0 tcontext=u:object_r:hidl_manager_hwservice:s0 tclass=hwservice_manager permissive=1
03-29 11:41:12.233     1     1 I sprd_iommu: sprd_iommu_get_resource()-pgt_base:ffffffc0130a5000,pgt_size:800
03-29 11:41:13.565   316   316 I hwservicemanager: getFrameworkHalManifest: Reading VINTF information.
03-29 11:41:12.233     1     1 I sprd_iommu: sprd_iommu_get_resource()-ctrl_reg phy:0x31000800
03-29 11:41:12.233     1     1 I sprd_iommu: sprd_iommu_get_resource()-ctrl_reg:0xffffffc0130ad800
03-29 11:41:12.233     1     1 I sprd_iommu: sprd_iommu_get_resource()-iova_base:0x30000000,iova_size:10000000
03-29 11:41:12.233     1     1 I sprd_iommu: sprd_iommu_get_resource()-fault_page: 0x1ea89f000
03-29 11:41:12.233     1     1 I sprd_iommu: sprd_iommu_get_resource()-no reserved rr page addr
03-29 11:41:12.233     1     1 I sprd_iommu: sprd_iommuvau_hw_init()-begin
03-29 11:41:12.233     1     1 I sprd_iommu: sprd_iommuvau_hw_init()-done
03-29 11:41:13.565   316   316 I hwservicemanager: getDeviceHalManifest: Reading VINTF information.
03-29 11:41:12.233     1     1 I sprd_iommu: sprd_iommu_probe()-sprd,iommuvaul6-dispc end
03-29 11:41:12.233    54    54 D         : probe of 200a0000.serial returned -517 after 0 usecs
03-29 11:41:12.233     1     1 D         : probe of 31000000.iommu returned 1 after 278 usecs
03-29 11:41:12.234     1     1 D         : initcall sprd_aligned_free+0x24/0x4c [unisoc_iommu] returned 0 after 4302 usecs
03-29 11:41:12.234     1     1 I init    : Loaded kernel module /lib/modules/unisoc-iommu.ko
03-29 11:41:12.234     1     1 I init    : Loading module /lib/modules/sprd_sensor.ko with args ''
03-29 11:41:12.239     1     1 D         : calling  compat_sensor_k_ioctl+0x298/0x2d8 [sprd_sensor] @ 1
03-29 11:41:12.239     1     1 I SENSOR_DRV: 1: sprd_sensor_probe L 250: dcam sensor probe start:device name:(null)
03-29 11:41:12.239     1     1 I SENSOR_DRV: 1: sprd_sensor_parse_clk_dt L 89: sensor_info->sensor_clk: (____ptrval____) id 0
03-29 11:41:12.239     1     1 I csi_api : 1 217 csi_api_mipi_phy_cfg_init : sensor_id 0 mipi_phy:phy_id:2
03-29 11:41:12.239     1     1 I SENSOR_DRV: 1: sprd_sensor_config L 225: 18446743530383044736
03-29 11:41:12.239     1     1 I csi_api : 1 248 csi_api_dt_node_init : csi node name csi00
03-29 11:41:12.239     1     1 I csi_api : 1 259 csi_api_dt_node_init : csi 0 ,phy addr:0x3e200000 ,size:0x1000 , reg ffffffc0130b5000
03-29 11:41:12.239     1     1 I csi_api : 1 301 csi_api_dt_node_init : csi dt info:sensor_id :0, csi_info:0x(____ptrval____)
03-29 11:41:12.239     1     1 I SENSOR_DRV: 1: parse_dcam_id L 168: dcam id is 0
03-29 11:41:12.239    54    54 D         : probe of 200a0000.serial returned -517 after 0 usecs
03-29 11:41:12.239     1     1 D         : probe of 0-005a returned 1 after 257 usecs
03-29 11:41:12.239     1     1 I SENSOR_DRV: 1: sprd_sensor_register_driver L 589: register main sensor:0
03-29 11:41:12.250     1     1 I SENSOR_DRV: 1: sprd_sensor_probe L 250: dcam sensor probe start:device name:(null)
03-29 11:41:12.250     1     1 I SENSOR_DRV: 1: sprd_sensor_parse_clk_dt L 89: sensor_info->sensor_clk: (____ptrval____) id 1
03-29 11:41:12.250     1     1 I csi_api : 1 217 csi_api_mipi_phy_cfg_init : sensor_id 1 mipi_phy:phy_id:0
03-29 11:41:12.250     1     1 I SENSOR_DRV: 1: sprd_sensor_config L 225: 18446743530383046224
03-29 11:41:12.250     1     1 I csi_api : 1 248 csi_api_dt_node_init : csi node name csi01
03-29 11:41:12.250     1     1 I csi_api : 1 259 csi_api_dt_node_init : csi 1 ,phy addr:0x3e300000 ,size:0x1000 , reg ffffffc0130bd000
03-29 11:41:12.250     1     1 I csi_api : 1 301 csi_api_dt_node_init : csi dt info:sensor_id :1, csi_info:0x(____ptrval____)
03-29 11:41:12.250     1     1 I SENSOR_DRV: 1: parse_dcam_id L 168: dcam id is 1
03-29 11:41:12.250    48    48 D         : probe of 200a0000.serial returned -517 after 0 usecs
03-29 11:41:12.250     1     1 D         : probe of 1-0020 returned 1 after 157 usecs
03-29 11:41:12.250     1     1 I SENSOR_DRV: 1: sprd_sensor_register_driver L 592: register sub sensor:0
03-29 11:41:12.261     1     1 I SENSOR_DRV: 1: sprd_sensor_probe L 250: dcam sensor probe start:device name:(null)
03-29 11:41:12.261     1     1 I SENSOR_DRV: 1: sprd_sensor_parse_clk_dt L 89: sensor_info->sensor_clk: (____ptrval____) id 2
03-29 11:41:12.261     1     1 I csi_api : 1 217 csi_api_mipi_phy_cfg_init : sensor_id 2 mipi_phy:phy_id:4
03-29 11:41:12.261     1     1 I SENSOR_DRV: 1: sprd_sensor_config L 225: 18446743530383046224
03-29 11:41:12.261     1     1 I csi_api : 1 248 csi_api_dt_node_init : csi node name csi01
03-29 11:41:12.261     1     1 I csi_api : 1 259 csi_api_dt_node_init : csi 1 ,phy addr:0x3e300000 ,size:0x1000 , reg ffffffc0130c5000
03-29 11:41:12.261     1     1 I csi_api : 1 301 csi_api_dt_node_init : csi dt info:sensor_id :2, csi_info:0x(____ptrval____)
03-29 11:41:12.261     1     1 I SENSOR_DRV: 1: parse_dcam_id L 168: dcam id is 1
03-29 11:41:12.262    48    48 D         : probe of 200a0000.serial returned -517 after 0 usecs
03-29 11:41:12.262     1     1 D         : probe of 1-0043 returned 1 after 142 usecs
03-29 11:41:12.262     1     1 I SENSOR_DRV: 1: sprd_sensor_register_driver L 595: register main2 sensor:0
03-29 11:41:12.273     1     1 I SENSOR_DRV: 1: sprd_sensor_probe L 250: dcam sensor probe start:device name:(null)
03-29 11:41:12.273     1     1 I SENSOR_DRV: 1: sprd_sensor_parse_clk_dt L 89: sensor_info->sensor_clk: (____ptrval____) id 3
03-29 11:41:12.273     1     1 I csi_api : 1 217 csi_api_mipi_phy_cfg_init : sensor_id 3 mipi_phy:phy_id:3
03-29 11:41:12.273     1     1 I SENSOR_DRV: 1: sprd_sensor_config L 225: 18446743530383047712
03-29 11:41:12.273     1     1 I csi_api : 1 248 csi_api_dt_node_init : csi node name csi02
03-29 11:41:12.273     1     1 I csi_api : 1 259 csi_api_dt_node_init : csi 2 ,phy addr:0x3e400000 ,size:0x1000 , reg ffffffc0130cd000
03-29 11:41:12.273     1     1 I csi_api : 1 301 csi_api_dt_node_init : csi dt info:sensor_id :3, csi_info:0x(____ptrval____)
03-29 11:41:12.273     1     1 I SENSOR_DRV: 1: parse_dcam_id L 168: dcam id is 2
03-29 11:41:12.273    54    54 D         : probe of 200a0000.serial returned -517 after 0 usecs
03-29 11:41:12.273     1     1 D         : probe of 6-006e returned 1 after 156 usecs
03-29 11:41:12.273     1     1 I SENSOR_DRV: 1: sprd_sensor_register_driver L 598: register  sub2 sensor:0
03-29 11:41:12.273   177   177 E set_emmc_mode: current_cid_manfid=19, current_prod_name = G2M212
03-29 11:41:12.273   177   177 E set_emmc_mode: current_cid_manfid=19, current_prod_name = G2M212
03-29 11:41:12.273   177   177 E set_emmc_mode: current_cid_manfid=19, current_prod_name = G2M212
03-29 11:41:12.273   177   177 E set_emmc_mode: current_cid_manfid=19, current_prod_name = G2M212
03-29 11:41:12.273   177   177 E set_emmc_mode: current_cid_manfid=19, current_prod_name = G2M212
03-29 11:41:12.273   177   177 E set_emmc_mode: current_cid_manfid=19, current_prod_name = G2M212
03-29 11:41:12.273   177   177 E set_emmc_mode: current_cid_manfid=19, current_prod_name = G2M212
03-29 11:41:12.273   177   177 E set_emmc_mode: current_cid_manfid=19, current_prod_name = G2M212
03-29 11:41:12.273   177   177 E set_emmc_mode: current_cid_manfid=19, current_prod_name = G2M212
03-29 11:41:12.275   177   177 E         : sprd_create_mmc_health_init start flag= 9
03-29 11:41:12.276   177   177 I mmc0    : Host Software Queue enabled
03-29 11:41:12.276   177   177 I mmc0    : new HS400 Enhanced strobe MMC card at address 0001
03-29 11:41:12.277   177   177 I mmcblk0 : mmc0:0001 G2M212 116 GiB
03-29 11:41:12.277   177   177 I mmcblk0boot0: mmc0:0001 G2M212 partition 1 4.00 MiB
03-29 11:41:12.277   177   177 I mmcblk0boot1: mmc0:0001 G2M212 partition 2 4.00 MiB
03-29 11:41:12.277   177   177 I mmcblk0rpmb: mmc0:0001 G2M212 partition 3 16.0 MiB, chardev (238:0)
03-29 11:41:12.279   177   177 I mmcblk0 : p1 p2 p3 p4 p5 p6 p7 p8 p9 p10 p11 p12 p13 p14 p15 p16 p17 p18 p19 p20 p21 p22 p23 p24 p25 p26 p27 p28 p29 p30 p31 p32 p33 p34 p35 p36 p37 p38 p39 p40 p41 p42 p43 p44 p45 p46 p47 p48 p49 p50 p51 p52 p53 p54 p55 p56 p57 p58 p59 p60 p61 p62 p63 p64 p65 p66 p67 p68 p69 p70 p71 p72 p73 p74 p75 p76 p77
03-29 11:41:12.283   177   177 D         : probe of mmc0:0001 returned 1 after 6873 usecs
03-29 11:41:12.283   177   177 D         : probe of 200a0000.serial returned -517 after 0 usecs
03-29 11:41:12.284     1     1 I SENSOR_DRV: 1: sprd_sensor_register_driver L 601: register main3 sensor:0
03-29 11:41:12.295     1     1 I SENSOR_DRV: 1: sprd_sensor_register_driver L 604: register  sub3 sensor:0
03-29 11:41:12.295     1     1 I SENSOR_CORE: 1: sprd_sensor_core_module_init line=1114: sensor register
03-29 11:41:12.295     1     1 I SENSOR_CORE: 1: sprd_sensor_core_module_init line=1117: create device node
03-29 11:41:12.295     1     1 D         : initcall compat_sensor_k_ioctl+0x298/0x2d8 [sprd_sensor] returned 0 after 54716 usecs
03-29 11:41:12.295     1     1 I init    : Loaded kernel module /lib/modules/sprd_sensor.ko
03-29 11:41:12.295     1     1 I init    : Loading module /lib/modules/sprd_flash_drv.ko with args ''
03-29 11:41:12.297     1     1 D         : calling  __cfi_check+0x20c/0x230 [sprd_flash_drv] @ 1
03-29 11:41:12.298   179   179 D         : probe of 200a0000.serial returned -517 after 0 usecs
03-29 11:41:12.298     1     1 D         : probe of sprd_flash returned 1 after 76 usecs
03-29 11:41:12.298     1     1 D         : initcall __cfi_check+0x20c/0x230 [sprd_flash_drv] returned 0 after 335 usecs
03-29 11:41:12.298     1     1 I init    : Loaded kernel module /lib/modules/sprd_flash_drv.ko
03-29 11:41:12.298     1     1 I init    : Loading module /lib/modules/sprd_camera.ko with args ''
03-29 11:41:12.333     1     1 D         : calling  __typeid__ZTSFiP17isp_fmcu_ctx_descE_global_addr+0x30/0xc0 [sprd_camera] @ 1
03-29 11:41:12.333     1     1 W sprd_image 3e000000.dcam: ignoring dependency for device, assuming no driver
03-29 11:41:12.333     1     1 I CAM_CORE: 1 9813 camcore_probe : Start camera img probe
03-29 11:41:12.333     1     1 I CAM_CORE: 1 9847 camcore_probe : sprd img probe pdev name 3e000000.dcam
03-29 11:41:12.333     1     1 I CAM_CORE: 1 9848 camcore_probe : sprd dcam dev name (null)
03-29 11:41:12.333     1     1 I DCAM_DRV: 1 279 dcam_drv_dt_parse : start dcam dts parse
03-29 11:41:12.333     1     1 I DCAM_DRV: 1 329 dcam_drv_dt_parse : dev: 3e000000.dcam, full name: dcam@3e000000, cam_ahb_gpr: ffffff8176704c00, count: 3, DCAM dcam_max.w.h 8048 6036
03-29 11:41:12.333     1     1 I DCAM_DRV: 1 343 dcam_drv_dt_parse : DCAM IOMMU Base  0xffffffc0130f5000
03-29 11:41:12.333     1     1 I DCAM_DRV: 1 378 dcam_drv_dt_parse : get dcam qos node. r: 10 10 w: 13 12
03-29 11:41:12.333     1     1 I DCAM_DRV: 1 425 dcam_drv_dt_parse : DCAM0 reg: dcam0_reg 0x3e000000 ffffffc0130fd000, irq: dcam0 46
03-29 11:41:12.333     1     1 I DCAM_DRV: 1 425 dcam_drv_dt_parse : DCAM1 reg: dcam1_reg 0x3e001000 ffffffc013105000, irq: dcam1 47
03-29 11:41:12.333     1     1 I DCAM_DRV: 1 425 dcam_drv_dt_parse : DCAM2 reg: dcam2_reg 0x3e002000 ffffffc01310d000, irq: dcam2 48
03-29 11:41:12.333     1     1 I CAM_CORE: 1 9855 camcore_probe : sprd isp dev name (null)
03-29 11:41:12.333     1     1 I ISP_DRV : 1 1120 isp_drv_dt_parse : isp dev device node dcam, full name dcam@3e000000
03-29 11:41:12.333     1     1 I ISP_DRV : 1 1130 isp_drv_dt_parse : after isp dev device node isp, full name isp@3a000000
03-29 11:41:12.333     1     1 I ISP_DRV : 1 1136 isp_drv_dt_parse : sprd s_isp_pdev name 3a000000.isp
03-29 11:41:12.333     1     1 I ISP_DRV : 1 1169 isp_drv_dt_parse : ISP IOMMU Base  0xffffffc01311d000
03-29 11:41:12.333     1     1 I ISP_DRV : 1 1198 isp_drv_dt_parse : get isp qos node. r: 7 6 w: 7 6
03-29 11:41:12.333     1     1 E cam_porting: 1 256 cam_syscon_get_args_by_name : fail to get syscon sys_h2p_db_soft_rst 2, (____ptrval____)
03-29 11:41:12.333     1     1 I ISP_DRV : 1 1241 isp_drv_dt_parse : isp phys reg base is 3a000000
03-29 11:41:12.333     1     1 I ISP_DRV : 1 1259 isp_drv_dt_parse : ISP0 dts OK! regbase ffffffc015300000, irq 44
03-29 11:41:12.333     1     1 I ISP_DRV : 1 1259 isp_drv_dt_parse : ISP1 dts OK! regbase ffffffc015300000, irq 45
03-29 11:41:12.333     1     1 I cam_buf : 1 51 cambuf_mdbg_init : reset to 0
03-29 11:41:12.333     1     1 I cam_buf : 1 459 cam_buf_iommudev_reg : dev 1, iommu_mode 0 iommu_hw_en 1
03-29 11:41:12.333     1     1 I cam_buf : 1 459 cam_buf_iommudev_reg : dev 0, iommu_mode 0 iommu_hw_en 1
03-29 11:41:12.333     1     1 I DCAM_DEBUG: 1 892 camdebugger_dcam_init : dcam debugfs init ok
03-29 11:41:12.333    54    54 D         : probe of 200a0000.serial returned -517 after 0 usecs
03-29 11:41:12.333     1     1 D         : probe of 3e000000.dcam returned 1 after 521 usecs
03-29 11:41:12.334     1     1 D         : initcall __typeid__ZTSFiP17isp_fmcu_ctx_descE_global_addr+0x30/0xc0 [sprd_camera] returned 0 after 885 usecs
03-29 11:41:12.334     1     1 I init    : Loaded kernel module /lib/modules/sprd_camera.ko
03-29 11:41:12.334     1     1 I init    : Loading module /lib/modules/sprd-vsp-pw-domain.ko with args ''
03-29 11:41:12.336     1     1 D         : calling  __cfi_check+0xd0/0xe4 [sprd_vsp_pw_domain] @ 1
03-29 11:41:12.337     1     1 I sprd-vsp-pd soc: vsp-power-domain: vsp_pd_probe, 197
03-29 11:41:12.337     1     1 I sprd-vsp-pd soc: vsp-power-domain: VSP syscon[pmu-vsp-auto-shutdown-syscon](____ptrval____), offset 0x314, mask 0x1000000
03-29 11:41:12.337     1     1 I sprd-vsp-pd soc: vsp-power-domain: VSP syscon[pmu-vsp-force-shutdown-syscon](____ptrval____), offset 0x314, mask 0x2000000
03-29 11:41:12.337     1     1 I sprd-vsp-pd soc: vsp-power-domain: VSP syscon[pmu-pwr-status-syscon](____ptrval____), offset 0x514, mask 0x1f0000
03-29 11:41:12.337     1     1 E sprd-vsp-pd soc: vsp-power-domain: Read Vsp Dts vsp-domain-eb-syscon regmap fail
03-29 11:41:12.337     1     1 I sprd-vsp-pd: boot_mode_check: boot_mode_check ret 0
03-29 11:41:12.337   179   179 D         : probe of 200a0000.serial returned -517 after 1 usecs
03-29 11:41:12.337     1     1 D         : probe of soc:vsp-power-domain returned 1 after 268 usecs
03-29 11:41:12.337     1     1 D         : initcall __cfi_check+0xd0/0xe4 [sprd_vsp_pw_domain] returned 0 after 596 usecs
03-29 11:41:12.337     1     1 I init    : Loaded kernel module /lib/modules/sprd-vsp-pw-domain.ko
03-29 11:41:12.337     1     1 I init    : Loading module /lib/modules/sprd_cpp.ko with args ''
03-29 11:41:12.338   177   177 E         : The call_back is NULL
03-29 11:41:12.341     1     1 D         : calling  __typeid__ZTSFiPvS_E_global_addr+0x80/0x98 [sprd_cpp] @ 1
03-29 11:41:12.342     1     1 W sprd_cpp 38000000.cpp: ignoring dependency for device, assuming no driver
03-29 11:41:12.342   179   179 D         : probe of 200a0000.serial returned -517 after 1 usecs
03-29 11:41:13.569   316   316 I hwservicemanager: getDeviceHalManifest: Successfully processed VINTF information
03-29 11:41:13.569   316   316 I hwservicemanager: getFrameworkHalManifest: Successfully processed VINTF information
03-29 11:41:13.569   316   316 I hwservicemanager: getTransport: Cannot find entry android.hidl.manager@1.2::IServiceManager/default in either framework or device VINTF manifest.
03-29 11:41:12.342     1     1 D         : probe of 38000000.cpp returned 1 after 212 usecs
03-29 11:41:12.342     1     1 D         : initcall __typeid__ZTSFiPvS_E_global_addr+0x80/0x98 [sprd_cpp] returned 0 after 531 usecs
03-29 11:41:12.342     1     1 I init    : Loaded kernel module /lib/modules/sprd_cpp.ko
03-29 11:41:12.342     1     1 I init    : Loading module /lib/modules/sha1-ce.ko with args ''
03-29 11:41:12.344     1     1 D         : calling  __cfi_check+0x148/0x15c [sha1_ce] @ 1
03-29 11:41:12.345     1     1 D         : initcall __cfi_check+0x148/0x15c [sha1_ce] returned 0 after 596 usecs
03-29 11:41:13.570   316   316 E SELinux : avc:  denied  { add } for interface=android.hidl.token::ITokenManager sid=u:r:recovery:s0 pid=316 scontext=u:r:recovery:s0 tcontext=u:object_r:hidl_token_hwservice:s0 tclass=hwservice_manager permissive=1
03-29 11:41:13.570   316   316 I hwservicemanager: getTransport: Cannot find entry android.hidl.token@1.0::ITokenManager/default in either framework or device VINTF manifest.
03-29 11:41:12.345     1     1 I init    : Loaded kernel module /lib/modules/sha1-ce.ko
03-29 11:41:12.345     1     1 I init    : Loading module /lib/modules/ghash-ce.ko with args ''
03-29 11:41:12.347     1     1 D         : calling  __cfi_check+0x1d8/0x1ec [ghash_ce] @ 1
03-29 11:41:12.349     1     1 D         : initcall __cfi_check+0x1d8/0x1ec [ghash_ce] returned 0 after 1573 usecs
03-29 11:41:12.349     1     1 I init    : Loaded kernel module /lib/modules/ghash-ce.ko
03-29 11:41:12.349     1     1 I init    : Loading module /lib/modules/aes-ce-ccm.ko with args ''
03-29 11:41:12.351     1     1 D         : calling  __cfi_check+0xf4/0x10c [aes_ce_ccm] @ 1
03-29 11:41:12.352     1     1 D         : initcall __cfi_check+0xf4/0x10c [aes_ce_ccm] returned 0 after 809 usecs
03-29 11:41:12.352     1     1 I init    : Loaded kernel module /lib/modules/aes-ce-ccm.ko
03-29 11:41:12.352     1     1 I init    : Loading module /lib/modules/aes-neon-blk.ko with args ''
03-29 11:41:12.354     1     1 D         : calling  __cfi_check+0x2c8/0x330 [aes_neon_blk] @ 1
03-29 11:41:12.357     1     1 D         : initcall __cfi_check+0x2c8/0x330 [aes_neon_blk] returned 0 after 2955 usecs
03-29 11:41:12.357     1     1 I init    : Loaded kernel module /lib/modules/aes-neon-blk.ko
03-29 11:41:12.357     1     1 I init    : Loading module /lib/modules/arc4.ko with args ''
03-29 11:41:12.359     1     1 D         : calling  __cfi_check+0xc4/0xd4 [arc4] @ 1
03-29 11:41:12.359     1     1 D         : initcall __cfi_check+0xc4/0xd4 [arc4] returned 0 after 337 usecs
03-29 11:41:12.359     1     1 I init    : Loaded kernel module /lib/modules/arc4.ko
03-29 11:41:12.360     1     1 I init    : Loading module /lib/modules/twofish_common.ko with args ''
03-29 11:41:12.362     1     1 I init    : Loaded kernel module /lib/modules/twofish_common.ko
03-29 11:41:12.362     1     1 I init    : Loading module /lib/modules/twofish_generic.ko with args ''
03-29 11:41:12.363     1     1 D         : calling  __cfi_check+0xd4/0xe8 [twofish_generic] @ 1
03-29 11:41:12.364     1     1 D         : initcall __cfi_check+0xd4/0xe8 [twofish_generic] returned 0 after 336 usecs
03-29 11:41:12.364     1     1 I init    : Loaded kernel module /lib/modules/twofish_generic.ko
03-29 11:41:12.364     1     1 I init    : Loading module /lib/modules/omnivision_tcm.ko with args ''
03-29 11:41:12.372     1     1 D         : calling  __typeid__ZTSFviE_global_addr+0x10/0x34 [omnivision_tcm] @ 1
03-29 11:41:12.372     1     1 W ovt_tcm_module_init: match lcd_hx83108a_boe_mipi_hd fail,return
03-29 11:41:12.372     1     1 D         : initcall __typeid__ZTSFviE_global_addr+0x10/0x34 [omnivision_tcm] returned 0 after 33 usecs
03-29 11:41:13.570   316   316 I hwservicemanager: hwservicemanager is ready now.
03-29 11:41:12.372     1     1 I init    : Loaded kernel module /lib/modules/omnivision_tcm.ko
03-29 11:41:12.372     1     1 I init    : Loading module /lib/modules/apsys-dvfs.ko with args ''
03-29 11:41:12.378     1     1 D         : calling  set_gsp_dvfs_swtrig_en+0x58/0x64 [apsys_dvfs] @ 1
03-29 11:41:12.378     1     1 I apsys_dvfs: apsys dvfs class init
03-29 11:41:12.378     1     1 I apsys_dvfs: apsys_dvfs_parse_dt()
03-29 11:41:12.378     1     1 I apsys_dvfs: apsys_top_dvfs_init()
03-29 11:41:12.378     1     1 I apsys_dvfs: apsys module registered
03-29 11:41:12.378   177   177 D         : probe of 200a0000.serial returned -517 after 1 usecs
03-29 11:41:12.378     1     1 D         : probe of 20014000.apsys-dvfs returned 1 after 170 usecs
03-29 11:41:12.379     1     1 I apsys_dvfs: find platform device by node with name :apsys-dvfs, address:ffffffc01313f000
03-29 11:41:12.379     1     1 I apsys_dvfs: dpu_dvfs_parse_dt()
03-29 11:41:12.379     1     1 I apsys_dvfs: dpu_dvfs_parse_dt()
03-29 11:41:12.379     1     1 I apsys_dvfs: dpu_dvfs_init()
03-29 11:41:12.379     1     1 I apsys_dvfs: dpu dvfs module registered
03-29 11:41:12.379   177   177 D         : probe of 200a0000.serial returned -517 after 0 usecs
03-29 11:41:12.379     1     1 D         : probe of dpu-dvfs returned 1 after 361 usecs
03-29 11:41:12.380     1     1 I apsys_dvfs: find platform device by node with name :apsys-dvfs, address:ffffffc01313f000
03-29 11:41:12.380     1     1 I apsys_dvfs: work freq 384000000, idle freq 256000000, enable flag 1
03-29 11:41:12.380     1     1 I apsys_dvfs: devfreq_governor-->event_handler(1)
03-29 11:41:12.380     1     1 I apsys_dvfs: Succeeded to register a vsp dvfs device
03-29 11:41:12.380   177   177 D         : probe of 200a0000.serial returned -517 after 0 usecs
03-29 11:41:12.380     1     1 D         : probe of vsp-dvfs returned 1 after 212 usecs
03-29 11:41:12.380     1     1 D         : initcall set_gsp_dvfs_swtrig_en+0x58/0x64 [apsys_dvfs] returned 0 after 1951 usecs
03-29 11:41:12.380     1     1 I init    : Loaded kernel module /lib/modules/apsys-dvfs.ko
03-29 11:41:12.380     1     1 I init    : Loading module /lib/modules/sprd-gsp.ko with args ''
03-29 11:41:12.389     1     1 D         : calling  gsp_dvfs_task_init+0x4c/0x78 [sprd_gsp] @ 1
03-29 11:41:12.390     1     1 I sprd-gsp: gsp_drv_init()-gsp device init begin
03-29 11:41:12.390     1     1 I         : sprd-gsp sprd-gsp: gsp_dev_alloc()-node count: 1
03-29 11:41:12.390     1     1 I         : sprd-gsp sprd-gsp: gsp_dev_alloc()-gsp device name: sprd-gsp
03-29 11:41:12.390     1     1 I         : sprd-gsp sprd-gsp: gsp_dev_alloc()-io count: 7
03-29 11:41:12.390     1     1 I sprd-gsp: gsp_r8p0_core_alloc()-core[0] device name: 31000000.gsp
03-29 11:41:12.390     1     1 E sprd-gsp: gsp_r8p0_core_alloc()-gsp_r8p0_cap_size = 176
03-29 11:41:12.390     1     1 I sprd-gsp: gsp_r8p0_core_alloc()-gsp_r8p0 core allocate success
03-29 11:41:12.390     1     1 I sprd-gsp: gsp_core_alloc()-read core[0] id
03-29 11:41:12.390     1     1 I sprd-gsp: gsp_core_alloc()-read core[0] kfg number: 16
03-29 11:41:12.390     1     1 I sprd-gsp: gsp_core_alloc()-core[0] realtime priority: disable
03-29 11:41:12.390     1     1 I sprd-gsp: gsp_core_alloc()-core[0] need iommu: no need
03-29 11:41:12.390     1     1 I         : sprd-gsp sprd-gsp: gsp_dev_alloc()-core[0] allocate success
03-29 11:41:12.390     1     1 I         : sprd-gsp sprd-gsp: gsp_dev_probe()-probe success
03-29 11:41:12.390   177   177 D         : probe of 200a0000.serial returned -517 after 0 usecs
03-29 11:41:12.390     1     1 D         : probe of sprd-gsp returned 1 after 230 usecs
03-29 11:41:12.390     1     1 I sprd-gsp: gsp_drv_init()-gsp device init end
03-29 11:41:12.390     1     1 D         : initcall gsp_dvfs_task_init+0x4c/0x78 [sprd_gsp] returned 0 after 864 usecs
03-29 11:41:12.391     1     1 I init    : Loaded kernel module /lib/modules/sprd-gsp.ko
03-29 11:41:12.391     1     1 I init    : Loading module /lib/modules/himax_mmi.ko with args ''
03-29 11:41:12.406     1     1 D         : calling  __typeid__ZTSFivE_global_addr+0x3c/0x40 [himax_mmi] @ 1
03-29 11:41:12.406     1     1 E         : [HXTP] Himax common touch panel driver init match lcd_hx83108a_boe_mipi_hd
03-29 11:41:12.406     1     1 E         : [HXTP] Himax check double loading
03-29 11:41:12.406     1     1 D         : initcall __typeid__ZTSFivE_global_addr+0x3c/0x40 [himax_mmi] returned 0 after 75 usecs
03-29 11:41:12.406     1     1 I init    : Loaded kernel module /lib/modules/himax_mmi.ko
03-29 11:41:12.406     1     1 I init    : Loading module /lib/modules/lcd_bias_adjust.ko with args ''
03-29 11:41:12.408     1     1 D         : calling  __cfi_check+0x1a0/0x1b8 [lcd_bias_adjust] @ 1
03-29 11:41:12.408   177   177 D         : probe of 200a0000.serial returned -517 after 0 usecs
03-29 11:41:12.408     1     1 D         : probe of 4-003e returned 1 after 126 usecs
03-29 11:41:12.408     1     1 D         : initcall __cfi_check+0x1a0/0x1b8 [lcd_bias_adjust] returned 0 after 182 usecs
03-29 11:41:12.408     1     1 I init    : Loaded kernel module /lib/modules/lcd_bias_adjust.ko
03-29 11:41:12.408     1     1 I init    : Loading module /lib/modules/sprd-drm.ko with args ''
03-29 11:41:12.422     1     1 D         : calling  __typeid__ZTSFvP4krefE_global_addr+0x10/0xb0 [sprd_drm] @ 1
03-29 11:41:12.422     1     1 I         : display class register
03-29 11:41:12.423     1     1 W sprd-dpu-drv 31000000.dpu: ignoring dependency for device, assuming no driver
03-29 11:41:12.423     1     1 W         : [drm][    dpu_context_init] dpu backlight node not found
03-29 11:41:12.423     1     1 I         : [drm] lcd name: lcd_hx83108a_boe_mipi_hd
03-29 11:41:12.423   179   179 D         : probe of 200a0000.serial returned -517 after 1 usecs
03-29 11:41:12.423     1     1 D         : probe of 31000000.dpu returned 1 after 322 usecs
03-29 11:41:12.423     1     1 D         : probe of sprd_backlight returned 0 after 22 usecs
03-29 11:41:12.424   179   179 D         : probe of 200a0000.serial returned -517 after 0 usecs
03-29 11:41:12.424   179   179 D         : probe of sprd_backlight returned 0 after 15 usecs
03-29 11:41:12.424     1     1 D         : probe of 31100000.dsi returned 1 after 415 usecs
03-29 11:41:12.425   179   179 D         : probe of 200a0000.serial returned -517 after 0 usecs
03-29 11:41:12.425   179   179 D         : probe of sprd_backlight returned 0 after 13 usecs
03-29 11:41:12.425     1     1 D         : probe of 31100000.dphy returned 1 after 242 usecs
03-29 11:41:12.425     1     1 I         : [drm] sprd_drm_bind()
03-29 11:41:12.425     1     1 I         : [drm] sprd_dpu_bind()
03-29 11:41:12.425     1     1 I         : [drm] dpu irq_num = 52
03-29 11:41:12.425     1     1 I         : [drm] dpu attach dsi
03-29 11:41:12.425     1     1 I sprd-drm-drv display-subsystem: bound 31000000.dpu (ops dpu_component_ops [sprd_drm])
03-29 11:41:12.425     1     1 I         : [drm] dsi irq0 num = 54
03-29 11:41:12.425     1     1 I         : [drm] dsi irq1 num = 55
03-29 11:41:12.425     1     1 I sprd-drm-drv display-subsystem: bound 31100000.dsi (ops dsi_component_ops [sprd_drm])
03-29 11:41:12.425     1     1 I sprd-gsp: gsp_dev_sysfs_init()-create gsp sysfs attribute: core_cnt success
03-29 11:41:12.425     1     1 I sprd-gsp: gsp_dev_sysfs_init()-create gsp sysfs attribute: dev_state success
03-29 11:41:12.425     1     1 I sprd-gsp: gsp_interface_attach()-gsp interface name: qogirl6
03-29 11:41:12.425     1     1 I sprd-gsp: gsp_r8p0_core_parse_dt()-gsp_ctl_reg_base: 0x(____ptrval____)
03-29 11:41:12.425     1     1 I sprd-gsp: gsp_workqueue_load()-workqueue load kcfg[0]
03-29 11:41:12.425     1     1 I sprd-gsp: gsp_workqueue_load()-workqueue load kcfg[1]
03-29 11:41:12.425     1     1 I sprd-gsp: gsp_workqueue_load()-workqueue load kcfg[2]
03-29 11:41:12.425     1     1 I sprd-gsp: gsp_workqueue_load()-workqueue load kcfg[3]
03-29 11:41:12.425     1     1 I sprd-gsp: gsp_workqueue_load()-workqueue load kcfg[4]
03-29 11:41:12.425     1     1 I sprd-gsp: gsp_workqueue_load()-workqueue load kcfg[5]
03-29 11:41:12.425     1     1 I sprd-gsp: gsp_workqueue_load()-workqueue load kcfg[6]
03-29 11:41:12.425     1     1 I sprd-gsp: gsp_workqueue_load()-workqueue load kcfg[7]
03-29 11:41:12.425     1     1 I sprd-gsp: gsp_workqueue_load()-workqueue load kcfg[8]
03-29 11:41:12.425     1     1 I sprd-gsp: gsp_workqueue_load()-workqueue load kcfg[9]
03-29 11:41:12.425     1     1 I sprd-gsp: gsp_workqueue_load()-workqueue load kcfg[10]
03-29 11:41:12.425     1     1 I sprd-gsp: gsp_workqueue_load()-workqueue load kcfg[11]
03-29 11:41:12.425     1     1 I sprd-gsp: gsp_workqueue_load()-workqueue load kcfg[12]
03-29 11:41:12.425     1     1 I sprd-gsp: gsp_workqueue_load()-workqueue load kcfg[13]
03-29 11:41:12.425     1     1 I sprd-gsp: gsp_workqueue_load()-workqueue load kcfg[14]
03-29 11:41:12.425     1     1 I sprd-gsp: gsp_workqueue_load()-workqueue load kcfg[15]
03-29 11:41:12.425     1     1 I sprd-gsp: gsp_sync_timeline_create()-create timeline: gsp-core[0]
03-29 11:41:12.425     1     1 I sprd-gsp: gsp_core_sysfs_init()-create core[0] sysfs attribute: core_state success
03-29 11:41:12.425     1     1 I sprd-gsp: gsp_core_sysfs_init()-create core[0] sysfs attribute: total_kcfg_num success
03-29 11:41:12.425     1     1 I sprd-gsp: gsp_core_sysfs_init()-create core[0] sysfs attribute: empty_kcfg_num success
03-29 11:41:12.425     1     1 I sprd-gsp: gsp_core_sysfs_init()-create core[0] sysfs attribute: fill_kcfg_num success
03-29 11:41:12.426     1     1 I         : sprd-gsp sprd-gsp: gsp_dev_init()-initialize core[0] success
03-29 11:41:12.426     1     1 I         : sprd-gsp sprd-gsp: sprd_gsp_bind()-dev bind success
03-29 11:41:12.426     1     1 I sprd-drm-drv display-subsystem: bound sprd-gsp (ops gsp_component_ops [sprd_gsp])
03-29 11:41:12.426     1     1 I         : [drm] Supports vblank timestamp caching Rev 2 (21.10.2013).
03-29 11:41:12.426     1     1 I         : [drm] No driver support for vblank timestamp query.
03-29 11:41:12.426     1     1 I         : [drm] sprd_plane_reset()
03-29 11:41:12.426     1     1 I         : [drm] sprd_plane_reset()
03-29 11:41:12.426     1     1 I         : [drm] sprd_plane_reset()
03-29 11:41:12.426     1     1 I         : [drm] sprd_plane_reset()
03-29 11:41:12.426     1     1 I         : [drm] sprd_crtc_reset()
03-29 11:41:12.426     1     1 I         : [drm] Initialized sprd 1.0.0 20200201 for display-subsystem on minor 0
03-29 11:41:12.427   179   179 D         : probe of 200a0000.serial returned -517 after 1 usecs
