03-26 05:57:15.438     1     1 D         : calling  __cfi_check+0x120/0x134 [core] @ 1
03-26 05:57:15.438     1     1 D         : initcall __cfi_check+0x120/0x134 [core] returned 0 after 53 usecs
03-26 05:57:15.438     1     1 I init    : Loaded kernel module /lib/modules/core.ko
03-26 05:57:15.438     1     1 I init    : Loading module /lib/modules/gpio.ko with args ''
03-26 05:57:15.440     1     1 D         : calling  __cfi_check+0xc4/0xe8 [gpio] @ 1
03-26 05:57:15.440     1     1 D         : initcall __cfi_check+0xc4/0xe8 [gpio] returned 0 after 1 usecs
03-26 05:57:15.440     1     1 I init    : Loaded kernel module /lib/modules/gpio.ko
03-26 05:57:15.440     1     1 I init    : Loading module /lib/modules/pinctrl.ko with args ''
03-26 05:57:15.442     1     1 D         : calling  __cfi_check+0x94/0xb0 [pinctrl] @ 1
03-26 05:57:15.442     1     1 D         : initcall __cfi_check+0x94/0xb0 [pinctrl] returned 0 after 341 usecs
03-26 05:57:15.442     1     1 I init    : Loaded kernel module /lib/modules/pinctrl.ko
03-26 05:57:15.442     1     1 I init    : Loading module /lib/modules/vsp.ko with args ''
03-26 05:57:15.446     1     1 D         : calling  vsp_clr_interrupt_mask+0x80/0xac [vsp] @ 1
03-26 05:57:15.446     1     1 W sprd_vsp 32000000.video-codec: ignoring dependency for device, assuming no driver
03-26 05:57:15.446     1     1 I sprd_vsp 32000000.video-codec: sprd_vsp_phys_addr = 32000000
03-26 05:57:15.446     1     1 I sprd_vsp 32000000.video-codec: sprd_vsp_base = (____ptrval____)
03-26 05:57:15.446     1     1 I sprd_vsp 32000000.video-codec: vsp_glb_reg_base = (____ptrval____)
03-26 05:57:15.446     1     1 I sprd_vsp 32000000.video-codec: vsp: irq = 0x1e, version = 0x13
03-26 05:57:15.446     1     1 I sprd_vsp 32000000.video-codec: VSP syscon[vsp-domain-eb-syscon](____ptrval____), offset 0x4, mask 0x20
03-26 05:57:15.446     1     1 I sprd_vsp 32000000.video-codec: VSP syscon[reset-syscon](____ptrval____), offset 0x4, mask 0x2800
03-26 05:57:15.446     1     1 E sprd_vsp 32000000.video-codec: Read Vsp Dts vsp-dev-eb-syscon regmap fail
03-26 05:57:15.446     1     1 I sprd_vsp 32000000.video-codec: clk clk_src_76m8 not found,continue to find next clock
03-26 05:57:15.446     1     1 I sprd_vsp 32000000.video-codec: clk clk_src_96m not found,continue to find next clock
03-26 05:57:15.446     1     1 I sprd_vsp 32000000.video-codec: clk clk_src_128m not found,continue to find next clock
03-26 05:57:15.446     1     1 I sprd_vsp 32000000.video-codec: clk clk_src_153m6 not found,continue to find next clock
03-26 05:57:15.446     1     1 I sprd_vsp 32000000.video-codec: clk clk_src_192m not found,continue to find next clock
03-26 05:57:15.446     1     1 I sprd_vsp 32000000.video-codec: vsp clk in dts file: clk[0] = (256000000, clk_src_256m)
03-26 05:57:15.446     1     1 I sprd_vsp 32000000.video-codec: vsp clk in dts file: clk[1] = (307200000, clk_src_307m2)
03-26 05:57:15.446     1     1 I sprd_vsp 32000000.video-codec: vsp clk in dts file: clk[2] = (384000000, clk_src_384m)
03-26 05:57:15.446     1     1 I sprd_vsp 32000000.video-codec: clk clk_src_512m not found,continue to find next clock
03-26 05:57:15.446     1     1 W sprd_vsp 32000000.video-codec: can't find vsp qos cfg node
03-26 05:57:15.446     1     1 I sprd_vsp 32000000.video-codec: 0, 0, 0, 194
03-26 05:57:15.446     1     1 I sprd_vsp 32000000.video-codec: iommu_vsp enabled 1
03-26 05:57:15.446     1     1 I sprd_vsp 32000000.video-codec: vsp: set dma mask as 64bit
03-26 05:57:15.447   176   176 D         : probe of 200a0000.serial returned -517 after 1 usecs
03-26 05:57:15.447   176   176 D         : probe of sprd_backlight returned 0 after 25 usecs
03-26 05:57:15.447   176   176 D         : probe of fingerprint@0 returned -517 after 0 usecs
03-26 05:57:15.447     1     1 D         : probe of 32000000.video-codec returned 1 after 1309 usecs
03-26 05:57:15.448     1     1 D         : initcall vsp_clr_interrupt_mask+0x80/0xac [vsp] returned 0 after 1814 usecs
03-26 05:57:15.448     1     1 I init    : Loaded kernel module /lib/modules/vsp.ko
03-26 05:57:15.448     1     1 I init    : Loading module /lib/modules/jpg.ko with args ''
03-26 05:57:15.451     1     1 D         : calling  jpg_clk_disable+0xec/0x110 [jpg] @ 1
03-26 05:57:15.451     1     1 W sprd-jpg 36000000.jpg-codec: ignoring dependency for device, assuming no driver
03-26 05:57:15.451     1     1 I sprd-jpg 36000000.jpg-codec: sprd_jpg_phys jpg:  0X36000000
03-26 05:57:15.451     1     1 I sprd-jpg 36000000.jpg-codec: sprd_jpg_virt jpg:  0xffffffc013530000
03-26 05:57:15.451     1     1 I sprd-jpg 36000000.jpg-codec: hw_dev.irq  0X1f
03-26 05:57:15.451     1     1 I sprd-jpg 36000000.jpg-codec: JPG syscon[aon-apb-eb-syscon](____ptrval____), offset 0x0, mask 0x200
03-26 05:57:15.451     1     1 I sprd-jpg 36000000.jpg-codec: JPG syscon[reset-syscon](____ptrval____), offset 0x4, mask 0x80000
03-26 05:57:15.451     1     1 I sprd-jpg 36000000.jpg-codec: jpg clk in dts file: clk[0] = (76800000, clk_src_76m8)
03-26 05:57:15.451     1     1 I sprd-jpg 36000000.jpg-codec: clk clk_src_96m not found,continue to find next clock
03-26 05:57:15.451     1     1 I sprd-jpg 36000000.jpg-codec: jpg clk in dts file: clk[1] = (128000000, clk_src_128m)
03-26 05:57:15.451     1     1 I sprd-jpg 36000000.jpg-codec: clk clk_src_153m6 not found,continue to find next clock
03-26 05:57:15.451     1     1 I sprd-jpg 36000000.jpg-codec: clk clk_src_192m not found,continue to find next clock
03-26 05:57:15.451     1     1 I sprd-jpg 36000000.jpg-codec: jpg clk in dts file: clk[2] = (256000000, clk_src_256m)
03-26 05:57:15.451     1     1 I sprd-jpg 36000000.jpg-codec: clk clk_src_307m2 not found,continue to find next clock
03-26 05:57:15.451     1     1 I sprd-jpg 36000000.jpg-codec: jpg clk in dts file: clk[3] = (384000000, clk_src_384m)
03-26 05:57:15.451     1     1 I sprd-jpg 36000000.jpg-codec: clk clk_src_409m6 not found,continue to find next clock
03-26 05:57:15.451     1     1 I sprd-jpg 36000000.jpg-codec: clk clk_src_512m not found,continue to find next clock
03-26 05:57:15.451     1     1 W sprd-jpg 36000000.jpg-codec: can't find jpg qos cfg node
03-26 05:57:15.451     1     1 I sprd-jpg 36000000.jpg-codec: 0, 0, 0, 0
03-26 05:57:15.451     1     1 I sprd-jpg 36000000.jpg-codec: jpg: set dma mask as 64bit
03-26 05:57:15.452     1     1 E sprd-jpg 36000000.jpg-codec: sprd_jpg probe with genpd
03-26 05:57:15.452   176   176 D         : probe of 200a0000.serial returned -517 after 0 usecs
03-26 05:57:15.452   176   176 D         : probe of sprd_backlight returned 0 after 26 usecs
03-26 05:57:15.452   176   176 D         : probe of fingerprint@0 returned -517 after 0 usecs
03-26 05:57:15.452     1     1 D         : probe of 36000000.jpg-codec returned 1 after 981 usecs
03-26 05:57:15.452     1     1 D         : initcall jpg_clk_disable+0xec/0x110 [jpg] returned 0 after 1549 usecs
03-26 05:57:15.452     1     1 I init    : Loaded kernel module /lib/modules/jpg.ko
03-26 05:57:15.452     1     1 I init    : Loading module /lib/modules/leds-sc27xx-bltc.ko with args ''
03-26 05:57:15.454     1     1 D         : calling  __cfi_check+0x118/0x134 [leds_sc27xx_bltc] @ 1
03-26 05:57:15.455   176   176 D         : probe of 200a0000.serial returned -517 after 1 usecs
03-26 05:57:15.455   176   176 D         : probe of sprd_backlight returned 0 after 17 usecs
03-26 05:57:15.455   176   176 D         : probe of fingerprint@0 returned -517 after 0 usecs
03-26 05:57:15.455     1     1 D         : probe of 64200000.spi:pmic@0:led-controller@180 returned 1 after 375 usecs
03-26 05:57:15.455     1     1 D         : initcall __cfi_check+0x118/0x134 [leds_sc27xx_bltc] returned 0 after 747 usecs
03-26 05:57:15.455     1     1 I init    : Loaded kernel module /lib/modules/leds-sc27xx-bltc.ko
03-26 05:57:15.455     1     1 I init    : Loading module /lib/modules/ledtrig-pattern.ko with args ''
03-26 05:57:15.457     1     1 D         : calling  __cfi_check+0x190/0x194 [ledtrig_pattern] @ 1
03-26 05:57:15.457     1     1 D         : initcall __cfi_check+0x190/0x194 [ledtrig_pattern] returned 0 after 40 usecs
03-26 05:57:15.457     1     1 I init    : Loaded kernel module /lib/modules/ledtrig-pattern.ko
03-26 05:57:15.458     1     1 I init    : Loading module /lib/modules/zsmalloc.ko with args ''
03-26 05:57:15.460     1     1 D         : calling  __cfi_check+0x384/0x39c [zsmalloc] @ 1
03-26 05:57:15.460     1     1 D         : initcall __cfi_check+0x384/0x39c [zsmalloc] returned 0 after 49 usecs
03-26 05:57:15.460     1     1 I init    : Loaded kernel module /lib/modules/zsmalloc.ko
03-26 05:57:15.460     1     1 I init    : Loading module /lib/modules/zram.ko with args ''
03-26 05:57:15.463     1     1 D         : calling  hot_add_show+0x78/0xdc [zram] @ 1
03-26 05:57:15.463     1     1 I zram    : Added device: zram0
03-26 05:57:15.463     1     1 D         : initcall hot_add_show+0x78/0xdc [zram] returned 0 after 223 usecs
03-26 05:57:15.463     1     1 I init    : Loaded kernel module /lib/modules/zram.ko
03-26 05:57:15.463     1     1 I init    : Loading module /lib/modules/pinctrl-sprd.ko with args ''
03-26 05:57:15.466     1     1 I init    : Loaded kernel module /lib/modules/pinctrl-sprd.ko
03-26 05:57:15.466     1     1 I init    : Loading module /lib/modules/pinctrl-sprd-qogirl6.ko with args ''
03-26 05:57:15.468     1     1 D         : calling  __cfi_check+0xd4/0xe8 [pinctrl_sprd_qogirl6] @ 1
03-26 05:57:15.469   176   176 W         : ------------[ cut here ]------------
03-26 05:57:15.469   176   176 W Attribute uart_gpio_ctrl: read permission without 'show'
03-26 05:57:15.469   176   176 W         : WARNING: CPU: 7 PID: 176 at drivers/base/core.c:2281 device_create_file+0x11c/0x168
03-26 05:57:15.469   176   176 W         : Modules linked in: pinctrl_sprd_qogirl6(+) pinctrl_sprd zram zsmalloc ledtrig_pattern leds_sc27xx_bltc jpg(O) vsp(O) pinctrl gpio core jiiov_fp(O) extcon_usb_gpio sprd_drm(O) lcd_bias_adjust himax_mmi sprd_gsp(O) apsys_dvfs omnivision_tcm twofish_generic twofish_common arc4 aes_neon_blk aes_ce_ccm ghash_ce sha1_ce sprd_cpp(O) sprd_vsp_pw_domain(O) sprd_camera(O) sprd_flash_drv(O) sprd_sensor(O) unisoc_iommu sprd_ion(O) ion_cma_heap(C) ion_ipc_trusty(C) sprd_dma virt_dma sprd_camsys_pw_domain(O) trusty_tui sblock_bridge sbuf_bridge slog_bridge sprd_iq usb_f_vser sprd_modem_loader seth sipx spool spipe sprd_sipc_virt_bus sensorhub sipc_core unisoc_mailbox sprd_power_manager hardware_info kfifo_buf sprd_pdbg sprd_pmic_syscon nq_nci sprd_pmic_refout sdhci_sprd mmc_hsq mmc_swcq gpio_pmic_eic_sprd gpio_sprd gpio_eic_sprd sprd_shm trusty_virtio trusty_ipc trusty_irq trusty_log trusty_pm trusty sprd_manufacturer_model sprd_7sreset sprd_cpufreq_public sprd_cpufreq_v2
03-26 05:57:15.469   176   176 W         : i2c_sprd_hw_v2 i2c_sprd nvmem_sprd_efuse nvmem_sprd_cache_efuse nvmem_sc27xx_efuse sprd_hwspinlock ufs_sprd_qogirl6 rpmb sprd_soc_id ump518_regulator sc2730_regulator sprd_sc27xx_spi spi_sprd_adi ums9230_clk clk_sprd sprd_time_sync_cp sprd_time_sync sprd_systimer sprd_sip_svc sprd_wdt_fiq
03-26 05:57:15.469   176   176 W         : CPU: 7 PID: 176 Comm: kworker/7:3 Tainted: G S      WC O      5.4.254-android12-9-gf6794bd59091-ab267 #1
03-26 05:57:15.469   176   176 W Hardware name: Spreadtrum UMS9230 1H10 SoC (DT)
03-26 05:57:15.469   176   176 W Workqueue: events __typeid__ZTSFvP11work_structE_global_addr
03-26 05:57:15.469   176   176 W pstate  : 60c00005 (nZCv daif +PAN +UAO)
03-26 05:57:15.469   176   176 W pc      : device_create_file+0x11c/0x168
03-26 05:57:15.469   176   176 W lr      : device_create_file+0x11c/0x168
03-26 05:57:15.469   176   176 W sp      : ffffffc012c73a20
03-26 05:57:15.469   176   176 W         : x29: ffffffc012c73a40 x28: ffffff817f31e220
03-26 05:57:15.469   176   176 W         : x27: 0000000000000000 x26: 0000000000000000
03-26 05:57:15.469   176   176 W         : x25: ffffffc01274ea18 x24: ffffff8176a9d700
03-26 05:57:15.469   176   176 W         : x23: ffffff816cd8e900 x22: ffffff816cf67a00
03-26 05:57:15.469   176   176 W         : x21: ffffff8176adfc10 x20: ffffff8176adfc10
03-26 05:57:15.469   176   176 W         : x19: ffffffc01239d860 x18: ffffffc012b5d068
03-26 05:57:15.469   176   176 W         : x17: ffffffc012334000 x16: 0000000000000000
03-26 05:57:15.469   176   176 W         : x15: 0000000000000082 x14: 0000000000000050
03-26 05:57:15.469   176   176 W         : x13: 0000000000056b70 x12: 0000000000000000
03-26 05:57:15.469   176   176 W         : x11: 00000000ffffffff x10: ffffffc0124bfca8
03-26 05:57:15.469   176   176 W         : x9 : 14334354a7027c00 x8 : 14334354a7027c00
03-26 05:57:15.469   176   176 W         : x7 : ffffffc0125c0000 x6 : ffffffc0125bf000
03-26 05:57:15.469   176   176 W         : x5 : ffffffc0125bfde8 x4 : 0000000000000001
03-26 05:57:15.469   176   176 W         : x3 : ffffffc012334148 x2 : 0000000000000001
03-26 05:57:15.469   176   176 W         : x1 : 0000000000000000 x0 : 0000000000000038
03-26 05:57:15.469   176   176 W PC      : 0xffffffc010b6b2f8:
03-26 05:57:15.469   176   176 W         : b2f8  f0009ac9 f85f83a8 f944bd29 eb08013f 54000281 a9427bfd a9434ff4 f85f8e5e
03-26 05:57:15.469   176   176 W         : b318  910103ff d65f03c0 d0005789 91239129 cb090109 93c90929 f100153f 54000342
03-26 05:57:15.469   176   176 W         : b338  910043e1 910023e2 aa1403e0 d63f0100 f9401a80 b94013e4 b9400be5 17ffffe4
03-26 05:57:15.469   176   176 W         : b358  97da5f87 d4210000 128002a0 17ffffe5 f9400261 d0008a60 912f2000 97da5f57
03-26 05:57:15.469   176   176 W         : b378  d4210000 17ffffce f9400261 f0008680 913d7800 97da5f51 d4210000 79401268
03-26 05:57:15.469   176   176 W         : b398  17ffffc2 d2868280 f2bccd00 f2cb21a0 f2f2c4c0 aa0803e1 aa1f03e2 f90003e8
03-26 05:57:15.469   176   176 W         : b3b8  97d5048d f94003e8 17ffffde b4000100 f800865e a9bf7bfd 910003fd 97ebf353
03-26 05:57:15.469   176   176 W         : b3d8  a8c17bfd f85f8e5e d65f03c0 128002a0 d65f03c0 d101c3ff f800865e a9067bfd
03-26 05:57:15.469   176   176 W LR      : 0xffffffc010b6b2f8:
03-26 05:57:15.469   176   176 W         : b2f8  f0009ac9 f85f83a8 f944bd29 eb08013f 54000281 a9427bfd a9434ff4 f85f8e5e
03-26 05:57:15.469   176   176 W         : b318  910103ff d65f03c0 d0005789 91239129 cb090109 93c90929 f100153f 54000342
03-26 05:57:15.469   176   176 W         : b338  910043e1 910023e2 aa1403e0 d63f0100 f9401a80 b94013e4 b9400be5 17ffffe4
03-26 05:57:15.469   176   176 W         : b358  97da5f87 d4210000 128002a0 17ffffe5 f9400261 d0008a60 912f2000 97da5f57
03-26 05:57:15.469   176   176 W         : b378  d4210000 17ffffce f9400261 f0008680 913d7800 97da5f51 d4210000 79401268
03-26 05:57:15.469   176   176 W         : b398  17ffffc2 d2868280 f2bccd00 f2cb21a0 f2f2c4c0 aa0803e1 aa1f03e2 f90003e8
03-26 05:57:15.469   176   176 W         : b3b8  97d5048d f94003e8 17ffffde b4000100 f800865e a9bf7bfd 910003fd 97ebf353
03-26 05:57:15.469   176   176 W         : b3d8  a8c17bfd f85f8e5e d65f03c0 128002a0 d65f03c0 d101c3ff f800865e a9067bfd
03-26 05:57:15.469   176   176 W SP      : 0xffffffc012c739a0:
03-26 05:57:15.469   176   176 W         : 39a0  76a9d700 ffffff81 1274ea18 ffffffc0 00000000 00000000 00000000 00000000
03-26 05:57:15.469   176   176 W         : 39c0  7f31e220 ffffff81 12c73a40 ffffffc0 10b6b378 ffffffc0 12c73a20 ffffffc0
03-26 05:57:15.469   176   176 W         : 39e0  10b6b378 ffffffc0 60c00005 00000000 ffffffc8 00000000 a7027c00 14334354
03-26 05:57:15.469   176   176 W         : 3a00  ffffffff ffffffff 10b6b378 ffffffc0 12c73a40 ffffffc0 10b6b378 ffffffc0
03-26 05:57:15.469   176   176 W         : 3a20  1274ea18 ffffffc0 76adfc10 ffffff81 76a9d700 ffffff81 a7027c00 14334354
03-26 05:57:15.469   176   176 W         : 3a40  12c73a60 ffffffc0 10ac9084 ffffffc0 6cf3d880 ffffff81 76adfc00 ffffff81
03-26 05:57:15.469   176   176 W         : 3a60  12c73ac0 ffffffc0 10b7a714 ffffffc0 1b01fc2a 00000000 10b7a6e0 ffffffc0
03-26 05:57:15.469   176   176 W         : 3a80  3b9aca00 00000000 12309000 ffffffc0 12617088 ffffffc0 0000008c 00000000
03-26 05:57:15.469   176   176 W         : X3: 0xffffffc0123340c8:
03-26 05:57:15.469   176   176 W         : 40c8  123340c8 ffffffc0 123340c8 ffffffc0 00000002 00000000 124bfca8 ffffffc0
03-26 05:57:15.469   176   176 W         : 40e8  ffffffff 00000001 00000004 00000001 00000001 00100000 00000001 65006e6f
03-26 05:57:15.469   176   176 W         : 4108  696d696c 00000074 00000001 00000000 00000000 00000000 11651ad8 ffffffc0
03-26 05:57:15.469   176   176 W         : 4128  1164aca4 ffffffc0 00000000 00000000 1164b898 ffffffc0 00000000 00000001
03-26 05:57:15.469   176   176 W         : 4148  12334148 ffffffc0 12334148 ffffffc0 12399368 ffffffc0 12377b20 ffffffc0
03-26 05:57:15.469   176   176 W         : 4168  00000000 000004e2 0000000a 00000001 00000000 00000000 fffedb42 00000000
03-26 05:57:15.469   176   176 W         : 4188  00000000 00000000 0000005f 00000000 00000000 00000cc0 77848002 ffffff81
03-26 05:57:15.469   176   176 W         : 41a8  00000000 00000000 00000000 00000000 123341b8 ffffffc0 123341b8 ffffffc0
03-26 05:57:15.469   176   176 W         : X5: 0xffffffc0125bfd68:
03-26 05:57:15.469   176   176 W         : fd68  00000000 00000000 00000000 00000000 00000000 00000000 00000000 00000000
03-26 05:57:15.469   176   176 W         : fd88  00000000 00000000 00000000 00000000 00000000 00000000 00000000 00000000
03-26 05:57:15.469   176   176 W         : fda8  00000000 00000000 00000000 00000000 00000000 00000000 00000000 00000000
03-26 05:57:15.469   176   176 W         : fdc8  00000000 00000000 00000000 00000000 1239d808 ffffffc0 00000f96 00000000
03-26 05:57:15.469   176   176 W         : fde8  2020205b 372e3020 36323737 36635d33 20205b20 32373154 6179205d 6e69626e
03-26 05:57:15.469   176   176 W         : fe08  6175203a 32207472 73696420 656c6261 3138780a 30643536 2c203835 67647020
03-26 05:57:15.469   176   176 W         : fe28  30203d20 6c203078 6c657665 30203d20 320a3278 30336530 6c203130 6c657665
03-26 05:57:15.469   176   176 W         : fe48  30203d20 000a3178 00000000 00000000 00000000 00000000 00000000 00000000
03-26 05:57:15.469   176   176 W         : X6: 0xffffffc0125bef80:
03-26 05:57:15.469   176   176 W         : ef80  00000000 00000000 00000000 00000000 00000000 00000000 00000000 00000000
03-26 05:57:15.469   176   176 W         : efa0  00000000 00000000 00000000 00000000 00000000 00000000 00000000 00000000
03-26 05:57:15.469   176   176 W         : efc0  00000000 00000000 00000000 00000000 00000000 00000000 00000000 00000000
03-26 05:57:15.469   176   176 W         : efe0  00000000 00000000 00000000 00000000 00000000 00000000 00000000 00000000
03-26 05:57:15.469   176   176 W         : f000  00000000 00000000 00000000 00000000 00000000 00000000 00000000 00000000
03-26 05:57:15.469   176   176 W         : f020  00000000 00000000 00000000 00000000 00000000 00000000 00000000 00000000
03-26 05:57:15.469   176   176 W         : f040  00000000 00000000 00000000 00000000 00000000 00000000 00000000 00000000
03-26 05:57:15.469   176   176 W         : f060  00000000 00000000 00000000 00000000 00000000 00000000 00000000 00000000
03-26 05:57:15.469   176   176 W         : X7: 0xffffffc0125bff80:
03-26 05:57:15.469   176   176 W         : ff80  00000000 00000000 00000000 00000000 00000000 00000000 00000000 00000000
03-26 05:57:15.469   176   176 W         : ffa0  00000000 00000000 00000000 00000000 00000000 00000000 00000000 00000000
03-26 05:57:15.469   176   176 W         : ffc0  00000000 00000000 00000000 00000000 00000000 00000000 00000000 00000000
03-26 05:57:15.469   176   176 W         : ffe0  00000000 00000000 00000000 00000000 00000000 00000000 00000000 00000000
03-26 05:57:15.469   176   176 W         : 0000  00000000 00000000 00000000 00000000 00000000 00000000 00000000 00000000
03-26 05:57:15.469   176   176 W         : 0020  00000000 00000000 00000000 00000000 00000000 00000000 00000000 00000000
03-26 05:57:15.469   176   176 W         : 0040  00000000 00000000 00000000 00000000 00000000 00000000 00000000 00000000
03-26 05:57:15.469   176   176 W         : 0060  00000000 00000000 00000000 00000000 00000000 00000000 00000000 00000000
03-26 05:57:15.469   176   176 W         : X10: 0xffffffc0124bfc28:
03-26 05:57:15.469   176   176 W         : fc28  6e8c1d00 ffffff81 00000000 00000000 00000000 00000000 00000000 00000000
03-26 05:57:15.469   176   176 W         : fc48  00000000 00000000 778075f0 ffffff81 00000000 00000000 00000000 00000000
03-26 05:57:15.469   176   176 W         : fc68  00000fb0 00000000 00000000 00000000 00000000 00000000 00000000 00000000
03-26 05:57:15.469   176   176 W         : fc88  00000000 00000000 00000000 00000000 00000000 00000000 00000000 00059078
03-26 05:57:15.469   176   176 W         : fca8  00000000 00000000 00370050 c2000000 00000000 00000000 746f6f42 20676e69
03-26 05:57:15.469   176   176 W         : fcc8  756e694c 6e6f2078 79687020 61636973 5043206c 78302055 30303030 30303030
03-26 05:57:15.469   176   176 W         : fce8  5b203030 31347830 30646632 005d3035 00000000 00000000 018501a0 a2000000
03-26 05:57:15.469   176   176 W         : fd08  00000000 00000000 756e694c 65762078 6f697372 2e35206e 35322e34 6e612d34
03-26 05:57:15.469   176   176 W         : X17: 0xffffffc012333f80:
03-26 05:57:15.469   176   176 W         : 3f80  12333f98 ffffffc0 12333fb8 ffffffc0 00000000 00000000 11c4c74a ffffffc0
03-26 05:57:15.469   176   176 W         : 3fa0  00000124 00000000 1164c3c0 ffffffc0 00000000 00000000 11cdf8fb ffffffc0
03-26 05:57:15.469   176   176 W         : 3fc0  00000124 00000000 1164c3bc ffffffc0 00000000 00000000 00000000 00000000
03-26 05:57:15.469   176   176 W         : 3fe0  00000000 00000000 12333fe8 ffffffc0 12333fe8 ffffffc0 12332048 ffffffc0
03-26 05:57:15.469   176   176 W         : 4000  12334898 ffffffc0 12409730 ffffffc0 12419e20 ffffffc0 00000000 00000000
03-26 05:57:15.469   176   176 W         : 4020  1234c910 ffffffc0 123348c8 ffffffc0 12332078 ffffffc0 0000007e 00000000
03-26 05:57:15.469   176   176 W         : 4040  12334088 ffffffc0 123340a8 ffffffc0 00000000 00000000 00000000 00000000
03-26 05:57:15.469   176   176 W         : 4060  00000000 00000000 00000010 00000000 00000000 00000000 00000000 00000000
03-26 05:57:15.469   176   176 W         : X18: 0xffffffc012b5cfe8:
03-26 05:57:15.469   176   176 W         : cfe8  ******** ******** ******** ******** ******** ******** 10b91bb0 ffffffc0
03-26 05:57:15.469   176   176 W         : d008  1024ee54 ffffffc0 102429a8 ffffffc0 10241418 ffffffc0 10b71ed4 ffffffc0
03-26 05:57:15.469   176   176 W         : d028  10b70d10 ffffffc0 10b74630 ffffffc0 10b704c8 ffffffc0 10b7492c ffffffc0
03-26 05:57:15.469   176   176 W         : d048  10b72aac ffffffc0 10b72fb0 ffffffc0 10b7a714 ffffffc0 10ac9084 ffffffc0
03-26 05:57:15.469   176   176 W         : d068  10083dcc ffffffc0 10081518 ffffffc0 1017ff8c ffffffc0 1018d31c ffffffc0
03-26 05:57:15.469   176   176 W         : d088  115feb7c ffffffc0 10203ce4 ffffffc0 1018293c ffffffc0 10182ad4 ffffffc0
03-26 05:57:15.469   176   176 W         : d0a8  10182cb8 ffffffc0 104593c4 ffffffc0 1009c948 ffffffc0 1009967c ffffffc0
03-26 05:57:15.469   176   176 W         : d0c8  1009a700 ffffffc0 1010c9f4 ffffffc0 100a5954 ffffffc0 1010d0d4 ffffffc0
03-26 05:57:15.469   176   176 W         : X19: 0xffffffc01239d7e0:
03-26 05:57:15.469   176   176 W         : d7e0  00000008 00000000 1239d808 ffffffc0 6e90c000 ffffff81 6e582500 ffffff81
03-26 05:57:15.469   176   176 W         : d800  00000000 00000000 53797474 00000000 00000000 00000000 1164b814 ffffffc0
03-26 05:57:15.469   176   176 W         : d820  00000000 00000000 11645dc8 ffffffc0 00000000 00000000 11645f38 ffffffc0
03-26 05:57:15.469   176   176 W         : d840  00000000 00000000 00010006 00001cb2 1239d7c0 ffffffc0 12377ac8 ffffffc0
03-26 05:57:15.469   176   176 W         : d860  11c86e2b ffffffc0 000001a4 00000000 00000000 00000000 11657e00 ffffffc0
03-26 05:57:15.469   176   176 W         : d880  11cd4846 ffffffc0 00000000 00000000 00000000 00000000 00000000 00000000
03-26 05:57:15.469   176   176 W         : d8a0  00000000 00000000 00000000 00000000 1164d050 ffffffc0 00000000 00000000
03-26 05:57:15.469   176   176 W         : d8c0  116579f4 ffffffc0 00000000 00000000 116579f8 ffffffc0 00000000 00000000
03-26 05:57:15.469   176   176 W         : X25: 0xffffffc01274e998:
03-26 05:57:15.469   176   176 W         : e998  00000000 00000000 00000000 00000000 00000000 00000000 00000000 00000000
03-26 05:57:15.469   176   176 W         : e9b8  00000000 00000000 00000000 00000000 00000000 00000000 00000000 00000000
03-26 05:57:15.469   176   176 W         : e9d8  00000000 00000000 00000000 00000000 00000000 00000000 00000000 00000000
03-26 05:57:15.469   176   176 W         : e9f8  00000000 00000000 00000000 00000000 00000000 00000000 00000000 00000000
03-26 05:57:15.469   176   176 W         : ea18  6cf3d880 ffffff81 6e461c80 ffffff81 6e467480 ffffff81 00000000 00000000
03-26 05:57:15.469   176   176 W         : ea38  00000000 00000000 00000000 00000000 00000000 00000000 00000000 00000000
03-26 05:57:15.469   176   176 W         : ea58  00000002 00000000 6cd8e900 ffffff81 00000001 00000000 00000000 00000000
03-26 05:57:15.469   176   176 W         : ea78  7678e500 ffffff81 00000000 00000000 00000000 00000000 00000000 00000000
03-26 05:57:15.469   176   176 W         : X29: 0xffffffc012c739c0:
03-26 05:57:15.469   176   176 W         : 39c0  7f31e220 ffffff81 12c73a40 ffffffc0 10b6b378 ffffffc0 12c73a20 ffffffc0
03-26 05:57:15.469   176   176 W         : 39e0  10b6b378 ffffffc0 60c00005 00000000 ffffffc8 00000000 a7027c00 14334354
03-26 05:57:15.469   176   176 W         : 3a00  ffffffff ffffffff 10b6b378 ffffffc0 12c73a40 ffffffc0 10b6b378 ffffffc0
03-26 05:57:15.469   176   176 W         : 3a20  1274ea18 ffffffc0 76adfc10 ffffff81 76a9d700 ffffff81 a7027c00 14334354
03-26 05:57:15.469   176   176 W         : 3a40  12c73a60 ffffffc0 10ac9084 ffffffc0 6cf3d880 ffffff81 76adfc00 ffffff81
03-26 05:57:15.469   176   176 W         : 3a60  12c73ac0 ffffffc0 10b7a714 ffffffc0 1b01fc2a 00000000 10b7a6e0 ffffffc0
03-26 05:57:15.469   176   176 W         : 3a80  3b9aca00 00000000 12309000 ffffffc0 12617088 ffffffc0 0000008c 00000000
03-26 05:57:15.469   176   176 W         : 3aa0  12750000 ffffffc0 1239d6f8 ffffffc0 76adfc00 ffffff81 76adfc10 ffffff81
03-26 05:57:15.469   176   176 W Call trace:  
03-26 05:57:15.469   176   176 W         : device_create_file+0x11c/0x168
03-26 05:57:15.469   176   176 W         : sprd_probe+0x2a8/0x568
03-26 05:57:15.469   176   176 W         : platform_drv_probe+0x84/0x170
03-26 05:57:15.469   176   176 W         : really_probe+0x334/0xc64
03-26 05:57:15.469   176   176 W         : driver_probe_device+0x108/0x2d8
03-26 05:57:15.469   176   176 W         : __device_attach_driver+0x188/0x378
03-26 05:57:15.469   176   176 W         : bus_for_each_drv+0x80/0x1b0
03-26 05:57:15.469   176   176 W         : __device_attach+0x11c/0x290
03-26 05:57:15.469   176   176 W         : bus_probe_device+0x5c/0x1e8
03-26 05:57:15.469   176   176 W         : deferred_probe_work_func+0xdc/0x24c
03-26 05:57:15.469   176   176 W         : process_one_work+0x2c4/0x7a0
03-26 05:57:15.469   176   176 W         : worker_thread+0x4a8/0xae8
03-26 05:57:15.469   176   176 W         : kthread+0x1b0/0x1e0
03-26 05:57:15.469   176   176 W         : ret_from_fork+0x10/0x18
03-26 05:57:15.469   176   176 W         : ---[ end trace 472cc5e8d65f9cd8 ]---
03-26 05:57:15.469   176   176 I 200a0000.serial: ttyS0 at MMIO 0x200a0000 (irq = 15, base_baud = 1625000) is a SPX
03-26 05:57:15.469   176   176 F yanbin  : uart 0 eb
03-26 05:57:15.473   176   176 F yanbin  : uart 0 disable
03-26 05:57:15.473     1     1 D         : probe of 64710000.pinctrl returned 1 after 5254 usecs
03-26 05:57:15.478   176   176 D         : probe of 200a0000.serial returned 1 after 9092 usecs
03-26 05:57:15.478     1     1 D         : initcall __cfi_check+0xd4/0xe8 [pinctrl_sprd_qogirl6] returned 0 after 9577 usecs
03-26 05:57:15.478     1     1 I init    : Loaded kernel module /lib/modules/pinctrl-sprd-qogirl6.ko
03-26 05:57:15.478   176   176 D         : probe of sprd_backlight returned 0 after 23 usecs
03-26 05:57:15.478     1     1 I init    : Loading module /lib/modules/spi-sprd.ko with args ''
03-26 05:57:15.478   176   176 E         : [D][ANC_DRIVER][anc_probe] entry  lks
03-26 05:57:15.478   176   176 E         : [D][ANC_DRIVER][anc_probe]  lks ####    1365
03-26 05:57:15.478   176   176 E         : [D][ANC_DRIVER][anc_probe]  lks ####    1372
03-26 05:57:15.478   176   176 E         : [D][ANC_DRIVER][anc_probe]  lks ####    1378
03-26 05:57:15.478   176   176 E         : [D][ANC_DRIVER][anc_parse_dts] vdd_use_gpio = 1, vdd_use_pmic = 0
03-26 05:57:15.478   176   176 E         : [D][ANC_DRIVER][anc_probe]  lks ####    1384
03-26 05:57:15.478   176   176 E         : [D][ANC_DRIVER][anc_create_device] Major number of device = 491
03-26 05:57:15.478   176   176 E         : [D][ANC_DRIVER][anc_probe]  lks ####    1389
03-26 05:57:15.478   176   176 E         : [D][ANC_DRIVER][anc_probe] Create sysfs path = fingerprint@0
03-26 05:57:15.478   176   176 W         : kaoshan #### anc_probe 1426 ###
03-26 05:57:15.478   176   176 E         : [D][ANC_DRIVER][anc_probe] Success
03-26 05:57:15.478   176   176 D         : probe of fingerprint@0 returned 1 after 200 usecs
03-26 05:57:15.478   176   176 D         : probe of sprd_backlight returned 0 after 10 usecs
03-26 05:57:15.480     1     1 D         : calling  __cfi_check+0x1d4/0x1f8 [spi_sprd] @ 1
03-26 05:57:15.480     1     1 E sprd-spi 20120000.spi: request RX DMA channel failed!
03-26 05:57:15.480     1     1 W sprd-spi 20120000.spi: failed to request dma, enter no dma mode, ret = -19
03-26 05:57:15.481     1     1 D         : probe of 20120000.spi returned 1 after 783 usecs
03-26 05:57:15.481     1     1 E sprd-spi 20150000.spi: request RX DMA channel failed!
03-26 05:57:15.481     1     1 W sprd-spi 20150000.spi: failed to request dma, enter no dma mode, ret = -19
03-26 05:57:15.481   176   176 D         : probe of sprd_backlight returned 0 after 18 usecs
03-26 05:57:15.482     1     1 E         : [HXTP] Enter himax_chip_common_probe
03-26 05:57:15.482     1     1 E         : [HXTP] PDATA START
03-26 05:57:15.482     1     1 E         : [HXTP] ic_data START
03-26 05:57:15.482     1     1 E         : [HXTP] ==========ts->boot_mode = 0
03-26 05:57:15.482     1     1 E         : [HXTP] boot_mode is 0
03-26 05:57:15.482     1     1 E [HXTP]  DT-himax_parse_dt: panel-coords = 0, 719, 0, 1599
03-26 05:57:15.482     1     1 E [HXTP]  DT-himax_parse_dt: display-coords = (720, 1600)
03-26 05:57:15.482     1     1 E [HXTP]  DT: gpio_3v3_en value is not valid
03-26 05:57:15.482     1     1 E [HXTP]  DT: gpio_irq=208, gpio_rst=210, gpio_3v3_en=-2
03-26 05:57:15.482     1     1 E [HXTP]  DT: protocol_type=1
03-26 05:57:15.484     1     1 E [HXTP] hx_ic_register: Entering!
03-26 05:57:15.484     1     1 E         : [HXTP] _hx83108_init
03-26 05:57:15.484     1     1 E [HXTP] himax_mcu_in_cmd_struct_init: Entering!
03-26 05:57:15.484     1     1 E [HXTP] himax_mcu_in_cmd_init: Entering!
03-26 05:57:15.484     1     1 E [HXTP] hx83108_sense_off: Do not need wait FW, Status = 0x01!
03-26 05:57:15.484     1     1 E [HXTP] hx83108_sense_off: Check enter_save_mode data[0]=C
03-26 05:57:15.486     1     1 E [HXTP] hx83108_chip_detect: Read driver IC ID = 83, 10, 8A
03-26 05:57:15.486     1     1 E [HXTP] hx83108_chip_detect: IC name = HX83108A
03-26 05:57:15.486     1     1 E         : [HXTP] Himax IC package 83108a in
03-26 05:57:15.486     1     1 E [HXTP] hx_ic_register: detect IC!
03-26 05:57:15.486     1     1 E [HXTP] hx_ic_register: END!
03-26 05:57:15.486     1     1 E [HXTP] hx83108_chip_init: IC cell type = 1
03-26 05:57:15.486     1     1 E [HXTP] himax_mcu_touch_information: HX_RX_NUM =32,HX_TX_NUM =18
03-26 05:57:15.486     1     1 E [HXTP] himax_mcu_touch_information: HX_MAX_PT=10
03-26 05:57:15.486     1     1 E [HXTP] himax_mcu_touch_information: HX_Y_RES=1600,HX_X_RES =720
03-26 05:57:15.486     1     1 E [HXTP] himax_mcu_touch_information: HX_INT_IS_EDGE =1,HX_STYLUS_FUNC = 0
03-26 05:57:15.486     1     1 E [HXTP] himax_mcu_touch_information: HX_STYLUS_ID_V2 =0,HX_STYLUS_RATIO = 0
03-26 05:57:15.486     1     1 E         : [HXTP] himax_int_register_trigger edge triiger falling
03-26 05:57:15.487     1     1 E [HXTP] himax_ts_register_interrupt: irq enabled at gpio: 95
03-26 05:57:15.487     1     1 E [HXTP] himax_int_enable: Entering! irqnum = 95
03-26 05:57:15.487     1     1 E         : [HXTP] enable = 0
03-26 05:57:15.487     1     1 E [HXTP] himax_report_data_init: rawdata_fsz = 1,HX_MAX_PT:10,hx_raw_cnt_max:2
03-26 05:57:15.487     1     1 E [HXTP] himax_report_data_init: hx_raw_cnt_rmd:2,g_hx_rawdata_size:1256,touch_info_size:56
03-26 05:57:15.487     1     1 E [HXTP] himax_chip_common_init: Use Protocol Type B
03-26 05:57:15.487     1     1 E [HXTP] himax_inspection_init: enter, 3312
03-26 05:57:15.487     1     1 E [HXTP] himax_debug_init: Enter
03-26 05:57:15.488     1     1 E [HXTP] input_set_abs_params: mix_x 0, max_x 719, min_y 0, max_y 1599
03-26 05:57:15.488     1     1 I input   : himax-touchscreen as /devices/virtual/input/input38
03-26 05:57:15.488     1     1 E         : [HXTP] himax_input_register, input device registered.
03-26 05:57:15.488   172   172 D         : probe of sprd_backlight returned 0 after 28 usecs
03-26 05:57:15.488     1     1 D         : probe of spi3.0 returned 1 after 6196 usecs
03-26 05:57:15.488   172   172 D         : probe of sprd_backlight returned 0 after 12 usecs
03-26 05:57:15.488     1     1 D         : probe of 20150000.spi returned 1 after 7247 usecs
03-26 05:57:15.489     1     1 D         : initcall __cfi_check+0x1d4/0x1f8 [spi_sprd] returned 0 after 8196 usecs
03-26 05:57:15.489     1     1 I init    : Loaded kernel module /lib/modules/spi-sprd.ko
03-26 05:57:15.489     1     1 I init    : Loading module /lib/modules/pwm-sprd.ko with args ''
03-26 05:57:15.491     1     1 D         : calling  __cfi_check+0xf4/0x10c [pwm_sprd] @ 1
03-26 05:57:15.491     1     1 E sprd-pwm 643f0000.pwm: Failed to get clk 'enable3': -2
03-26 05:57:15.491   172   172 W sysfs   : cannot create duplicate filename '/class/backlight/sprd_backlight'
03-26 05:57:15.491   172   172 W         : CPU: 6 PID: 172 Comm: kworker/6:2 Tainted: G S      WC O      5.4.254-android12-9-gf6794bd59091-ab267 #1
03-26 05:57:15.491   172   172 W Hardware name: Spreadtrum UMS9230 1H10 SoC (DT)
03-26 05:57:15.491   172   172 W Workqueue: events __typeid__ZTSFvP11work_structE_global_addr
03-26 05:57:15.491   172   172 W Call trace:  
03-26 05:57:15.491   172   172 W         : __typeid__ZTSFiP11task_structPK11user_regsetjjPKvS5_E_global_addr+0x3c/0x40
03-26 05:57:15.491   172   172 W         : dump_stack+0xa4/0x10c
03-26 05:57:15.491   172   172 W         : sysfs_warn_dup+0x88/0xa4
03-26 05:57:15.491   172   172 W         : sysfs_do_create_link_sd+0xe4/0x27c
03-26 05:57:15.491   172   172 W         : device_add+0x2c8/0x14f8
03-26 05:57:15.491   172   172 W         : backlight_device_register+0xd8/0x2d4
03-26 05:57:15.491   172   172 W         : devm_backlight_device_register+0x9c/0xfc
03-26 05:57:15.491   172   172 W         : sprd_backlight_probe+0x200/0x374 [sprd_drm]
03-26 05:57:15.491   172   172 W         : platform_drv_probe+0x84/0x170
03-26 05:57:15.491   172   172 W         : really_probe+0x334/0xc64
03-26 05:57:15.491   172   172 W         : driver_probe_device+0x108/0x2d8
03-26 05:57:15.491   172   172 W         : __device_attach_driver+0x188/0x378
03-26 05:57:15.491   172   172 W         : bus_for_each_drv+0x80/0x1b0
03-26 05:57:15.491   172   172 W         : __device_attach+0x11c/0x290
03-26 05:57:15.491   172   172 W         : bus_probe_device+0x5c/0x1e8
03-26 05:57:15.491   172   172 W         : deferred_probe_work_func+0xdc/0x24c
03-26 05:57:15.491   172   172 W         : process_one_work+0x2c4/0x7a0
03-26 05:57:15.491   172   172 W         : worker_thread+0x4a8/0xae8
03-26 05:57:15.491   172   172 W         : kthread+0x1b0/0x1e0
03-26 05:57:15.491   172   172 W         : ret_from_fork+0x10/0x18
03-26 05:57:15.491   172   172 E sprd-backlight sprd_backlight: failed to register sprd backlight ops
03-26 05:57:15.491   172   172 W sprd-backlight: probe of sprd_backlight failed with error -17
03-26 05:57:15.491   172   172 D         : probe of sprd_backlight returned 0 after 196 usecs
03-26 05:57:15.491     1     1 D         : probe of 643f0000.pwm returned 1 after 530 usecs
03-26 05:57:15.492     1     1 D         : initcall __cfi_check+0xf4/0x10c [pwm_sprd] returned 0 after 906 usecs
03-26 05:57:15.492     1     1 I init    : Loaded kernel module /lib/modules/pwm-sprd.ko
03-26 05:57:15.492     1     1 I init    : Loading module /lib/modules/flash_ic_sgm3785.ko with args ''
03-26 05:57:15.494     1     1 D         : calling  __cfi_check+0x114/0x148 [flash_ic_sgm3785] @ 1
03-26 05:57:15.494     1     1 E FLASH_sgm3785: 1 348 sprd_flash_sgm3785_probe : E
03-26 05:57:15.494     1     1 E FLASH_sgm3785: 1 379 sprd_flash_sgm3785_probe : gpio init gpio 203
03-26 05:57:15.494     1     1 E FLASH_sgm3785: 1 398 sprd_flash_sgm3785_probe : x
03-26 05:57:15.494     1     1 D         : probe of flash-pwm returned 1 after 104 usecs
03-26 05:57:15.494     1     1 D         : initcall __cfi_check+0x114/0x148 [flash_ic_sgm3785] returned 0 after 435 usecs
03-26 05:57:15.494     1     1 I init    : Loaded kernel module /lib/modules/flash_ic_sgm3785.ko
03-26 05:57:15.494     1     1 I init    : Loading module /lib/modules/flash_ic_ocp8137.ko with args ''
03-26 05:57:15.497     1     1 D         : calling  __cfi_check+0x168/0x1000 [flash_ic_ocp8137] @ 1
03-26 05:57:15.497     1     1 I FLASH_OCP8137: 1 633 sprd_flash_ic_register_driver : register sprd_flash_ic_driver:0
03-26 05:57:15.497     1     1 D         : initcall __cfi_check+0x168/0x1000 [flash_ic_ocp8137] returned 0 after 51 usecs
03-26 05:57:15.497     1     1 I init    : Loaded kernel module /lib/modules/flash_ic_ocp8137.ko
03-26 05:57:15.497     1     1 I init    : Loading module /lib/modules/rtc-sc27xx.ko with args ''
03-26 05:57:15.499     1     1 D         : calling  __cfi_check+0x154/0x17c [rtc_sc27xx] @ 1
03-26 05:57:15.499     1     1 D         : probe of alarmtimer.0.auto returned 1 after 29 usecs
03-26 05:57:15.499     1     1 I sprd-rtc 64200000.spi: pmic@0:rtc@200: registered as rtc0
03-26 05:57:15.500     1     1 I         : sprd_time_sync sprd_time_sync: send monotime_ns=1484176690 boottime_ns=1484176767 realtime_s=1742986635 ts_cnt=430602236 sysfrt_cnt=17483 minuteswest=0 dsttime=0 to userspace
03-26 05:57:15.500     1     1 I sprd-rtc 64200000.spi: pmic@0:rtc@200: setting system clock to 2025-03-26T10:57:15 UTC (1742986635)
03-26 05:57:15.500     1     1 D         : probe of 64200000.spi:pmic@0:rtc@200 returned 1 after 777 usecs
03-26 05:57:15.500     1     1 D         : initcall __cfi_check+0x154/0x17c [rtc_sc27xx] returned 0 after 1108 usecs
03-26 05:57:15.500     1     1 I init    : Loaded kernel module /lib/modules/rtc-sc27xx.ko
03-26 05:57:15.500     1     1 I init    : Loading module /lib/modules/sc27xx_adc.ko with args ''
03-26 05:57:15.502     1     1 D         : calling  __cfi_check+0x1d4/0x1e8 [sc27xx_adc] @ 1
03-26 05:57:15.543     1     1 D         : probe of 64200000.spi:pmic@0:adc@504 returned 1 after 40786 usecs
03-26 05:57:15.544     1     1 D         : initcall __cfi_check+0x1d4/0x1e8 [sc27xx_adc] returned 0 after 40307 usecs
03-26 05:57:15.544     1     1 I init    : Loaded kernel module /lib/modules/sc27xx_adc.ko
03-26 05:57:15.544     1     1 I init    : Loading module /lib/modules/sc27xx-poweroff.ko with args ''
03-26 05:57:15.546     1     1 D         : calling  __cfi_check+0x94/0xa8 [sc27xx_poweroff] @ 1
03-26 05:57:15.546     1     1 D         : probe of 64200000.spi:pmic@0:poweroff@1820 returned 1 after 57 usecs
03-26 05:57:15.546     1     1 D         : initcall __cfi_check+0x94/0xa8 [sc27xx_poweroff] returned 0 after 487 usecs
03-26 05:57:15.546     1     1 I init    : Loaded kernel module /lib/modules/sc27xx-poweroff.ko
03-26 05:57:15.546     1     1 I init    : Loading module /lib/modules/sc27xx-vibra.ko with args ''
03-26 05:57:15.548     1     1 D         : calling  __cfi_check+0x10c/0x124 [sc27xx_vibra] @ 1
03-26 05:57:15.549     1     1 I input   : sc27xx:vibrator as /devices/platform/soc/soc:aon/64200000.spi/spi_master/spi4/spi4.0/64200000.spi:pmic@0:vibrator@1b90/input/input39
03-26 05:57:15.549     1     1 D         : probe of 64200000.spi:pmic@0:vibrator@1b90 returned 1 after 159 usecs
03-26 05:57:15.549     1     1 D         : initcall __cfi_check+0x10c/0x124 [sc27xx_vibra] returned 0 after 550 usecs
03-26 05:57:15.549     1     1 I init    : Loaded kernel module /lib/modules/sc27xx-vibra.ko
03-26 05:57:15.549     1     1 I init    : Loading module /lib/modules/sprd_usbpinmux_qogirl6.ko with args ''
03-26 05:57:15.551     1     1 D         : calling  __cfi_check+0x98/0xa4 [sprd_usbpinmux_qogirl6] @ 1
03-26 05:57:15.551     1     1 D         : probe of soc:aon:usbpinmux returned 1 after 46 usecs
03-26 05:57:15.551     1     1 D         : initcall __cfi_check+0x98/0xa4 [sprd_usbpinmux_qogirl6] returned 0 after 320 usecs
03-26 05:57:15.551     1     1 I init    : Loaded kernel module /lib/modules/sprd_usbpinmux_qogirl6.ko
03-26 05:57:15.552     1     1 I init    : Loading module /lib/modules/phy-sprd-qogirl6.ko with args ''
03-26 05:57:15.554     1     1 D         : calling  __cfi_check+0x23c/0x27c [phy_sprd_qogirl6] @ 1
03-26 05:57:15.555     1     1 I sprd-hsphy 64570000.hsphy: No separate ID extcon device
03-26 05:57:15.555     1     1 I sprd-hsphy 64570000.hsphy: sprd usb phy probe ok !
03-26 05:57:15.555     1     1 D         : probe of 64570000.hsphy returned 1 after 779 usecs
03-26 05:57:15.555     1     1 D         : initcall __cfi_check+0x23c/0x27c [phy_sprd_qogirl6] returned 0 after 1036 usecs
03-26 05:57:15.555     1     1 I init    : Loaded kernel module /lib/modules/phy-sprd-qogirl6.ko
03-26 05:57:15.555     1     1 I init    : Loading module /lib/modules/sc27xx_typec.ko with args ''
03-26 05:57:15.557     1     1 D         : calling  __cfi_check+0x140/0x158 [sc27xx_typec] @ 1
03-26 05:57:15.598     1     1 D         : probe of 64200000.spi:pmic@0:typec@380 returned 1 after 39955 usecs
03-26 05:57:15.598     1     1 D         : initcall __cfi_check+0x140/0x158 [sc27xx_typec] returned 0 after 39388 usecs
03-26 05:57:15.598   178   178 I sc27xx-typec 64200000.spi: pmic@0:typec@380: now works as DRP and is in 2 state, event 1
03-26 05:57:15.598     1     1 I init    : Loaded kernel module /lib/modules/sc27xx_typec.ko
03-26 05:57:15.598     1     1 I init    : Loading module /lib/modules/oplus_chg.ko with args ''
03-26 05:57:15.651     1     1 D         : calling  __typeid__ZTSFivE_global_addr+0x178/0x5d0 [oplus_chg] @ 1
03-26 05:57:15.651     1     1 E OPLUS_CHG[CORE]: oplus_chg_get_module_num[51]: oplus chg module addr_size:224
03-26 05:57:15.651     1     1 I OPLUS_CHG[CORE]: oplus_chg_class_init[575]: find 7 oplus chg module
03-26 05:57:15.651     1     1 I OPLUS_CHG[CORE]: oplus_chg_class_init[582]: hl7138_subsys init
03-26 05:57:15.651     1     1 I         : [OPLUS_CHG][hl7138_subsys_init] init start
03-26 05:57:15.651     1     1 E         : [OPLUS_CHG][hl7138_charger_probe]hl7138_charger_probe enter!
03-26 05:57:15.652     1     1 E         : [OPLUS_CHG][hl7138_charger_choose]0x00 = 67
03-26 05:57:15.652     1     1 E         : [OPLUS_CHG][hl7138_gpio_init]oplus_chip is ready!
03-26 05:57:15.652     1     1 I         : [OPLUS_CHG][hl7138_parse_dt]chip->switch1_gpio =229
03-26 05:57:15.652     1     1 E         : [OPLUS_CHG][hl7138_parse_dt]voocphy_vbus_high is 100
03-26 05:57:15.652     1     1 E         : [OPLUS_CHG][hl7138_parse_dt]voocphy_vbus_high is 200
03-26 05:57:15.652     1     1 E         : [OPLUS_CHG][hl7138_irq_gpio_init]chip->irq_gpio =190
03-26 05:57:15.652     1     1 E         : [OPLUS_CHG][hl7138_irq_gpio_init]irq way1 chip->irq =96
03-26 05:57:15.652     1     1 E         : [OPLUS_CHG][hl7138_irq_gpio_init]get pinctrl fail
03-26 05:57:15.652     1     1 E         : [OPLUS_CHG][hl7138_irq_register]hl7138 chip->irq = 96
03-26 05:57:15.653     1     1 I         : [OPLUS_CHG][hl7138_irq_register]request irq ok
03-26 05:57:15.656     1     1 E         : [OPLUS_CHG][hl7138_turnon_sys_clk]0xA3=0x00,0xA0=0x00
03-26 05:57:15.658     1     1 E         : [OPLUS_CHG][hl7138_turnon_sys_clk]hl7138_turnon_sys_clk done
03-26 05:57:15.658     1     1 E         : [OPLUS_CHG][hl7138_work_mode_lockcheck]hl7138_work_mode_lockcheck done
03-26 05:57:15.660     1     1 E oplus_voocphy_parse_batt_curves: parallel_charge_support:0
03-26 05:57:15.660     1     1 E oplus_voocphy_parse_batt_curves: voocphy_dual_cp_support = 0
03-26 05:57:15.660     1     1 E oplus_voocphy_parse_batt_curves: voocphy_bidirect_cp_support = 0
03-26 05:57:15.660     1     1 E oplus_voocphy_parse_batt_curves: version_judge_support = 0
03-26 05:57:15.660     1     1 E oplus_voocphy_parse_batt_curves: impedance_calculation_newmethod = 0
03-26 05:57:15.660     1     1 E oplus_voocphy_parse_batt_curves: svooc_circuit_r_l is 0x16
03-26 05:57:15.660     1     1 E oplus_voocphy_parse_batt_curves: svooc_circuit_r_h is 0x1
03-26 05:57:15.660     1     1 E oplus_voocphy_parse_batt_curves: copycat_vooc_support = 0
03-26 05:57:15.660     1     1 E oplus_voocphy_parse_batt_curves: ovp_ctrl_cpindex = 0
03-26 05:57:15.660     1     1 E oplus_voocphy_parse_batt_curves: cp_ibus_devation is 800
03-26 05:57:15.660     1     1 E oplus_voocphy_parse_batt_curves: slave_cp_enable_thr is 1900
03-26 05:57:15.660     1     1 E oplus_voocphy_parse_batt_curves: slave_cp_disable_thr_high is 1600
03-26 05:57:15.660     1     1 E oplus_voocphy_parse_batt_curves: slave_cp_disable_thr_low is 1400
03-26 05:57:15.660     1     1 E oplus_voocphy_parse_batt_curves: qcom,voocphy_current_default is 60
03-26 05:57:15.660     1     1 E oplus_voocphy_parse_batt_curves: qcom,vooc_little_cool_temp is 160
03-26 05:57:15.660     1     1 E oplus_voocphy_parse_batt_curves: qcom,vooc_little_cold_temp is 50
03-26 05:57:15.660     1     1 E oplus_voocphy_parse_batt_curves: qcom,vooc_normal_low_temp is 250
03-26 05:57:15.660     1     1 I         : [OPLUS_CHG][oplus_voocphy_parse_batt_curves]qcom,vooc-normal-high-temp is 440
03-26 05:57:15.660     1     1 I         : [OPLUS_CHG][oplus_voocphy_parse_batt_curves]qcom,vooc-wam-allow-vol is 4000
03-26 05:57:15.660     1     1 I         : [OPLUS_CHG][oplus_voocphy_parse_batt_curves]qcom,vooc-wam-allow-soc is 50
03-26 05:57:15.660     1     1 E oplus_voocphy_parse_batt_curves: qcom,vooc_multistep_initial_batt_temp is 1000
03-26 05:57:15.660     1     1 E oplus_voocphy_parse_batt_curves: qcom,vooc_strategy_normal_current is 100
03-26 05:57:15.660     1     1 E oplus_voocphy_parse_batt_curves: qcom,vooc_strategy1_batt_low_temp1 is 410
03-26 05:57:15.660     1     1 E oplus_voocphy_parse_batt_curves: qcom,vooc_strategy1_batt_low_temp2 is 420
03-26 05:57:15.660     1     1 E oplus_voocphy_parse_batt_curves: qcom,vooc_strategy1_batt_low_temp0 is 390
03-26 05:57:15.660     1     1 E oplus_voocphy_parse_batt_curves: qcom,vooc_strategy1_batt_high_temp0 is 400
03-26 05:57:15.660     1     1 E oplus_voocphy_parse_batt_curves: qcom,vooc_strategy1_batt_high_temp1 is 420
03-26 05:57:15.660     1     1 E oplus_voocphy_parse_batt_curves: qcom,vooc_strategy1_batt_high_temp2 is 430
03-26 05:57:15.660     1     1 E oplus_voocphy_parse_batt_curves: qcom,vooc_strategy1_high_current0 is 50
03-26 05:57:15.660     1     1 E oplus_voocphy_parse_batt_curves: qcom,vooc_strategy1_high_current1 is 40
03-26 05:57:15.660     1     1 E oplus_voocphy_parse_batt_curves: qcom,vooc_strategy1_high_current2 is 20
03-26 05:57:15.660     1     1 E oplus_voocphy_parse_batt_curves: qcom,vooc_strategy1_low_current2 is 40
03-26 05:57:15.660     1     1 E oplus_voocphy_parse_batt_curves: qcom,vooc_strategy1_low_current1 is 50
03-26 05:57:15.660     1     1 E oplus_voocphy_parse_batt_curves: qcom,vooc_strategy1_low_current0 is 60
03-26 05:57:15.660     1     1 I         : [OPLUS_CHG][oplus_voocphy_parse_batt_curves]qcom,vooc-low-soc is 0
03-26 05:57:15.660     1     1 I         : [OPLUS_CHG][oplus_voocphy_parse_batt_curves]qcom,vooc-high-soc is 90
03-26 05:57:15.660     1     1 I         : [OPLUS_CHG][oplus_voocphy_parse_batt_curves]qcom,vooc-low-temp is 0
03-26 05:57:15.660     1     1 I         : [OPLUS_CHG][oplus_voocphy_parse_batt_curves]qcom,vooc-high-temp is 500
03-26 05:57:15.660     1     1 E oplus_voocphy_parse_batt_curves: qcom,vooc_batt_over_high_temp is 530
03-26 05:57:15.660     1     1 E oplus_voocphy_parse_batt_curves: external_gauge_support = 0
03-26 05:57:15.660     1     1 E oplus_voocphy_parse_batt_curves: parse svooc_cool_down_current_limit, size=15 svooc_cool_down_num =15
03-26 05:57:15.660     1     1 E oplus_voocphy_parse_batt_curves: parse vooc_cool_down_current_limit, size=15 vooc_cool_down_num =15
03-26 05:57:15.660     1     1 E oplus_voocphy_parse_batt_curves: parse fastchg_timeout_time_init failed, rc=-22
03-26 05:57:15.660     1     1 E oplus_voocphy_parse_batt_curves: range1_low_curr_full length =5
03-26 05:57:15.660     1     1 E oplus_voocphy_parse_batt_curves: curr: 650 , vbatt: 4500
03-26 05:57:15.660     1     1 E oplus_voocphy_parse_batt_curves: curr: 550 , vbatt: 4495
03-26 05:57:15.660     1     1 E oplus_voocphy_parse_batt_curves: curr: 450 , vbatt: 4480
03-26 05:57:15.660     1     1 E oplus_voocphy_parse_batt_curves: curr: 350 , vbatt: 4470
03-26 05:57:15.660     1     1 E oplus_voocphy_parse_batt_curves: curr: 250 , vbatt: 4460
