03-25 03:44:06.613     1     1 D         : calling  __typeid__ZTSFivE_global_addr+0x1dc/0xee0 @ 1
03-25 03:44:06.613     1     1 D         : initcall __typeid__ZTSFivE_global_addr+0x1dc/0xee0 returned 0 after 1 usecs
03-25 03:44:06.613     1     1 D         : calling  __typeid__ZTSFivE_global_addr+0x1f4/0xee0 @ 1
03-25 03:44:06.613     1     1 D         : initcall __typeid__ZTSFivE_global_addr+0x1f4/0xee0 returned 0 after 2 usecs
03-25 03:44:06.613     1     1 D         : calling  __typeid__ZTSFivE_global_addr+0x1f8/0xee0 @ 1
03-25 03:44:06.613     1     1 D         : initcall __typeid__ZTSFivE_global_addr+0x1f8/0xee0 returned 0 after 3 usecs
03-25 03:44:06.613     1     1 D         : calling  __typeid__ZTSFivE_global_addr+0x208/0xee0 @ 1
03-25 03:44:06.613     1     1 D         : initcall __typeid__ZTSFivE_global_addr+0x208/0xee0 returned 0 after 1 usecs
03-25 03:44:06.613     1     1 D         : calling  __typeid__ZTSFivE_global_addr+0x20c/0xee0 @ 1
03-25 03:44:06.613     1     1 D         : initcall __typeid__ZTSFivE_global_addr+0x20c/0xee0 returned 0 after 0 usecs
03-25 03:44:06.613     1     1 D         : calling  __typeid__ZTSFivE_global_addr+0x210/0xee0 @ 1
03-25 03:44:06.613     1     1 D         : initcall __typeid__ZTSFivE_global_addr+0x210/0xee0 returned 0 after 2 usecs
03-25 03:44:06.613     1     1 D         : calling  __typeid__ZTSFivE_global_addr+0x220/0xee0 @ 1
03-25 03:44:06.613     1     1 D         : initcall __typeid__ZTSFivE_global_addr+0x220/0xee0 returned 0 after 20 usecs
03-25 03:44:06.613     1     1 D         : calling  __typeid__ZTSFivE_global_addr+0x224/0xee0 @ 1
03-25 03:44:06.613     1     1 D         : initcall __typeid__ZTSFivE_global_addr+0x224/0xee0 returned 0 after 12 usecs
03-25 03:44:06.613     1     1 D         : calling  __typeid__ZTSFivE_global_addr+0x22c/0xee0 @ 1
03-25 03:44:06.613     1     1 D         : initcall __typeid__ZTSFivE_global_addr+0x22c/0xee0 returned 0 after 1 usecs
03-25 03:44:06.613     1     1 D         : calling  __typeid__ZTSFivE_global_addr+0x294/0xee0 @ 1
03-25 03:44:06.613     1     1 D         : initcall __typeid__ZTSFivE_global_addr+0x294/0xee0 returned 0 after 203 usecs
03-25 03:44:06.613     1     1 D         : calling  __typeid__ZTSFivE_global_addr+0x2a0/0xee0 @ 1
03-25 03:44:06.613     1     1 I         : Initialise system trusted keyrings
03-25 03:44:06.613     1     1 D         : initcall __typeid__ZTSFivE_global_addr+0x2a0/0xee0 returned 0 after 16 usecs
03-25 03:44:06.613     1     1 D         : calling  __typeid__ZTSFivE_global_addr+0x2a8/0xee0 @ 1
03-25 03:44:06.613     1     1 D         : initcall __typeid__ZTSFivE_global_addr+0x2a8/0xee0 returned 0 after 86 usecs
03-25 03:44:06.613     1     1 D         : calling  __typeid__ZTSFivE_global_addr+0x2ac/0xee0 @ 1
03-25 03:44:06.613     1     1 D         : initcall __typeid__ZTSFivE_global_addr+0x2ac/0xee0 returned 0 after 15 usecs
03-25 03:44:06.613     1     1 D         : calling  __typeid__ZTSFivE_global_addr+0x2c0/0xee0 @ 1
03-25 03:44:06.613     1     1 D         : initcall __typeid__ZTSFivE_global_addr+0x2c0/0xee0 returned 0 after 2 usecs
03-25 03:44:06.613     1     1 D         : calling  __typeid__ZTSFivE_global_addr+0x2cc/0xee0 @ 1
03-25 03:44:06.613     1     1 D         : initcall __typeid__ZTSFivE_global_addr+0x2cc/0xee0 returned 0 after 2 usecs
03-25 03:44:06.613     1     1 D         : calling  __typeid__ZTSFivE_global_addr+0x2d4/0xee0 @ 1
03-25 03:44:06.613     1     1 I workingset: timestamp_bits=46 max_order=21 bucket_order=0
03-25 03:44:06.613     1     1 D         : initcall __typeid__ZTSFivE_global_addr+0x2d4/0xee0 returned 0 after 5 usecs
03-25 03:44:06.613     1     1 D         : calling  __typeid__ZTSFivE_global_addr+0x2ec/0xee0 @ 1
03-25 03:44:06.613     1     1 D         : initcall __typeid__ZTSFivE_global_addr+0x2ec/0xee0 returned 0 after 2 usecs
03-25 03:44:06.613     1     1 D         : calling  __typeid__ZTSFivE_global_addr+0x2f8/0xee0 @ 1
03-25 03:44:06.613     1     1 D         : initcall __typeid__ZTSFivE_global_addr+0x2f8/0xee0 returned 0 after 11 usecs
03-25 03:44:06.613     1     1 D         : calling  __typeid__ZTSFivE_global_addr+0x308/0xee0 @ 1
03-25 03:44:06.613     1     1 D         : initcall __typeid__ZTSFivE_global_addr+0x308/0xee0 returned 0 after 2 usecs
03-25 03:44:06.613     1     1 D         : calling  __typeid__ZTSFivE_global_addr+0x30c/0xee0 @ 1
03-25 03:44:06.617     1     1 D         : initcall __typeid__ZTSFivE_global_addr+0x30c/0xee0 returned 0 after 3045 usecs
03-25 03:44:06.617     1     1 D         : calling  __typeid__ZTSFivE_global_addr+0x324/0xee0 @ 1
03-25 03:44:06.617     1     1 D         : initcall __typeid__ZTSFivE_global_addr+0x324/0xee0 returned 0 after 26 usecs
03-25 03:44:06.617     1     1 D         : calling  __typeid__ZTSFivE_global_addr+0x334/0xee0 @ 1
03-25 03:44:06.617     1     1 D         : initcall __typeid__ZTSFivE_global_addr+0x334/0xee0 returned 0 after 1 usecs
03-25 03:44:06.617     1     1 D         : calling  __typeid__ZTSFivE_global_addr+0x33c/0xee0 @ 1
03-25 03:44:06.617     1     1 D         : initcall __typeid__ZTSFivE_global_addr+0x33c/0xee0 returned 0 after 5 usecs
03-25 03:44:06.617     1     1 D         : calling  __typeid__ZTSFivE_global_addr+0x340/0xee0 @ 1
03-25 03:44:06.617     1     1 D         : initcall __typeid__ZTSFivE_global_addr+0x340/0xee0 returned 0 after 3 usecs
03-25 03:44:06.617     1     1 D         : calling  __typeid__ZTSFivE_global_addr+0x344/0xee0 @ 1
03-25 03:44:06.617     1     1 D         : initcall __typeid__ZTSFivE_global_addr+0x344/0xee0 returned 0 after 2 usecs
03-25 03:44:06.617     1     1 D         : calling  __typeid__ZTSFivE_global_addr+0x354/0xee0 @ 1
03-25 03:44:06.617     1     1 D         : initcall __typeid__ZTSFivE_global_addr+0x354/0xee0 returned 0 after 8 usecs
03-25 03:44:06.617     1     1 D         : calling  __typeid__ZTSFivE_global_addr+0x358/0xee0 @ 1
03-25 03:44:06.617     1     1 D         : initcall __typeid__ZTSFivE_global_addr+0x358/0xee0 returned 0 after 60 usecs
03-25 03:44:06.617     1     1 D         : calling  __typeid__ZTSFivE_global_addr+0x36c/0xee0 @ 1
03-25 03:44:06.617     1     1 D         : initcall __typeid__ZTSFivE_global_addr+0x36c/0xee0 returned 0 after 46 usecs
03-25 03:44:06.617     1     1 D         : calling  __typeid__ZTSFivE_global_addr+0x370/0xee0 @ 1
03-25 03:44:06.617     1     1 D         : initcall __typeid__ZTSFivE_global_addr+0x370/0xee0 returned 0 after 95 usecs
03-25 03:44:06.617     1     1 D         : calling  __typeid__ZTSFivE_global_addr+0x374/0xee0 @ 1
03-25 03:44:06.617     1     1 D         : initcall __typeid__ZTSFivE_global_addr+0x374/0xee0 returned 0 after 4 usecs
03-25 03:44:06.617     1     1 D         : calling  __typeid__ZTSFivE_global_addr+0x388/0xee0 @ 1
03-25 03:44:06.617     1     1 D         : initcall __typeid__ZTSFivE_global_addr+0x388/0xee0 returned 0 after 72 usecs
03-25 03:44:06.617     1     1 D         : calling  __typeid__ZTSFivE_global_addr+0x39c/0xee0 @ 1
03-25 03:44:06.617     1     1 D         : initcall __typeid__ZTSFivE_global_addr+0x39c/0xee0 returned 0 after 53 usecs
03-25 03:44:06.617     1     1 D         : calling  __typeid__ZTSFivE_global_addr+0x3a4/0xee0 @ 1
03-25 03:44:06.617     1     1 D         : initcall __typeid__ZTSFivE_global_addr+0x3a4/0xee0 returned 0 after 0 usecs
03-25 03:44:06.617     1     1 D         : calling  __typeid__ZTSFivE_global_addr+0x3e4/0xee0 @ 1
03-25 03:44:06.617     1     1 D         : initcall __typeid__ZTSFivE_global_addr+0x3e4/0xee0 returned 0 after 15 usecs
03-25 03:44:06.617     1     1 D         : calling  __typeid__ZTSFivE_global_addr+0x3e8/0xee0 @ 1
03-25 03:44:06.617     1     1 D         : initcall __typeid__ZTSFivE_global_addr+0x3e8/0xee0 returned 0 after 340 usecs
03-25 03:44:06.617     1     1 D         : calling  __typeid__ZTSFivE_global_addr+0x3ec/0xee0 @ 1
03-25 03:44:06.618     1     1 D         : initcall __typeid__ZTSFivE_global_addr+0x3ec/0xee0 returned 0 after 167 usecs
03-25 03:44:06.618     1     1 D         : calling  __typeid__ZTSFivE_global_addr+0x3f4/0xee0 @ 1
03-25 03:44:06.618     1     1 D         : initcall __typeid__ZTSFivE_global_addr+0x3f4/0xee0 returned 0 after 93 usecs
03-25 03:44:08.573   329   329 I hwservicemanager: getDeviceHalManifest: Successfully processed VINTF information
03-25 03:44:08.573   329   329 I hwservicemanager: getFrameworkHalManifest: Successfully processed VINTF information
03-25 03:44:08.573   329   329 I hwservicemanager: getTransport: Cannot find entry android.hidl.manager@1.2::IServiceManager/default in either framework or device VINTF manifest.
03-25 03:44:08.574   329   329 E SELinux : avc:  denied  { add } for interface=android.hidl.token::ITokenManager sid=u:r:recovery:s0 pid=329 scontext=u:r:recovery:s0 tcontext=u:object_r:hidl_token_hwservice:s0 tclass=hwservice_manager permissive=1
03-25 03:44:08.574   329   329 I hwservicemanager: getTransport: Cannot find entry android.hidl.token@1.0::ITokenManager/default in either framework or device VINTF manifest.
03-25 03:44:06.618     1     1 D         : calling  __typeid__ZTSFivE_global_addr+0x3f8/0xee0 @ 1
03-25 03:44:06.618     1     1 D         : initcall __typeid__ZTSFivE_global_addr+0x3f8/0xee0 returned 0 after 1 usecs
03-25 03:44:06.618     1     1 D         : calling  __typeid__ZTSFivE_global_addr+0x3fc/0xee0 @ 1
03-25 03:44:06.618     1     1 D         : initcall __typeid__ZTSFivE_global_addr+0x3fc/0xee0 returned 0 after 1 usecs
03-25 03:44:06.618     1     1 D         : calling  __typeid__ZTSFivE_global_addr+0x400/0xee0 @ 1
03-25 03:44:06.618     1     1 D         : initcall __typeid__ZTSFivE_global_addr+0x400/0xee0 returned 0 after 1 usecs
03-25 03:44:06.618     1     1 D         : calling  __typeid__ZTSFivE_global_addr+0x404/0xee0 @ 1
03-25 03:44:06.618     1     1 D         : initcall __typeid__ZTSFivE_global_addr+0x404/0xee0 returned 0 after 0 usecs
03-25 03:44:06.618     1     1 D         : calling  __typeid__ZTSFivE_global_addr+0x408/0xee0 @ 1
03-25 03:44:06.618     1     1 D         : initcall __typeid__ZTSFivE_global_addr+0x408/0xee0 returned 0 after 0 usecs
03-25 03:44:06.618     1     1 D         : calling  __typeid__ZTSFivE_global_addr+0x40c/0xee0 @ 1
03-25 03:44:06.618     1     1 D         : initcall __typeid__ZTSFivE_global_addr+0x40c/0xee0 returned 0 after 0 usecs
03-25 03:44:06.618     1     1 D         : calling  __typeid__ZTSFivE_global_addr+0x410/0xee0 @ 1
03-25 03:44:06.618     1     1 D         : initcall __typeid__ZTSFivE_global_addr+0x410/0xee0 returned 0 after 0 usecs
03-25 03:44:06.618     1     1 D         : calling  __typeid__ZTSFivE_global_addr+0x414/0xee0 @ 1
03-25 03:44:06.618     1     1 D         : initcall __typeid__ZTSFivE_global_addr+0x414/0xee0 returned 0 after 0 usecs
03-25 03:44:08.574   329   329 I hwservicemanager: hwservicemanager is ready now.
03-25 03:44:06.618     1     1 D         : calling  __typeid__ZTSFivE_global_addr+0x418/0xee0 @ 1
03-25 03:44:06.618     1     1 D         : initcall __typeid__ZTSFivE_global_addr+0x418/0xee0 returned 0 after 0 usecs
03-25 03:44:06.618     1     1 D         : calling  __typeid__ZTSFivE_global_addr+0x41c/0xee0 @ 1
03-25 03:44:06.618     1     1 D         : initcall __typeid__ZTSFivE_global_addr+0x41c/0xee0 returned 0 after 0 usecs
03-25 03:44:06.618     1     1 D         : calling  __typeid__ZTSFivE_global_addr+0x420/0xee0 @ 1
03-25 03:44:06.618     1     1 D         : initcall __typeid__ZTSFivE_global_addr+0x420/0xee0 returned 0 after 0 usecs
03-25 03:44:06.618     1     1 D         : calling  __typeid__ZTSFivE_global_addr+0x424/0xee0 @ 1
03-25 03:44:06.618     1     1 D         : initcall __typeid__ZTSFivE_global_addr+0x424/0xee0 returned 0 after 0 usecs
03-25 03:44:06.618     1     1 D         : calling  __typeid__ZTSFivE_global_addr+0x428/0xee0 @ 1
03-25 03:44:08.575   336   336 E cutils-trace: Error opening trace file: No such file or directory (2)
03-25 03:44:06.618     1     1 D         : initcall __typeid__ZTSFivE_global_addr+0x428/0xee0 returned 0 after 0 usecs
03-25 03:44:06.618     1     1 D         : calling  __typeid__ZTSFivE_global_addr+0x42c/0xee0 @ 1
03-25 03:44:06.618     1     1 D         : initcall __typeid__ZTSFivE_global_addr+0x42c/0xee0 returned 0 after 0 usecs
03-25 03:44:06.618     1     1 D         : calling  __typeid__ZTSFivE_global_addr+0x430/0xee0 @ 1
03-25 03:44:06.618     1     1 D         : initcall __typeid__ZTSFivE_global_addr+0x430/0xee0 returned 0 after 0 usecs
03-25 03:44:06.618     1     1 D         : calling  __typeid__ZTSFivE_global_addr+0x434/0xee0 @ 1
03-25 03:44:06.618     1     1 D         : initcall __typeid__ZTSFivE_global_addr+0x434/0xee0 returned 0 after 0 usecs
03-25 03:44:06.618     1     1 D         : calling  __typeid__ZTSFivE_global_addr+0x438/0xee0 @ 1
03-25 03:44:06.618     1     1 D         : initcall __typeid__ZTSFivE_global_addr+0x438/0xee0 returned 0 after 0 usecs
03-25 03:44:08.575   335   335 E cutils-trace: Error opening trace file: No such file or directory (2)
03-25 03:44:06.618     1     1 D         : calling  __typeid__ZTSFivE_global_addr+0x43c/0xee0 @ 1
03-25 03:44:06.618     1     1 D         : initcall __typeid__ZTSFivE_global_addr+0x43c/0xee0 returned 0 after 0 usecs
03-25 03:44:06.618     1     1 D         : calling  __typeid__ZTSFivE_global_addr+0x440/0xee0 @ 1
03-25 03:44:06.618     1     1 D         : initcall __typeid__ZTSFivE_global_addr+0x440/0xee0 returned 0 after 0 usecs
03-25 03:44:06.618     1     1 D         : calling  __typeid__ZTSFivE_global_addr+0x444/0xee0 @ 1
03-25 03:44:08.575   329   329 E cutils-trace: Error opening trace file: No such file or directory (2)
03-25 03:44:06.618     1     1 D         : initcall __typeid__ZTSFivE_global_addr+0x444/0xee0 returned 0 after 1 usecs
03-25 03:44:06.618     1     1 D         : calling  __typeid__ZTSFivE_global_addr+0x448/0xee0 @ 1
03-25 03:44:06.618     1     1 D         : initcall __typeid__ZTSFivE_global_addr+0x448/0xee0 returned 0 after 0 usecs
03-25 03:44:06.618     1     1 D         : calling  __typeid__ZTSFivE_global_addr+0x44c/0xee0 @ 1
03-25 03:44:06.618     1     1 D         : initcall __typeid__ZTSFivE_global_addr+0x44c/0xee0 returned 0 after 0 usecs
03-25 03:44:06.618     1     1 D         : calling  __typeid__ZTSFivE_global_addr+0x450/0xee0 @ 1
03-25 03:44:06.618     1     1 D         : initcall __typeid__ZTSFivE_global_addr+0x450/0xee0 returned 0 after 0 usecs
03-25 03:44:06.618     1     1 D         : calling  __typeid__ZTSFivE_global_addr+0x454/0xee0 @ 1
03-25 03:44:06.618     1     1 D         : initcall __typeid__ZTSFivE_global_addr+0x454/0xee0 returned 0 after 0 usecs
03-25 03:44:08.575   329   329 E SELinux : avc:  denied  { find } for interface=android.hardware.health::IHealth sid=u:r:recovery:s0 pid=336 scontext=u:r:recovery:s0 tcontext=u:object_r:hal_health_hwservice:s0 tclass=hwservice_manager permissive=1
03-25 03:44:06.618     1     1 D         : calling  __typeid__ZTSFivE_global_addr+0x458/0xee0 @ 1
03-25 03:44:08.575   336   336 E HidlServiceManagement: getService: Potential race detected. The VINTF manifest is not being enforced. If a HAL server has a delay in starting and it is not in the manifest, it will not be retrieved. Please make sure all HALs on this device are in the VINTF manifest and enable PRODUCT_ENFORCE_VINTF_MANIFEST on this device (this is also enabled by PRODUCT_FULL_TREBLE). PRODUCT_ENFORCE_VINTF_MANIFEST will ensure that no race condition is possible here.
03-25 03:44:06.618     1     1 D         : initcall __typeid__ZTSFivE_global_addr+0x458/0xee0 returned 0 after 0 usecs
03-25 03:44:06.618     1     1 D         : calling  __typeid__ZTSFivE_global_addr+0x45c/0xee0 @ 1
03-25 03:44:06.618     1     1 D         : initcall __typeid__ZTSFivE_global_addr+0x45c/0xee0 returned 0 after 0 usecs
03-25 03:44:06.618     1     1 D         : calling  __typeid__ZTSFivE_global_addr+0x460/0xee0 @ 1
03-25 03:44:06.618     1     1 D         : initcall __typeid__ZTSFivE_global_addr+0x460/0xee0 returned 0 after 0 usecs
03-25 03:44:08.575   335   335 E HidlServiceManagement: getService: Potential race detected. The VINTF manifest is not being enforced. If a HAL server has a delay in starting and it is not in the manifest, it will not be retrieved. Please make sure all HALs on this device are in the VINTF manifest and enable PRODUCT_ENFORCE_VINTF_MANIFEST on this device (this is also enabled by PRODUCT_FULL_TREBLE). PRODUCT_ENFORCE_VINTF_MANIFEST will ensure that no race condition is possible here.
03-25 03:44:06.618     1     1 D         : calling  __typeid__ZTSFivE_global_addr+0x464/0xee0 @ 1
03-25 03:44:06.618     1     1 D         : initcall __typeid__ZTSFivE_global_addr+0x464/0xee0 returned 0 after 0 usecs
03-25 03:44:06.618     1     1 D         : calling  __typeid__ZTSFivE_global_addr+0x468/0xee0 @ 1
03-25 03:44:06.618     1     1 D         : initcall __typeid__ZTSFivE_global_addr+0x468/0xee0 returned 0 after 0 usecs
03-25 03:44:06.618     1     1 D         : calling  __typeid__ZTSFivE_global_addr+0x46c/0xee0 @ 1
03-25 03:44:06.618     1     1 D         : initcall __typeid__ZTSFivE_global_addr+0x46c/0xee0 returned 0 after 0 usecs
03-25 03:44:06.618     1     1 D         : calling  __typeid__ZTSFivE_global_addr+0x470/0xee0 @ 1
03-25 03:44:06.618     1     1 D         : initcall __typeid__ZTSFivE_global_addr+0x470/0xee0 returned 0 after 0 usecs
03-25 03:44:06.618     1     1 D         : calling  __typeid__ZTSFivE_global_addr+0x474/0xee0 @ 1
03-25 03:44:06.618     1     1 D         : initcall __typeid__ZTSFivE_global_addr+0x474/0xee0 returned 0 after 0 usecs
03-25 03:44:06.618     1     1 D         : calling  __typeid__ZTSFivE_global_addr+0x478/0xee0 @ 1
03-25 03:44:06.618     1     1 D         : initcall __typeid__ZTSFivE_global_addr+0x478/0xee0 returned 0 after 0 usecs
03-25 03:44:06.618     1     1 D         : calling  __typeid__ZTSFivE_global_addr+0x47c/0xee0 @ 1
03-25 03:44:06.618     1     1 D         : initcall __typeid__ZTSFivE_global_addr+0x47c/0xee0 returned 0 after 0 usecs
03-25 03:44:06.618     1     1 D         : calling  __typeid__ZTSFivE_global_addr+0x480/0xee0 @ 1
03-25 03:44:06.618     1     1 D         : initcall __typeid__ZTSFivE_global_addr+0x480/0xee0 returned 0 after 0 usecs
03-25 03:44:06.618     1     1 D         : calling  __typeid__ZTSFivE_global_addr+0x484/0xee0 @ 1
03-25 03:44:06.618     1     1 D         : initcall __typeid__ZTSFivE_global_addr+0x484/0xee0 returned 0 after 0 usecs
03-25 03:44:06.618     1     1 D         : calling  __typeid__ZTSFivE_global_addr+0x488/0xee0 @ 1
03-25 03:44:06.618     1     1 D         : initcall __typeid__ZTSFivE_global_addr+0x488/0xee0 returned 0 after 0 usecs
03-25 03:44:06.618     1     1 D         : calling  __typeid__ZTSFivE_global_addr+0x48c/0xee0 @ 1
03-25 03:44:06.618     1     1 D         : initcall __typeid__ZTSFivE_global_addr+0x48c/0xee0 returned 0 after 0 usecs
03-25 03:44:06.618     1     1 D         : calling  __typeid__ZTSFivE_global_addr+0x490/0xee0 @ 1
03-25 03:44:06.618     1     1 D         : initcall __typeid__ZTSFivE_global_addr+0x490/0xee0 returned 0 after 0 usecs
03-25 03:44:06.618     1     1 D         : calling  __typeid__ZTSFivE_global_addr+0x494/0xee0 @ 1
03-25 03:44:06.618     1     1 D         : initcall __typeid__ZTSFivE_global_addr+0x494/0xee0 returned 0 after 0 usecs
03-25 03:44:06.618     1     1 D         : calling  __typeid__ZTSFivE_global_addr+0x498/0xee0 @ 1
03-25 03:44:06.618     1     1 D         : initcall __typeid__ZTSFivE_global_addr+0x498/0xee0 returned 0 after 0 usecs
03-25 03:44:06.618     1     1 D         : calling  __typeid__ZTSFivE_global_addr+0x49c/0xee0 @ 1
03-25 03:44:06.618     1     1 D         : initcall __typeid__ZTSFivE_global_addr+0x49c/0xee0 returned 0 after 0 usecs
03-25 03:44:06.618     1     1 D         : calling  __typeid__ZTSFivE_global_addr+0x4a0/0xee0 @ 1
03-25 03:44:06.618     1     1 D         : initcall __typeid__ZTSFivE_global_addr+0x4a0/0xee0 returned 0 after 0 usecs
03-25 03:44:06.618     1     1 D         : calling  __typeid__ZTSFivE_global_addr+0x4a4/0xee0 @ 1
03-25 03:44:06.618     1     1 D         : initcall __typeid__ZTSFivE_global_addr+0x4a4/0xee0 returned 0 after 0 usecs
03-25 03:44:06.618     1     1 D         : calling  __typeid__ZTSFivE_global_addr+0x4a8/0xee0 @ 1
03-25 03:44:06.618     1     1 D         : initcall __typeid__ZTSFivE_global_addr+0x4a8/0xee0 returned 0 after 0 usecs
03-25 03:44:06.618     1     1 D         : calling  __typeid__ZTSFivE_global_addr+0x4ac/0xee0 @ 1
03-25 03:44:06.618     1     1 D         : initcall __typeid__ZTSFivE_global_addr+0x4ac/0xee0 returned 0 after 0 usecs
03-25 03:44:06.618     1     1 D         : calling  __typeid__ZTSFivE_global_addr+0x4b0/0xee0 @ 1
03-25 03:44:06.618     1     1 D         : initcall __typeid__ZTSFivE_global_addr+0x4b0/0xee0 returned 0 after 0 usecs
03-25 03:44:06.618     1     1 D         : calling  __typeid__ZTSFivE_global_addr+0x4b4/0xee0 @ 1
03-25 03:44:06.618     1     1 D         : initcall __typeid__ZTSFivE_global_addr+0x4b4/0xee0 returned 0 after 0 usecs
03-25 03:44:06.618     1     1 D         : calling  __typeid__ZTSFivE_global_addr+0x4b8/0xee0 @ 1
03-25 03:44:06.618     1     1 D         : initcall __typeid__ZTSFivE_global_addr+0x4b8/0xee0 returned 0 after 0 usecs
03-25 03:44:06.618     1     1 D         : calling  __typeid__ZTSFivE_global_addr+0x4bc/0xee0 @ 1
03-25 03:44:06.618     1     1 D         : initcall __typeid__ZTSFivE_global_addr+0x4bc/0xee0 returned 0 after 0 usecs
03-25 03:44:06.618     1     1 D         : calling  __typeid__ZTSFivE_global_addr+0x4c0/0xee0 @ 1
03-25 03:44:06.618     1     1 D         : initcall __typeid__ZTSFivE_global_addr+0x4c0/0xee0 returned 0 after 0 usecs
03-25 03:44:06.618     1     1 D         : calling  __typeid__ZTSFivE_global_addr+0x4c4/0xee0 @ 1
03-25 03:44:06.618     1     1 D         : initcall __typeid__ZTSFivE_global_addr+0x4c4/0xee0 returned 0 after 0 usecs
03-25 03:44:06.618     1     1 D         : calling  __typeid__ZTSFivE_global_addr+0x4c8/0xee0 @ 1
03-25 03:44:06.618     1     1 D         : initcall __typeid__ZTSFivE_global_addr+0x4c8/0xee0 returned 0 after 0 usecs
03-25 03:44:06.618     1     1 D         : calling  __typeid__ZTSFivE_global_addr+0x4d0/0xee0 @ 1
03-25 03:44:06.618     1     1 I fuse    : init (API version 7.31)
03-25 03:44:06.618     1     1 D         : initcall __typeid__ZTSFivE_global_addr+0x4d0/0xee0 returned 0 after 144 usecs
03-25 03:44:06.618     1     1 D         : calling  __typeid__ZTSFivE_global_addr+0x4d4/0xee0 @ 1
03-25 03:44:06.618     1     1 D         : initcall __typeid__ZTSFivE_global_addr+0x4d4/0xee0 returned 0 after 14 usecs
03-25 03:44:06.618     1     1 D         : calling  __typeid__ZTSFivE_global_addr+0x4d8/0xee0 @ 1
03-25 03:44:06.618     1     1 D         : initcall __typeid__ZTSFivE_global_addr+0x4d8/0xee0 returned 0 after 46 usecs
03-25 03:44:06.618     1     1 D         : calling  __typeid__ZTSFivE_global_addr+0x4dc/0xee0 @ 1
03-25 03:44:06.618     1     1 D         : initcall __typeid__ZTSFivE_global_addr+0x4dc/0xee0 returned 0 after 13 usecs
03-25 03:44:06.618     1     1 D         : calling  __typeid__ZTSFivE_global_addr+0x4e8/0xee0 @ 1
03-25 03:44:06.619     1     1 D         : initcall __typeid__ZTSFivE_global_addr+0x4e8/0xee0 returned 0 after 902 usecs
03-25 03:44:06.619     1     1 D         : calling  __typeid__ZTSFivE_global_addr+0x4f4/0xee0 @ 1
03-25 03:44:06.620     1     1 D         : initcall __typeid__ZTSFivE_global_addr+0x4f4/0xee0 returned 0 after 909 usecs
03-25 03:44:06.620     1     1 D         : calling  __typeid__ZTSFivE_global_addr+0x4fc/0xee0 @ 1
03-25 03:44:06.620     1     1 D         : initcall __typeid__ZTSFivE_global_addr+0x4fc/0xee0 returned 0 after 15 usecs
03-25 03:44:06.620     1     1 D         : calling  __typeid__ZTSFivE_global_addr+0x518/0xee0 @ 1
03-25 03:44:06.620     1     1 D         : initcall __typeid__ZTSFivE_global_addr+0x518/0xee0 returned 0 after 36 usecs
03-25 03:44:06.620     1     1 D         : calling  __typeid__ZTSFivE_global_addr+0x51c/0xee0 @ 1
03-25 03:44:06.621     1     1 D         : initcall __typeid__ZTSFivE_global_addr+0x51c/0xee0 returned 0 after 213 usecs
03-25 03:44:06.621     1     1 D         : calling  __typeid__ZTSFivE_global_addr+0x520/0xee0 @ 1
03-25 03:44:06.621     1     1 D         : initcall __typeid__ZTSFivE_global_addr+0x520/0xee0 returned 0 after 13 usecs
03-25 03:44:06.621     1     1 D         : calling  __typeid__ZTSFivE_global_addr+0x524/0xee0 @ 1
03-25 03:44:06.621     1     1 D         : initcall __typeid__ZTSFivE_global_addr+0x524/0xee0 returned 0 after 3 usecs
03-25 03:44:06.621     1     1 D         : calling  __typeid__ZTSFivE_global_addr+0x528/0xee0 @ 1
03-25 03:44:06.621     1     1 D         : initcall __typeid__ZTSFivE_global_addr+0x528/0xee0 returned 0 after 3 usecs
03-25 03:44:06.621     1     1 D         : calling  __typeid__ZTSFivE_global_addr+0x52c/0xee0 @ 1
03-25 03:44:06.621     1     1 D         : initcall __typeid__ZTSFivE_global_addr+0x52c/0xee0 returned 0 after 1 usecs
03-25 03:44:06.621     1     1 D         : calling  __typeid__ZTSFivE_global_addr+0x534/0xee0 @ 1
03-25 03:44:06.621     1     1 D         : initcall __typeid__ZTSFivE_global_addr+0x534/0xee0 returned 0 after 0 usecs
03-25 03:44:06.621     1     1 D         : calling  __typeid__ZTSFivE_global_addr+0x540/0xee0 @ 1
03-25 03:44:06.621     1     1 D         : initcall __typeid__ZTSFivE_global_addr+0x540/0xee0 returned 0 after 2 usecs
03-25 03:44:06.621     1     1 D         : calling  __typeid__ZTSFivE_global_addr+0x5dc/0xee0 @ 1
03-25 03:44:06.644     1     1 D         : initcall __typeid__ZTSFivE_global_addr+0x5dc/0xee0 returned 0 after 23181 usecs
03-25 03:44:06.644     1     1 D         : calling  __typeid__ZTSFivE_global_addr+0x5f0/0xee0 @ 1
03-25 03:44:06.644     1     1 I         : Key type asymmetric registered
03-25 03:44:06.644     1     1 D         : initcall __typeid__ZTSFivE_global_addr+0x5f0/0xee0 returned 0 after 3 usecs
03-25 03:44:06.644     1     1 D         : calling  __typeid__ZTSFivE_global_addr+0x5f4/0xee0 @ 1
03-25 03:44:06.644     1     1 I         : Asymmetric key parser 'x509' registered
03-25 03:44:06.644     1     1 D         : initcall __typeid__ZTSFivE_global_addr+0x5f4/0xee0 returned 0 after 2 usecs
03-25 03:44:06.644     1     1 D         : calling  __typeid__ZTSFivE_global_addr+0x60c/0xee0 @ 1
03-25 03:44:06.644     1     1 D         : initcall __typeid__ZTSFivE_global_addr+0x60c/0xee0 returned 0 after 4 usecs
03-25 03:44:06.644     1     1 D         : calling  __typeid__ZTSFivE_global_addr+0x618/0xee0 @ 1
03-25 03:44:06.644     1     1 I         : Block layer SCSI generic (bsg) driver version 0.4 loaded (major 241)
03-25 03:44:06.644     1     1 D         : initcall __typeid__ZTSFivE_global_addr+0x618/0xee0 returned 0 after 27 usecs
03-25 03:44:06.644     1     1 D         : calling  __typeid__ZTSFivE_global_addr+0x620/0xee0 @ 1
03-25 03:44:06.645     1     1 D         : initcall __typeid__ZTSFivE_global_addr+0x620/0xee0 returned 0 after 140 usecs
03-25 03:44:06.645     1     1 D         : calling  __typeid__ZTSFivE_global_addr+0x624/0xee0 @ 1
03-25 03:44:06.645     1     1 D         : initcall __typeid__ZTSFivE_global_addr+0x624/0xee0 returned 0 after 7 usecs
03-25 03:44:06.645     1     1 D         : calling  __typeid__ZTSFivE_global_addr+0x628/0xee0 @ 1
03-25 03:44:06.645     1     1 D         : initcall __typeid__ZTSFivE_global_addr+0x628/0xee0 returned 0 after 6 usecs
03-25 03:44:06.645     1     1 D         : calling  __typeid__ZTSFivE_global_addr+0x62c/0xee0 @ 1
03-25 03:44:06.645     1     1 I         : io scheduler mq-deadline registered
03-25 03:44:06.645     1     1 D         : initcall __typeid__ZTSFivE_global_addr+0x62c/0xee0 returned 0 after 2 usecs
03-25 03:44:06.645     1     1 D         : calling  __typeid__ZTSFivE_global_addr+0x630/0xee0 @ 1
03-25 03:44:06.645     1     1 I         : io scheduler kyber registered
03-25 03:44:06.645     1     1 D         : initcall __typeid__ZTSFivE_global_addr+0x630/0xee0 returned 0 after 2 usecs
03-25 03:44:06.645     1     1 D         : calling  __typeid__ZTSFivE_global_addr+0x644/0xee0 @ 1
03-25 03:44:06.645     1     1 D         : initcall __typeid__ZTSFivE_global_addr+0x644/0xee0 returned 0 after 0 usecs
03-25 03:44:06.645     1     1 D         : calling  __typeid__ZTSFivE_global_addr+0x648/0xee0 @ 1
03-25 03:44:06.645     1     1 D         : initcall __typeid__ZTSFivE_global_addr+0x648/0xee0 returned 0 after 0 usecs
03-25 03:44:06.645     1     1 D         : calling  __typeid__ZTSFivE_global_addr+0x64c/0xee0 @ 1
03-25 03:44:06.645     1     1 D         : initcall __typeid__ZTSFivE_global_addr+0x64c/0xee0 returned 0 after 0 usecs
03-25 03:44:06.645     1     1 D         : calling  __typeid__ZTSFivE_global_addr+0x650/0xee0 @ 1
03-25 03:44:06.645     1     1 D         : initcall __typeid__ZTSFivE_global_addr+0x650/0xee0 returned 0 after 6 usecs
03-25 03:44:06.645     1     1 D         : calling  __typeid__ZTSFivE_global_addr+0x65c/0xee0 @ 1
03-25 03:44:06.645     1     1 D         : initcall __typeid__ZTSFivE_global_addr+0x65c/0xee0 returned 0 after 1 usecs
03-25 03:44:06.645     1     1 D         : calling  __typeid__ZTSFivE_global_addr+0x660/0xee0 @ 1
03-25 03:44:06.645     1     1 D         : initcall __typeid__ZTSFivE_global_addr+0x660/0xee0 returned 0 after 1 usecs
03-25 03:44:06.645     1     1 D         : calling  __typeid__ZTSFivE_global_addr+0x664/0xee0 @ 1
03-25 03:44:06.645     1     1 D         : initcall __typeid__ZTSFivE_global_addr+0x664/0xee0 returned 0 after 0 usecs
03-25 03:44:06.645     1     1 D         : calling  __typeid__ZTSFivE_global_addr+0x668/0xee0 @ 1
03-25 03:44:06.645     1     1 D         : initcall __typeid__ZTSFivE_global_addr+0x668/0xee0 returned 0 after 273 usecs
03-25 03:44:06.645     1     1 D         : calling  __typeid__ZTSFivE_global_addr+0x66c/0xee0 @ 1
03-25 03:44:06.645     1     1 D         : initcall __typeid__ZTSFivE_global_addr+0x66c/0xee0 returned 0 after 3 usecs
03-25 03:44:06.645     1     1 D         : calling  __typeid__ZTSFivE_global_addr+0x67c/0xee0 @ 1
03-25 03:44:06.645     1     1 D         : initcall __typeid__ZTSFivE_global_addr+0x67c/0xee0 returned 0 after 71 usecs
03-25 03:44:06.645     1     1 D         : calling  __typeid__ZTSFivE_global_addr+0x68c/0xee0 @ 1
03-25 03:44:06.645     1     1 D         : initcall __typeid__ZTSFivE_global_addr+0x68c/0xee0 returned 0 after 8 usecs
03-25 03:44:06.645     1     1 D         : calling  __typeid__ZTSFivE_global_addr+0x694/0xee0 @ 1
03-25 03:44:06.645     1     1 D         : initcall __typeid__ZTSFivE_global_addr+0x694/0xee0 returned 0 after 160 usecs
03-25 03:44:06.645     1     1 D         : calling  __typeid__ZTSFivE_global_addr+0x698/0xee0 @ 1
03-25 03:44:06.646     1     1 D         : initcall __typeid__ZTSFivE_global_addr+0x698/0xee0 returned 0 after 392 usecs
03-25 03:44:06.646     1     1 D         : calling  __typeid__ZTSFivE_global_addr+0x6a4/0xee0 @ 1
03-25 03:44:06.646     1     1 D         : initcall __typeid__ZTSFivE_global_addr+0x6a4/0xee0 returned 0 after 19 usecs
03-25 03:44:06.646     1     1 D         : calling  __typeid__ZTSFivE_global_addr+0x6c8/0xee0 @ 1
03-25 03:44:06.646     1     1 D         : initcall __typeid__ZTSFivE_global_addr+0x6c8/0xee0 returned 0 after 4 usecs
03-25 03:44:06.646     1     1 D         : calling  __typeid__ZTSFivE_global_addr+0x6d4/0xee0 @ 1
03-25 03:44:06.646     1     1 D         : initcall __typeid__ZTSFivE_global_addr+0x6d4/0xee0 returned 0 after 46 usecs
03-25 03:44:06.646     1     1 D         : calling  __typeid__ZTSFivE_global_addr+0x6dc/0xee0 @ 1
03-25 03:44:06.646     1     1 D         : initcall __typeid__ZTSFivE_global_addr+0x6dc/0xee0 returned 0 after 6 usecs
03-25 03:44:06.646     1     1 D         : calling  __typeid__ZTSFivE_global_addr+0x6e0/0xee0 @ 1
03-25 03:44:06.646     1     1 D         : initcall __typeid__ZTSFivE_global_addr+0x6e0/0xee0 returned 0 after 22 usecs
03-25 03:44:06.646     1     1 D         : calling  __typeid__ZTSFivE_global_addr+0x6e4/0xee0 @ 1
03-25 03:44:06.646     1     1 D         : initcall __typeid__ZTSFivE_global_addr+0x6e4/0xee0 returned 0 after 257 usecs
03-25 03:44:06.646     1     1 D         : calling  __typeid__ZTSFivE_global_addr+0x6e8/0xee0 @ 1
03-25 03:44:06.646     1     1 D         : initcall __typeid__ZTSFivE_global_addr+0x6e8/0xee0 returned 0 after 134 usecs
03-25 03:44:06.646     1     1 D         : calling  __typeid__ZTSFivE_global_addr+0x6ec/0xee0 @ 1
03-25 03:44:06.646     1     1 D         : initcall __typeid__ZTSFivE_global_addr+0x6ec/0xee0 returned 0 after 99 usecs
03-25 03:44:06.646     1     1 D         : calling  __typeid__ZTSFivE_global_addr+0x6f4/0xee0 @ 1
03-25 03:44:06.646     1     1 D         : initcall __typeid__ZTSFivE_global_addr+0x6f4/0xee0 returned 0 after 49 usecs
03-25 03:44:06.646     1     1 D         : calling  __typeid__ZTSFivE_global_addr+0x70c/0xee0 @ 1
03-25 03:44:06.646     1     1 D         : initcall __typeid__ZTSFivE_global_addr+0x70c/0xee0 returned 0 after 101 usecs
03-25 03:44:06.646     1     1 D         : calling  __typeid__ZTSFivE_global_addr+0x710/0xee0 @ 1
03-25 03:44:06.647     1     1 D         : initcall __typeid__ZTSFivE_global_addr+0x710/0xee0 returned 0 after 94 usecs
03-25 03:44:06.647     1     1 D         : calling  __typeid__ZTSFivE_global_addr+0x714/0xee0 @ 1
03-25 03:44:06.647     1     1 D         : initcall __typeid__ZTSFivE_global_addr+0x714/0xee0 returned 0 after 116 usecs
03-25 03:44:06.647     1     1 D         : calling  __typeid__ZTSFivE_global_addr+0x718/0xee0 @ 1
03-25 03:44:06.647     1     1 D         : initcall __typeid__ZTSFivE_global_addr+0x718/0xee0 returned 0 after 92 usecs
03-25 03:44:06.647     1     1 D         : calling  __typeid__ZTSFivE_global_addr+0x740/0xee0 @ 1
03-25 03:44:06.647     1     1 D         : initcall __typeid__ZTSFivE_global_addr+0x740/0xee0 returned 0 after 43 usecs
03-25 03:44:06.647     1     1 D         : calling  __typeid__ZTSFivE_global_addr+0x748/0xee0 @ 1
03-25 03:44:06.647     1     1 D         : initcall __typeid__ZTSFivE_global_addr+0x748/0xee0 returned 0 after 7 usecs
03-25 03:44:06.647     1     1 D         : calling  __typeid__ZTSFivE_global_addr+0x74c/0xee0 @ 1
03-25 03:44:06.647     1     1 I         : register ddr painc_callback func
03-25 03:44:06.647     1     1 D         : probe of 65002000.dmc-controller returned 1 after 126 usecs
03-25 03:44:06.647     1     1 D         : initcall __typeid__ZTSFivE_global_addr+0x74c/0xee0 returned 0 after 274 usecs
03-25 03:44:06.647     1     1 D         : calling  __typeid__ZTSFivE_global_addr+0x774/0xee0 @ 1
03-25 03:44:06.647     1     1 D         : initcall __typeid__ZTSFivE_global_addr+0x774/0xee0 returned 0 after 24 usecs
03-25 03:44:06.647     1     1 D         : calling  __typeid__ZTSFivE_global_addr+0x77c/0xee0 @ 1
03-25 03:44:06.647     1     1 D         : initcall __typeid__ZTSFivE_global_addr+0x77c/0xee0 returned 0 after 1 usecs
03-25 03:44:06.647     1     1 D         : calling  __typeid__ZTSFivE_global_addr+0x780/0xee0 @ 1
03-25 03:44:06.647     1     1 D         : initcall __typeid__ZTSFivE_global_addr+0x780/0xee0 returned 0 after 37 usecs
03-25 03:44:06.647     1     1 D         : calling  __typeid__ZTSFivE_global_addr+0x784/0xee0 @ 1
03-25 03:44:06.647     1     1 D         : initcall __typeid__ZTSFivE_global_addr+0x784/0xee0 returned 0 after 26 usecs
03-25 03:44:06.647     1     1 D         : calling  __typeid__ZTSFivE_global_addr+0x78c/0xee0 @ 1
03-25 03:44:06.647     1     1 D         : initcall __typeid__ZTSFivE_global_addr+0x78c/0xee0 returned -19 after 0 usecs
03-25 03:44:06.647     1     1 D         : calling  __typeid__ZTSFivE_global_addr+0x794/0xee0 @ 1
03-25 03:44:06.647     1     1 D         : initcall __typeid__ZTSFivE_global_addr+0x794/0xee0 returned 0 after 17 usecs
03-25 03:44:06.647     1     1 D         : calling  __typeid__ZTSFivE_global_addr+0x798/0xee0 @ 1
03-25 03:44:06.648     1     1 D         : initcall __typeid__ZTSFivE_global_addr+0x798/0xee0 returned 0 after 454 usecs
03-25 03:44:06.648     1     1 D         : calling  __typeid__ZTSFivE_global_addr+0x7a0/0xee0 @ 1
03-25 03:44:06.648     1     1 D         : probe of 200a0000.serial returned -517 after 1 usecs
03-25 03:44:06.648     1     1 D         : probe of 200b0000.serial returned -517 after 0 usecs
03-25 03:44:06.648     1     1 D         : probe of 200c0000.serial returned -517 after 0 usecs
03-25 03:44:06.648     1     1 D         : initcall __typeid__ZTSFivE_global_addr+0x7a0/0xee0 returned 0 after 125 usecs
03-25 03:44:06.648     1     1 D         : calling  __typeid__ZTSFivE_global_addr+0x7b8/0xee0 @ 1
03-25 03:44:06.648     1     1 D         : initcall __typeid__ZTSFivE_global_addr+0x7b8/0xee0 returned 0 after 34 usecs
03-25 03:44:06.648     1     1 D         : calling  __typeid__ZTSFivE_global_addr+0x7bc/0xee0 @ 1
03-25 03:44:06.648     1     1 D         : probe of 201e0000.rng returned -517 after 0 usecs
03-25 03:44:06.648     1     1 D         : initcall __typeid__ZTSFivE_global_addr+0x7bc/0xee0 returned 0 after 107 usecs
03-25 03:44:06.648     1     1 D         : calling  __typeid__ZTSFivE_global_addr+0x7d4/0xee0 @ 1
03-25 03:44:06.648     1     1 D         : initcall __typeid__ZTSFivE_global_addr+0x7d4/0xee0 returned 0 after 0 usecs
03-25 03:44:06.648     1     1 D         : calling  __typeid__ZTSFivE_global_addr+0x7d8/0xee0 @ 1
03-25 03:44:06.648     1     1 D         : initcall __typeid__ZTSFivE_global_addr+0x7d8/0xee0 returned 0 after 30 usecs
03-25 03:44:06.648     1     1 D         : calling  __typeid__ZTSFivE_global_addr+0x7e0/0xee0 @ 1
03-25 03:44:06.648     1     1 D         : initcall __typeid__ZTSFivE_global_addr+0x7e0/0xee0 returned 0 after 27 usecs
03-25 03:44:06.648     1     1 D         : calling  __typeid__ZTSFivE_global_addr+0x800/0xee0 @ 1
03-25 03:44:06.648     1     1 D         : initcall __typeid__ZTSFivE_global_addr+0x800/0xee0 returned 0 after 148 usecs
03-25 03:44:06.648     1     1 D         : calling  __typeid__ZTSFivE_global_addr+0x804/0xee0 @ 1
03-25 03:44:06.648    14    14 W cacheinfo: Unable to detect cache hierarchy for CPU 0
03-25 03:44:06.648     1     1 D         : initcall __typeid__ZTSFivE_global_addr+0x804/0xee0 returned -2 after 48 usecs
03-25 03:44:06.648     1     1 D         : calling  __typeid__ZTSFivE_global_addr+0x838/0xee0 @ 1
03-25 03:44:06.651     1     1 I brd     : module loaded
03-25 03:44:06.651     1     1 D         : initcall __typeid__ZTSFivE_global_addr+0x838/0xee0 returned 0 after 3038 usecs
03-25 03:44:06.651     1     1 D         : calling  __typeid__ZTSFivE_global_addr+0x83c/0xee0 @ 1
03-25 03:44:06.659     1     1 I loop    : module loaded
03-25 03:44:06.659     1     1 D         : initcall __typeid__ZTSFivE_global_addr+0x83c/0xee0 returned 0 after 7138 usecs
03-25 03:44:06.659     1     1 D         : calling  __typeid__ZTSFivE_global_addr+0x850/0xee0 @ 1
03-25 03:44:06.659     1     1 D         : initcall __typeid__ZTSFivE_global_addr+0x850/0xee0 returned 0 after 38 usecs
03-25 03:44:06.659     1     1 D         : calling  __typeid__ZTSFivE_global_addr+0x854/0xee0 @ 1
03-25 03:44:06.659     1     1 D         : initcall __typeid__ZTSFivE_global_addr+0x854/0xee0 returned 0 after 6 usecs
03-25 03:44:06.659     1     1 D         : calling  __typeid__ZTSFivE_global_addr+0x858/0xee0 @ 1
03-25 03:44:06.659     1     1 D         : probe of ndbus0 returned 1 after 57 usecs
03-25 03:44:06.659     1     1 D         : probe of fff70000.rebootescrow returned 1 after 157 usecs
03-25 03:44:06.659     1     1 D         : initcall __typeid__ZTSFivE_global_addr+0x858/0xee0 returned 0 after 475 usecs
03-25 03:44:06.659     1     1 D         : calling  __typeid__ZTSFivE_global_addr+0x870/0xee0 @ 1
03-25 03:44:06.660     7     7 D         : probe of region0 returned 1 after 88 usecs
03-25 03:44:06.660     1     1 D         : initcall __typeid__ZTSFivE_global_addr+0x870/0xee0 returned 0 after 167 usecs
03-25 03:44:06.660     1     1 D         : calling  __typeid__ZTSFivE_global_addr+0x874/0xee0 @ 1
03-25 03:44:06.660     1     1 D         : initcall __typeid__ZTSFivE_global_addr+0x874/0xee0 returned 0 after 19 usecs
03-25 03:44:06.660     1     1 D         : calling  __typeid__ZTSFivE_global_addr+0x878/0xee0 @ 1
03-25 03:44:06.660     1     1 D         : initcall __typeid__ZTSFivE_global_addr+0x878/0xee0 returned 0 after 65 usecs
03-25 03:44:06.660     7     7 W nd_pmem namespace0.0: unable to guarantee persistence of writes
03-25 03:44:06.660     1     1 D         : calling  __typeid__ZTSFivE_global_addr+0x884/0xee0 @ 1
03-25 03:44:06.660     9     9 D         : probe of btt0.0 returned 0 after 17 usecs
03-25 03:44:06.660     1     1 D         : initcall __typeid__ZTSFivE_global_addr+0x884/0xee0 returned 0 after 216 usecs
03-25 03:44:06.660     1     1 D         : calling  __typeid__ZTSFivE_global_addr+0x888/0xee0 @ 1
03-25 03:44:06.660     1     1 I wireguard: WireGuard 1.0.0 loaded. See www.wireguard.com for information.
03-25 03:44:06.660     1     1 I wireguard: Copyright (C) 2015-2019 Jason A. Donenfeld <Jason@zx2c4.com>. All Rights Reserved.
03-25 03:44:06.660     1     1 D         : initcall __typeid__ZTSFivE_global_addr+0x888/0xee0 returned 0 after 118 usecs
03-25 03:44:06.660     1     1 D         : calling  __typeid__ZTSFivE_global_addr+0x88c/0xee0 @ 1
03-25 03:44:06.660     7     7 I pmem0   : detected capacity change from 0 to 65536
03-25 03:44:06.660     7     7 D         : probe of namespace0.0 returned 1 after 762 usecs
03-25 03:44:06.660     1     1 D         : initcall __typeid__ZTSFivE_global_addr+0x88c/0xee0 returned 0 after 397 usecs
03-25 03:44:06.660     1     1 D         : calling  __typeid__ZTSFivE_global_addr+0x890/0xee0 @ 1
03-25 03:44:06.660     1     1 D         : initcall __typeid__ZTSFivE_global_addr+0x890/0xee0 returned 0 after 6 usecs
03-25 03:44:06.660     1     1 D         : calling  __typeid__ZTSFivE_global_addr+0x894/0xee0 @ 1
03-25 03:44:06.660     1     1 D         : initcall __typeid__ZTSFivE_global_addr+0x894/0xee0 returned 0 after 6 usecs
03-25 03:44:06.660     1     1 D         : calling  __typeid__ZTSFivE_global_addr+0x89c/0xee0 @ 1
03-25 03:44:06.661     1     1 D         : initcall __typeid__ZTSFivE_global_addr+0x89c/0xee0 returned 0 after 83 usecs
03-25 03:44:06.661     1     1 D         : calling  __typeid__ZTSFivE_global_addr+0x8a0/0xee0 @ 1
03-25 03:44:06.661     1     1 I tun     : Universal TUN/TAP device driver, 1.6
03-25 03:44:06.661     1     1 D         : initcall __typeid__ZTSFivE_global_addr+0x8a0/0xee0 returned 0 after 39 usecs
03-25 03:44:06.661     1     1 D         : calling  __typeid__ZTSFivE_global_addr+0x8a4/0xee0 @ 1
03-25 03:44:06.661     1     1 D         : initcall __typeid__ZTSFivE_global_addr+0x8a4/0xee0 returned 0 after 1 usecs
03-25 03:44:06.661     1     1 D         : calling  __typeid__ZTSFivE_global_addr+0x8a8/0xee0 @ 1
03-25 03:44:06.661     1     1 I         : CAN device driver interface
03-25 03:44:06.661     1     1 D         : initcall __typeid__ZTSFivE_global_addr+0x8a8/0xee0 returned 0 after 2 usecs
03-25 03:44:06.661     1     1 D         : calling  __typeid__ZTSFivE_global_addr+0x8ac/0xee0 @ 1
03-25 03:44:06.661     1     1 I         : PPP generic driver version 2.4.2
03-25 03:44:06.661     1     1 D         : initcall __typeid__ZTSFivE_global_addr+0x8ac/0xee0 returned 0 after 35 usecs
03-25 03:44:06.661     1     1 D         : calling  __typeid__ZTSFivE_global_addr+0x8b0/0xee0 @ 1
03-25 03:44:06.661     1     1 I         : PPP BSD Compression module registered
03-25 03:44:06.661     1     1 D         : initcall __typeid__ZTSFivE_global_addr+0x8b0/0xee0 returned 0 after 2 usecs
03-25 03:44:06.661     1     1 D         : calling  __typeid__ZTSFivE_global_addr+0x8b4/0xee0 @ 1
03-25 03:44:06.661     1     1 I         : PPP Deflate Compression module registered
03-25 03:44:06.661     1     1 D         : initcall __typeid__ZTSFivE_global_addr+0x8b4/0xee0 returned 0 after 3 usecs
03-25 03:44:06.661     1     1 D         : calling  __typeid__ZTSFivE_global_addr+0x8b8/0xee0 @ 1
03-25 03:44:06.661     1     1 I         : PPP MPPE Compression module registered
03-25 03:44:06.661     1     1 D         : initcall __typeid__ZTSFivE_global_addr+0x8b8/0xee0 returned 0 after 17 usecs
03-25 03:44:06.661     1     1 D         : calling  __typeid__ZTSFivE_global_addr+0x8bc/0xee0 @ 1
03-25 03:44:06.661     1     1 I NET     : Registered protocol family 24
03-25 03:44:06.661     1     1 D         : initcall __typeid__ZTSFivE_global_addr+0x8bc/0xee0 returned 0 after 2 usecs
03-25 03:44:06.661     1     1 D         : calling  __typeid__ZTSFivE_global_addr+0x8c0/0xee0 @ 1
03-25 03:44:06.661     1     1 I         : PPTP driver version 0.8.5
03-25 03:44:06.661     1     1 D         : initcall __typeid__ZTSFivE_global_addr+0x8c0/0xee0 returned 0 after 112 usecs
03-25 03:44:06.661     1     1 D         : calling  __typeid__ZTSFivE_global_addr+0x8c4/0xee0 @ 1
03-25 03:44:06.661     1     1 I usbcore : registered new interface driver r8152
03-25 03:44:06.661     1     1 D         : initcall __typeid__ZTSFivE_global_addr+0x8c4/0xee0 returned 0 after 30 usecs
03-25 03:44:06.661     1     1 D         : calling  __typeid__ZTSFivE_global_addr+0x8c8/0xee0 @ 1
03-25 03:44:06.661     1     1 I usbcore : registered new interface driver cdc_ether
03-25 03:44:06.661     1     1 D         : initcall __typeid__ZTSFivE_global_addr+0x8c8/0xee0 returned 0 after 26 usecs
03-25 03:44:06.661     1     1 D         : calling  __typeid__ZTSFivE_global_addr+0x8cc/0xee0 @ 1
03-25 03:44:06.661     1     1 D         : initcall __typeid__ZTSFivE_global_addr+0x8cc/0xee0 returned 0 after 4 usecs
03-25 03:44:06.661     1     1 D         : calling  __typeid__ZTSFivE_global_addr+0x8d0/0xee0 @ 1
03-25 03:44:06.661     1     1 I usbcore : registered new interface driver cdc_ncm
03-25 03:44:06.661     1     1 D         : initcall __typeid__ZTSFivE_global_addr+0x8d0/0xee0 returned 0 after 16 usecs
03-25 03:44:06.661     1     1 D         : calling  __typeid__ZTSFivE_global_addr+0x8d4/0xee0 @ 1
03-25 03:44:06.661     1     1 I usbcore : registered new interface driver aqc111
03-25 03:44:06.661     1     1 D         : initcall __typeid__ZTSFivE_global_addr+0x8d4/0xee0 returned 0 after 12 usecs
03-25 03:44:06.661     1     1 D         : calling  __typeid__ZTSFivE_global_addr+0x8d8/0xee0 @ 1
03-25 03:44:06.661     1     1 D         : initcall __typeid__ZTSFivE_global_addr+0x8d8/0xee0 returned 0 after 6 usecs
03-25 03:44:06.661     1     1 D         : calling  __typeid__ZTSFivE_global_addr+0x8e8/0xee0 @ 1
03-25 03:44:06.661     1     1 D         : initcall __typeid__ZTSFivE_global_addr+0x8e8/0xee0 returned 0 after 20 usecs
03-25 03:44:06.661     1     1 D         : calling  __typeid__ZTSFivE_global_addr+0x8ec/0xee0 @ 1
03-25 03:44:06.661     1     1 D         : initcall __typeid__ZTSFivE_global_addr+0x8ec/0xee0 returned 0 after 436 usecs
03-25 03:44:06.661     1     1 D         : calling  __typeid__ZTSFivE_global_addr+0x8f0/0xee0 @ 1
03-25 03:44:06.661     1     1 I ehci_hcd: USB 2.0 'Enhanced' Host Controller (EHCI) Driver
03-25 03:44:06.661     1     1 D         : initcall __typeid__ZTSFivE_global_addr+0x8f0/0xee0 returned 0 after 12 usecs
03-25 03:44:06.661     1     1 D         : calling  __typeid__ZTSFivE_global_addr+0x8f4/0xee0 @ 1
03-25 03:44:06.661     1     1 I ehci-pci: EHCI PCI platform driver
03-25 03:44:06.662     1     1 D         : initcall __typeid__ZTSFivE_global_addr+0x8f4/0xee0 returned 0 after 17 usecs
03-25 03:44:06.662     1     1 D         : calling  __typeid__ZTSFivE_global_addr+0x8f8/0xee0 @ 1
03-25 03:44:06.662     1     1 I ehci-platform: EHCI generic platform driver
03-25 03:44:06.662     1     1 D         : initcall __typeid__ZTSFivE_global_addr+0x8f8/0xee0 returned 0 after 178 usecs
03-25 03:44:06.662     1     1 D         : calling  __typeid__ZTSFivE_global_addr+0x8fc/0xee0 @ 1
03-25 03:44:06.662     1     1 D         : initcall __typeid__ZTSFivE_global_addr+0x8fc/0xee0 returned 0 after 5 usecs
03-25 03:44:06.662     1     1 D         : calling  __typeid__ZTSFivE_global_addr+0x900/0xee0 @ 1
03-25 03:44:06.662     1     1 D         : initcall __typeid__ZTSFivE_global_addr+0x900/0xee0 returned 0 after 16 usecs
03-25 03:44:06.662     1     1 D         : calling  __typeid__ZTSFivE_global_addr+0x904/0xee0 @ 1
03-25 03:44:06.662     1     1 D         : initcall __typeid__ZTSFivE_global_addr+0x904/0xee0 returned 0 after 329 usecs
03-25 03:44:06.662     1     1 D         : calling  __typeid__ZTSFivE_global_addr+0x908/0xee0 @ 1
03-25 03:44:06.662     1     1 I usbcore : registered new interface driver cdc_acm
03-25 03:44:06.662     1     1 I cdc_acm : USB Abstract Control Model driver for USB modems and ISDN adapters
03-25 03:44:06.662     1     1 D         : initcall __typeid__ZTSFivE_global_addr+0x908/0xee0 returned 0 after 34 usecs
03-25 03:44:06.662     1     1 D         : calling  __typeid__ZTSFivE_global_addr+0x90c/0xee0 @ 1
03-25 03:44:06.662     1     1 I usbcore : registered new interface driver uas
03-25 03:44:06.662     1     1 D         : initcall __typeid__ZTSFivE_global_addr+0x90c/0xee0 returned 0 after 137 usecs
03-25 03:44:06.662     1     1 D         : calling  __typeid__ZTSFivE_global_addr+0x910/0xee0 @ 1
03-25 03:44:06.662     1     1 I usbcore : registered new interface driver usb-storage
03-25 03:44:06.662     1     1 D         : initcall __typeid__ZTSFivE_global_addr+0x910/0xee0 returned 0 after 18 usecs
03-25 03:44:06.662     1     1 D         : calling  __typeid__ZTSFivE_global_addr+0x914/0xee0 @ 1
03-25 03:44:06.662     1     1 D         : initcall __typeid__ZTSFivE_global_addr+0x914/0xee0 returned 0 after 48 usecs
03-25 03:44:06.662     1     1 D         : calling  __typeid__ZTSFivE_global_addr+0x91c/0xee0 @ 1
03-25 03:44:06.662     1     1 E         : Number of emulated UDC must be in range of 1...32
